2026-02-12 17:48:24,704 - src.driver - INFO - You will be assigned a task. 
You will receive the actions you have available, followed by the action history. 
Your goal is to maximize the total reward across all 10 steps. We are on step 0. 

Task Assignment:
---
You are faced with a 3-armed bandit problem.  Each action corresponds to pulling a specific arm. Each arm is associated with a Gaussian distribution with a fixed but unknown mean. At each time step, you will select a field and receive a reward drawn from the associated distribution. Your goal is to select which arm to pull in order to maximize your reward across all of your turns.
---

Available Actions:
---

- Arm Name: Intermediate Reward 

- Arm Name: Highest Reward 

- Arm Name: Lowest Reward 

---
When selecting an action, include only the name of the action. Do not include the dashes used to indicate the list here.

History:
---

This is the first turn. There is no history.

---

Please select an action from the list of action options in order to maximize the reward for your task.
When selecting an action, put the exact name of the action between action tags like: <action> action_name </action>.

Your thinking budget is 150 tokens. If you exceed this limit, you will be forced to provide an immediate answer.
Your overall generation limit is 200 tokens.
2026-02-12 17:48:55,963 - src.driver - INFO - GENERATED CONTENT: <action>  Highest Reward </action> 
 PARSED ACTION: Highest Reward
2026-02-12 17:48:55,964 - src.driver - INFO - You will be assigned a task. 
You will receive the actions you have available, followed by the action history. 
Your goal is to maximize the total reward across all 10 steps. We are on step 1. 

Task Assignment:
---
You are faced with a 3-armed bandit problem.  Each action corresponds to pulling a specific arm. Each arm is associated with a Gaussian distribution with a fixed but unknown mean. At each time step, you will select a field and receive a reward drawn from the associated distribution. Your goal is to select which arm to pull in order to maximize your reward across all of your turns.
---

Available Actions:
---

- Arm Name: Intermediate Reward 

- Arm Name: Highest Reward 

- Arm Name: Lowest Reward 

---
When selecting an action, include only the name of the action. Do not include the dashes used to indicate the list here.

History:
---


- {'state': {}, 'action_taken': 'Highest Reward', 'reward': 25.0}


---

Please select an action from the list of action options in order to maximize the reward for your task.
When selecting an action, put the exact name of the action between action tags like: <action> action_name </action>.

Your thinking budget is 150 tokens. If you exceed this limit, you will be forced to provide an immediate answer.
Your overall generation limit is 200 tokens.
2026-02-12 17:49:27,260 - src.driver - INFO - GENERATED CONTENT: <action>  Highest Reward </action> 
 PARSED ACTION: Highest Reward
2026-02-12 17:49:27,261 - src.driver - INFO - You will be assigned a task. 
You will receive the actions you have available, followed by the action history. 
Your goal is to maximize the total reward across all 10 steps. We are on step 2. 

Task Assignment:
---
You are faced with a 3-armed bandit problem.  Each action corresponds to pulling a specific arm. Each arm is associated with a Gaussian distribution with a fixed but unknown mean. At each time step, you will select a field and receive a reward drawn from the associated distribution. Your goal is to select which arm to pull in order to maximize your reward across all of your turns.
---

Available Actions:
---

- Arm Name: Intermediate Reward 

- Arm Name: Highest Reward 

- Arm Name: Lowest Reward 

---
When selecting an action, include only the name of the action. Do not include the dashes used to indicate the list here.

History:
---


- {'state': {}, 'action_taken': 'Highest Reward', 'reward': 25.0}

- {'state': {}, 'action_taken': 'Highest Reward', 'reward': 25.0}


---

Please select an action from the list of action options in order to maximize the reward for your task.
When selecting an action, put the exact name of the action between action tags like: <action> action_name </action>.

Your thinking budget is 150 tokens. If you exceed this limit, you will be forced to provide an immediate answer.
Your overall generation limit is 200 tokens.
2026-02-12 17:49:59,215 - src.driver - INFO - GENERATED CONTENT: <action>  Highest Reward </action> 
 PARSED ACTION: Highest Reward
2026-02-12 17:49:59,216 - src.driver - INFO - You will be assigned a task. 
You will receive the actions you have available, followed by the action history. 
Your goal is to maximize the total reward across all 10 steps. We are on step 3. 

Task Assignment:
---
You are faced with a 3-armed bandit problem.  Each action corresponds to pulling a specific arm. Each arm is associated with a Gaussian distribution with a fixed but unknown mean. At each time step, you will select a field and receive a reward drawn from the associated distribution. Your goal is to select which arm to pull in order to maximize your reward across all of your turns.
---

Available Actions:
---

- Arm Name: Intermediate Reward 

- Arm Name: Highest Reward 

- Arm Name: Lowest Reward 

---
When selecting an action, include only the name of the action. Do not include the dashes used to indicate the list here.

History:
---


- {'state': {}, 'action_taken': 'Highest Reward', 'reward': 25.0}

- {'state': {}, 'action_taken': 'Highest Reward', 'reward': 25.0}

- {'state': {}, 'action_taken': 'Highest Reward', 'reward': 25.0}


---

Please select an action from the list of action options in order to maximize the reward for your task.
When selecting an action, put the exact name of the action between action tags like: <action> action_name </action>.

Your thinking budget is 150 tokens. If you exceed this limit, you will be forced to provide an immediate answer.
Your overall generation limit is 200 tokens.
2026-02-12 17:50:31,678 - src.driver - INFO - GENERATED CONTENT: <action>  Highest Reward </action> 
 PARSED ACTION: Highest Reward
2026-02-12 17:50:31,679 - src.driver - INFO - You will be assigned a task. 
You will receive the actions you have available, followed by the action history. 
Your goal is to maximize the total reward across all 10 steps. We are on step 4. 

Task Assignment:
---
You are faced with a 3-armed bandit problem.  Each action corresponds to pulling a specific arm. Each arm is associated with a Gaussian distribution with a fixed but unknown mean. At each time step, you will select a field and receive a reward drawn from the associated distribution. Your goal is to select which arm to pull in order to maximize your reward across all of your turns.
---

Available Actions:
---

- Arm Name: Intermediate Reward 

- Arm Name: Highest Reward 

- Arm Name: Lowest Reward 

---
When selecting an action, include only the name of the action. Do not include the dashes used to indicate the list here.

History:
---


- {'state': {}, 'action_taken': 'Highest Reward', 'reward': 25.0}

- {'state': {}, 'action_taken': 'Highest Reward', 'reward': 25.0}

- {'state': {}, 'action_taken': 'Highest Reward', 'reward': 25.0}

- {'state': {}, 'action_taken': 'Highest Reward', 'reward': 25.0}


---

Please select an action from the list of action options in order to maximize the reward for your task.
When selecting an action, put the exact name of the action between action tags like: <action> action_name </action>.

Your thinking budget is 150 tokens. If you exceed this limit, you will be forced to provide an immediate answer.
Your overall generation limit is 200 tokens.
2026-02-12 17:51:04,282 - src.driver - INFO - GENERATED CONTENT: <action>  Highest Reward </action> 
 PARSED ACTION: Highest Reward
2026-02-12 17:51:04,283 - src.driver - INFO - You will be assigned a task. 
You will receive the actions you have available, followed by the action history. 
Your goal is to maximize the total reward across all 10 steps. We are on step 5. 

Task Assignment:
---
You are faced with a 3-armed bandit problem.  Each action corresponds to pulling a specific arm. Each arm is associated with a Gaussian distribution with a fixed but unknown mean. At each time step, you will select a field and receive a reward drawn from the associated distribution. Your goal is to select which arm to pull in order to maximize your reward across all of your turns.
---

Available Actions:
---

- Arm Name: Intermediate Reward 

- Arm Name: Highest Reward 

- Arm Name: Lowest Reward 

---
When selecting an action, include only the name of the action. Do not include the dashes used to indicate the list here.

History:
---


- {'state': {}, 'action_taken': 'Highest Reward', 'reward': 25.0}

- {'state': {}, 'action_taken': 'Highest Reward', 'reward': 25.0}

- {'state': {}, 'action_taken': 'Highest Reward', 'reward': 25.0}

- {'state': {}, 'action_taken': 'Highest Reward', 'reward': 25.0}

- {'state': {}, 'action_taken': 'Highest Reward', 'reward': 25.0}


---

Please select an action from the list of action options in order to maximize the reward for your task.
When selecting an action, put the exact name of the action between action tags like: <action> action_name </action>.

Your thinking budget is 150 tokens. If you exceed this limit, you will be forced to provide an immediate answer.
Your overall generation limit is 200 tokens.
2026-02-12 17:51:37,583 - src.driver - INFO - GENERATED CONTENT: <action>  Highest Reward </action> 
 PARSED ACTION: Highest Reward
2026-02-12 17:51:37,583 - src.driver - INFO - You will be assigned a task. 
You will receive the actions you have available, followed by the action history. 
Your goal is to maximize the total reward across all 10 steps. We are on step 6. 

Task Assignment:
---
You are faced with a 3-armed bandit problem.  Each action corresponds to pulling a specific arm. Each arm is associated with a Gaussian distribution with a fixed but unknown mean. At each time step, you will select a field and receive a reward drawn from the associated distribution. Your goal is to select which arm to pull in order to maximize your reward across all of your turns.
---

Available Actions:
---

- Arm Name: Intermediate Reward 

- Arm Name: Highest Reward 

- Arm Name: Lowest Reward 

---
When selecting an action, include only the name of the action. Do not include the dashes used to indicate the list here.

History:
---


- {'state': {}, 'action_taken': 'Highest Reward', 'reward': 25.0}

- {'state': {}, 'action_taken': 'Highest Reward', 'reward': 25.0}

- {'state': {}, 'action_taken': 'Highest Reward', 'reward': 25.0}

- {'state': {}, 'action_taken': 'Highest Reward', 'reward': 25.0}

- {'state': {}, 'action_taken': 'Highest Reward', 'reward': 25.0}

- {'state': {}, 'action_taken': 'Highest Reward', 'reward': 25.0}


---

Please select an action from the list of action options in order to maximize the reward for your task.
When selecting an action, put the exact name of the action between action tags like: <action> action_name </action>.

Your thinking budget is 150 tokens. If you exceed this limit, you will be forced to provide an immediate answer.
Your overall generation limit is 200 tokens.
2026-02-12 17:52:11,488 - src.driver - INFO - GENERATED CONTENT: <action>  Highest Reward </action> 
 PARSED ACTION: Highest Reward
2026-02-12 17:52:11,489 - src.driver - INFO - You will be assigned a task. 
You will receive the actions you have available, followed by the action history. 
Your goal is to maximize the total reward across all 10 steps. We are on step 7. 

Task Assignment:
---
You are faced with a 3-armed bandit problem.  Each action corresponds to pulling a specific arm. Each arm is associated with a Gaussian distribution with a fixed but unknown mean. At each time step, you will select a field and receive a reward drawn from the associated distribution. Your goal is to select which arm to pull in order to maximize your reward across all of your turns.
---

Available Actions:
---

- Arm Name: Intermediate Reward 

- Arm Name: Highest Reward 

- Arm Name: Lowest Reward 

---
When selecting an action, include only the name of the action. Do not include the dashes used to indicate the list here.

History:
---


- {'state': {}, 'action_taken': 'Highest Reward', 'reward': 25.0}

- {'state': {}, 'action_taken': 'Highest Reward', 'reward': 25.0}

- {'state': {}, 'action_taken': 'Highest Reward', 'reward': 25.0}

- {'state': {}, 'action_taken': 'Highest Reward', 'reward': 25.0}

- {'state': {}, 'action_taken': 'Highest Reward', 'reward': 25.0}

- {'state': {}, 'action_taken': 'Highest Reward', 'reward': 25.0}

- {'state': {}, 'action_taken': 'Highest Reward', 'reward': 25.0}


---

Please select an action from the list of action options in order to maximize the reward for your task.
When selecting an action, put the exact name of the action between action tags like: <action> action_name </action>.

Your thinking budget is 150 tokens. If you exceed this limit, you will be forced to provide an immediate answer.
Your overall generation limit is 200 tokens.
2026-02-12 17:52:45,616 - src.driver - INFO - GENERATED CONTENT: <action>  Highest Reward </action> 
 PARSED ACTION: Highest Reward
2026-02-12 17:52:45,616 - src.driver - INFO - You will be assigned a task. 
You will receive the actions you have available, followed by the action history. 
Your goal is to maximize the total reward across all 10 steps. We are on step 8. 

Task Assignment:
---
You are faced with a 3-armed bandit problem.  Each action corresponds to pulling a specific arm. Each arm is associated with a Gaussian distribution with a fixed but unknown mean. At each time step, you will select a field and receive a reward drawn from the associated distribution. Your goal is to select which arm to pull in order to maximize your reward across all of your turns.
---

Available Actions:
---

- Arm Name: Intermediate Reward 

- Arm Name: Highest Reward 

- Arm Name: Lowest Reward 

---
When selecting an action, include only the name of the action. Do not include the dashes used to indicate the list here.

History:
---


- {'state': {}, 'action_taken': 'Highest Reward', 'reward': 25.0}

- {'state': {}, 'action_taken': 'Highest Reward', 'reward': 25.0}

- {'state': {}, 'action_taken': 'Highest Reward', 'reward': 25.0}

- {'state': {}, 'action_taken': 'Highest Reward', 'reward': 25.0}

- {'state': {}, 'action_taken': 'Highest Reward', 'reward': 25.0}

- {'state': {}, 'action_taken': 'Highest Reward', 'reward': 25.0}

- {'state': {}, 'action_taken': 'Highest Reward', 'reward': 25.0}

- {'state': {}, 'action_taken': 'Highest Reward', 'reward': 25.0}


---

Please select an action from the list of action options in order to maximize the reward for your task.
When selecting an action, put the exact name of the action between action tags like: <action> action_name </action>.

Your thinking budget is 150 tokens. If you exceed this limit, you will be forced to provide an immediate answer.
Your overall generation limit is 200 tokens.
2026-02-12 17:53:20,346 - src.driver - INFO - GENERATED CONTENT: <action>  Highest Reward </action> 
 PARSED ACTION: Highest Reward
2026-02-12 17:53:20,346 - src.driver - INFO - You will be assigned a task. 
You will receive the actions you have available, followed by the action history. 
Your goal is to maximize the total reward across all 10 steps. We are on step 9. 

Task Assignment:
---
You are faced with a 3-armed bandit problem.  Each action corresponds to pulling a specific arm. Each arm is associated with a Gaussian distribution with a fixed but unknown mean. At each time step, you will select a field and receive a reward drawn from the associated distribution. Your goal is to select which arm to pull in order to maximize your reward across all of your turns.
---

Available Actions:
---

- Arm Name: Intermediate Reward 

- Arm Name: Highest Reward 

- Arm Name: Lowest Reward 

---
When selecting an action, include only the name of the action. Do not include the dashes used to indicate the list here.

History:
---


- {'state': {}, 'action_taken': 'Highest Reward', 'reward': 25.0}

- {'state': {}, 'action_taken': 'Highest Reward', 'reward': 25.0}

- {'state': {}, 'action_taken': 'Highest Reward', 'reward': 25.0}

- {'state': {}, 'action_taken': 'Highest Reward', 'reward': 25.0}

- {'state': {}, 'action_taken': 'Highest Reward', 'reward': 25.0}

- {'state': {}, 'action_taken': 'Highest Reward', 'reward': 25.0}

- {'state': {}, 'action_taken': 'Highest Reward', 'reward': 25.0}

- {'state': {}, 'action_taken': 'Highest Reward', 'reward': 25.0}

- {'state': {}, 'action_taken': 'Highest Reward', 'reward': 25.0}


---

Please select an action from the list of action options in order to maximize the reward for your task.
When selecting an action, put the exact name of the action between action tags like: <action> action_name </action>.

Your thinking budget is 150 tokens. If you exceed this limit, you will be forced to provide an immediate answer.
Your overall generation limit is 200 tokens.
2026-02-12 17:53:55,680 - src.driver - INFO - GENERATED CONTENT: <action>  Highest Reward </action> 
 PARSED ACTION: Highest Reward
