2026-01-24 14:31:05,699 - src.driver - INFO - You will be assigned a task. 
You will receive the actions you have available, followed by the action history. 
Your goal is to maximize the total reward across all 10 steps. We are on step 0. 

Task Assignment:
---
You are faced with a 3-armed bandit problem.  Each action corresponds to pulling a specific arm. Each arm is associated with a Gaussian distribution with a fixed but unknown mean. At each time step, you will select a field and receive a reward drawn from the associated distribution. Your goal is to select which arm to pull in order to maximize your reward across all of your turns.
---

Available Actions:
---

- Arm Name: Highest Reward - This action has been selected 0 time(s) for an observed mean of Unknown

- Arm Name: Lowest Reward - This action has been selected 0 time(s) for an observed mean of Unknown

- Arm Name: Intermediate Reward - This action has been selected 0 time(s) for an observed mean of Unknown

---
When selecting an action, include only the name of the action. Do not include the dashes used to indicate the list here.

Please select an action from the list of action options in order to maximize the reward for your task.
When selecting an action, put the exact name of the action between action tags like: <action> action_name </action>.

Your thinking budget is 150 tokens. If you exceed this limit, you will be forced to provide an immediate answer.
Your overall generation limit is 200 tokens.
2026-01-24 14:31:20,461 - src.driver - INFO - GENERATED CONTENT: <action>  Highest Reward </action> 
 PARSED ACTION: Highest Reward
2026-01-24 14:31:20,462 - src.driver - INFO - You will be assigned a task. 
You will receive the actions you have available, followed by the action history. 
Your goal is to maximize the total reward across all 10 steps. We are on step 1. 

Task Assignment:
---
You are faced with a 3-armed bandit problem.  Each action corresponds to pulling a specific arm. Each arm is associated with a Gaussian distribution with a fixed but unknown mean. At each time step, you will select a field and receive a reward drawn from the associated distribution. Your goal is to select which arm to pull in order to maximize your reward across all of your turns.
---

Available Actions:
---

- Arm Name: Highest Reward - This action has been selected 1 time(s) for an observed mean of -0.7887151139317308

- Arm Name: Lowest Reward - This action has been selected 0 time(s) for an observed mean of Unknown

- Arm Name: Intermediate Reward - This action has been selected 0 time(s) for an observed mean of Unknown

---
When selecting an action, include only the name of the action. Do not include the dashes used to indicate the list here.

Please select an action from the list of action options in order to maximize the reward for your task.
When selecting an action, put the exact name of the action between action tags like: <action> action_name </action>.

Your thinking budget is 150 tokens. If you exceed this limit, you will be forced to provide an immediate answer.
Your overall generation limit is 200 tokens.
2026-01-24 14:31:35,417 - src.driver - INFO - GENERATED CONTENT: <action> Intermediate Reward</action> 
 PARSED ACTION: Intermediate Reward
2026-01-24 14:31:35,418 - src.driver - INFO - You will be assigned a task. 
You will receive the actions you have available, followed by the action history. 
Your goal is to maximize the total reward across all 10 steps. We are on step 2. 

Task Assignment:
---
You are faced with a 3-armed bandit problem.  Each action corresponds to pulling a specific arm. Each arm is associated with a Gaussian distribution with a fixed but unknown mean. At each time step, you will select a field and receive a reward drawn from the associated distribution. Your goal is to select which arm to pull in order to maximize your reward across all of your turns.
---

Available Actions:
---

- Arm Name: Highest Reward - This action has been selected 1 time(s) for an observed mean of -0.7887151139317308

- Arm Name: Lowest Reward - This action has been selected 0 time(s) for an observed mean of Unknown

- Arm Name: Intermediate Reward - This action has been selected 1 time(s) for an observed mean of -0.8269088411315685

---
When selecting an action, include only the name of the action. Do not include the dashes used to indicate the list here.

Please select an action from the list of action options in order to maximize the reward for your task.
When selecting an action, put the exact name of the action between action tags like: <action> action_name </action>.

Your thinking budget is 150 tokens. If you exceed this limit, you will be forced to provide an immediate answer.
Your overall generation limit is 200 tokens.
2026-01-24 14:31:50,516 - src.driver - INFO - GENERATED CONTENT: <action> Lowest Reward</action> 
 PARSED ACTION: Lowest Reward
2026-01-24 14:31:50,516 - src.driver - INFO - You will be assigned a task. 
You will receive the actions you have available, followed by the action history. 
Your goal is to maximize the total reward across all 10 steps. We are on step 3. 

Task Assignment:
---
You are faced with a 3-armed bandit problem.  Each action corresponds to pulling a specific arm. Each arm is associated with a Gaussian distribution with a fixed but unknown mean. At each time step, you will select a field and receive a reward drawn from the associated distribution. Your goal is to select which arm to pull in order to maximize your reward across all of your turns.
---

Available Actions:
---

- Arm Name: Highest Reward - This action has been selected 1 time(s) for an observed mean of -0.7887151139317308

- Arm Name: Lowest Reward - This action has been selected 1 time(s) for an observed mean of -0.19420362834538077

- Arm Name: Intermediate Reward - This action has been selected 1 time(s) for an observed mean of -0.8269088411315685

---
When selecting an action, include only the name of the action. Do not include the dashes used to indicate the list here.

Please select an action from the list of action options in order to maximize the reward for your task.
When selecting an action, put the exact name of the action between action tags like: <action> action_name </action>.

Your thinking budget is 150 tokens. If you exceed this limit, you will be forced to provide an immediate answer.
Your overall generation limit is 200 tokens.
2026-01-24 14:32:05,861 - src.driver - INFO - GENERATED CONTENT: <action> Lowest Reward</action> 
 PARSED ACTION: Lowest Reward
2026-01-24 14:32:05,862 - src.driver - INFO - You will be assigned a task. 
You will receive the actions you have available, followed by the action history. 
Your goal is to maximize the total reward across all 10 steps. We are on step 4. 

Task Assignment:
---
You are faced with a 3-armed bandit problem.  Each action corresponds to pulling a specific arm. Each arm is associated with a Gaussian distribution with a fixed but unknown mean. At each time step, you will select a field and receive a reward drawn from the associated distribution. Your goal is to select which arm to pull in order to maximize your reward across all of your turns.
---

Available Actions:
---

- Arm Name: Highest Reward - This action has been selected 1 time(s) for an observed mean of -0.7887151139317308

- Arm Name: Lowest Reward - This action has been selected 2 time(s) for an observed mean of -0.18131687512195577

- Arm Name: Intermediate Reward - This action has been selected 1 time(s) for an observed mean of -0.8269088411315685

---
When selecting an action, include only the name of the action. Do not include the dashes used to indicate the list here.

Please select an action from the list of action options in order to maximize the reward for your task.
When selecting an action, put the exact name of the action between action tags like: <action> action_name </action>.

Your thinking budget is 150 tokens. If you exceed this limit, you will be forced to provide an immediate answer.
Your overall generation limit is 200 tokens.
2026-01-24 14:32:21,208 - src.driver - INFO - GENERATED CONTENT: <action> Lowest Reward</action> 
 PARSED ACTION: Lowest Reward
2026-01-24 14:32:21,209 - src.driver - INFO - You will be assigned a task. 
You will receive the actions you have available, followed by the action history. 
Your goal is to maximize the total reward across all 10 steps. We are on step 5. 

Task Assignment:
---
You are faced with a 3-armed bandit problem.  Each action corresponds to pulling a specific arm. Each arm is associated with a Gaussian distribution with a fixed but unknown mean. At each time step, you will select a field and receive a reward drawn from the associated distribution. Your goal is to select which arm to pull in order to maximize your reward across all of your turns.
---

Available Actions:
---

- Arm Name: Highest Reward - This action has been selected 1 time(s) for an observed mean of -0.7887151139317308

- Arm Name: Lowest Reward - This action has been selected 3 time(s) for an observed mean of -0.1667548269235122

- Arm Name: Intermediate Reward - This action has been selected 1 time(s) for an observed mean of -0.8269088411315685

---
When selecting an action, include only the name of the action. Do not include the dashes used to indicate the list here.

Please select an action from the list of action options in order to maximize the reward for your task.
When selecting an action, put the exact name of the action between action tags like: <action> action_name </action>.

Your thinking budget is 150 tokens. If you exceed this limit, you will be forced to provide an immediate answer.
Your overall generation limit is 200 tokens.
2026-01-24 14:32:36,610 - src.driver - INFO - GENERATED CONTENT: <action> Lowest Reward</action> 
 PARSED ACTION: Lowest Reward
2026-01-24 14:32:36,611 - src.driver - INFO - You will be assigned a task. 
You will receive the actions you have available, followed by the action history. 
Your goal is to maximize the total reward across all 10 steps. We are on step 6. 

Task Assignment:
---
You are faced with a 3-armed bandit problem.  Each action corresponds to pulling a specific arm. Each arm is associated with a Gaussian distribution with a fixed but unknown mean. At each time step, you will select a field and receive a reward drawn from the associated distribution. Your goal is to select which arm to pull in order to maximize your reward across all of your turns.
---

Available Actions:
---

- Arm Name: Highest Reward - This action has been selected 1 time(s) for an observed mean of -0.7887151139317308

- Arm Name: Lowest Reward - This action has been selected 4 time(s) for an observed mean of -0.21909293798295745

- Arm Name: Intermediate Reward - This action has been selected 1 time(s) for an observed mean of -0.8269088411315685

---
When selecting an action, include only the name of the action. Do not include the dashes used to indicate the list here.

Please select an action from the list of action options in order to maximize the reward for your task.
When selecting an action, put the exact name of the action between action tags like: <action> action_name </action>.

Your thinking budget is 150 tokens. If you exceed this limit, you will be forced to provide an immediate answer.
Your overall generation limit is 200 tokens.
2026-01-24 14:32:51,950 - src.driver - INFO - GENERATED CONTENT: <action> Lowest Reward</action> 
 PARSED ACTION: Lowest Reward
2026-01-24 14:32:51,950 - src.driver - INFO - You will be assigned a task. 
You will receive the actions you have available, followed by the action history. 
Your goal is to maximize the total reward across all 10 steps. We are on step 7. 

Task Assignment:
---
You are faced with a 3-armed bandit problem.  Each action corresponds to pulling a specific arm. Each arm is associated with a Gaussian distribution with a fixed but unknown mean. At each time step, you will select a field and receive a reward drawn from the associated distribution. Your goal is to select which arm to pull in order to maximize your reward across all of your turns.
---

Available Actions:
---

- Arm Name: Highest Reward - This action has been selected 1 time(s) for an observed mean of -0.7887151139317308

- Arm Name: Lowest Reward - This action has been selected 5 time(s) for an observed mean of -0.2282342694230839

- Arm Name: Intermediate Reward - This action has been selected 1 time(s) for an observed mean of -0.8269088411315685

---
When selecting an action, include only the name of the action. Do not include the dashes used to indicate the list here.

Please select an action from the list of action options in order to maximize the reward for your task.
When selecting an action, put the exact name of the action between action tags like: <action> action_name </action>.

Your thinking budget is 150 tokens. If you exceed this limit, you will be forced to provide an immediate answer.
Your overall generation limit is 200 tokens.
2026-01-24 14:33:07,311 - src.driver - INFO - GENERATED CONTENT: <action> Lowest Reward</action> 
 PARSED ACTION: Lowest Reward
2026-01-24 14:33:07,311 - src.driver - INFO - You will be assigned a task. 
You will receive the actions you have available, followed by the action history. 
Your goal is to maximize the total reward across all 10 steps. We are on step 8. 

Task Assignment:
---
You are faced with a 3-armed bandit problem.  Each action corresponds to pulling a specific arm. Each arm is associated with a Gaussian distribution with a fixed but unknown mean. At each time step, you will select a field and receive a reward drawn from the associated distribution. Your goal is to select which arm to pull in order to maximize your reward across all of your turns.
---

Available Actions:
---

- Arm Name: Highest Reward - This action has been selected 1 time(s) for an observed mean of -0.7887151139317308

- Arm Name: Lowest Reward - This action has been selected 6 time(s) for an observed mean of -0.20651952567420137

- Arm Name: Intermediate Reward - This action has been selected 1 time(s) for an observed mean of -0.8269088411315685

---
When selecting an action, include only the name of the action. Do not include the dashes used to indicate the list here.

Please select an action from the list of action options in order to maximize the reward for your task.
When selecting an action, put the exact name of the action between action tags like: <action> action_name </action>.

Your thinking budget is 150 tokens. If you exceed this limit, you will be forced to provide an immediate answer.
Your overall generation limit is 200 tokens.
2026-01-24 14:33:22,675 - src.driver - INFO - GENERATED CONTENT: <action> Lowest Reward</action> 
 PARSED ACTION: Lowest Reward
2026-01-24 14:33:22,676 - src.driver - INFO - You will be assigned a task. 
You will receive the actions you have available, followed by the action history. 
Your goal is to maximize the total reward across all 10 steps. We are on step 9. 

Task Assignment:
---
You are faced with a 3-armed bandit problem.  Each action corresponds to pulling a specific arm. Each arm is associated with a Gaussian distribution with a fixed but unknown mean. At each time step, you will select a field and receive a reward drawn from the associated distribution. Your goal is to select which arm to pull in order to maximize your reward across all of your turns.
---

Available Actions:
---

- Arm Name: Highest Reward - This action has been selected 1 time(s) for an observed mean of -0.7887151139317308

- Arm Name: Lowest Reward - This action has been selected 7 time(s) for an observed mean of -0.2191014668046775

- Arm Name: Intermediate Reward - This action has been selected 1 time(s) for an observed mean of -0.8269088411315685

---
When selecting an action, include only the name of the action. Do not include the dashes used to indicate the list here.

Please select an action from the list of action options in order to maximize the reward for your task.
When selecting an action, put the exact name of the action between action tags like: <action> action_name </action>.

Your thinking budget is 150 tokens. If you exceed this limit, you will be forced to provide an immediate answer.
Your overall generation limit is 200 tokens.
2026-01-24 14:33:38,023 - src.driver - INFO - GENERATED CONTENT: <action> Lowest Reward</action> 
 PARSED ACTION: Lowest Reward
2026-01-24 14:33:38,039 - src.driver - INFO - You will be assigned a task. 
You will receive the actions you have available, followed by the action history. 
Your goal is to maximize the total reward across all 10 steps. We are on step 0. 

Task Assignment:
---
You are faced with a 3-armed bandit problem.  Each action corresponds to pulling a specific arm. Each arm is associated with a Gaussian distribution with a fixed but unknown mean. At each time step, you will select a field and receive a reward drawn from the associated distribution. Your goal is to select which arm to pull in order to maximize your reward across all of your turns.
---

Available Actions:
---

- Arm Name: Intermediate Reward - This action has been selected 0 time(s) for an observed mean of Unknown

- Arm Name: Lowest Reward - This action has been selected 0 time(s) for an observed mean of Unknown

- Arm Name: Highest Reward - This action has been selected 0 time(s) for an observed mean of Unknown

---
When selecting an action, include only the name of the action. Do not include the dashes used to indicate the list here.

Please select an action from the list of action options in order to maximize the reward for your task.
When selecting an action, put the exact name of the action between action tags like: <action> action_name </action>.

Your thinking budget is 150 tokens. If you exceed this limit, you will be forced to provide an immediate answer.
Your overall generation limit is 200 tokens.
2026-01-24 14:33:52,795 - src.driver - INFO - GENERATED CONTENT: <action>  Highest Reward </action> 
 PARSED ACTION: Highest Reward
2026-01-24 14:33:52,796 - src.driver - INFO - You will be assigned a task. 
You will receive the actions you have available, followed by the action history. 
Your goal is to maximize the total reward across all 10 steps. We are on step 1. 

Task Assignment:
---
You are faced with a 3-armed bandit problem.  Each action corresponds to pulling a specific arm. Each arm is associated with a Gaussian distribution with a fixed but unknown mean. At each time step, you will select a field and receive a reward drawn from the associated distribution. Your goal is to select which arm to pull in order to maximize your reward across all of your turns.
---

Available Actions:
---

- Arm Name: Intermediate Reward - This action has been selected 0 time(s) for an observed mean of Unknown

- Arm Name: Lowest Reward - This action has been selected 0 time(s) for an observed mean of Unknown

- Arm Name: Highest Reward - This action has been selected 1 time(s) for an observed mean of -0.8931195873026772

---
When selecting an action, include only the name of the action. Do not include the dashes used to indicate the list here.

Please select an action from the list of action options in order to maximize the reward for your task.
When selecting an action, put the exact name of the action between action tags like: <action> action_name </action>.

Your thinking budget is 150 tokens. If you exceed this limit, you will be forced to provide an immediate answer.
Your overall generation limit is 200 tokens.
2026-01-24 14:34:07,778 - src.driver - INFO - GENERATED CONTENT: <action>  Intermediate Reward </action> 
 PARSED ACTION: Intermediate Reward
2026-01-24 14:34:07,779 - src.driver - INFO - You will be assigned a task. 
You will receive the actions you have available, followed by the action history. 
Your goal is to maximize the total reward across all 10 steps. We are on step 2. 

Task Assignment:
---
You are faced with a 3-armed bandit problem.  Each action corresponds to pulling a specific arm. Each arm is associated with a Gaussian distribution with a fixed but unknown mean. At each time step, you will select a field and receive a reward drawn from the associated distribution. Your goal is to select which arm to pull in order to maximize your reward across all of your turns.
---

Available Actions:
---

- Arm Name: Intermediate Reward - This action has been selected 1 time(s) for an observed mean of -0.4706342413175427

- Arm Name: Lowest Reward - This action has been selected 0 time(s) for an observed mean of Unknown

- Arm Name: Highest Reward - This action has been selected 1 time(s) for an observed mean of -0.8931195873026772

---
When selecting an action, include only the name of the action. Do not include the dashes used to indicate the list here.

Please select an action from the list of action options in order to maximize the reward for your task.
When selecting an action, put the exact name of the action between action tags like: <action> action_name </action>.

Your thinking budget is 150 tokens. If you exceed this limit, you will be forced to provide an immediate answer.
Your overall generation limit is 200 tokens.
2026-01-24 14:34:22,848 - src.driver - INFO - GENERATED CONTENT: <action> Lowest Reward</action> 
 PARSED ACTION: Lowest Reward
2026-01-24 14:34:22,849 - src.driver - INFO - You will be assigned a task. 
You will receive the actions you have available, followed by the action history. 
Your goal is to maximize the total reward across all 10 steps. We are on step 3. 

Task Assignment:
---
You are faced with a 3-armed bandit problem.  Each action corresponds to pulling a specific arm. Each arm is associated with a Gaussian distribution with a fixed but unknown mean. At each time step, you will select a field and receive a reward drawn from the associated distribution. Your goal is to select which arm to pull in order to maximize your reward across all of your turns.
---

Available Actions:
---

- Arm Name: Intermediate Reward - This action has been selected 1 time(s) for an observed mean of -0.4706342413175427

- Arm Name: Lowest Reward - This action has been selected 1 time(s) for an observed mean of -0.06316269934836416

- Arm Name: Highest Reward - This action has been selected 1 time(s) for an observed mean of -0.8931195873026772

---
When selecting an action, include only the name of the action. Do not include the dashes used to indicate the list here.

Please select an action from the list of action options in order to maximize the reward for your task.
When selecting an action, put the exact name of the action between action tags like: <action> action_name </action>.

Your thinking budget is 150 tokens. If you exceed this limit, you will be forced to provide an immediate answer.
Your overall generation limit is 200 tokens.
2026-01-24 14:34:38,257 - src.driver - INFO - GENERATED CONTENT: <action> Lowest Reward</action> 
 PARSED ACTION: Lowest Reward
2026-01-24 14:34:38,258 - src.driver - INFO - You will be assigned a task. 
You will receive the actions you have available, followed by the action history. 
Your goal is to maximize the total reward across all 10 steps. We are on step 4. 

Task Assignment:
---
You are faced with a 3-armed bandit problem.  Each action corresponds to pulling a specific arm. Each arm is associated with a Gaussian distribution with a fixed but unknown mean. At each time step, you will select a field and receive a reward drawn from the associated distribution. Your goal is to select which arm to pull in order to maximize your reward across all of your turns.
---

Available Actions:
---

- Arm Name: Intermediate Reward - This action has been selected 1 time(s) for an observed mean of -0.4706342413175427

- Arm Name: Lowest Reward - This action has been selected 2 time(s) for an observed mean of -0.08400495679607602

- Arm Name: Highest Reward - This action has been selected 1 time(s) for an observed mean of -0.8931195873026772

---
When selecting an action, include only the name of the action. Do not include the dashes used to indicate the list here.

Please select an action from the list of action options in order to maximize the reward for your task.
When selecting an action, put the exact name of the action between action tags like: <action> action_name </action>.

Your thinking budget is 150 tokens. If you exceed this limit, you will be forced to provide an immediate answer.
Your overall generation limit is 200 tokens.
2026-01-24 14:34:53,612 - src.driver - INFO - GENERATED CONTENT: <action> Lowest Reward</action> 
 PARSED ACTION: Lowest Reward
2026-01-24 14:34:53,613 - src.driver - INFO - You will be assigned a task. 
You will receive the actions you have available, followed by the action history. 
Your goal is to maximize the total reward across all 10 steps. We are on step 5. 

Task Assignment:
---
You are faced with a 3-armed bandit problem.  Each action corresponds to pulling a specific arm. Each arm is associated with a Gaussian distribution with a fixed but unknown mean. At each time step, you will select a field and receive a reward drawn from the associated distribution. Your goal is to select which arm to pull in order to maximize your reward across all of your turns.
---

Available Actions:
---

- Arm Name: Intermediate Reward - This action has been selected 1 time(s) for an observed mean of -0.4706342413175427

- Arm Name: Lowest Reward - This action has been selected 3 time(s) for an observed mean of -0.19250537744160878

- Arm Name: Highest Reward - This action has been selected 1 time(s) for an observed mean of -0.8931195873026772

---
When selecting an action, include only the name of the action. Do not include the dashes used to indicate the list here.

Please select an action from the list of action options in order to maximize the reward for your task.
When selecting an action, put the exact name of the action between action tags like: <action> action_name </action>.

Your thinking budget is 150 tokens. If you exceed this limit, you will be forced to provide an immediate answer.
Your overall generation limit is 200 tokens.
2026-01-24 14:35:08,894 - src.driver - INFO - GENERATED CONTENT: <action> Intermediate Reward</action> 
 PARSED ACTION: Intermediate Reward
2026-01-24 14:35:08,895 - src.driver - INFO - You will be assigned a task. 
You will receive the actions you have available, followed by the action history. 
Your goal is to maximize the total reward across all 10 steps. We are on step 6. 

Task Assignment:
---
You are faced with a 3-armed bandit problem.  Each action corresponds to pulling a specific arm. Each arm is associated with a Gaussian distribution with a fixed but unknown mean. At each time step, you will select a field and receive a reward drawn from the associated distribution. Your goal is to select which arm to pull in order to maximize your reward across all of your turns.
---

Available Actions:
---

- Arm Name: Intermediate Reward - This action has been selected 2 time(s) for an observed mean of -0.542268740399487

- Arm Name: Lowest Reward - This action has been selected 3 time(s) for an observed mean of -0.19250537744160878

- Arm Name: Highest Reward - This action has been selected 1 time(s) for an observed mean of -0.8931195873026772

---
When selecting an action, include only the name of the action. Do not include the dashes used to indicate the list here.

Please select an action from the list of action options in order to maximize the reward for your task.
When selecting an action, put the exact name of the action between action tags like: <action> action_name </action>.

Your thinking budget is 150 tokens. If you exceed this limit, you will be forced to provide an immediate answer.
Your overall generation limit is 200 tokens.
2026-01-24 14:35:24,162 - src.driver - INFO - GENERATED CONTENT: <action>  Lowest Reward </action> 
 PARSED ACTION: Lowest Reward
2026-01-24 14:35:24,162 - src.driver - INFO - You will be assigned a task. 
You will receive the actions you have available, followed by the action history. 
Your goal is to maximize the total reward across all 10 steps. We are on step 7. 

Task Assignment:
---
You are faced with a 3-armed bandit problem.  Each action corresponds to pulling a specific arm. Each arm is associated with a Gaussian distribution with a fixed but unknown mean. At each time step, you will select a field and receive a reward drawn from the associated distribution. Your goal is to select which arm to pull in order to maximize your reward across all of your turns.
---

Available Actions:
---

- Arm Name: Intermediate Reward - This action has been selected 2 time(s) for an observed mean of -0.542268740399487

- Arm Name: Lowest Reward - This action has been selected 4 time(s) for an observed mean of -0.2405797184837276

- Arm Name: Highest Reward - This action has been selected 1 time(s) for an observed mean of -0.8931195873026772

---
When selecting an action, include only the name of the action. Do not include the dashes used to indicate the list here.

Please select an action from the list of action options in order to maximize the reward for your task.
When selecting an action, put the exact name of the action between action tags like: <action> action_name </action>.

Your thinking budget is 150 tokens. If you exceed this limit, you will be forced to provide an immediate answer.
Your overall generation limit is 200 tokens.
2026-01-24 14:35:39,439 - src.driver - INFO - GENERATED CONTENT: <action> Intermediate Reward</action> 
 PARSED ACTION: Intermediate Reward
2026-01-24 14:35:39,440 - src.driver - INFO - You will be assigned a task. 
You will receive the actions you have available, followed by the action history. 
Your goal is to maximize the total reward across all 10 steps. We are on step 8. 

Task Assignment:
---
You are faced with a 3-armed bandit problem.  Each action corresponds to pulling a specific arm. Each arm is associated with a Gaussian distribution with a fixed but unknown mean. At each time step, you will select a field and receive a reward drawn from the associated distribution. Your goal is to select which arm to pull in order to maximize your reward across all of your turns.
---

Available Actions:
---

- Arm Name: Intermediate Reward - This action has been selected 3 time(s) for an observed mean of -0.5341097945972383

- Arm Name: Lowest Reward - This action has been selected 4 time(s) for an observed mean of -0.2405797184837276

- Arm Name: Highest Reward - This action has been selected 1 time(s) for an observed mean of -0.8931195873026772

---
When selecting an action, include only the name of the action. Do not include the dashes used to indicate the list here.

Please select an action from the list of action options in order to maximize the reward for your task.
When selecting an action, put the exact name of the action between action tags like: <action> action_name </action>.

Your thinking budget is 150 tokens. If you exceed this limit, you will be forced to provide an immediate answer.
Your overall generation limit is 200 tokens.
2026-01-24 14:35:54,719 - src.driver - INFO - GENERATED CONTENT: <action> Intermediate Reward</action> 
 PARSED ACTION: Intermediate Reward
2026-01-24 14:35:54,719 - src.driver - INFO - You will be assigned a task. 
You will receive the actions you have available, followed by the action history. 
Your goal is to maximize the total reward across all 10 steps. We are on step 9. 

Task Assignment:
---
You are faced with a 3-armed bandit problem.  Each action corresponds to pulling a specific arm. Each arm is associated with a Gaussian distribution with a fixed but unknown mean. At each time step, you will select a field and receive a reward drawn from the associated distribution. Your goal is to select which arm to pull in order to maximize your reward across all of your turns.
---

Available Actions:
---

- Arm Name: Intermediate Reward - This action has been selected 4 time(s) for an observed mean of -0.523456980971635

- Arm Name: Lowest Reward - This action has been selected 4 time(s) for an observed mean of -0.2405797184837276

- Arm Name: Highest Reward - This action has been selected 1 time(s) for an observed mean of -0.8931195873026772

---
When selecting an action, include only the name of the action. Do not include the dashes used to indicate the list here.

Please select an action from the list of action options in order to maximize the reward for your task.
When selecting an action, put the exact name of the action between action tags like: <action> action_name </action>.

Your thinking budget is 150 tokens. If you exceed this limit, you will be forced to provide an immediate answer.
Your overall generation limit is 200 tokens.
2026-01-24 14:36:10,014 - src.driver - INFO - GENERATED CONTENT: <action> Intermediate Reward</action> 
 PARSED ACTION: Intermediate Reward
2026-01-24 14:36:10,030 - src.driver - INFO - You will be assigned a task. 
You will receive the actions you have available, followed by the action history. 
Your goal is to maximize the total reward across all 10 steps. We are on step 0. 

Task Assignment:
---
You are faced with a 3-armed bandit problem.  Each action corresponds to pulling a specific arm. Each arm is associated with a Gaussian distribution with a fixed but unknown mean. At each time step, you will select a field and receive a reward drawn from the associated distribution. Your goal is to select which arm to pull in order to maximize your reward across all of your turns.
---

Available Actions:
---

- Arm Name: Intermediate Reward - This action has been selected 0 time(s) for an observed mean of Unknown

- Arm Name: Highest Reward - This action has been selected 0 time(s) for an observed mean of Unknown

- Arm Name: Lowest Reward - This action has been selected 0 time(s) for an observed mean of Unknown

---
When selecting an action, include only the name of the action. Do not include the dashes used to indicate the list here.

Please select an action from the list of action options in order to maximize the reward for your task.
When selecting an action, put the exact name of the action between action tags like: <action> action_name </action>.

Your thinking budget is 150 tokens. If you exceed this limit, you will be forced to provide an immediate answer.
Your overall generation limit is 200 tokens.
2026-01-24 14:36:24,774 - src.driver - INFO - GENERATED CONTENT: <action>  Intermediate Reward </action> 
 PARSED ACTION: Intermediate Reward
2026-01-24 14:36:24,774 - src.driver - INFO - You will be assigned a task. 
You will receive the actions you have available, followed by the action history. 
Your goal is to maximize the total reward across all 10 steps. We are on step 1. 

Task Assignment:
---
You are faced with a 3-armed bandit problem.  Each action corresponds to pulling a specific arm. Each arm is associated with a Gaussian distribution with a fixed but unknown mean. At each time step, you will select a field and receive a reward drawn from the associated distribution. Your goal is to select which arm to pull in order to maximize your reward across all of your turns.
---

Available Actions:
---

- Arm Name: Intermediate Reward - This action has been selected 1 time(s) for an observed mean of -0.5347517415254556

- Arm Name: Highest Reward - This action has been selected 0 time(s) for an observed mean of Unknown

- Arm Name: Lowest Reward - This action has been selected 0 time(s) for an observed mean of Unknown

---
When selecting an action, include only the name of the action. Do not include the dashes used to indicate the list here.

Please select an action from the list of action options in order to maximize the reward for your task.
When selecting an action, put the exact name of the action between action tags like: <action> action_name </action>.

Your thinking budget is 150 tokens. If you exceed this limit, you will be forced to provide an immediate answer.
Your overall generation limit is 200 tokens.
2026-01-24 14:36:39,767 - src.driver - INFO - GENERATED CONTENT: <action>  Highest Reward </action> 
 PARSED ACTION: Highest Reward
2026-01-24 14:36:39,767 - src.driver - INFO - You will be assigned a task. 
You will receive the actions you have available, followed by the action history. 
Your goal is to maximize the total reward across all 10 steps. We are on step 2. 

Task Assignment:
---
You are faced with a 3-armed bandit problem.  Each action corresponds to pulling a specific arm. Each arm is associated with a Gaussian distribution with a fixed but unknown mean. At each time step, you will select a field and receive a reward drawn from the associated distribution. Your goal is to select which arm to pull in order to maximize your reward across all of your turns.
---

Available Actions:
---

- Arm Name: Intermediate Reward - This action has been selected 1 time(s) for an observed mean of -0.5347517415254556

- Arm Name: Highest Reward - This action has been selected 1 time(s) for an observed mean of -0.9284603688539564

- Arm Name: Lowest Reward - This action has been selected 0 time(s) for an observed mean of Unknown

---
When selecting an action, include only the name of the action. Do not include the dashes used to indicate the list here.

Please select an action from the list of action options in order to maximize the reward for your task.
When selecting an action, put the exact name of the action between action tags like: <action> action_name </action>.

Your thinking budget is 150 tokens. If you exceed this limit, you will be forced to provide an immediate answer.
Your overall generation limit is 200 tokens.
2026-01-24 14:36:54,829 - src.driver - INFO - GENERATED CONTENT: <action> Lowest Reward</action> 
 PARSED ACTION: Lowest Reward
2026-01-24 14:36:54,829 - src.driver - INFO - You will be assigned a task. 
You will receive the actions you have available, followed by the action history. 
Your goal is to maximize the total reward across all 10 steps. We are on step 3. 

Task Assignment:
---
You are faced with a 3-armed bandit problem.  Each action corresponds to pulling a specific arm. Each arm is associated with a Gaussian distribution with a fixed but unknown mean. At each time step, you will select a field and receive a reward drawn from the associated distribution. Your goal is to select which arm to pull in order to maximize your reward across all of your turns.
---

Available Actions:
---

- Arm Name: Intermediate Reward - This action has been selected 1 time(s) for an observed mean of -0.5347517415254556

- Arm Name: Highest Reward - This action has been selected 1 time(s) for an observed mean of -0.9284603688539564

- Arm Name: Lowest Reward - This action has been selected 1 time(s) for an observed mean of -0.3789686236540807

---
When selecting an action, include only the name of the action. Do not include the dashes used to indicate the list here.

Please select an action from the list of action options in order to maximize the reward for your task.
When selecting an action, put the exact name of the action between action tags like: <action> action_name </action>.

Your thinking budget is 150 tokens. If you exceed this limit, you will be forced to provide an immediate answer.
Your overall generation limit is 200 tokens.
2026-01-24 14:37:10,116 - src.driver - INFO - GENERATED CONTENT: <action> Intermediate Reward</action> 
 PARSED ACTION: Intermediate Reward
2026-01-24 14:37:10,117 - src.driver - INFO - You will be assigned a task. 
You will receive the actions you have available, followed by the action history. 
Your goal is to maximize the total reward across all 10 steps. We are on step 4. 

Task Assignment:
---
You are faced with a 3-armed bandit problem.  Each action corresponds to pulling a specific arm. Each arm is associated with a Gaussian distribution with a fixed but unknown mean. At each time step, you will select a field and receive a reward drawn from the associated distribution. Your goal is to select which arm to pull in order to maximize your reward across all of your turns.
---

Available Actions:
---

- Arm Name: Intermediate Reward - This action has been selected 2 time(s) for an observed mean of -0.5448007525400995

- Arm Name: Highest Reward - This action has been selected 1 time(s) for an observed mean of -0.9284603688539564

- Arm Name: Lowest Reward - This action has been selected 1 time(s) for an observed mean of -0.3789686236540807

---
When selecting an action, include only the name of the action. Do not include the dashes used to indicate the list here.

Please select an action from the list of action options in order to maximize the reward for your task.
When selecting an action, put the exact name of the action between action tags like: <action> action_name </action>.

Your thinking budget is 150 tokens. If you exceed this limit, you will be forced to provide an immediate answer.
Your overall generation limit is 200 tokens.
2026-01-24 14:37:25,342 - src.driver - INFO - GENERATED CONTENT: <action> Intermediate Reward</action> 
 PARSED ACTION: Intermediate Reward
2026-01-24 14:37:25,343 - src.driver - INFO - You will be assigned a task. 
You will receive the actions you have available, followed by the action history. 
Your goal is to maximize the total reward across all 10 steps. We are on step 5. 

Task Assignment:
---
You are faced with a 3-armed bandit problem.  Each action corresponds to pulling a specific arm. Each arm is associated with a Gaussian distribution with a fixed but unknown mean. At each time step, you will select a field and receive a reward drawn from the associated distribution. Your goal is to select which arm to pull in order to maximize your reward across all of your turns.
---

Available Actions:
---

- Arm Name: Intermediate Reward - This action has been selected 3 time(s) for an observed mean of -0.5682861409458361

- Arm Name: Highest Reward - This action has been selected 1 time(s) for an observed mean of -0.9284603688539564

- Arm Name: Lowest Reward - This action has been selected 1 time(s) for an observed mean of -0.3789686236540807

---
When selecting an action, include only the name of the action. Do not include the dashes used to indicate the list here.

Please select an action from the list of action options in order to maximize the reward for your task.
When selecting an action, put the exact name of the action between action tags like: <action> action_name </action>.

Your thinking budget is 150 tokens. If you exceed this limit, you will be forced to provide an immediate answer.
Your overall generation limit is 200 tokens.
2026-01-24 14:37:40,613 - src.driver - INFO - GENERATED CONTENT: <action> Intermediate Reward</action> 
 PARSED ACTION: Intermediate Reward
2026-01-24 14:37:40,614 - src.driver - INFO - You will be assigned a task. 
You will receive the actions you have available, followed by the action history. 
Your goal is to maximize the total reward across all 10 steps. We are on step 6. 

Task Assignment:
---
You are faced with a 3-armed bandit problem.  Each action corresponds to pulling a specific arm. Each arm is associated with a Gaussian distribution with a fixed but unknown mean. At each time step, you will select a field and receive a reward drawn from the associated distribution. Your goal is to select which arm to pull in order to maximize your reward across all of your turns.
---

Available Actions:
---

- Arm Name: Intermediate Reward - This action has been selected 4 time(s) for an observed mean of -0.5151218797192403

- Arm Name: Highest Reward - This action has been selected 1 time(s) for an observed mean of -0.9284603688539564

- Arm Name: Lowest Reward - This action has been selected 1 time(s) for an observed mean of -0.3789686236540807

---
When selecting an action, include only the name of the action. Do not include the dashes used to indicate the list here.

Please select an action from the list of action options in order to maximize the reward for your task.
When selecting an action, put the exact name of the action between action tags like: <action> action_name </action>.

Your thinking budget is 150 tokens. If you exceed this limit, you will be forced to provide an immediate answer.
Your overall generation limit is 200 tokens.
2026-01-24 14:37:55,881 - src.driver - INFO - GENERATED CONTENT: <action> Intermediate Reward</action> 
 PARSED ACTION: Intermediate Reward
2026-01-24 14:37:55,882 - src.driver - INFO - You will be assigned a task. 
You will receive the actions you have available, followed by the action history. 
Your goal is to maximize the total reward across all 10 steps. We are on step 7. 

Task Assignment:
---
You are faced with a 3-armed bandit problem.  Each action corresponds to pulling a specific arm. Each arm is associated with a Gaussian distribution with a fixed but unknown mean. At each time step, you will select a field and receive a reward drawn from the associated distribution. Your goal is to select which arm to pull in order to maximize your reward across all of your turns.
---

Available Actions:
---

- Arm Name: Intermediate Reward - This action has been selected 5 time(s) for an observed mean of -0.4990181872222726

- Arm Name: Highest Reward - This action has been selected 1 time(s) for an observed mean of -0.9284603688539564

- Arm Name: Lowest Reward - This action has been selected 1 time(s) for an observed mean of -0.3789686236540807

---
When selecting an action, include only the name of the action. Do not include the dashes used to indicate the list here.

Please select an action from the list of action options in order to maximize the reward for your task.
When selecting an action, put the exact name of the action between action tags like: <action> action_name </action>.

Your thinking budget is 150 tokens. If you exceed this limit, you will be forced to provide an immediate answer.
Your overall generation limit is 200 tokens.
2026-01-24 14:38:11,238 - src.driver - INFO - GENERATED CONTENT: <action> Lowest Reward</action> 
 PARSED ACTION: Lowest Reward
2026-01-24 14:38:11,239 - src.driver - INFO - You will be assigned a task. 
You will receive the actions you have available, followed by the action history. 
Your goal is to maximize the total reward across all 10 steps. We are on step 8. 

Task Assignment:
---
You are faced with a 3-armed bandit problem.  Each action corresponds to pulling a specific arm. Each arm is associated with a Gaussian distribution with a fixed but unknown mean. At each time step, you will select a field and receive a reward drawn from the associated distribution. Your goal is to select which arm to pull in order to maximize your reward across all of your turns.
---

Available Actions:
---

- Arm Name: Intermediate Reward - This action has been selected 5 time(s) for an observed mean of -0.4990181872222726

- Arm Name: Highest Reward - This action has been selected 1 time(s) for an observed mean of -0.9284603688539564

- Arm Name: Lowest Reward - This action has been selected 2 time(s) for an observed mean of -0.18235468552290396

---
When selecting an action, include only the name of the action. Do not include the dashes used to indicate the list here.

Please select an action from the list of action options in order to maximize the reward for your task.
When selecting an action, put the exact name of the action between action tags like: <action> action_name </action>.

Your thinking budget is 150 tokens. If you exceed this limit, you will be forced to provide an immediate answer.
Your overall generation limit is 200 tokens.
2026-01-24 14:38:26,499 - src.driver - INFO - GENERATED CONTENT: <action> Intermediate Reward</action> 
 PARSED ACTION: Intermediate Reward
2026-01-24 14:38:26,500 - src.driver - INFO - You will be assigned a task. 
You will receive the actions you have available, followed by the action history. 
Your goal is to maximize the total reward across all 10 steps. We are on step 9. 

Task Assignment:
---
You are faced with a 3-armed bandit problem.  Each action corresponds to pulling a specific arm. Each arm is associated with a Gaussian distribution with a fixed but unknown mean. At each time step, you will select a field and receive a reward drawn from the associated distribution. Your goal is to select which arm to pull in order to maximize your reward across all of your turns.
---

Available Actions:
---

- Arm Name: Intermediate Reward - This action has been selected 6 time(s) for an observed mean of -0.5069237588449441

- Arm Name: Highest Reward - This action has been selected 1 time(s) for an observed mean of -0.9284603688539564

- Arm Name: Lowest Reward - This action has been selected 2 time(s) for an observed mean of -0.18235468552290396

---
When selecting an action, include only the name of the action. Do not include the dashes used to indicate the list here.

Please select an action from the list of action options in order to maximize the reward for your task.
When selecting an action, put the exact name of the action between action tags like: <action> action_name </action>.

Your thinking budget is 150 tokens. If you exceed this limit, you will be forced to provide an immediate answer.
Your overall generation limit is 200 tokens.
2026-01-24 14:38:41,860 - src.driver - INFO - GENERATED CONTENT: <action> Lowest Reward</action> 
 PARSED ACTION: Lowest Reward
