2026-01-24 18:31:04,873 - src.driver - INFO - You will be assigned a task. 
You will receive the actions you have available, followed by the action history. 
Your goal is to maximize the total reward across all 10 steps. We are on step 0. 

Task Assignment:
---
You are a farmer who owns 3 fields. Each action corresponds to planting your crop in a different field. Each field is associated with a Gaussian distribution with a fixed but unknown mean. At each time step, you will select a field and receive a reward drawn from the associated distribution. Your goal is to maximize your reward across all of your turns.
---

Available Actions:
---

- Field Name: Rocky Hills - This action has been selected 0 time(s) for an observed mean of Unknown

- Field Name: Arid Desert - This action has been selected 0 time(s) for an observed mean of Unknown

- Field Name: Productive Grassland - This action has been selected 0 time(s) for an observed mean of Unknown

---
When selecting an action, include only the name of the action. Do not include the dashes used to indicate the list here.

Please select an action from the list of action options in order to maximize the reward for your task.
When selecting an action, put the exact name of the action between action tags like: <action> action_name </action>.

Your thinking budget is 150 tokens. If you exceed this limit, you will be forced to provide an immediate answer.
Your overall generation limit is 200 tokens.
2026-01-24 18:31:19,858 - src.driver - INFO - GENERATED CONTENT: <action>  Productive Grassland </action> 
 PARSED ACTION: Productive Grassland
2026-01-24 18:31:19,859 - src.driver - INFO - You will be assigned a task. 
You will receive the actions you have available, followed by the action history. 
Your goal is to maximize the total reward across all 10 steps. We are on step 1. 

Task Assignment:
---
You are a farmer who owns 3 fields. Each action corresponds to planting your crop in a different field. Each field is associated with a Gaussian distribution with a fixed but unknown mean. At each time step, you will select a field and receive a reward drawn from the associated distribution. Your goal is to maximize your reward across all of your turns.
---

Available Actions:
---

- Field Name: Rocky Hills - This action has been selected 0 time(s) for an observed mean of Unknown

- Field Name: Arid Desert - This action has been selected 0 time(s) for an observed mean of Unknown

- Field Name: Productive Grassland - This action has been selected 1 time(s) for an observed mean of 0.2569624130177708

---
When selecting an action, include only the name of the action. Do not include the dashes used to indicate the list here.

Please select an action from the list of action options in order to maximize the reward for your task.
When selecting an action, put the exact name of the action between action tags like: <action> action_name </action>.

Your thinking budget is 150 tokens. If you exceed this limit, you will be forced to provide an immediate answer.
Your overall generation limit is 200 tokens.
2026-01-24 18:31:35,002 - src.driver - INFO - GENERATED CONTENT: <action>  Productive Grassland </action> 
 PARSED ACTION: Productive Grassland
2026-01-24 18:31:35,003 - src.driver - INFO - You will be assigned a task. 
You will receive the actions you have available, followed by the action history. 
Your goal is to maximize the total reward across all 10 steps. We are on step 2. 

Task Assignment:
---
You are a farmer who owns 3 fields. Each action corresponds to planting your crop in a different field. Each field is associated with a Gaussian distribution with a fixed but unknown mean. At each time step, you will select a field and receive a reward drawn from the associated distribution. Your goal is to maximize your reward across all of your turns.
---

Available Actions:
---

- Field Name: Rocky Hills - This action has been selected 0 time(s) for an observed mean of Unknown

- Field Name: Arid Desert - This action has been selected 0 time(s) for an observed mean of Unknown

- Field Name: Productive Grassland - This action has been selected 2 time(s) for an observed mean of 0.2598193409318592

---
When selecting an action, include only the name of the action. Do not include the dashes used to indicate the list here.

Please select an action from the list of action options in order to maximize the reward for your task.
When selecting an action, put the exact name of the action between action tags like: <action> action_name </action>.

Your thinking budget is 150 tokens. If you exceed this limit, you will be forced to provide an immediate answer.
Your overall generation limit is 200 tokens.
2026-01-24 18:31:50,238 - src.driver - INFO - GENERATED CONTENT: <action>  Productive Grassland </action> 
 PARSED ACTION: Productive Grassland
2026-01-24 18:31:50,239 - src.driver - INFO - You will be assigned a task. 
You will receive the actions you have available, followed by the action history. 
Your goal is to maximize the total reward across all 10 steps. We are on step 3. 

Task Assignment:
---
You are a farmer who owns 3 fields. Each action corresponds to planting your crop in a different field. Each field is associated with a Gaussian distribution with a fixed but unknown mean. At each time step, you will select a field and receive a reward drawn from the associated distribution. Your goal is to maximize your reward across all of your turns.
---

Available Actions:
---

- Field Name: Rocky Hills - This action has been selected 0 time(s) for an observed mean of Unknown

- Field Name: Arid Desert - This action has been selected 0 time(s) for an observed mean of Unknown

- Field Name: Productive Grassland - This action has been selected 3 time(s) for an observed mean of 0.25788142470644354

---
When selecting an action, include only the name of the action. Do not include the dashes used to indicate the list here.

Please select an action from the list of action options in order to maximize the reward for your task.
When selecting an action, put the exact name of the action between action tags like: <action> action_name </action>.

Your thinking budget is 150 tokens. If you exceed this limit, you will be forced to provide an immediate answer.
Your overall generation limit is 200 tokens.
2026-01-24 18:32:05,254 - src.driver - INFO - GENERATED CONTENT: <action>  Rocky Hills </action> 
 PARSED ACTION: Rocky Hills
2026-01-24 18:32:05,254 - src.driver - INFO - You will be assigned a task. 
You will receive the actions you have available, followed by the action history. 
Your goal is to maximize the total reward across all 10 steps. We are on step 4. 

Task Assignment:
---
You are a farmer who owns 3 fields. Each action corresponds to planting your crop in a different field. Each field is associated with a Gaussian distribution with a fixed but unknown mean. At each time step, you will select a field and receive a reward drawn from the associated distribution. Your goal is to maximize your reward across all of your turns.
---

Available Actions:
---

- Field Name: Rocky Hills - This action has been selected 1 time(s) for an observed mean of 0.49198164823837437

- Field Name: Arid Desert - This action has been selected 0 time(s) for an observed mean of Unknown

- Field Name: Productive Grassland - This action has been selected 3 time(s) for an observed mean of 0.25788142470644354

---
When selecting an action, include only the name of the action. Do not include the dashes used to indicate the list here.

Please select an action from the list of action options in order to maximize the reward for your task.
When selecting an action, put the exact name of the action between action tags like: <action> action_name </action>.

Your thinking budget is 150 tokens. If you exceed this limit, you will be forced to provide an immediate answer.
Your overall generation limit is 200 tokens.
2026-01-24 18:32:20,398 - src.driver - INFO - GENERATED CONTENT: <action>  Arid Desert </action> 
 PARSED ACTION: Arid Desert
2026-01-24 18:32:20,399 - src.driver - INFO - You will be assigned a task. 
You will receive the actions you have available, followed by the action history. 
Your goal is to maximize the total reward across all 10 steps. We are on step 5. 

Task Assignment:
---
You are a farmer who owns 3 fields. Each action corresponds to planting your crop in a different field. Each field is associated with a Gaussian distribution with a fixed but unknown mean. At each time step, you will select a field and receive a reward drawn from the associated distribution. Your goal is to maximize your reward across all of your turns.
---

Available Actions:
---

- Field Name: Rocky Hills - This action has been selected 1 time(s) for an observed mean of 0.49198164823837437

- Field Name: Arid Desert - This action has been selected 1 time(s) for an observed mean of 0.7348846145252316

- Field Name: Productive Grassland - This action has been selected 3 time(s) for an observed mean of 0.25788142470644354

---
When selecting an action, include only the name of the action. Do not include the dashes used to indicate the list here.

Please select an action from the list of action options in order to maximize the reward for your task.
When selecting an action, put the exact name of the action between action tags like: <action> action_name </action>.

Your thinking budget is 150 tokens. If you exceed this limit, you will be forced to provide an immediate answer.
Your overall generation limit is 200 tokens.
2026-01-24 18:32:35,591 - src.driver - INFO - GENERATED CONTENT: <action>  Arid Desert </action> 
 PARSED ACTION: Arid Desert
2026-01-24 18:32:35,592 - src.driver - INFO - You will be assigned a task. 
You will receive the actions you have available, followed by the action history. 
Your goal is to maximize the total reward across all 10 steps. We are on step 6. 

Task Assignment:
---
You are a farmer who owns 3 fields. Each action corresponds to planting your crop in a different field. Each field is associated with a Gaussian distribution with a fixed but unknown mean. At each time step, you will select a field and receive a reward drawn from the associated distribution. Your goal is to maximize your reward across all of your turns.
---

Available Actions:
---

- Field Name: Rocky Hills - This action has been selected 1 time(s) for an observed mean of 0.49198164823837437

- Field Name: Arid Desert - This action has been selected 2 time(s) for an observed mean of 0.7505806378169262

- Field Name: Productive Grassland - This action has been selected 3 time(s) for an observed mean of 0.25788142470644354

---
When selecting an action, include only the name of the action. Do not include the dashes used to indicate the list here.

Please select an action from the list of action options in order to maximize the reward for your task.
When selecting an action, put the exact name of the action between action tags like: <action> action_name </action>.

Your thinking budget is 150 tokens. If you exceed this limit, you will be forced to provide an immediate answer.
Your overall generation limit is 200 tokens.
2026-01-24 18:32:50,796 - src.driver - INFO - GENERATED CONTENT: <action>  Arid Desert </action> 
 PARSED ACTION: Arid Desert
2026-01-24 18:32:50,797 - src.driver - INFO - You will be assigned a task. 
You will receive the actions you have available, followed by the action history. 
Your goal is to maximize the total reward across all 10 steps. We are on step 7. 

Task Assignment:
---
You are a farmer who owns 3 fields. Each action corresponds to planting your crop in a different field. Each field is associated with a Gaussian distribution with a fixed but unknown mean. At each time step, you will select a field and receive a reward drawn from the associated distribution. Your goal is to maximize your reward across all of your turns.
---

Available Actions:
---

- Field Name: Rocky Hills - This action has been selected 1 time(s) for an observed mean of 0.49198164823837437

- Field Name: Arid Desert - This action has been selected 3 time(s) for an observed mean of 0.7275955367845514

- Field Name: Productive Grassland - This action has been selected 3 time(s) for an observed mean of 0.25788142470644354

---
When selecting an action, include only the name of the action. Do not include the dashes used to indicate the list here.

Please select an action from the list of action options in order to maximize the reward for your task.
When selecting an action, put the exact name of the action between action tags like: <action> action_name </action>.

Your thinking budget is 150 tokens. If you exceed this limit, you will be forced to provide an immediate answer.
Your overall generation limit is 200 tokens.
2026-01-24 18:33:05,989 - src.driver - INFO - GENERATED CONTENT: <action>  Arid Desert </action> 
 PARSED ACTION: Arid Desert
2026-01-24 18:33:05,990 - src.driver - INFO - You will be assigned a task. 
You will receive the actions you have available, followed by the action history. 
Your goal is to maximize the total reward across all 10 steps. We are on step 8. 

Task Assignment:
---
You are a farmer who owns 3 fields. Each action corresponds to planting your crop in a different field. Each field is associated with a Gaussian distribution with a fixed but unknown mean. At each time step, you will select a field and receive a reward drawn from the associated distribution. Your goal is to maximize your reward across all of your turns.
---

Available Actions:
---

- Field Name: Rocky Hills - This action has been selected 1 time(s) for an observed mean of 0.49198164823837437

- Field Name: Arid Desert - This action has been selected 4 time(s) for an observed mean of 0.7244174833273773

- Field Name: Productive Grassland - This action has been selected 3 time(s) for an observed mean of 0.25788142470644354

---
When selecting an action, include only the name of the action. Do not include the dashes used to indicate the list here.

Please select an action from the list of action options in order to maximize the reward for your task.
When selecting an action, put the exact name of the action between action tags like: <action> action_name </action>.

Your thinking budget is 150 tokens. If you exceed this limit, you will be forced to provide an immediate answer.
Your overall generation limit is 200 tokens.
2026-01-24 18:33:21,152 - src.driver - INFO - GENERATED CONTENT: <action>  Arid Desert </action> 
 PARSED ACTION: Arid Desert
2026-01-24 18:33:21,154 - src.driver - INFO - You will be assigned a task. 
You will receive the actions you have available, followed by the action history. 
Your goal is to maximize the total reward across all 10 steps. We are on step 9. 

Task Assignment:
---
You are a farmer who owns 3 fields. Each action corresponds to planting your crop in a different field. Each field is associated with a Gaussian distribution with a fixed but unknown mean. At each time step, you will select a field and receive a reward drawn from the associated distribution. Your goal is to maximize your reward across all of your turns.
---

Available Actions:
---

- Field Name: Rocky Hills - This action has been selected 1 time(s) for an observed mean of 0.49198164823837437

- Field Name: Arid Desert - This action has been selected 5 time(s) for an observed mean of 0.7293864833000053

- Field Name: Productive Grassland - This action has been selected 3 time(s) for an observed mean of 0.25788142470644354

---
When selecting an action, include only the name of the action. Do not include the dashes used to indicate the list here.

Please select an action from the list of action options in order to maximize the reward for your task.
When selecting an action, put the exact name of the action between action tags like: <action> action_name </action>.

Your thinking budget is 150 tokens. If you exceed this limit, you will be forced to provide an immediate answer.
Your overall generation limit is 200 tokens.
2026-01-24 18:33:36,366 - src.driver - INFO - GENERATED CONTENT: <action>  Arid Desert </action> 
 PARSED ACTION: Arid Desert
2026-01-24 18:33:36,383 - src.driver - INFO - You will be assigned a task. 
You will receive the actions you have available, followed by the action history. 
Your goal is to maximize the total reward across all 10 steps. We are on step 0. 

Task Assignment:
---
You are a farmer who owns 3 fields. Each action corresponds to planting your crop in a different field. Each field is associated with a Gaussian distribution with a fixed but unknown mean. At each time step, you will select a field and receive a reward drawn from the associated distribution. Your goal is to maximize your reward across all of your turns.
---

Available Actions:
---

- Field Name: Rocky Hills - This action has been selected 0 time(s) for an observed mean of Unknown

- Field Name: Productive Grassland - This action has been selected 0 time(s) for an observed mean of Unknown

- Field Name: Arid Desert - This action has been selected 0 time(s) for an observed mean of Unknown

---
When selecting an action, include only the name of the action. Do not include the dashes used to indicate the list here.

Please select an action from the list of action options in order to maximize the reward for your task.
When selecting an action, put the exact name of the action between action tags like: <action> action_name </action>.

Your thinking budget is 150 tokens. If you exceed this limit, you will be forced to provide an immediate answer.
Your overall generation limit is 200 tokens.
2026-01-24 18:33:51,176 - src.driver - INFO - GENERATED CONTENT: <action>  Rocky Hills </action> 
 PARSED ACTION: Rocky Hills
2026-01-24 18:33:51,176 - src.driver - INFO - You will be assigned a task. 
You will receive the actions you have available, followed by the action history. 
Your goal is to maximize the total reward across all 10 steps. We are on step 1. 

Task Assignment:
---
You are a farmer who owns 3 fields. Each action corresponds to planting your crop in a different field. Each field is associated with a Gaussian distribution with a fixed but unknown mean. At each time step, you will select a field and receive a reward drawn from the associated distribution. Your goal is to maximize your reward across all of your turns.
---

Available Actions:
---

- Field Name: Rocky Hills - This action has been selected 1 time(s) for an observed mean of 0.5073501368023445

- Field Name: Productive Grassland - This action has been selected 0 time(s) for an observed mean of Unknown

- Field Name: Arid Desert - This action has been selected 0 time(s) for an observed mean of Unknown

---
When selecting an action, include only the name of the action. Do not include the dashes used to indicate the list here.

Please select an action from the list of action options in order to maximize the reward for your task.
When selecting an action, put the exact name of the action between action tags like: <action> action_name </action>.

Your thinking budget is 150 tokens. If you exceed this limit, you will be forced to provide an immediate answer.
Your overall generation limit is 200 tokens.
2026-01-24 18:34:06,314 - src.driver - INFO - GENERATED CONTENT: <action>  Productive Grassland </action> 
 PARSED ACTION: Productive Grassland
2026-01-24 18:34:06,315 - src.driver - INFO - You will be assigned a task. 
You will receive the actions you have available, followed by the action history. 
Your goal is to maximize the total reward across all 10 steps. We are on step 2. 

Task Assignment:
---
You are a farmer who owns 3 fields. Each action corresponds to planting your crop in a different field. Each field is associated with a Gaussian distribution with a fixed but unknown mean. At each time step, you will select a field and receive a reward drawn from the associated distribution. Your goal is to maximize your reward across all of your turns.
---

Available Actions:
---

- Field Name: Rocky Hills - This action has been selected 1 time(s) for an observed mean of 0.5073501368023445

- Field Name: Productive Grassland - This action has been selected 1 time(s) for an observed mean of 0.18351998445003115

- Field Name: Arid Desert - This action has been selected 0 time(s) for an observed mean of Unknown

---
When selecting an action, include only the name of the action. Do not include the dashes used to indicate the list here.

Please select an action from the list of action options in order to maximize the reward for your task.
When selecting an action, put the exact name of the action between action tags like: <action> action_name </action>.

Your thinking budget is 150 tokens. If you exceed this limit, you will be forced to provide an immediate answer.
Your overall generation limit is 200 tokens.
2026-01-24 18:34:21,471 - src.driver - INFO - GENERATED CONTENT: <action>  Arid Desert </action> 
 PARSED ACTION: Arid Desert
2026-01-24 18:34:21,472 - src.driver - INFO - You will be assigned a task. 
You will receive the actions you have available, followed by the action history. 
Your goal is to maximize the total reward across all 10 steps. We are on step 3. 

Task Assignment:
---
You are a farmer who owns 3 fields. Each action corresponds to planting your crop in a different field. Each field is associated with a Gaussian distribution with a fixed but unknown mean. At each time step, you will select a field and receive a reward drawn from the associated distribution. Your goal is to maximize your reward across all of your turns.
---

Available Actions:
---

- Field Name: Rocky Hills - This action has been selected 1 time(s) for an observed mean of 0.5073501368023445

- Field Name: Productive Grassland - This action has been selected 1 time(s) for an observed mean of 0.18351998445003115

- Field Name: Arid Desert - This action has been selected 1 time(s) for an observed mean of 0.7148479112056022

---
When selecting an action, include only the name of the action. Do not include the dashes used to indicate the list here.

Please select an action from the list of action options in order to maximize the reward for your task.
When selecting an action, put the exact name of the action between action tags like: <action> action_name </action>.

Your thinking budget is 150 tokens. If you exceed this limit, you will be forced to provide an immediate answer.
Your overall generation limit is 200 tokens.
2026-01-24 18:34:36,621 - src.driver - INFO - GENERATED CONTENT: <action>  Arid Desert </action> 
 PARSED ACTION: Arid Desert
2026-01-24 18:34:36,621 - src.driver - INFO - You will be assigned a task. 
You will receive the actions you have available, followed by the action history. 
Your goal is to maximize the total reward across all 10 steps. We are on step 4. 

Task Assignment:
---
You are a farmer who owns 3 fields. Each action corresponds to planting your crop in a different field. Each field is associated with a Gaussian distribution with a fixed but unknown mean. At each time step, you will select a field and receive a reward drawn from the associated distribution. Your goal is to maximize your reward across all of your turns.
---

Available Actions:
---

- Field Name: Rocky Hills - This action has been selected 1 time(s) for an observed mean of 0.5073501368023445

- Field Name: Productive Grassland - This action has been selected 1 time(s) for an observed mean of 0.18351998445003115

- Field Name: Arid Desert - This action has been selected 2 time(s) for an observed mean of 0.7614179850817291

---
When selecting an action, include only the name of the action. Do not include the dashes used to indicate the list here.

Please select an action from the list of action options in order to maximize the reward for your task.
When selecting an action, put the exact name of the action between action tags like: <action> action_name </action>.

Your thinking budget is 150 tokens. If you exceed this limit, you will be forced to provide an immediate answer.
Your overall generation limit is 200 tokens.
2026-01-24 18:34:51,828 - src.driver - INFO - GENERATED CONTENT: <action>  Arid Desert </action> 
 PARSED ACTION: Arid Desert
2026-01-24 18:34:51,828 - src.driver - INFO - You will be assigned a task. 
You will receive the actions you have available, followed by the action history. 
Your goal is to maximize the total reward across all 10 steps. We are on step 5. 

Task Assignment:
---
You are a farmer who owns 3 fields. Each action corresponds to planting your crop in a different field. Each field is associated with a Gaussian distribution with a fixed but unknown mean. At each time step, you will select a field and receive a reward drawn from the associated distribution. Your goal is to maximize your reward across all of your turns.
---

Available Actions:
---

- Field Name: Rocky Hills - This action has been selected 1 time(s) for an observed mean of 0.5073501368023445

- Field Name: Productive Grassland - This action has been selected 1 time(s) for an observed mean of 0.18351998445003115

- Field Name: Arid Desert - This action has been selected 3 time(s) for an observed mean of 0.7830033386466976

---
When selecting an action, include only the name of the action. Do not include the dashes used to indicate the list here.

Please select an action from the list of action options in order to maximize the reward for your task.
When selecting an action, put the exact name of the action between action tags like: <action> action_name </action>.

Your thinking budget is 150 tokens. If you exceed this limit, you will be forced to provide an immediate answer.
Your overall generation limit is 200 tokens.
2026-01-24 18:35:07,003 - src.driver - INFO - GENERATED CONTENT: <action>  Arid Desert </action> 
 PARSED ACTION: Arid Desert
2026-01-24 18:35:07,004 - src.driver - INFO - You will be assigned a task. 
You will receive the actions you have available, followed by the action history. 
Your goal is to maximize the total reward across all 10 steps. We are on step 6. 

Task Assignment:
---
You are a farmer who owns 3 fields. Each action corresponds to planting your crop in a different field. Each field is associated with a Gaussian distribution with a fixed but unknown mean. At each time step, you will select a field and receive a reward drawn from the associated distribution. Your goal is to maximize your reward across all of your turns.
---

Available Actions:
---

- Field Name: Rocky Hills - This action has been selected 1 time(s) for an observed mean of 0.5073501368023445

- Field Name: Productive Grassland - This action has been selected 1 time(s) for an observed mean of 0.18351998445003115

- Field Name: Arid Desert - This action has been selected 4 time(s) for an observed mean of 0.7606879447071803

---
When selecting an action, include only the name of the action. Do not include the dashes used to indicate the list here.

Please select an action from the list of action options in order to maximize the reward for your task.
When selecting an action, put the exact name of the action between action tags like: <action> action_name </action>.

Your thinking budget is 150 tokens. If you exceed this limit, you will be forced to provide an immediate answer.
Your overall generation limit is 200 tokens.
2026-01-24 18:35:22,209 - src.driver - INFO - GENERATED CONTENT: <action>  Arid Desert </action> 
 PARSED ACTION: Arid Desert
2026-01-24 18:35:22,210 - src.driver - INFO - You will be assigned a task. 
You will receive the actions you have available, followed by the action history. 
Your goal is to maximize the total reward across all 10 steps. We are on step 7. 

Task Assignment:
---
You are a farmer who owns 3 fields. Each action corresponds to planting your crop in a different field. Each field is associated with a Gaussian distribution with a fixed but unknown mean. At each time step, you will select a field and receive a reward drawn from the associated distribution. Your goal is to maximize your reward across all of your turns.
---

Available Actions:
---

- Field Name: Rocky Hills - This action has been selected 1 time(s) for an observed mean of 0.5073501368023445

- Field Name: Productive Grassland - This action has been selected 1 time(s) for an observed mean of 0.18351998445003115

- Field Name: Arid Desert - This action has been selected 5 time(s) for an observed mean of 0.7582457129783331

---
When selecting an action, include only the name of the action. Do not include the dashes used to indicate the list here.

Please select an action from the list of action options in order to maximize the reward for your task.
When selecting an action, put the exact name of the action between action tags like: <action> action_name </action>.

Your thinking budget is 150 tokens. If you exceed this limit, you will be forced to provide an immediate answer.
Your overall generation limit is 200 tokens.
2026-01-24 18:35:37,390 - src.driver - INFO - GENERATED CONTENT: <action>  Arid Desert </action> 
 PARSED ACTION: Arid Desert
2026-01-24 18:35:37,391 - src.driver - INFO - You will be assigned a task. 
You will receive the actions you have available, followed by the action history. 
Your goal is to maximize the total reward across all 10 steps. We are on step 8. 

Task Assignment:
---
You are a farmer who owns 3 fields. Each action corresponds to planting your crop in a different field. Each field is associated with a Gaussian distribution with a fixed but unknown mean. At each time step, you will select a field and receive a reward drawn from the associated distribution. Your goal is to maximize your reward across all of your turns.
---

Available Actions:
---

- Field Name: Rocky Hills - This action has been selected 1 time(s) for an observed mean of 0.5073501368023445

- Field Name: Productive Grassland - This action has been selected 1 time(s) for an observed mean of 0.18351998445003115

- Field Name: Arid Desert - This action has been selected 6 time(s) for an observed mean of 0.7529704417573165

---
When selecting an action, include only the name of the action. Do not include the dashes used to indicate the list here.

Please select an action from the list of action options in order to maximize the reward for your task.
When selecting an action, put the exact name of the action between action tags like: <action> action_name </action>.

Your thinking budget is 150 tokens. If you exceed this limit, you will be forced to provide an immediate answer.
Your overall generation limit is 200 tokens.
2026-01-24 18:35:52,549 - src.driver - INFO - GENERATED CONTENT: <action>  Arid Desert </action> 
 PARSED ACTION: Arid Desert
2026-01-24 18:35:52,550 - src.driver - INFO - You will be assigned a task. 
You will receive the actions you have available, followed by the action history. 
Your goal is to maximize the total reward across all 10 steps. We are on step 9. 

Task Assignment:
---
You are a farmer who owns 3 fields. Each action corresponds to planting your crop in a different field. Each field is associated with a Gaussian distribution with a fixed but unknown mean. At each time step, you will select a field and receive a reward drawn from the associated distribution. Your goal is to maximize your reward across all of your turns.
---

Available Actions:
---

- Field Name: Rocky Hills - This action has been selected 1 time(s) for an observed mean of 0.5073501368023445

- Field Name: Productive Grassland - This action has been selected 1 time(s) for an observed mean of 0.18351998445003115

- Field Name: Arid Desert - This action has been selected 7 time(s) for an observed mean of 0.7507038623966482

---
When selecting an action, include only the name of the action. Do not include the dashes used to indicate the list here.

Please select an action from the list of action options in order to maximize the reward for your task.
When selecting an action, put the exact name of the action between action tags like: <action> action_name </action>.

Your thinking budget is 150 tokens. If you exceed this limit, you will be forced to provide an immediate answer.
Your overall generation limit is 200 tokens.
2026-01-24 18:36:07,766 - src.driver - INFO - GENERATED CONTENT: <action>  Arid Desert </action> 
 PARSED ACTION: Arid Desert
