2026-01-24 14:56:52,541 - src.driver - INFO - You will be assigned a task. 
You will receive the actions you have available, followed by the action history. 
Your goal is to maximize the total reward across all 10 steps. We are on step 0. 

Task Assignment:
---
You are faced with a 3-armed bandit problem.  Each action corresponds to pulling a specific arm. Each arm is associated with a Gaussian distribution with a fixed but unknown mean. At each time step, you will select a field and receive a reward drawn from the associated distribution. Your goal is to select which arm to pull in order to maximize your reward across all of your turns.
---

Available Actions:
---

- Arm Name: f6ecm6 - This action has been selected 0 time(s) for an observed mean of Unknown

- Arm Name: 43h3es - This action has been selected 0 time(s) for an observed mean of Unknown

- Arm Name: 0xk6bg - This action has been selected 0 time(s) for an observed mean of Unknown

---
When selecting an action, include only the name of the action. Do not include the dashes used to indicate the list here.

Please select an action from the list of action options in order to maximize the reward for your task.
When selecting an action, put the exact name of the action between action tags like: <action> action_name </action>.

Your thinking budget is 150 tokens. If you exceed this limit, you will be forced to provide an immediate answer.
Your overall generation limit is 200 tokens.
2026-01-24 14:57:07,771 - src.driver - INFO - GENERATED CONTENT: <action>  f6ecm6 </action> 
 PARSED ACTION: f6ecm6
2026-01-24 14:57:07,772 - src.driver - INFO - You will be assigned a task. 
You will receive the actions you have available, followed by the action history. 
Your goal is to maximize the total reward across all 10 steps. We are on step 1. 

Task Assignment:
---
You are faced with a 3-armed bandit problem.  Each action corresponds to pulling a specific arm. Each arm is associated with a Gaussian distribution with a fixed but unknown mean. At each time step, you will select a field and receive a reward drawn from the associated distribution. Your goal is to select which arm to pull in order to maximize your reward across all of your turns.
---

Available Actions:
---

- Arm Name: f6ecm6 - This action has been selected 1 time(s) for an observed mean of 78.0678671701525

- Arm Name: 43h3es - This action has been selected 0 time(s) for an observed mean of Unknown

- Arm Name: 0xk6bg - This action has been selected 0 time(s) for an observed mean of Unknown

---
When selecting an action, include only the name of the action. Do not include the dashes used to indicate the list here.

Please select an action from the list of action options in order to maximize the reward for your task.
When selecting an action, put the exact name of the action between action tags like: <action> action_name </action>.

Your thinking budget is 150 tokens. If you exceed this limit, you will be forced to provide an immediate answer.
Your overall generation limit is 200 tokens.
2026-01-24 14:57:22,962 - src.driver - INFO - GENERATED CONTENT: <action>  f6ecm6 </action> 
 PARSED ACTION: f6ecm6
2026-01-24 14:57:22,963 - src.driver - INFO - You will be assigned a task. 
You will receive the actions you have available, followed by the action history. 
Your goal is to maximize the total reward across all 10 steps. We are on step 2. 

Task Assignment:
---
You are faced with a 3-armed bandit problem.  Each action corresponds to pulling a specific arm. Each arm is associated with a Gaussian distribution with a fixed but unknown mean. At each time step, you will select a field and receive a reward drawn from the associated distribution. Your goal is to select which arm to pull in order to maximize your reward across all of your turns.
---

Available Actions:
---

- Arm Name: f6ecm6 - This action has been selected 2 time(s) for an observed mean of 75.65182677537743

- Arm Name: 43h3es - This action has been selected 0 time(s) for an observed mean of Unknown

- Arm Name: 0xk6bg - This action has been selected 0 time(s) for an observed mean of Unknown

---
When selecting an action, include only the name of the action. Do not include the dashes used to indicate the list here.

Please select an action from the list of action options in order to maximize the reward for your task.
When selecting an action, put the exact name of the action between action tags like: <action> action_name </action>.

Your thinking budget is 150 tokens. If you exceed this limit, you will be forced to provide an immediate answer.
Your overall generation limit is 200 tokens.
2026-01-24 14:57:38,198 - src.driver - INFO - GENERATED CONTENT: <action>  f6ecm6 </action> 
 PARSED ACTION: f6ecm6
2026-01-24 14:57:38,199 - src.driver - INFO - You will be assigned a task. 
You will receive the actions you have available, followed by the action history. 
Your goal is to maximize the total reward across all 10 steps. We are on step 3. 

Task Assignment:
---
You are faced with a 3-armed bandit problem.  Each action corresponds to pulling a specific arm. Each arm is associated with a Gaussian distribution with a fixed but unknown mean. At each time step, you will select a field and receive a reward drawn from the associated distribution. Your goal is to select which arm to pull in order to maximize your reward across all of your turns.
---

Available Actions:
---

- Arm Name: f6ecm6 - This action has been selected 3 time(s) for an observed mean of 78.59145276280832

- Arm Name: 43h3es - This action has been selected 0 time(s) for an observed mean of Unknown

- Arm Name: 0xk6bg - This action has been selected 0 time(s) for an observed mean of Unknown

---
When selecting an action, include only the name of the action. Do not include the dashes used to indicate the list here.

Please select an action from the list of action options in order to maximize the reward for your task.
When selecting an action, put the exact name of the action between action tags like: <action> action_name </action>.

Your thinking budget is 150 tokens. If you exceed this limit, you will be forced to provide an immediate answer.
Your overall generation limit is 200 tokens.
2026-01-24 14:57:53,522 - src.driver - INFO - GENERATED CONTENT: <action>  43h3es </action> 
 PARSED ACTION: 43h3es
2026-01-24 14:57:53,523 - src.driver - INFO - You will be assigned a task. 
You will receive the actions you have available, followed by the action history. 
Your goal is to maximize the total reward across all 10 steps. We are on step 4. 

Task Assignment:
---
You are faced with a 3-armed bandit problem.  Each action corresponds to pulling a specific arm. Each arm is associated with a Gaussian distribution with a fixed but unknown mean. At each time step, you will select a field and receive a reward drawn from the associated distribution. Your goal is to select which arm to pull in order to maximize your reward across all of your turns.
---

Available Actions:
---

- Arm Name: f6ecm6 - This action has been selected 3 time(s) for an observed mean of 78.59145276280832

- Arm Name: 43h3es - This action has been selected 1 time(s) for an observed mean of 24.164180817108694

- Arm Name: 0xk6bg - This action has been selected 0 time(s) for an observed mean of Unknown

---
When selecting an action, include only the name of the action. Do not include the dashes used to indicate the list here.

Please select an action from the list of action options in order to maximize the reward for your task.
When selecting an action, put the exact name of the action between action tags like: <action> action_name </action>.

Your thinking budget is 150 tokens. If you exceed this limit, you will be forced to provide an immediate answer.
Your overall generation limit is 200 tokens.
2026-01-24 14:58:08,920 - src.driver - INFO - GENERATED CONTENT: <action>  0xk6bg </action> 
 PARSED ACTION: 0xk6bg
2026-01-24 14:58:08,921 - src.driver - INFO - You will be assigned a task. 
You will receive the actions you have available, followed by the action history. 
Your goal is to maximize the total reward across all 10 steps. We are on step 5. 

Task Assignment:
---
You are faced with a 3-armed bandit problem.  Each action corresponds to pulling a specific arm. Each arm is associated with a Gaussian distribution with a fixed but unknown mean. At each time step, you will select a field and receive a reward drawn from the associated distribution. Your goal is to select which arm to pull in order to maximize your reward across all of your turns.
---

Available Actions:
---

- Arm Name: f6ecm6 - This action has been selected 3 time(s) for an observed mean of 78.59145276280832

- Arm Name: 43h3es - This action has been selected 1 time(s) for an observed mean of 24.164180817108694

- Arm Name: 0xk6bg - This action has been selected 1 time(s) for an observed mean of 49.066457183016766

---
When selecting an action, include only the name of the action. Do not include the dashes used to indicate the list here.

Please select an action from the list of action options in order to maximize the reward for your task.
When selecting an action, put the exact name of the action between action tags like: <action> action_name </action>.

Your thinking budget is 150 tokens. If you exceed this limit, you will be forced to provide an immediate answer.
Your overall generation limit is 200 tokens.
2026-01-24 14:58:24,464 - src.driver - INFO - GENERATED CONTENT: <action>  f6ecm6 </action> 
 PARSED ACTION: f6ecm6
2026-01-24 14:58:24,464 - src.driver - INFO - You will be assigned a task. 
You will receive the actions you have available, followed by the action history. 
Your goal is to maximize the total reward across all 10 steps. We are on step 6. 

Task Assignment:
---
You are faced with a 3-armed bandit problem.  Each action corresponds to pulling a specific arm. Each arm is associated with a Gaussian distribution with a fixed but unknown mean. At each time step, you will select a field and receive a reward drawn from the associated distribution. Your goal is to select which arm to pull in order to maximize your reward across all of your turns.
---

Available Actions:
---

- Arm Name: f6ecm6 - This action has been selected 4 time(s) for an observed mean of 79.1196449854191

- Arm Name: 43h3es - This action has been selected 1 time(s) for an observed mean of 24.164180817108694

- Arm Name: 0xk6bg - This action has been selected 1 time(s) for an observed mean of 49.066457183016766

---
When selecting an action, include only the name of the action. Do not include the dashes used to indicate the list here.

Please select an action from the list of action options in order to maximize the reward for your task.
When selecting an action, put the exact name of the action between action tags like: <action> action_name </action>.

Your thinking budget is 150 tokens. If you exceed this limit, you will be forced to provide an immediate answer.
Your overall generation limit is 200 tokens.
2026-01-24 14:58:40,042 - src.driver - INFO - GENERATED CONTENT: <action>  f6ecm6 </action> 
 PARSED ACTION: f6ecm6
2026-01-24 14:58:40,043 - src.driver - INFO - You will be assigned a task. 
You will receive the actions you have available, followed by the action history. 
Your goal is to maximize the total reward across all 10 steps. We are on step 7. 

Task Assignment:
---
You are faced with a 3-armed bandit problem.  Each action corresponds to pulling a specific arm. Each arm is associated with a Gaussian distribution with a fixed but unknown mean. At each time step, you will select a field and receive a reward drawn from the associated distribution. Your goal is to select which arm to pull in order to maximize your reward across all of your turns.
---

Available Actions:
---

- Arm Name: f6ecm6 - This action has been selected 5 time(s) for an observed mean of 79.66446716138037

- Arm Name: 43h3es - This action has been selected 1 time(s) for an observed mean of 24.164180817108694

- Arm Name: 0xk6bg - This action has been selected 1 time(s) for an observed mean of 49.066457183016766

---
When selecting an action, include only the name of the action. Do not include the dashes used to indicate the list here.

Please select an action from the list of action options in order to maximize the reward for your task.
When selecting an action, put the exact name of the action between action tags like: <action> action_name </action>.

Your thinking budget is 150 tokens. If you exceed this limit, you will be forced to provide an immediate answer.
Your overall generation limit is 200 tokens.
2026-01-24 14:58:55,605 - src.driver - INFO - GENERATED CONTENT: <action>  f6ecm6 </action> 
 PARSED ACTION: f6ecm6
2026-01-24 14:58:55,606 - src.driver - INFO - You will be assigned a task. 
You will receive the actions you have available, followed by the action history. 
Your goal is to maximize the total reward across all 10 steps. We are on step 8. 

Task Assignment:
---
You are faced with a 3-armed bandit problem.  Each action corresponds to pulling a specific arm. Each arm is associated with a Gaussian distribution with a fixed but unknown mean. At each time step, you will select a field and receive a reward drawn from the associated distribution. Your goal is to select which arm to pull in order to maximize your reward across all of your turns.
---

Available Actions:
---

- Arm Name: f6ecm6 - This action has been selected 6 time(s) for an observed mean of 78.22776953116716

- Arm Name: 43h3es - This action has been selected 1 time(s) for an observed mean of 24.164180817108694

- Arm Name: 0xk6bg - This action has been selected 1 time(s) for an observed mean of 49.066457183016766

---
When selecting an action, include only the name of the action. Do not include the dashes used to indicate the list here.

Please select an action from the list of action options in order to maximize the reward for your task.
When selecting an action, put the exact name of the action between action tags like: <action> action_name </action>.

Your thinking budget is 150 tokens. If you exceed this limit, you will be forced to provide an immediate answer.
Your overall generation limit is 200 tokens.
2026-01-24 14:59:11,176 - src.driver - INFO - GENERATED CONTENT: <action>  f6ecm6 </action> 
 PARSED ACTION: f6ecm6
2026-01-24 14:59:11,177 - src.driver - INFO - You will be assigned a task. 
You will receive the actions you have available, followed by the action history. 
Your goal is to maximize the total reward across all 10 steps. We are on step 9. 

Task Assignment:
---
You are faced with a 3-armed bandit problem.  Each action corresponds to pulling a specific arm. Each arm is associated with a Gaussian distribution with a fixed but unknown mean. At each time step, you will select a field and receive a reward drawn from the associated distribution. Your goal is to select which arm to pull in order to maximize your reward across all of your turns.
---

Available Actions:
---

- Arm Name: f6ecm6 - This action has been selected 7 time(s) for an observed mean of 78.46475746492692

- Arm Name: 43h3es - This action has been selected 1 time(s) for an observed mean of 24.164180817108694

- Arm Name: 0xk6bg - This action has been selected 1 time(s) for an observed mean of 49.066457183016766

---
When selecting an action, include only the name of the action. Do not include the dashes used to indicate the list here.

Please select an action from the list of action options in order to maximize the reward for your task.
When selecting an action, put the exact name of the action between action tags like: <action> action_name </action>.

Your thinking budget is 150 tokens. If you exceed this limit, you will be forced to provide an immediate answer.
Your overall generation limit is 200 tokens.
2026-01-24 14:59:26,719 - src.driver - INFO - GENERATED CONTENT: <action>  f6ecm6 </action> 
 PARSED ACTION: f6ecm6
2026-01-24 14:59:26,735 - src.driver - INFO - You will be assigned a task. 
You will receive the actions you have available, followed by the action history. 
Your goal is to maximize the total reward across all 10 steps. We are on step 0. 

Task Assignment:
---
You are faced with a 3-armed bandit problem.  Each action corresponds to pulling a specific arm. Each arm is associated with a Gaussian distribution with a fixed but unknown mean. At each time step, you will select a field and receive a reward drawn from the associated distribution. Your goal is to select which arm to pull in order to maximize your reward across all of your turns.
---

Available Actions:
---

- Arm Name: 8rwvet - This action has been selected 0 time(s) for an observed mean of Unknown

- Arm Name: 0xk6bg - This action has been selected 0 time(s) for an observed mean of Unknown

- Arm Name: 88pdak - This action has been selected 0 time(s) for an observed mean of Unknown

---
When selecting an action, include only the name of the action. Do not include the dashes used to indicate the list here.

Please select an action from the list of action options in order to maximize the reward for your task.
When selecting an action, put the exact name of the action between action tags like: <action> action_name </action>.

Your thinking budget is 150 tokens. If you exceed this limit, you will be forced to provide an immediate answer.
Your overall generation limit is 200 tokens.
2026-01-24 14:59:41,913 - src.driver - INFO - GENERATED CONTENT: <action>  8rwvet </action> 
 PARSED ACTION: 8rwvet
2026-01-24 14:59:41,913 - src.driver - INFO - You will be assigned a task. 
You will receive the actions you have available, followed by the action history. 
Your goal is to maximize the total reward across all 10 steps. We are on step 1. 

Task Assignment:
---
You are faced with a 3-armed bandit problem.  Each action corresponds to pulling a specific arm. Each arm is associated with a Gaussian distribution with a fixed but unknown mean. At each time step, you will select a field and receive a reward drawn from the associated distribution. Your goal is to select which arm to pull in order to maximize your reward across all of your turns.
---

Available Actions:
---

- Arm Name: 8rwvet - This action has been selected 1 time(s) for an observed mean of 20.251130907747168

- Arm Name: 0xk6bg - This action has been selected 0 time(s) for an observed mean of Unknown

- Arm Name: 88pdak - This action has been selected 0 time(s) for an observed mean of Unknown

---
When selecting an action, include only the name of the action. Do not include the dashes used to indicate the list here.

Please select an action from the list of action options in order to maximize the reward for your task.
When selecting an action, put the exact name of the action between action tags like: <action> action_name </action>.

Your thinking budget is 150 tokens. If you exceed this limit, you will be forced to provide an immediate answer.
Your overall generation limit is 200 tokens.
2026-01-24 14:59:57,022 - src.driver - INFO - GENERATED CONTENT: <action>  8rwvet </action> 
 PARSED ACTION: 8rwvet
2026-01-24 14:59:57,023 - src.driver - INFO - You will be assigned a task. 
You will receive the actions you have available, followed by the action history. 
Your goal is to maximize the total reward across all 10 steps. We are on step 2. 

Task Assignment:
---
You are faced with a 3-armed bandit problem.  Each action corresponds to pulling a specific arm. Each arm is associated with a Gaussian distribution with a fixed but unknown mean. At each time step, you will select a field and receive a reward drawn from the associated distribution. Your goal is to select which arm to pull in order to maximize your reward across all of your turns.
---

Available Actions:
---

- Arm Name: 8rwvet - This action has been selected 2 time(s) for an observed mean of 20.14844611689008

- Arm Name: 0xk6bg - This action has been selected 0 time(s) for an observed mean of Unknown

- Arm Name: 88pdak - This action has been selected 0 time(s) for an observed mean of Unknown

---
When selecting an action, include only the name of the action. Do not include the dashes used to indicate the list here.

Please select an action from the list of action options in order to maximize the reward for your task.
When selecting an action, put the exact name of the action between action tags like: <action> action_name </action>.

Your thinking budget is 150 tokens. If you exceed this limit, you will be forced to provide an immediate answer.
Your overall generation limit is 200 tokens.
2026-01-24 15:00:12,197 - src.driver - INFO - GENERATED CONTENT: <action>  8rwvet </action> 
 PARSED ACTION: 8rwvet
2026-01-24 15:00:12,198 - src.driver - INFO - You will be assigned a task. 
You will receive the actions you have available, followed by the action history. 
Your goal is to maximize the total reward across all 10 steps. We are on step 3. 

Task Assignment:
---
You are faced with a 3-armed bandit problem.  Each action corresponds to pulling a specific arm. Each arm is associated with a Gaussian distribution with a fixed but unknown mean. At each time step, you will select a field and receive a reward drawn from the associated distribution. Your goal is to select which arm to pull in order to maximize your reward across all of your turns.
---

Available Actions:
---

- Arm Name: 8rwvet - This action has been selected 3 time(s) for an observed mean of 20.626756536150125

- Arm Name: 0xk6bg - This action has been selected 0 time(s) for an observed mean of Unknown

- Arm Name: 88pdak - This action has been selected 0 time(s) for an observed mean of Unknown

---
When selecting an action, include only the name of the action. Do not include the dashes used to indicate the list here.

Please select an action from the list of action options in order to maximize the reward for your task.
When selecting an action, put the exact name of the action between action tags like: <action> action_name </action>.

Your thinking budget is 150 tokens. If you exceed this limit, you will be forced to provide an immediate answer.
Your overall generation limit is 200 tokens.
2026-01-24 15:00:27,352 - src.driver - INFO - GENERATED CONTENT: <action>  8rwvet </action> 
 PARSED ACTION: 8rwvet
2026-01-24 15:00:27,353 - src.driver - INFO - You will be assigned a task. 
You will receive the actions you have available, followed by the action history. 
Your goal is to maximize the total reward across all 10 steps. We are on step 4. 

Task Assignment:
---
You are faced with a 3-armed bandit problem.  Each action corresponds to pulling a specific arm. Each arm is associated with a Gaussian distribution with a fixed but unknown mean. At each time step, you will select a field and receive a reward drawn from the associated distribution. Your goal is to select which arm to pull in order to maximize your reward across all of your turns.
---

Available Actions:
---

- Arm Name: 8rwvet - This action has been selected 4 time(s) for an observed mean of 26.518801104355276

- Arm Name: 0xk6bg - This action has been selected 0 time(s) for an observed mean of Unknown

- Arm Name: 88pdak - This action has been selected 0 time(s) for an observed mean of Unknown

---
When selecting an action, include only the name of the action. Do not include the dashes used to indicate the list here.

Please select an action from the list of action options in order to maximize the reward for your task.
When selecting an action, put the exact name of the action between action tags like: <action> action_name </action>.

Your thinking budget is 150 tokens. If you exceed this limit, you will be forced to provide an immediate answer.
Your overall generation limit is 200 tokens.
2026-01-24 15:00:42,481 - src.driver - INFO - GENERATED CONTENT: <action>  8rwvet </action> 
 PARSED ACTION: 8rwvet
2026-01-24 15:00:42,481 - src.driver - INFO - You will be assigned a task. 
You will receive the actions you have available, followed by the action history. 
Your goal is to maximize the total reward across all 10 steps. We are on step 5. 

Task Assignment:
---
You are faced with a 3-armed bandit problem.  Each action corresponds to pulling a specific arm. Each arm is associated with a Gaussian distribution with a fixed but unknown mean. At each time step, you will select a field and receive a reward drawn from the associated distribution. Your goal is to select which arm to pull in order to maximize your reward across all of your turns.
---

Available Actions:
---

- Arm Name: 8rwvet - This action has been selected 5 time(s) for an observed mean of 26.966389836510835

- Arm Name: 0xk6bg - This action has been selected 0 time(s) for an observed mean of Unknown

- Arm Name: 88pdak - This action has been selected 0 time(s) for an observed mean of Unknown

---
When selecting an action, include only the name of the action. Do not include the dashes used to indicate the list here.

Please select an action from the list of action options in order to maximize the reward for your task.
When selecting an action, put the exact name of the action between action tags like: <action> action_name </action>.

Your thinking budget is 150 tokens. If you exceed this limit, you will be forced to provide an immediate answer.
Your overall generation limit is 200 tokens.
2026-01-24 15:00:57,588 - src.driver - INFO - GENERATED CONTENT: <action>  8rwvet </action> 
 PARSED ACTION: 8rwvet
2026-01-24 15:00:57,589 - src.driver - INFO - You will be assigned a task. 
You will receive the actions you have available, followed by the action history. 
Your goal is to maximize the total reward across all 10 steps. We are on step 6. 

Task Assignment:
---
You are faced with a 3-armed bandit problem.  Each action corresponds to pulling a specific arm. Each arm is associated with a Gaussian distribution with a fixed but unknown mean. At each time step, you will select a field and receive a reward drawn from the associated distribution. Your goal is to select which arm to pull in order to maximize your reward across all of your turns.
---

Available Actions:
---

- Arm Name: 8rwvet - This action has been selected 6 time(s) for an observed mean of 26.331986409508488

- Arm Name: 0xk6bg - This action has been selected 0 time(s) for an observed mean of Unknown

- Arm Name: 88pdak - This action has been selected 0 time(s) for an observed mean of Unknown

---
When selecting an action, include only the name of the action. Do not include the dashes used to indicate the list here.

Please select an action from the list of action options in order to maximize the reward for your task.
When selecting an action, put the exact name of the action between action tags like: <action> action_name </action>.

Your thinking budget is 150 tokens. If you exceed this limit, you will be forced to provide an immediate answer.
Your overall generation limit is 200 tokens.
2026-01-24 15:01:12,687 - src.driver - INFO - GENERATED CONTENT: <action>  8rwvet </action> 
 PARSED ACTION: 8rwvet
2026-01-24 15:01:12,687 - src.driver - INFO - You will be assigned a task. 
You will receive the actions you have available, followed by the action history. 
Your goal is to maximize the total reward across all 10 steps. We are on step 7. 

Task Assignment:
---
You are faced with a 3-armed bandit problem.  Each action corresponds to pulling a specific arm. Each arm is associated with a Gaussian distribution with a fixed but unknown mean. At each time step, you will select a field and receive a reward drawn from the associated distribution. Your goal is to select which arm to pull in order to maximize your reward across all of your turns.
---

Available Actions:
---

- Arm Name: 8rwvet - This action has been selected 7 time(s) for an observed mean of 26.04458249759606

- Arm Name: 0xk6bg - This action has been selected 0 time(s) for an observed mean of Unknown

- Arm Name: 88pdak - This action has been selected 0 time(s) for an observed mean of Unknown

---
When selecting an action, include only the name of the action. Do not include the dashes used to indicate the list here.

Please select an action from the list of action options in order to maximize the reward for your task.
When selecting an action, put the exact name of the action between action tags like: <action> action_name </action>.

Your thinking budget is 150 tokens. If you exceed this limit, you will be forced to provide an immediate answer.
Your overall generation limit is 200 tokens.
2026-01-24 15:01:27,805 - src.driver - INFO - GENERATED CONTENT: <action>  8rwvet </action> 
 PARSED ACTION: 8rwvet
2026-01-24 15:01:27,805 - src.driver - INFO - You will be assigned a task. 
You will receive the actions you have available, followed by the action history. 
Your goal is to maximize the total reward across all 10 steps. We are on step 8. 

Task Assignment:
---
You are faced with a 3-armed bandit problem.  Each action corresponds to pulling a specific arm. Each arm is associated with a Gaussian distribution with a fixed but unknown mean. At each time step, you will select a field and receive a reward drawn from the associated distribution. Your goal is to select which arm to pull in order to maximize your reward across all of your turns.
---

Available Actions:
---

- Arm Name: 8rwvet - This action has been selected 8 time(s) for an observed mean of 26.66995292272513

- Arm Name: 0xk6bg - This action has been selected 0 time(s) for an observed mean of Unknown

- Arm Name: 88pdak - This action has been selected 0 time(s) for an observed mean of Unknown

---
When selecting an action, include only the name of the action. Do not include the dashes used to indicate the list here.

Please select an action from the list of action options in order to maximize the reward for your task.
When selecting an action, put the exact name of the action between action tags like: <action> action_name </action>.

Your thinking budget is 150 tokens. If you exceed this limit, you will be forced to provide an immediate answer.
Your overall generation limit is 200 tokens.
2026-01-24 15:01:42,870 - src.driver - INFO - GENERATED CONTENT: <action>  8rwvet </action> 
 PARSED ACTION: 8rwvet
2026-01-24 15:01:42,870 - src.driver - INFO - You will be assigned a task. 
You will receive the actions you have available, followed by the action history. 
Your goal is to maximize the total reward across all 10 steps. We are on step 9. 

Task Assignment:
---
You are faced with a 3-armed bandit problem.  Each action corresponds to pulling a specific arm. Each arm is associated with a Gaussian distribution with a fixed but unknown mean. At each time step, you will select a field and receive a reward drawn from the associated distribution. Your goal is to select which arm to pull in order to maximize your reward across all of your turns.
---

Available Actions:
---

- Arm Name: 8rwvet - This action has been selected 9 time(s) for an observed mean of 25.590804926973703

- Arm Name: 0xk6bg - This action has been selected 0 time(s) for an observed mean of Unknown

- Arm Name: 88pdak - This action has been selected 0 time(s) for an observed mean of Unknown

---
When selecting an action, include only the name of the action. Do not include the dashes used to indicate the list here.

Please select an action from the list of action options in order to maximize the reward for your task.
When selecting an action, put the exact name of the action between action tags like: <action> action_name </action>.

Your thinking budget is 150 tokens. If you exceed this limit, you will be forced to provide an immediate answer.
Your overall generation limit is 200 tokens.
2026-01-24 15:01:57,959 - src.driver - INFO - GENERATED CONTENT: <action>  8rwvet </action> 
 PARSED ACTION: 8rwvet
2026-01-24 15:01:57,975 - src.driver - INFO - You will be assigned a task. 
You will receive the actions you have available, followed by the action history. 
Your goal is to maximize the total reward across all 10 steps. We are on step 0. 

Task Assignment:
---
You are faced with a 3-armed bandit problem.  Each action corresponds to pulling a specific arm. Each arm is associated with a Gaussian distribution with a fixed but unknown mean. At each time step, you will select a field and receive a reward drawn from the associated distribution. Your goal is to select which arm to pull in order to maximize your reward across all of your turns.
---

Available Actions:
---

- Arm Name: 018q60 - This action has been selected 0 time(s) for an observed mean of Unknown

- Arm Name: t1ibre - This action has been selected 0 time(s) for an observed mean of Unknown

- Arm Name: 8rwvet - This action has been selected 0 time(s) for an observed mean of Unknown

---
When selecting an action, include only the name of the action. Do not include the dashes used to indicate the list here.

Please select an action from the list of action options in order to maximize the reward for your task.
When selecting an action, put the exact name of the action between action tags like: <action> action_name </action>.

Your thinking budget is 150 tokens. If you exceed this limit, you will be forced to provide an immediate answer.
Your overall generation limit is 200 tokens.
2026-01-24 15:02:13,317 - src.driver - INFO - GENERATED CONTENT: <action>  018q60 </action> 
 PARSED ACTION: 018q60
2026-01-24 15:02:13,317 - src.driver - INFO - You will be assigned a task. 
You will receive the actions you have available, followed by the action history. 
Your goal is to maximize the total reward across all 10 steps. We are on step 1. 

Task Assignment:
---
You are faced with a 3-armed bandit problem.  Each action corresponds to pulling a specific arm. Each arm is associated with a Gaussian distribution with a fixed but unknown mean. At each time step, you will select a field and receive a reward drawn from the associated distribution. Your goal is to select which arm to pull in order to maximize your reward across all of your turns.
---

Available Actions:
---

- Arm Name: 018q60 - This action has been selected 1 time(s) for an observed mean of 69.01377846998963

- Arm Name: t1ibre - This action has been selected 0 time(s) for an observed mean of Unknown

- Arm Name: 8rwvet - This action has been selected 0 time(s) for an observed mean of Unknown

---
When selecting an action, include only the name of the action. Do not include the dashes used to indicate the list here.

Please select an action from the list of action options in order to maximize the reward for your task.
When selecting an action, put the exact name of the action between action tags like: <action> action_name </action>.

Your thinking budget is 150 tokens. If you exceed this limit, you will be forced to provide an immediate answer.
Your overall generation limit is 200 tokens.
2026-01-24 15:02:28,758 - src.driver - INFO - GENERATED CONTENT: <action>  018q60 </action> 
 PARSED ACTION: 018q60
2026-01-24 15:02:28,759 - src.driver - INFO - You will be assigned a task. 
You will receive the actions you have available, followed by the action history. 
Your goal is to maximize the total reward across all 10 steps. We are on step 2. 

Task Assignment:
---
You are faced with a 3-armed bandit problem.  Each action corresponds to pulling a specific arm. Each arm is associated with a Gaussian distribution with a fixed but unknown mean. At each time step, you will select a field and receive a reward drawn from the associated distribution. Your goal is to select which arm to pull in order to maximize your reward across all of your turns.
---

Available Actions:
---

- Arm Name: 018q60 - This action has been selected 2 time(s) for an observed mean of 73.91961404381124

- Arm Name: t1ibre - This action has been selected 0 time(s) for an observed mean of Unknown

- Arm Name: 8rwvet - This action has been selected 0 time(s) for an observed mean of Unknown

---
When selecting an action, include only the name of the action. Do not include the dashes used to indicate the list here.

Please select an action from the list of action options in order to maximize the reward for your task.
When selecting an action, put the exact name of the action between action tags like: <action> action_name </action>.

Your thinking budget is 150 tokens. If you exceed this limit, you will be forced to provide an immediate answer.
Your overall generation limit is 200 tokens.
2026-01-24 15:02:43,837 - src.driver - INFO - GENERATED CONTENT: <action>  t1ibre </action> 
 PARSED ACTION: t1ibre
2026-01-24 15:02:43,838 - src.driver - INFO - You will be assigned a task. 
You will receive the actions you have available, followed by the action history. 
Your goal is to maximize the total reward across all 10 steps. We are on step 3. 

Task Assignment:
---
You are faced with a 3-armed bandit problem.  Each action corresponds to pulling a specific arm. Each arm is associated with a Gaussian distribution with a fixed but unknown mean. At each time step, you will select a field and receive a reward drawn from the associated distribution. Your goal is to select which arm to pull in order to maximize your reward across all of your turns.
---

Available Actions:
---

- Arm Name: 018q60 - This action has been selected 2 time(s) for an observed mean of 73.91961404381124

- Arm Name: t1ibre - This action has been selected 1 time(s) for an observed mean of 58.760244671865514

- Arm Name: 8rwvet - This action has been selected 0 time(s) for an observed mean of Unknown

---
When selecting an action, include only the name of the action. Do not include the dashes used to indicate the list here.

Please select an action from the list of action options in order to maximize the reward for your task.
When selecting an action, put the exact name of the action between action tags like: <action> action_name </action>.

Your thinking budget is 150 tokens. If you exceed this limit, you will be forced to provide an immediate answer.
Your overall generation limit is 200 tokens.
2026-01-24 15:02:58,976 - src.driver - INFO - GENERATED CONTENT: <action>  8rwvet </action> 
 PARSED ACTION: 8rwvet
2026-01-24 15:02:58,976 - src.driver - INFO - You will be assigned a task. 
You will receive the actions you have available, followed by the action history. 
Your goal is to maximize the total reward across all 10 steps. We are on step 4. 

Task Assignment:
---
You are faced with a 3-armed bandit problem.  Each action corresponds to pulling a specific arm. Each arm is associated with a Gaussian distribution with a fixed but unknown mean. At each time step, you will select a field and receive a reward drawn from the associated distribution. Your goal is to select which arm to pull in order to maximize your reward across all of your turns.
---

Available Actions:
---

- Arm Name: 018q60 - This action has been selected 2 time(s) for an observed mean of 73.91961404381124

- Arm Name: t1ibre - This action has been selected 1 time(s) for an observed mean of 58.760244671865514

- Arm Name: 8rwvet - This action has been selected 1 time(s) for an observed mean of 24.701587598382847

---
When selecting an action, include only the name of the action. Do not include the dashes used to indicate the list here.

Please select an action from the list of action options in order to maximize the reward for your task.
When selecting an action, put the exact name of the action between action tags like: <action> action_name </action>.

Your thinking budget is 150 tokens. If you exceed this limit, you will be forced to provide an immediate answer.
Your overall generation limit is 200 tokens.
2026-01-24 15:03:14,616 - src.driver - INFO - GENERATED CONTENT: <action>  018q60 </action> 
 PARSED ACTION: 018q60
2026-01-24 15:03:14,616 - src.driver - INFO - You will be assigned a task. 
You will receive the actions you have available, followed by the action history. 
Your goal is to maximize the total reward across all 10 steps. We are on step 5. 

Task Assignment:
---
You are faced with a 3-armed bandit problem.  Each action corresponds to pulling a specific arm. Each arm is associated with a Gaussian distribution with a fixed but unknown mean. At each time step, you will select a field and receive a reward drawn from the associated distribution. Your goal is to select which arm to pull in order to maximize your reward across all of your turns.
---

Available Actions:
---

- Arm Name: 018q60 - This action has been selected 3 time(s) for an observed mean of 78.8655575079401

- Arm Name: t1ibre - This action has been selected 1 time(s) for an observed mean of 58.760244671865514

- Arm Name: 8rwvet - This action has been selected 1 time(s) for an observed mean of 24.701587598382847

---
When selecting an action, include only the name of the action. Do not include the dashes used to indicate the list here.

Please select an action from the list of action options in order to maximize the reward for your task.
When selecting an action, put the exact name of the action between action tags like: <action> action_name </action>.

Your thinking budget is 150 tokens. If you exceed this limit, you will be forced to provide an immediate answer.
Your overall generation limit is 200 tokens.
2026-01-24 15:03:30,301 - src.driver - INFO - GENERATED CONTENT: <action>  018q60 </action> 
 PARSED ACTION: 018q60
2026-01-24 15:03:30,302 - src.driver - INFO - You will be assigned a task. 
You will receive the actions you have available, followed by the action history. 
Your goal is to maximize the total reward across all 10 steps. We are on step 6. 

Task Assignment:
---
You are faced with a 3-armed bandit problem.  Each action corresponds to pulling a specific arm. Each arm is associated with a Gaussian distribution with a fixed but unknown mean. At each time step, you will select a field and receive a reward drawn from the associated distribution. Your goal is to select which arm to pull in order to maximize your reward across all of your turns.
---

Available Actions:
---

- Arm Name: 018q60 - This action has been selected 4 time(s) for an observed mean of 73.75980911788837

- Arm Name: t1ibre - This action has been selected 1 time(s) for an observed mean of 58.760244671865514

- Arm Name: 8rwvet - This action has been selected 1 time(s) for an observed mean of 24.701587598382847

---
When selecting an action, include only the name of the action. Do not include the dashes used to indicate the list here.

Please select an action from the list of action options in order to maximize the reward for your task.
When selecting an action, put the exact name of the action between action tags like: <action> action_name </action>.

Your thinking budget is 150 tokens. If you exceed this limit, you will be forced to provide an immediate answer.
Your overall generation limit is 200 tokens.
2026-01-24 15:03:45,987 - src.driver - INFO - GENERATED CONTENT: <action>  018q60 </action> 
 PARSED ACTION: 018q60
2026-01-24 15:03:45,988 - src.driver - INFO - You will be assigned a task. 
You will receive the actions you have available, followed by the action history. 
Your goal is to maximize the total reward across all 10 steps. We are on step 7. 

Task Assignment:
---
You are faced with a 3-armed bandit problem.  Each action corresponds to pulling a specific arm. Each arm is associated with a Gaussian distribution with a fixed but unknown mean. At each time step, you will select a field and receive a reward drawn from the associated distribution. Your goal is to select which arm to pull in order to maximize your reward across all of your turns.
---

Available Actions:
---

- Arm Name: 018q60 - This action has been selected 5 time(s) for an observed mean of 74.31256697194875

- Arm Name: t1ibre - This action has been selected 1 time(s) for an observed mean of 58.760244671865514

- Arm Name: 8rwvet - This action has been selected 1 time(s) for an observed mean of 24.701587598382847

---
When selecting an action, include only the name of the action. Do not include the dashes used to indicate the list here.

Please select an action from the list of action options in order to maximize the reward for your task.
When selecting an action, put the exact name of the action between action tags like: <action> action_name </action>.

Your thinking budget is 150 tokens. If you exceed this limit, you will be forced to provide an immediate answer.
Your overall generation limit is 200 tokens.
2026-01-24 15:04:01,693 - src.driver - INFO - GENERATED CONTENT: <action>  018q60 </action> 
 PARSED ACTION: 018q60
2026-01-24 15:04:01,694 - src.driver - INFO - You will be assigned a task. 
You will receive the actions you have available, followed by the action history. 
Your goal is to maximize the total reward across all 10 steps. We are on step 8. 

Task Assignment:
---
You are faced with a 3-armed bandit problem.  Each action corresponds to pulling a specific arm. Each arm is associated with a Gaussian distribution with a fixed but unknown mean. At each time step, you will select a field and receive a reward drawn from the associated distribution. Your goal is to select which arm to pull in order to maximize your reward across all of your turns.
---

Available Actions:
---

- Arm Name: 018q60 - This action has been selected 6 time(s) for an observed mean of 73.66291693139014

- Arm Name: t1ibre - This action has been selected 1 time(s) for an observed mean of 58.760244671865514

- Arm Name: 8rwvet - This action has been selected 1 time(s) for an observed mean of 24.701587598382847

---
When selecting an action, include only the name of the action. Do not include the dashes used to indicate the list here.

Please select an action from the list of action options in order to maximize the reward for your task.
When selecting an action, put the exact name of the action between action tags like: <action> action_name </action>.

Your thinking budget is 150 tokens. If you exceed this limit, you will be forced to provide an immediate answer.
Your overall generation limit is 200 tokens.
2026-01-24 15:04:17,380 - src.driver - INFO - GENERATED CONTENT: <action>  018q60 </action> 
 PARSED ACTION: 018q60
2026-01-24 15:04:17,381 - src.driver - INFO - You will be assigned a task. 
You will receive the actions you have available, followed by the action history. 
Your goal is to maximize the total reward across all 10 steps. We are on step 9. 

Task Assignment:
---
You are faced with a 3-armed bandit problem.  Each action corresponds to pulling a specific arm. Each arm is associated with a Gaussian distribution with a fixed but unknown mean. At each time step, you will select a field and receive a reward drawn from the associated distribution. Your goal is to select which arm to pull in order to maximize your reward across all of your turns.
---

Available Actions:
---

- Arm Name: 018q60 - This action has been selected 7 time(s) for an observed mean of 74.21748428736406

- Arm Name: t1ibre - This action has been selected 1 time(s) for an observed mean of 58.760244671865514

- Arm Name: 8rwvet - This action has been selected 1 time(s) for an observed mean of 24.701587598382847

---
When selecting an action, include only the name of the action. Do not include the dashes used to indicate the list here.

Please select an action from the list of action options in order to maximize the reward for your task.
When selecting an action, put the exact name of the action between action tags like: <action> action_name </action>.

Your thinking budget is 150 tokens. If you exceed this limit, you will be forced to provide an immediate answer.
Your overall generation limit is 200 tokens.
2026-01-24 15:04:33,079 - src.driver - INFO - GENERATED CONTENT: <action>  018q60 </action> 
 PARSED ACTION: 018q60
