2025-12-09 22:45:23,943 - src.driver - INFO - You will be assigned a task. 
You will receive the actions you have available, followed by the action history. 
Your goal is to maximize the total reward across all 8 steps. We are on step 0. 

Task Assignment:
---
You are faced with a 3-armed bandit problem.  Each action corresponds to pulling a specific arm. Each arm is associated with a Gaussian distribution with a fixed but unknown mean. At each time step, you will select a field and receive a reward drawn from the associated distribution. Your goal is to select which arm to pull in order to maximize your reward across all of your turns.
---

Available Actions:
---

- Forte Tribute Anchorage Arm : This action has been selected 0 time(s) for an observed mean of Unknown

- Decimal Glasses Sailing Arm : This action has been selected 0 time(s) for an observed mean of Unknown

- Dementia Elimination Pathetic Arm : This action has been selected 0 time(s) for an observed mean of Unknown

---
When selecting an action, include only the name of the action. Do not include the dashes used to indicate the list here.

Please select an action from the list of action options in order to maximize the reward for your task.
When selecting an action, put the exact name of the action between action tags like: <action> action_name </action>.

Your thinking budget is 150 tokens. If you exceed this limit, you will be forced to provide an immediate answer.
Your overall generation limit is 200 tokens.
2025-12-09 22:45:37,333 - src.driver - INFO - GENERATED CONTENT: <action> Decimal Glasses Sailing Arm</action> 
 PARSED ACTION: Decimal Glasses Sailing Arm
2025-12-09 22:45:37,333 - src.driver - INFO - You will be assigned a task. 
You will receive the actions you have available, followed by the action history. 
Your goal is to maximize the total reward across all 8 steps. We are on step 1. 

Task Assignment:
---
You are faced with a 3-armed bandit problem.  Each action corresponds to pulling a specific arm. Each arm is associated with a Gaussian distribution with a fixed but unknown mean. At each time step, you will select a field and receive a reward drawn from the associated distribution. Your goal is to select which arm to pull in order to maximize your reward across all of your turns.
---

Available Actions:
---

- Forte Tribute Anchorage Arm : This action has been selected 0 time(s) for an observed mean of Unknown

- Decimal Glasses Sailing Arm : This action has been selected 1 time(s) for an observed mean of 100.0

- Dementia Elimination Pathetic Arm : This action has been selected 0 time(s) for an observed mean of Unknown

---
When selecting an action, include only the name of the action. Do not include the dashes used to indicate the list here.

Please select an action from the list of action options in order to maximize the reward for your task.
When selecting an action, put the exact name of the action between action tags like: <action> action_name </action>.

Your thinking budget is 150 tokens. If you exceed this limit, you will be forced to provide an immediate answer.
Your overall generation limit is 200 tokens.
2025-12-09 22:45:50,116 - src.driver - INFO - GENERATED CONTENT: <action> Decimal Glasses Sailing Arm</action> 
 PARSED ACTION: Decimal Glasses Sailing Arm
2025-12-09 22:45:50,117 - src.driver - INFO - You will be assigned a task. 
You will receive the actions you have available, followed by the action history. 
Your goal is to maximize the total reward across all 8 steps. We are on step 2. 

Task Assignment:
---
You are faced with a 3-armed bandit problem.  Each action corresponds to pulling a specific arm. Each arm is associated with a Gaussian distribution with a fixed but unknown mean. At each time step, you will select a field and receive a reward drawn from the associated distribution. Your goal is to select which arm to pull in order to maximize your reward across all of your turns.
---

Available Actions:
---

- Forte Tribute Anchorage Arm : This action has been selected 0 time(s) for an observed mean of Unknown

- Decimal Glasses Sailing Arm : This action has been selected 2 time(s) for an observed mean of 100.0

- Dementia Elimination Pathetic Arm : This action has been selected 0 time(s) for an observed mean of Unknown

---
When selecting an action, include only the name of the action. Do not include the dashes used to indicate the list here.

Please select an action from the list of action options in order to maximize the reward for your task.
When selecting an action, put the exact name of the action between action tags like: <action> action_name </action>.

Your thinking budget is 150 tokens. If you exceed this limit, you will be forced to provide an immediate answer.
Your overall generation limit is 200 tokens.
2025-12-09 22:46:02,907 - src.driver - INFO - GENERATED CONTENT: <action> Decimal Glasses Sailing Arm</action> 
 PARSED ACTION: Decimal Glasses Sailing Arm
2025-12-09 22:46:02,908 - src.driver - INFO - You will be assigned a task. 
You will receive the actions you have available, followed by the action history. 
Your goal is to maximize the total reward across all 8 steps. We are on step 3. 

Task Assignment:
---
You are faced with a 3-armed bandit problem.  Each action corresponds to pulling a specific arm. Each arm is associated with a Gaussian distribution with a fixed but unknown mean. At each time step, you will select a field and receive a reward drawn from the associated distribution. Your goal is to select which arm to pull in order to maximize your reward across all of your turns.
---

Available Actions:
---

- Forte Tribute Anchorage Arm : This action has been selected 0 time(s) for an observed mean of Unknown

- Decimal Glasses Sailing Arm : This action has been selected 3 time(s) for an observed mean of 100.0

- Dementia Elimination Pathetic Arm : This action has been selected 0 time(s) for an observed mean of Unknown

---
When selecting an action, include only the name of the action. Do not include the dashes used to indicate the list here.

Please select an action from the list of action options in order to maximize the reward for your task.
When selecting an action, put the exact name of the action between action tags like: <action> action_name </action>.

Your thinking budget is 150 tokens. If you exceed this limit, you will be forced to provide an immediate answer.
Your overall generation limit is 200 tokens.
2025-12-09 22:46:15,763 - src.driver - INFO - GENERATED CONTENT: <action> Decimal Glasses Sailing Arm</action> 
 PARSED ACTION: Decimal Glasses Sailing Arm
2025-12-09 22:46:15,764 - src.driver - INFO - You will be assigned a task. 
You will receive the actions you have available, followed by the action history. 
Your goal is to maximize the total reward across all 8 steps. We are on step 4. 

Task Assignment:
---
You are faced with a 3-armed bandit problem.  Each action corresponds to pulling a specific arm. Each arm is associated with a Gaussian distribution with a fixed but unknown mean. At each time step, you will select a field and receive a reward drawn from the associated distribution. Your goal is to select which arm to pull in order to maximize your reward across all of your turns.
---

Available Actions:
---

- Forte Tribute Anchorage Arm : This action has been selected 0 time(s) for an observed mean of Unknown

- Decimal Glasses Sailing Arm : This action has been selected 4 time(s) for an observed mean of 100.0

- Dementia Elimination Pathetic Arm : This action has been selected 0 time(s) for an observed mean of Unknown

---
When selecting an action, include only the name of the action. Do not include the dashes used to indicate the list here.

Please select an action from the list of action options in order to maximize the reward for your task.
When selecting an action, put the exact name of the action between action tags like: <action> action_name </action>.

Your thinking budget is 150 tokens. If you exceed this limit, you will be forced to provide an immediate answer.
Your overall generation limit is 200 tokens.
2025-12-09 22:46:28,633 - src.driver - INFO - GENERATED CONTENT: <action> Decimal Glasses Sailing Arm</action> 
 PARSED ACTION: Decimal Glasses Sailing Arm
2025-12-09 22:46:28,634 - src.driver - INFO - You will be assigned a task. 
You will receive the actions you have available, followed by the action history. 
Your goal is to maximize the total reward across all 8 steps. We are on step 5. 

Task Assignment:
---
You are faced with a 3-armed bandit problem.  Each action corresponds to pulling a specific arm. Each arm is associated with a Gaussian distribution with a fixed but unknown mean. At each time step, you will select a field and receive a reward drawn from the associated distribution. Your goal is to select which arm to pull in order to maximize your reward across all of your turns.
---

Available Actions:
---

- Forte Tribute Anchorage Arm : This action has been selected 0 time(s) for an observed mean of Unknown

- Decimal Glasses Sailing Arm : This action has been selected 5 time(s) for an observed mean of 100.0

- Dementia Elimination Pathetic Arm : This action has been selected 0 time(s) for an observed mean of Unknown

---
When selecting an action, include only the name of the action. Do not include the dashes used to indicate the list here.

Please select an action from the list of action options in order to maximize the reward for your task.
When selecting an action, put the exact name of the action between action tags like: <action> action_name </action>.

Your thinking budget is 150 tokens. If you exceed this limit, you will be forced to provide an immediate answer.
Your overall generation limit is 200 tokens.
2025-12-09 22:46:41,501 - src.driver - INFO - GENERATED CONTENT: <action> Decimal Glasses Sailing Arm</action> 
 PARSED ACTION: Decimal Glasses Sailing Arm
2025-12-09 22:46:41,501 - src.driver - INFO - You will be assigned a task. 
You will receive the actions you have available, followed by the action history. 
Your goal is to maximize the total reward across all 8 steps. We are on step 6. 

Task Assignment:
---
You are faced with a 3-armed bandit problem.  Each action corresponds to pulling a specific arm. Each arm is associated with a Gaussian distribution with a fixed but unknown mean. At each time step, you will select a field and receive a reward drawn from the associated distribution. Your goal is to select which arm to pull in order to maximize your reward across all of your turns.
---

Available Actions:
---

- Forte Tribute Anchorage Arm : This action has been selected 0 time(s) for an observed mean of Unknown

- Decimal Glasses Sailing Arm : This action has been selected 6 time(s) for an observed mean of 100.0

- Dementia Elimination Pathetic Arm : This action has been selected 0 time(s) for an observed mean of Unknown

---
When selecting an action, include only the name of the action. Do not include the dashes used to indicate the list here.

Please select an action from the list of action options in order to maximize the reward for your task.
When selecting an action, put the exact name of the action between action tags like: <action> action_name </action>.

Your thinking budget is 150 tokens. If you exceed this limit, you will be forced to provide an immediate answer.
Your overall generation limit is 200 tokens.
2025-12-09 22:46:54,365 - src.driver - INFO - GENERATED CONTENT: <action> Decimal Glasses Sailing Arm</action> 
 PARSED ACTION: Decimal Glasses Sailing Arm
2025-12-09 22:46:54,366 - src.driver - INFO - You will be assigned a task. 
You will receive the actions you have available, followed by the action history. 
Your goal is to maximize the total reward across all 8 steps. We are on step 7. 

Task Assignment:
---
You are faced with a 3-armed bandit problem.  Each action corresponds to pulling a specific arm. Each arm is associated with a Gaussian distribution with a fixed but unknown mean. At each time step, you will select a field and receive a reward drawn from the associated distribution. Your goal is to select which arm to pull in order to maximize your reward across all of your turns.
---

Available Actions:
---

- Forte Tribute Anchorage Arm : This action has been selected 0 time(s) for an observed mean of Unknown

- Decimal Glasses Sailing Arm : This action has been selected 7 time(s) for an observed mean of 100.0

- Dementia Elimination Pathetic Arm : This action has been selected 0 time(s) for an observed mean of Unknown

---
When selecting an action, include only the name of the action. Do not include the dashes used to indicate the list here.

Please select an action from the list of action options in order to maximize the reward for your task.
When selecting an action, put the exact name of the action between action tags like: <action> action_name </action>.

Your thinking budget is 150 tokens. If you exceed this limit, you will be forced to provide an immediate answer.
Your overall generation limit is 200 tokens.
2025-12-09 22:47:07,205 - src.driver - INFO - GENERATED CONTENT: <action> Decimal Glasses Sailing Arm</action> 
 PARSED ACTION: Decimal Glasses Sailing Arm
2025-12-09 22:47:10,581 - src.driver - INFO - You will be assigned a task. 
You will receive the actions you have available, followed by the action history. 
Your goal is to maximize the total reward across all 8 steps. We are on step 0. 

Task Assignment:
---
You are faced with a 3-armed bandit problem.  Each action corresponds to pulling a specific arm. Each arm is associated with a Gaussian distribution with a fixed but unknown mean. At each time step, you will select a field and receive a reward drawn from the associated distribution. Your goal is to select which arm to pull in order to maximize your reward across all of your turns.
---

Available Actions:
---

- Dementia Elimination Pathetic Arm : This action has been selected 0 time(s) for an observed mean of Unknown

- Decimal Glasses Sailing Arm : This action has been selected 0 time(s) for an observed mean of Unknown

- Forte Tribute Anchorage Arm : This action has been selected 0 time(s) for an observed mean of Unknown

---
When selecting an action, include only the name of the action. Do not include the dashes used to indicate the list here.

Please select an action from the list of action options in order to maximize the reward for your task.
When selecting an action, put the exact name of the action between action tags like: <action> action_name </action>.

Your thinking budget is 150 tokens. If you exceed this limit, you will be forced to provide an immediate answer.
Your overall generation limit is 200 tokens.
2025-12-09 22:47:23,631 - src.driver - INFO - GENERATED CONTENT: <action>  Decimal Glasses Sailing Arm </action> 
 PARSED ACTION: Decimal Glasses Sailing Arm
2025-12-09 22:47:23,631 - src.driver - INFO - You will be assigned a task. 
You will receive the actions you have available, followed by the action history. 
Your goal is to maximize the total reward across all 8 steps. We are on step 1. 

Task Assignment:
---
You are faced with a 3-armed bandit problem.  Each action corresponds to pulling a specific arm. Each arm is associated with a Gaussian distribution with a fixed but unknown mean. At each time step, you will select a field and receive a reward drawn from the associated distribution. Your goal is to select which arm to pull in order to maximize your reward across all of your turns.
---

Available Actions:
---

- Dementia Elimination Pathetic Arm : This action has been selected 0 time(s) for an observed mean of Unknown

- Decimal Glasses Sailing Arm : This action has been selected 1 time(s) for an observed mean of 100.0

- Forte Tribute Anchorage Arm : This action has been selected 0 time(s) for an observed mean of Unknown

---
When selecting an action, include only the name of the action. Do not include the dashes used to indicate the list here.

Please select an action from the list of action options in order to maximize the reward for your task.
When selecting an action, put the exact name of the action between action tags like: <action> action_name </action>.

Your thinking budget is 150 tokens. If you exceed this limit, you will be forced to provide an immediate answer.
Your overall generation limit is 200 tokens.
2025-12-09 22:47:36,659 - src.driver - INFO - GENERATED CONTENT: <action> Decimal Glasses Sailing Arm</action> 
 PARSED ACTION: Decimal Glasses Sailing Arm
2025-12-09 22:47:36,659 - src.driver - INFO - You will be assigned a task. 
You will receive the actions you have available, followed by the action history. 
Your goal is to maximize the total reward across all 8 steps. We are on step 2. 

Task Assignment:
---
You are faced with a 3-armed bandit problem.  Each action corresponds to pulling a specific arm. Each arm is associated with a Gaussian distribution with a fixed but unknown mean. At each time step, you will select a field and receive a reward drawn from the associated distribution. Your goal is to select which arm to pull in order to maximize your reward across all of your turns.
---

Available Actions:
---

- Dementia Elimination Pathetic Arm : This action has been selected 0 time(s) for an observed mean of Unknown

- Decimal Glasses Sailing Arm : This action has been selected 2 time(s) for an observed mean of 100.0

- Forte Tribute Anchorage Arm : This action has been selected 0 time(s) for an observed mean of Unknown

---
When selecting an action, include only the name of the action. Do not include the dashes used to indicate the list here.

Please select an action from the list of action options in order to maximize the reward for your task.
When selecting an action, put the exact name of the action between action tags like: <action> action_name </action>.

Your thinking budget is 150 tokens. If you exceed this limit, you will be forced to provide an immediate answer.
Your overall generation limit is 200 tokens.
2025-12-09 22:47:49,672 - src.driver - INFO - GENERATED CONTENT: <action> Decimal Glasses Sailing Arm</action> 
 PARSED ACTION: Decimal Glasses Sailing Arm
2025-12-09 22:47:49,673 - src.driver - INFO - You will be assigned a task. 
You will receive the actions you have available, followed by the action history. 
Your goal is to maximize the total reward across all 8 steps. We are on step 3. 

Task Assignment:
---
You are faced with a 3-armed bandit problem.  Each action corresponds to pulling a specific arm. Each arm is associated with a Gaussian distribution with a fixed but unknown mean. At each time step, you will select a field and receive a reward drawn from the associated distribution. Your goal is to select which arm to pull in order to maximize your reward across all of your turns.
---

Available Actions:
---

- Dementia Elimination Pathetic Arm : This action has been selected 0 time(s) for an observed mean of Unknown

- Decimal Glasses Sailing Arm : This action has been selected 3 time(s) for an observed mean of 100.0

- Forte Tribute Anchorage Arm : This action has been selected 0 time(s) for an observed mean of Unknown

---
When selecting an action, include only the name of the action. Do not include the dashes used to indicate the list here.

Please select an action from the list of action options in order to maximize the reward for your task.
When selecting an action, put the exact name of the action between action tags like: <action> action_name </action>.

Your thinking budget is 150 tokens. If you exceed this limit, you will be forced to provide an immediate answer.
Your overall generation limit is 200 tokens.
2025-12-09 22:48:02,651 - src.driver - INFO - GENERATED CONTENT: <action> Decimal Glasses Sailing Arm</action> 
 PARSED ACTION: Decimal Glasses Sailing Arm
2025-12-09 22:48:02,652 - src.driver - INFO - You will be assigned a task. 
You will receive the actions you have available, followed by the action history. 
Your goal is to maximize the total reward across all 8 steps. We are on step 4. 

Task Assignment:
---
You are faced with a 3-armed bandit problem.  Each action corresponds to pulling a specific arm. Each arm is associated with a Gaussian distribution with a fixed but unknown mean. At each time step, you will select a field and receive a reward drawn from the associated distribution. Your goal is to select which arm to pull in order to maximize your reward across all of your turns.
---

Available Actions:
---

- Dementia Elimination Pathetic Arm : This action has been selected 0 time(s) for an observed mean of Unknown

- Decimal Glasses Sailing Arm : This action has been selected 4 time(s) for an observed mean of 100.0

- Forte Tribute Anchorage Arm : This action has been selected 0 time(s) for an observed mean of Unknown

---
When selecting an action, include only the name of the action. Do not include the dashes used to indicate the list here.

Please select an action from the list of action options in order to maximize the reward for your task.
When selecting an action, put the exact name of the action between action tags like: <action> action_name </action>.

Your thinking budget is 150 tokens. If you exceed this limit, you will be forced to provide an immediate answer.
Your overall generation limit is 200 tokens.
2025-12-09 22:48:15,622 - src.driver - INFO - GENERATED CONTENT: <action> Decimal Glasses Sailing Arm</action> 
 PARSED ACTION: Decimal Glasses Sailing Arm
2025-12-09 22:48:15,623 - src.driver - INFO - You will be assigned a task. 
You will receive the actions you have available, followed by the action history. 
Your goal is to maximize the total reward across all 8 steps. We are on step 5. 

Task Assignment:
---
You are faced with a 3-armed bandit problem.  Each action corresponds to pulling a specific arm. Each arm is associated with a Gaussian distribution with a fixed but unknown mean. At each time step, you will select a field and receive a reward drawn from the associated distribution. Your goal is to select which arm to pull in order to maximize your reward across all of your turns.
---

Available Actions:
---

- Dementia Elimination Pathetic Arm : This action has been selected 0 time(s) for an observed mean of Unknown

- Decimal Glasses Sailing Arm : This action has been selected 5 time(s) for an observed mean of 100.0

- Forte Tribute Anchorage Arm : This action has been selected 0 time(s) for an observed mean of Unknown

---
When selecting an action, include only the name of the action. Do not include the dashes used to indicate the list here.

Please select an action from the list of action options in order to maximize the reward for your task.
When selecting an action, put the exact name of the action between action tags like: <action> action_name </action>.

Your thinking budget is 150 tokens. If you exceed this limit, you will be forced to provide an immediate answer.
Your overall generation limit is 200 tokens.
2025-12-09 22:48:28,635 - src.driver - INFO - GENERATED CONTENT: <action>  Decimal Glasses Sailing Arm </action> 
 PARSED ACTION: Decimal Glasses Sailing Arm
2025-12-09 22:48:28,635 - src.driver - INFO - You will be assigned a task. 
You will receive the actions you have available, followed by the action history. 
Your goal is to maximize the total reward across all 8 steps. We are on step 6. 

Task Assignment:
---
You are faced with a 3-armed bandit problem.  Each action corresponds to pulling a specific arm. Each arm is associated with a Gaussian distribution with a fixed but unknown mean. At each time step, you will select a field and receive a reward drawn from the associated distribution. Your goal is to select which arm to pull in order to maximize your reward across all of your turns.
---

Available Actions:
---

- Dementia Elimination Pathetic Arm : This action has been selected 0 time(s) for an observed mean of Unknown

- Decimal Glasses Sailing Arm : This action has been selected 6 time(s) for an observed mean of 100.0

- Forte Tribute Anchorage Arm : This action has been selected 0 time(s) for an observed mean of Unknown

---
When selecting an action, include only the name of the action. Do not include the dashes used to indicate the list here.

Please select an action from the list of action options in order to maximize the reward for your task.
When selecting an action, put the exact name of the action between action tags like: <action> action_name </action>.

Your thinking budget is 150 tokens. If you exceed this limit, you will be forced to provide an immediate answer.
Your overall generation limit is 200 tokens.
2025-12-09 22:48:41,581 - src.driver - INFO - GENERATED CONTENT: <action> Decimal Glasses Sailing Arm</action> 
 PARSED ACTION: Decimal Glasses Sailing Arm
2025-12-09 22:48:41,581 - src.driver - INFO - You will be assigned a task. 
You will receive the actions you have available, followed by the action history. 
Your goal is to maximize the total reward across all 8 steps. We are on step 7. 

Task Assignment:
---
You are faced with a 3-armed bandit problem.  Each action corresponds to pulling a specific arm. Each arm is associated with a Gaussian distribution with a fixed but unknown mean. At each time step, you will select a field and receive a reward drawn from the associated distribution. Your goal is to select which arm to pull in order to maximize your reward across all of your turns.
---

Available Actions:
---

- Dementia Elimination Pathetic Arm : This action has been selected 0 time(s) for an observed mean of Unknown

- Decimal Glasses Sailing Arm : This action has been selected 7 time(s) for an observed mean of 100.0

- Forte Tribute Anchorage Arm : This action has been selected 0 time(s) for an observed mean of Unknown

---
When selecting an action, include only the name of the action. Do not include the dashes used to indicate the list here.

Please select an action from the list of action options in order to maximize the reward for your task.
When selecting an action, put the exact name of the action between action tags like: <action> action_name </action>.

Your thinking budget is 150 tokens. If you exceed this limit, you will be forced to provide an immediate answer.
Your overall generation limit is 200 tokens.
2025-12-09 22:48:54,518 - src.driver - INFO - GENERATED CONTENT: <action>  Decimal Glasses Sailing Arm </action> 
 PARSED ACTION: Decimal Glasses Sailing Arm
2025-12-09 22:48:58,015 - src.driver - INFO - You will be assigned a task. 
You will receive the actions you have available, followed by the action history. 
Your goal is to maximize the total reward across all 8 steps. We are on step 0. 

Task Assignment:
---
You are faced with a 3-armed bandit problem.  Each action corresponds to pulling a specific arm. Each arm is associated with a Gaussian distribution with a fixed but unknown mean. At each time step, you will select a field and receive a reward drawn from the associated distribution. Your goal is to select which arm to pull in order to maximize your reward across all of your turns.
---

Available Actions:
---

- Forte Tribute Anchorage Arm : This action has been selected 0 time(s) for an observed mean of Unknown

- Dementia Elimination Pathetic Arm : This action has been selected 0 time(s) for an observed mean of Unknown

- Decimal Glasses Sailing Arm : This action has been selected 0 time(s) for an observed mean of Unknown

---
When selecting an action, include only the name of the action. Do not include the dashes used to indicate the list here.

Please select an action from the list of action options in order to maximize the reward for your task.
When selecting an action, put the exact name of the action between action tags like: <action> action_name </action>.

Your thinking budget is 150 tokens. If you exceed this limit, you will be forced to provide an immediate answer.
Your overall generation limit is 200 tokens.
2025-12-09 22:49:10,892 - src.driver - INFO - GENERATED CONTENT: <action> Decimal Glasses Sailing Arm</action> 
 PARSED ACTION: Decimal Glasses Sailing Arm
2025-12-09 22:49:10,893 - src.driver - INFO - You will be assigned a task. 
You will receive the actions you have available, followed by the action history. 
Your goal is to maximize the total reward across all 8 steps. We are on step 1. 

Task Assignment:
---
You are faced with a 3-armed bandit problem.  Each action corresponds to pulling a specific arm. Each arm is associated with a Gaussian distribution with a fixed but unknown mean. At each time step, you will select a field and receive a reward drawn from the associated distribution. Your goal is to select which arm to pull in order to maximize your reward across all of your turns.
---

Available Actions:
---

- Forte Tribute Anchorage Arm : This action has been selected 0 time(s) for an observed mean of Unknown

- Dementia Elimination Pathetic Arm : This action has been selected 0 time(s) for an observed mean of Unknown

- Decimal Glasses Sailing Arm : This action has been selected 1 time(s) for an observed mean of 100.0

---
When selecting an action, include only the name of the action. Do not include the dashes used to indicate the list here.

Please select an action from the list of action options in order to maximize the reward for your task.
When selecting an action, put the exact name of the action between action tags like: <action> action_name </action>.

Your thinking budget is 150 tokens. If you exceed this limit, you will be forced to provide an immediate answer.
Your overall generation limit is 200 tokens.
2025-12-09 22:49:23,788 - src.driver - INFO - GENERATED CONTENT: <action> Decimal Glasses Sailing Arm</action> 
 PARSED ACTION: Decimal Glasses Sailing Arm
2025-12-09 22:49:23,788 - src.driver - INFO - You will be assigned a task. 
You will receive the actions you have available, followed by the action history. 
Your goal is to maximize the total reward across all 8 steps. We are on step 2. 

Task Assignment:
---
You are faced with a 3-armed bandit problem.  Each action corresponds to pulling a specific arm. Each arm is associated with a Gaussian distribution with a fixed but unknown mean. At each time step, you will select a field and receive a reward drawn from the associated distribution. Your goal is to select which arm to pull in order to maximize your reward across all of your turns.
---

Available Actions:
---

- Forte Tribute Anchorage Arm : This action has been selected 0 time(s) for an observed mean of Unknown

- Dementia Elimination Pathetic Arm : This action has been selected 0 time(s) for an observed mean of Unknown

- Decimal Glasses Sailing Arm : This action has been selected 2 time(s) for an observed mean of 100.0

---
When selecting an action, include only the name of the action. Do not include the dashes used to indicate the list here.

Please select an action from the list of action options in order to maximize the reward for your task.
When selecting an action, put the exact name of the action between action tags like: <action> action_name </action>.

Your thinking budget is 150 tokens. If you exceed this limit, you will be forced to provide an immediate answer.
Your overall generation limit is 200 tokens.
2025-12-09 22:49:36,683 - src.driver - INFO - GENERATED CONTENT: <action> Decimal Glasses Sailing Arm</action> 
 PARSED ACTION: Decimal Glasses Sailing Arm
2025-12-09 22:49:36,684 - src.driver - INFO - You will be assigned a task. 
You will receive the actions you have available, followed by the action history. 
Your goal is to maximize the total reward across all 8 steps. We are on step 3. 

Task Assignment:
---
You are faced with a 3-armed bandit problem.  Each action corresponds to pulling a specific arm. Each arm is associated with a Gaussian distribution with a fixed but unknown mean. At each time step, you will select a field and receive a reward drawn from the associated distribution. Your goal is to select which arm to pull in order to maximize your reward across all of your turns.
---

Available Actions:
---

- Forte Tribute Anchorage Arm : This action has been selected 0 time(s) for an observed mean of Unknown

- Dementia Elimination Pathetic Arm : This action has been selected 0 time(s) for an observed mean of Unknown

- Decimal Glasses Sailing Arm : This action has been selected 3 time(s) for an observed mean of 100.0

---
When selecting an action, include only the name of the action. Do not include the dashes used to indicate the list here.

Please select an action from the list of action options in order to maximize the reward for your task.
When selecting an action, put the exact name of the action between action tags like: <action> action_name </action>.

Your thinking budget is 150 tokens. If you exceed this limit, you will be forced to provide an immediate answer.
Your overall generation limit is 200 tokens.
2025-12-09 22:49:49,546 - src.driver - INFO - GENERATED CONTENT: <action> Decimal Glasses Sailing Arm</action> 
 PARSED ACTION: Decimal Glasses Sailing Arm
2025-12-09 22:49:49,547 - src.driver - INFO - You will be assigned a task. 
You will receive the actions you have available, followed by the action history. 
Your goal is to maximize the total reward across all 8 steps. We are on step 4. 

Task Assignment:
---
You are faced with a 3-armed bandit problem.  Each action corresponds to pulling a specific arm. Each arm is associated with a Gaussian distribution with a fixed but unknown mean. At each time step, you will select a field and receive a reward drawn from the associated distribution. Your goal is to select which arm to pull in order to maximize your reward across all of your turns.
---

Available Actions:
---

- Forte Tribute Anchorage Arm : This action has been selected 0 time(s) for an observed mean of Unknown

- Dementia Elimination Pathetic Arm : This action has been selected 0 time(s) for an observed mean of Unknown

- Decimal Glasses Sailing Arm : This action has been selected 4 time(s) for an observed mean of 100.0

---
When selecting an action, include only the name of the action. Do not include the dashes used to indicate the list here.

Please select an action from the list of action options in order to maximize the reward for your task.
When selecting an action, put the exact name of the action between action tags like: <action> action_name </action>.

Your thinking budget is 150 tokens. If you exceed this limit, you will be forced to provide an immediate answer.
Your overall generation limit is 200 tokens.
2025-12-09 22:50:02,473 - src.driver - INFO - GENERATED CONTENT: <action> Decimal Glasses Sailing Arm</action> 
 PARSED ACTION: Decimal Glasses Sailing Arm
2025-12-09 22:50:02,473 - src.driver - INFO - You will be assigned a task. 
You will receive the actions you have available, followed by the action history. 
Your goal is to maximize the total reward across all 8 steps. We are on step 5. 

Task Assignment:
---
You are faced with a 3-armed bandit problem.  Each action corresponds to pulling a specific arm. Each arm is associated with a Gaussian distribution with a fixed but unknown mean. At each time step, you will select a field and receive a reward drawn from the associated distribution. Your goal is to select which arm to pull in order to maximize your reward across all of your turns.
---

Available Actions:
---

- Forte Tribute Anchorage Arm : This action has been selected 0 time(s) for an observed mean of Unknown

- Dementia Elimination Pathetic Arm : This action has been selected 0 time(s) for an observed mean of Unknown

- Decimal Glasses Sailing Arm : This action has been selected 5 time(s) for an observed mean of 100.0

---
When selecting an action, include only the name of the action. Do not include the dashes used to indicate the list here.

Please select an action from the list of action options in order to maximize the reward for your task.
When selecting an action, put the exact name of the action between action tags like: <action> action_name </action>.

Your thinking budget is 150 tokens. If you exceed this limit, you will be forced to provide an immediate answer.
Your overall generation limit is 200 tokens.
2025-12-09 22:50:15,333 - src.driver - INFO - GENERATED CONTENT: <action> Decimal Glasses Sailing Arm</action> 
 PARSED ACTION: Decimal Glasses Sailing Arm
2025-12-09 22:50:15,334 - src.driver - INFO - You will be assigned a task. 
You will receive the actions you have available, followed by the action history. 
Your goal is to maximize the total reward across all 8 steps. We are on step 6. 

Task Assignment:
---
You are faced with a 3-armed bandit problem.  Each action corresponds to pulling a specific arm. Each arm is associated with a Gaussian distribution with a fixed but unknown mean. At each time step, you will select a field and receive a reward drawn from the associated distribution. Your goal is to select which arm to pull in order to maximize your reward across all of your turns.
---

Available Actions:
---

- Forte Tribute Anchorage Arm : This action has been selected 0 time(s) for an observed mean of Unknown

- Dementia Elimination Pathetic Arm : This action has been selected 0 time(s) for an observed mean of Unknown

- Decimal Glasses Sailing Arm : This action has been selected 6 time(s) for an observed mean of 100.0

---
When selecting an action, include only the name of the action. Do not include the dashes used to indicate the list here.

Please select an action from the list of action options in order to maximize the reward for your task.
When selecting an action, put the exact name of the action between action tags like: <action> action_name </action>.

Your thinking budget is 150 tokens. If you exceed this limit, you will be forced to provide an immediate answer.
Your overall generation limit is 200 tokens.
2025-12-09 22:50:28,218 - src.driver - INFO - GENERATED CONTENT: <action> Decimal Glasses Sailing Arm</action> 
 PARSED ACTION: Decimal Glasses Sailing Arm
2025-12-09 22:50:28,218 - src.driver - INFO - You will be assigned a task. 
You will receive the actions you have available, followed by the action history. 
Your goal is to maximize the total reward across all 8 steps. We are on step 7. 

Task Assignment:
---
You are faced with a 3-armed bandit problem.  Each action corresponds to pulling a specific arm. Each arm is associated with a Gaussian distribution with a fixed but unknown mean. At each time step, you will select a field and receive a reward drawn from the associated distribution. Your goal is to select which arm to pull in order to maximize your reward across all of your turns.
---

Available Actions:
---

- Forte Tribute Anchorage Arm : This action has been selected 0 time(s) for an observed mean of Unknown

- Dementia Elimination Pathetic Arm : This action has been selected 0 time(s) for an observed mean of Unknown

- Decimal Glasses Sailing Arm : This action has been selected 7 time(s) for an observed mean of 100.0

---
When selecting an action, include only the name of the action. Do not include the dashes used to indicate the list here.

Please select an action from the list of action options in order to maximize the reward for your task.
When selecting an action, put the exact name of the action between action tags like: <action> action_name </action>.

Your thinking budget is 150 tokens. If you exceed this limit, you will be forced to provide an immediate answer.
Your overall generation limit is 200 tokens.
2025-12-09 22:50:41,154 - src.driver - INFO - GENERATED CONTENT: <action> Decimal Glasses Sailing Arm</action> 
 PARSED ACTION: Decimal Glasses Sailing Arm
