2026-01-25 16:44:27,512 - src.driver - INFO - You will be assigned a task. 
You will receive the actions you have available, followed by the action history. 
Your goal is to maximize the total reward across all 10 steps. We are on step 0. 

Task Assignment:
---
You are a farmer who owns 3 fields. Each action corresponds to planting your crop in a different field. Each field is associated with a Gaussian distribution with a fixed but unknown mean. At each time step, you will select a field and receive a reward drawn from the associated distribution. Your goal is to maximize your reward across all of your turns.
---

Available Actions:
---

- Field Name: Rocky Hills - This action has been selected 0 time(s) for an observed mean of Unknown

- Field Name: Productive Grassland - This action has been selected 0 time(s) for an observed mean of Unknown

- Field Name: Arid Desert - This action has been selected 0 time(s) for an observed mean of Unknown

---
When selecting an action, include only the name of the action. Do not include the dashes used to indicate the list here.

Please select an action from the list of action options in order to maximize the reward for your task.
When selecting an action, put the exact name of the action between action tags like: <action> action_name </action>.

Your thinking budget is 150 tokens. If you exceed this limit, you will be forced to provide an immediate answer.
Your overall generation limit is 200 tokens.
2026-01-25 16:44:59,579 - src.driver - INFO - GENERATED CONTENT: <action>  Rocky Hills </action> 
 PARSED ACTION: Rocky Hills
2026-01-25 16:44:59,580 - src.driver - INFO - You will be assigned a task. 
You will receive the actions you have available, followed by the action history. 
Your goal is to maximize the total reward across all 10 steps. We are on step 1. 

Task Assignment:
---
You are a farmer who owns 3 fields. Each action corresponds to planting your crop in a different field. Each field is associated with a Gaussian distribution with a fixed but unknown mean. At each time step, you will select a field and receive a reward drawn from the associated distribution. Your goal is to maximize your reward across all of your turns.
---

Available Actions:
---

- Field Name: Rocky Hills - This action has been selected 1 time(s) for an observed mean of 53.69497671799069

- Field Name: Productive Grassland - This action has been selected 0 time(s) for an observed mean of Unknown

- Field Name: Arid Desert - This action has been selected 0 time(s) for an observed mean of Unknown

---
When selecting an action, include only the name of the action. Do not include the dashes used to indicate the list here.

Please select an action from the list of action options in order to maximize the reward for your task.
When selecting an action, put the exact name of the action between action tags like: <action> action_name </action>.

Your thinking budget is 150 tokens. If you exceed this limit, you will be forced to provide an immediate answer.
Your overall generation limit is 200 tokens.
2026-01-25 16:45:32,405 - src.driver - INFO - GENERATED CONTENT: <action>  Productive Grassland </action> 
 PARSED ACTION: Productive Grassland
2026-01-25 16:45:32,405 - src.driver - INFO - You will be assigned a task. 
You will receive the actions you have available, followed by the action history. 
Your goal is to maximize the total reward across all 10 steps. We are on step 2. 

Task Assignment:
---
You are a farmer who owns 3 fields. Each action corresponds to planting your crop in a different field. Each field is associated with a Gaussian distribution with a fixed but unknown mean. At each time step, you will select a field and receive a reward drawn from the associated distribution. Your goal is to maximize your reward across all of your turns.
---

Available Actions:
---

- Field Name: Rocky Hills - This action has been selected 1 time(s) for an observed mean of 53.69497671799069

- Field Name: Productive Grassland - This action has been selected 1 time(s) for an observed mean of 26.411276880132995

- Field Name: Arid Desert - This action has been selected 0 time(s) for an observed mean of Unknown

---
When selecting an action, include only the name of the action. Do not include the dashes used to indicate the list here.

Please select an action from the list of action options in order to maximize the reward for your task.
When selecting an action, put the exact name of the action between action tags like: <action> action_name </action>.

Your thinking budget is 150 tokens. If you exceed this limit, you will be forced to provide an immediate answer.
Your overall generation limit is 200 tokens.
2026-01-25 16:46:05,274 - src.driver - INFO - GENERATED CONTENT: <action>  Arid Desert </action> 
 PARSED ACTION: Arid Desert
2026-01-25 16:46:05,274 - src.driver - INFO - You will be assigned a task. 
You will receive the actions you have available, followed by the action history. 
Your goal is to maximize the total reward across all 10 steps. We are on step 3. 

Task Assignment:
---
You are a farmer who owns 3 fields. Each action corresponds to planting your crop in a different field. Each field is associated with a Gaussian distribution with a fixed but unknown mean. At each time step, you will select a field and receive a reward drawn from the associated distribution. Your goal is to maximize your reward across all of your turns.
---

Available Actions:
---

- Field Name: Rocky Hills - This action has been selected 1 time(s) for an observed mean of 53.69497671799069

- Field Name: Productive Grassland - This action has been selected 1 time(s) for an observed mean of 26.411276880132995

- Field Name: Arid Desert - This action has been selected 1 time(s) for an observed mean of 73.41921290784654

---
When selecting an action, include only the name of the action. Do not include the dashes used to indicate the list here.

Please select an action from the list of action options in order to maximize the reward for your task.
When selecting an action, put the exact name of the action between action tags like: <action> action_name </action>.

Your thinking budget is 150 tokens. If you exceed this limit, you will be forced to provide an immediate answer.
Your overall generation limit is 200 tokens.
2026-01-25 16:46:38,278 - src.driver - INFO - GENERATED CONTENT: <action>  Arid Desert </action> 
 PARSED ACTION: Arid Desert
2026-01-25 16:46:38,278 - src.driver - INFO - You will be assigned a task. 
You will receive the actions you have available, followed by the action history. 
Your goal is to maximize the total reward across all 10 steps. We are on step 4. 

Task Assignment:
---
You are a farmer who owns 3 fields. Each action corresponds to planting your crop in a different field. Each field is associated with a Gaussian distribution with a fixed but unknown mean. At each time step, you will select a field and receive a reward drawn from the associated distribution. Your goal is to maximize your reward across all of your turns.
---

Available Actions:
---

- Field Name: Rocky Hills - This action has been selected 1 time(s) for an observed mean of 53.69497671799069

- Field Name: Productive Grassland - This action has been selected 1 time(s) for an observed mean of 26.411276880132995

- Field Name: Arid Desert - This action has been selected 2 time(s) for an observed mean of 68.29312784327465

---
When selecting an action, include only the name of the action. Do not include the dashes used to indicate the list here.

Please select an action from the list of action options in order to maximize the reward for your task.
When selecting an action, put the exact name of the action between action tags like: <action> action_name </action>.

Your thinking budget is 150 tokens. If you exceed this limit, you will be forced to provide an immediate answer.
Your overall generation limit is 200 tokens.
2026-01-25 16:47:11,288 - src.driver - INFO - GENERATED CONTENT: <action>  Arid Desert </action> 
 PARSED ACTION: Arid Desert
2026-01-25 16:47:11,289 - src.driver - INFO - You will be assigned a task. 
You will receive the actions you have available, followed by the action history. 
Your goal is to maximize the total reward across all 10 steps. We are on step 5. 

Task Assignment:
---
You are a farmer who owns 3 fields. Each action corresponds to planting your crop in a different field. Each field is associated with a Gaussian distribution with a fixed but unknown mean. At each time step, you will select a field and receive a reward drawn from the associated distribution. Your goal is to maximize your reward across all of your turns.
---

Available Actions:
---

- Field Name: Rocky Hills - This action has been selected 1 time(s) for an observed mean of 53.69497671799069

- Field Name: Productive Grassland - This action has been selected 1 time(s) for an observed mean of 26.411276880132995

- Field Name: Arid Desert - This action has been selected 3 time(s) for an observed mean of 65.78078137947126

---
When selecting an action, include only the name of the action. Do not include the dashes used to indicate the list here.

Please select an action from the list of action options in order to maximize the reward for your task.
When selecting an action, put the exact name of the action between action tags like: <action> action_name </action>.

Your thinking budget is 150 tokens. If you exceed this limit, you will be forced to provide an immediate answer.
Your overall generation limit is 200 tokens.
2026-01-25 16:47:44,290 - src.driver - INFO - GENERATED CONTENT: <action>  Arid Desert </action> 
 PARSED ACTION: Arid Desert
2026-01-25 16:47:44,291 - src.driver - INFO - You will be assigned a task. 
You will receive the actions you have available, followed by the action history. 
Your goal is to maximize the total reward across all 10 steps. We are on step 6. 

Task Assignment:
---
You are a farmer who owns 3 fields. Each action corresponds to planting your crop in a different field. Each field is associated with a Gaussian distribution with a fixed but unknown mean. At each time step, you will select a field and receive a reward drawn from the associated distribution. Your goal is to maximize your reward across all of your turns.
---

Available Actions:
---

- Field Name: Rocky Hills - This action has been selected 1 time(s) for an observed mean of 53.69497671799069

- Field Name: Productive Grassland - This action has been selected 1 time(s) for an observed mean of 26.411276880132995

- Field Name: Arid Desert - This action has been selected 4 time(s) for an observed mean of 65.96867608544336

---
When selecting an action, include only the name of the action. Do not include the dashes used to indicate the list here.

Please select an action from the list of action options in order to maximize the reward for your task.
When selecting an action, put the exact name of the action between action tags like: <action> action_name </action>.

Your thinking budget is 150 tokens. If you exceed this limit, you will be forced to provide an immediate answer.
Your overall generation limit is 200 tokens.
2026-01-25 16:48:17,304 - src.driver - INFO - GENERATED CONTENT: <action>  Arid Desert </action> 
 PARSED ACTION: Arid Desert
2026-01-25 16:48:17,304 - src.driver - INFO - You will be assigned a task. 
You will receive the actions you have available, followed by the action history. 
Your goal is to maximize the total reward across all 10 steps. We are on step 7. 

Task Assignment:
---
You are a farmer who owns 3 fields. Each action corresponds to planting your crop in a different field. Each field is associated with a Gaussian distribution with a fixed but unknown mean. At each time step, you will select a field and receive a reward drawn from the associated distribution. Your goal is to maximize your reward across all of your turns.
---

Available Actions:
---

- Field Name: Rocky Hills - This action has been selected 1 time(s) for an observed mean of 53.69497671799069

- Field Name: Productive Grassland - This action has been selected 1 time(s) for an observed mean of 26.411276880132995

- Field Name: Arid Desert - This action has been selected 5 time(s) for an observed mean of 67.93233398099645

---
When selecting an action, include only the name of the action. Do not include the dashes used to indicate the list here.

Please select an action from the list of action options in order to maximize the reward for your task.
When selecting an action, put the exact name of the action between action tags like: <action> action_name </action>.

Your thinking budget is 150 tokens. If you exceed this limit, you will be forced to provide an immediate answer.
Your overall generation limit is 200 tokens.
2026-01-25 16:48:50,313 - src.driver - INFO - GENERATED CONTENT: <action>  Arid Desert </action> 
 PARSED ACTION: Arid Desert
2026-01-25 16:48:50,313 - src.driver - INFO - You will be assigned a task. 
You will receive the actions you have available, followed by the action history. 
Your goal is to maximize the total reward across all 10 steps. We are on step 8. 

Task Assignment:
---
You are a farmer who owns 3 fields. Each action corresponds to planting your crop in a different field. Each field is associated with a Gaussian distribution with a fixed but unknown mean. At each time step, you will select a field and receive a reward drawn from the associated distribution. Your goal is to maximize your reward across all of your turns.
---

Available Actions:
---

- Field Name: Rocky Hills - This action has been selected 1 time(s) for an observed mean of 53.69497671799069

- Field Name: Productive Grassland - This action has been selected 1 time(s) for an observed mean of 26.411276880132995

- Field Name: Arid Desert - This action has been selected 6 time(s) for an observed mean of 70.0086052080485

---
When selecting an action, include only the name of the action. Do not include the dashes used to indicate the list here.

Please select an action from the list of action options in order to maximize the reward for your task.
When selecting an action, put the exact name of the action between action tags like: <action> action_name </action>.

Your thinking budget is 150 tokens. If you exceed this limit, you will be forced to provide an immediate answer.
Your overall generation limit is 200 tokens.
2026-01-25 16:49:23,305 - src.driver - INFO - GENERATED CONTENT: <action>  Arid Desert </action> 
 PARSED ACTION: Arid Desert
2026-01-25 16:49:23,305 - src.driver - INFO - You will be assigned a task. 
You will receive the actions you have available, followed by the action history. 
Your goal is to maximize the total reward across all 10 steps. We are on step 9. 

Task Assignment:
---
You are a farmer who owns 3 fields. Each action corresponds to planting your crop in a different field. Each field is associated with a Gaussian distribution with a fixed but unknown mean. At each time step, you will select a field and receive a reward drawn from the associated distribution. Your goal is to maximize your reward across all of your turns.
---

Available Actions:
---

- Field Name: Rocky Hills - This action has been selected 1 time(s) for an observed mean of 53.69497671799069

- Field Name: Productive Grassland - This action has been selected 1 time(s) for an observed mean of 26.411276880132995

- Field Name: Arid Desert - This action has been selected 7 time(s) for an observed mean of 71.61689220856059

---
When selecting an action, include only the name of the action. Do not include the dashes used to indicate the list here.

Please select an action from the list of action options in order to maximize the reward for your task.
When selecting an action, put the exact name of the action between action tags like: <action> action_name </action>.

Your thinking budget is 150 tokens. If you exceed this limit, you will be forced to provide an immediate answer.
Your overall generation limit is 200 tokens.
2026-01-25 16:49:56,311 - src.driver - INFO - GENERATED CONTENT: <action>  Arid Desert </action> 
 PARSED ACTION: Arid Desert
2026-01-25 16:49:56,328 - src.driver - INFO - You will be assigned a task. 
You will receive the actions you have available, followed by the action history. 
Your goal is to maximize the total reward across all 10 steps. We are on step 0. 

Task Assignment:
---
You are a farmer who owns 3 fields. Each action corresponds to planting your crop in a different field. Each field is associated with a Gaussian distribution with a fixed but unknown mean. At each time step, you will select a field and receive a reward drawn from the associated distribution. Your goal is to maximize your reward across all of your turns.
---

Available Actions:
---

- Field Name: Rocky Hills - This action has been selected 0 time(s) for an observed mean of Unknown

- Field Name: Arid Desert - This action has been selected 0 time(s) for an observed mean of Unknown

- Field Name: Productive Grassland - This action has been selected 0 time(s) for an observed mean of Unknown

---
When selecting an action, include only the name of the action. Do not include the dashes used to indicate the list here.

Please select an action from the list of action options in order to maximize the reward for your task.
When selecting an action, put the exact name of the action between action tags like: <action> action_name </action>.

Your thinking budget is 150 tokens. If you exceed this limit, you will be forced to provide an immediate answer.
Your overall generation limit is 200 tokens.
2026-01-25 16:50:28,645 - src.driver - INFO - GENERATED CONTENT: <action>  Productive Grassland </action> 
 PARSED ACTION: Productive Grassland
2026-01-25 16:50:28,645 - src.driver - INFO - You will be assigned a task. 
You will receive the actions you have available, followed by the action history. 
Your goal is to maximize the total reward across all 10 steps. We are on step 1. 

Task Assignment:
---
You are a farmer who owns 3 fields. Each action corresponds to planting your crop in a different field. Each field is associated with a Gaussian distribution with a fixed but unknown mean. At each time step, you will select a field and receive a reward drawn from the associated distribution. Your goal is to maximize your reward across all of your turns.
---

Available Actions:
---

- Field Name: Rocky Hills - This action has been selected 0 time(s) for an observed mean of Unknown

- Field Name: Arid Desert - This action has been selected 0 time(s) for an observed mean of Unknown

- Field Name: Productive Grassland - This action has been selected 1 time(s) for an observed mean of 24.921076242586736

---
When selecting an action, include only the name of the action. Do not include the dashes used to indicate the list here.

Please select an action from the list of action options in order to maximize the reward for your task.
When selecting an action, put the exact name of the action between action tags like: <action> action_name </action>.

Your thinking budget is 150 tokens. If you exceed this limit, you will be forced to provide an immediate answer.
Your overall generation limit is 200 tokens.
2026-01-25 16:51:01,550 - src.driver - INFO - GENERATED CONTENT: <action>  Productive Grassland </action> 
 PARSED ACTION: Productive Grassland
2026-01-25 16:51:01,551 - src.driver - INFO - You will be assigned a task. 
You will receive the actions you have available, followed by the action history. 
Your goal is to maximize the total reward across all 10 steps. We are on step 2. 

Task Assignment:
---
You are a farmer who owns 3 fields. Each action corresponds to planting your crop in a different field. Each field is associated with a Gaussian distribution with a fixed but unknown mean. At each time step, you will select a field and receive a reward drawn from the associated distribution. Your goal is to maximize your reward across all of your turns.
---

Available Actions:
---

- Field Name: Rocky Hills - This action has been selected 0 time(s) for an observed mean of Unknown

- Field Name: Arid Desert - This action has been selected 0 time(s) for an observed mean of Unknown

- Field Name: Productive Grassland - This action has been selected 2 time(s) for an observed mean of 21.40716975241822

---
When selecting an action, include only the name of the action. Do not include the dashes used to indicate the list here.

Please select an action from the list of action options in order to maximize the reward for your task.
When selecting an action, put the exact name of the action between action tags like: <action> action_name </action>.

Your thinking budget is 150 tokens. If you exceed this limit, you will be forced to provide an immediate answer.
Your overall generation limit is 200 tokens.
2026-01-25 16:51:34,159 - src.driver - INFO - GENERATED CONTENT: <action>  Rocky Hills </action> 
 PARSED ACTION: Rocky Hills
2026-01-25 16:51:34,160 - src.driver - INFO - You will be assigned a task. 
You will receive the actions you have available, followed by the action history. 
Your goal is to maximize the total reward across all 10 steps. We are on step 3. 

Task Assignment:
---
You are a farmer who owns 3 fields. Each action corresponds to planting your crop in a different field. Each field is associated with a Gaussian distribution with a fixed but unknown mean. At each time step, you will select a field and receive a reward drawn from the associated distribution. Your goal is to maximize your reward across all of your turns.
---

Available Actions:
---

- Field Name: Rocky Hills - This action has been selected 1 time(s) for an observed mean of 47.18462915944404

- Field Name: Arid Desert - This action has been selected 0 time(s) for an observed mean of Unknown

- Field Name: Productive Grassland - This action has been selected 2 time(s) for an observed mean of 21.40716975241822

---
When selecting an action, include only the name of the action. Do not include the dashes used to indicate the list here.

Please select an action from the list of action options in order to maximize the reward for your task.
When selecting an action, put the exact name of the action between action tags like: <action> action_name </action>.

Your thinking budget is 150 tokens. If you exceed this limit, you will be forced to provide an immediate answer.
Your overall generation limit is 200 tokens.
2026-01-25 16:52:06,979 - src.driver - INFO - GENERATED CONTENT: <action>  Arid Desert </action> 
 PARSED ACTION: Arid Desert
2026-01-25 16:52:06,979 - src.driver - INFO - You will be assigned a task. 
You will receive the actions you have available, followed by the action history. 
Your goal is to maximize the total reward across all 10 steps. We are on step 4. 

Task Assignment:
---
You are a farmer who owns 3 fields. Each action corresponds to planting your crop in a different field. Each field is associated with a Gaussian distribution with a fixed but unknown mean. At each time step, you will select a field and receive a reward drawn from the associated distribution. Your goal is to maximize your reward across all of your turns.
---

Available Actions:
---

- Field Name: Rocky Hills - This action has been selected 1 time(s) for an observed mean of 47.18462915944404

- Field Name: Arid Desert - This action has been selected 1 time(s) for an observed mean of 76.23208199072388

- Field Name: Productive Grassland - This action has been selected 2 time(s) for an observed mean of 21.40716975241822

---
When selecting an action, include only the name of the action. Do not include the dashes used to indicate the list here.

Please select an action from the list of action options in order to maximize the reward for your task.
When selecting an action, put the exact name of the action between action tags like: <action> action_name </action>.

Your thinking budget is 150 tokens. If you exceed this limit, you will be forced to provide an immediate answer.
Your overall generation limit is 200 tokens.
2026-01-25 16:52:39,978 - src.driver - INFO - GENERATED CONTENT: <action>  Arid Desert </action> 
 PARSED ACTION: Arid Desert
2026-01-25 16:52:39,978 - src.driver - INFO - You will be assigned a task. 
You will receive the actions you have available, followed by the action history. 
Your goal is to maximize the total reward across all 10 steps. We are on step 5. 

Task Assignment:
---
You are a farmer who owns 3 fields. Each action corresponds to planting your crop in a different field. Each field is associated with a Gaussian distribution with a fixed but unknown mean. At each time step, you will select a field and receive a reward drawn from the associated distribution. Your goal is to maximize your reward across all of your turns.
---

Available Actions:
---

- Field Name: Rocky Hills - This action has been selected 1 time(s) for an observed mean of 47.18462915944404

- Field Name: Arid Desert - This action has been selected 2 time(s) for an observed mean of 73.18531387172521

- Field Name: Productive Grassland - This action has been selected 2 time(s) for an observed mean of 21.40716975241822

---
When selecting an action, include only the name of the action. Do not include the dashes used to indicate the list here.

Please select an action from the list of action options in order to maximize the reward for your task.
When selecting an action, put the exact name of the action between action tags like: <action> action_name </action>.

Your thinking budget is 150 tokens. If you exceed this limit, you will be forced to provide an immediate answer.
Your overall generation limit is 200 tokens.
2026-01-25 16:53:12,993 - src.driver - INFO - GENERATED CONTENT: <action>  Arid Desert </action> 
 PARSED ACTION: Arid Desert
2026-01-25 16:53:12,993 - src.driver - INFO - You will be assigned a task. 
You will receive the actions you have available, followed by the action history. 
Your goal is to maximize the total reward across all 10 steps. We are on step 6. 

Task Assignment:
---
You are a farmer who owns 3 fields. Each action corresponds to planting your crop in a different field. Each field is associated with a Gaussian distribution with a fixed but unknown mean. At each time step, you will select a field and receive a reward drawn from the associated distribution. Your goal is to maximize your reward across all of your turns.
---

Available Actions:
---

- Field Name: Rocky Hills - This action has been selected 1 time(s) for an observed mean of 47.18462915944404

- Field Name: Arid Desert - This action has been selected 3 time(s) for an observed mean of 70.82531699852541

- Field Name: Productive Grassland - This action has been selected 2 time(s) for an observed mean of 21.40716975241822

---
When selecting an action, include only the name of the action. Do not include the dashes used to indicate the list here.

Please select an action from the list of action options in order to maximize the reward for your task.
When selecting an action, put the exact name of the action between action tags like: <action> action_name </action>.

Your thinking budget is 150 tokens. If you exceed this limit, you will be forced to provide an immediate answer.
Your overall generation limit is 200 tokens.
2026-01-25 16:53:46,024 - src.driver - INFO - GENERATED CONTENT: <action>  Arid Desert </action> 
 PARSED ACTION: Arid Desert
2026-01-25 16:53:46,025 - src.driver - INFO - You will be assigned a task. 
You will receive the actions you have available, followed by the action history. 
Your goal is to maximize the total reward across all 10 steps. We are on step 7. 

Task Assignment:
---
You are a farmer who owns 3 fields. Each action corresponds to planting your crop in a different field. Each field is associated with a Gaussian distribution with a fixed but unknown mean. At each time step, you will select a field and receive a reward drawn from the associated distribution. Your goal is to maximize your reward across all of your turns.
---

Available Actions:
---

- Field Name: Rocky Hills - This action has been selected 1 time(s) for an observed mean of 47.18462915944404

- Field Name: Arid Desert - This action has been selected 4 time(s) for an observed mean of 71.12956144438719

- Field Name: Productive Grassland - This action has been selected 2 time(s) for an observed mean of 21.40716975241822

---
When selecting an action, include only the name of the action. Do not include the dashes used to indicate the list here.

Please select an action from the list of action options in order to maximize the reward for your task.
When selecting an action, put the exact name of the action between action tags like: <action> action_name </action>.

Your thinking budget is 150 tokens. If you exceed this limit, you will be forced to provide an immediate answer.
Your overall generation limit is 200 tokens.
2026-01-25 16:54:18,963 - src.driver - INFO - GENERATED CONTENT: <action>  Arid Desert </action> 
 PARSED ACTION: Arid Desert
2026-01-25 16:54:18,963 - src.driver - INFO - You will be assigned a task. 
You will receive the actions you have available, followed by the action history. 
Your goal is to maximize the total reward across all 10 steps. We are on step 8. 

Task Assignment:
---
You are a farmer who owns 3 fields. Each action corresponds to planting your crop in a different field. Each field is associated with a Gaussian distribution with a fixed but unknown mean. At each time step, you will select a field and receive a reward drawn from the associated distribution. Your goal is to maximize your reward across all of your turns.
---

Available Actions:
---

- Field Name: Rocky Hills - This action has been selected 1 time(s) for an observed mean of 47.18462915944404

- Field Name: Arid Desert - This action has been selected 5 time(s) for an observed mean of 72.58921513347794

- Field Name: Productive Grassland - This action has been selected 2 time(s) for an observed mean of 21.40716975241822

---
When selecting an action, include only the name of the action. Do not include the dashes used to indicate the list here.

Please select an action from the list of action options in order to maximize the reward for your task.
When selecting an action, put the exact name of the action between action tags like: <action> action_name </action>.

Your thinking budget is 150 tokens. If you exceed this limit, you will be forced to provide an immediate answer.
Your overall generation limit is 200 tokens.
2026-01-25 16:54:51,883 - src.driver - INFO - GENERATED CONTENT: <action>  Arid Desert </action> 
 PARSED ACTION: Arid Desert
2026-01-25 16:54:51,883 - src.driver - INFO - You will be assigned a task. 
You will receive the actions you have available, followed by the action history. 
Your goal is to maximize the total reward across all 10 steps. We are on step 9. 

Task Assignment:
---
You are a farmer who owns 3 fields. Each action corresponds to planting your crop in a different field. Each field is associated with a Gaussian distribution with a fixed but unknown mean. At each time step, you will select a field and receive a reward drawn from the associated distribution. Your goal is to maximize your reward across all of your turns.
---

Available Actions:
---

- Field Name: Rocky Hills - This action has been selected 1 time(s) for an observed mean of 47.18462915944404

- Field Name: Arid Desert - This action has been selected 6 time(s) for an observed mean of 73.4202078356498

- Field Name: Productive Grassland - This action has been selected 2 time(s) for an observed mean of 21.40716975241822

---
When selecting an action, include only the name of the action. Do not include the dashes used to indicate the list here.

Please select an action from the list of action options in order to maximize the reward for your task.
When selecting an action, put the exact name of the action between action tags like: <action> action_name </action>.

Your thinking budget is 150 tokens. If you exceed this limit, you will be forced to provide an immediate answer.
Your overall generation limit is 200 tokens.
2026-01-25 16:55:24,941 - src.driver - INFO - GENERATED CONTENT: <action>  Arid Desert </action> 
 PARSED ACTION: Arid Desert
2026-01-25 16:55:24,957 - src.driver - INFO - You will be assigned a task. 
You will receive the actions you have available, followed by the action history. 
Your goal is to maximize the total reward across all 10 steps. We are on step 0. 

Task Assignment:
---
You are a farmer who owns 3 fields. Each action corresponds to planting your crop in a different field. Each field is associated with a Gaussian distribution with a fixed but unknown mean. At each time step, you will select a field and receive a reward drawn from the associated distribution. Your goal is to maximize your reward across all of your turns.
---

Available Actions:
---

- Field Name: Arid Desert - This action has been selected 0 time(s) for an observed mean of Unknown

- Field Name: Productive Grassland - This action has been selected 0 time(s) for an observed mean of Unknown

- Field Name: Rocky Hills - This action has been selected 0 time(s) for an observed mean of Unknown

---
When selecting an action, include only the name of the action. Do not include the dashes used to indicate the list here.

Please select an action from the list of action options in order to maximize the reward for your task.
When selecting an action, put the exact name of the action between action tags like: <action> action_name </action>.

Your thinking budget is 150 tokens. If you exceed this limit, you will be forced to provide an immediate answer.
Your overall generation limit is 200 tokens.
2026-01-25 16:55:57,268 - src.driver - INFO - GENERATED CONTENT: <action>  Productive Grassland </action> 
 PARSED ACTION: Productive Grassland
2026-01-25 16:55:57,268 - src.driver - INFO - You will be assigned a task. 
You will receive the actions you have available, followed by the action history. 
Your goal is to maximize the total reward across all 10 steps. We are on step 1. 

Task Assignment:
---
You are a farmer who owns 3 fields. Each action corresponds to planting your crop in a different field. Each field is associated with a Gaussian distribution with a fixed but unknown mean. At each time step, you will select a field and receive a reward drawn from the associated distribution. Your goal is to maximize your reward across all of your turns.
---

Available Actions:
---

- Field Name: Arid Desert - This action has been selected 0 time(s) for an observed mean of Unknown

- Field Name: Productive Grassland - This action has been selected 1 time(s) for an observed mean of 22.30337614615569

- Field Name: Rocky Hills - This action has been selected 0 time(s) for an observed mean of Unknown

---
When selecting an action, include only the name of the action. Do not include the dashes used to indicate the list here.

Please select an action from the list of action options in order to maximize the reward for your task.
When selecting an action, put the exact name of the action between action tags like: <action> action_name </action>.

Your thinking budget is 150 tokens. If you exceed this limit, you will be forced to provide an immediate answer.
Your overall generation limit is 200 tokens.
2026-01-25 16:56:30,137 - src.driver - INFO - GENERATED CONTENT: <action>  Productive Grassland </action> 
 PARSED ACTION: Productive Grassland
2026-01-25 16:56:30,138 - src.driver - INFO - You will be assigned a task. 
You will receive the actions you have available, followed by the action history. 
Your goal is to maximize the total reward across all 10 steps. We are on step 2. 

Task Assignment:
---
You are a farmer who owns 3 fields. Each action corresponds to planting your crop in a different field. Each field is associated with a Gaussian distribution with a fixed but unknown mean. At each time step, you will select a field and receive a reward drawn from the associated distribution. Your goal is to maximize your reward across all of your turns.
---

Available Actions:
---

- Field Name: Arid Desert - This action has been selected 0 time(s) for an observed mean of Unknown

- Field Name: Productive Grassland - This action has been selected 2 time(s) for an observed mean of 24.277388240447735

- Field Name: Rocky Hills - This action has been selected 0 time(s) for an observed mean of Unknown

---
When selecting an action, include only the name of the action. Do not include the dashes used to indicate the list here.

Please select an action from the list of action options in order to maximize the reward for your task.
When selecting an action, put the exact name of the action between action tags like: <action> action_name </action>.

Your thinking budget is 150 tokens. If you exceed this limit, you will be forced to provide an immediate answer.
Your overall generation limit is 200 tokens.
2026-01-25 16:57:02,886 - src.driver - INFO - GENERATED CONTENT: <action>  Arid Desert </action> 
 PARSED ACTION: Arid Desert
2026-01-25 16:57:02,887 - src.driver - INFO - You will be assigned a task. 
You will receive the actions you have available, followed by the action history. 
Your goal is to maximize the total reward across all 10 steps. We are on step 3. 

Task Assignment:
---
You are a farmer who owns 3 fields. Each action corresponds to planting your crop in a different field. Each field is associated with a Gaussian distribution with a fixed but unknown mean. At each time step, you will select a field and receive a reward drawn from the associated distribution. Your goal is to maximize your reward across all of your turns.
---

Available Actions:
---

- Field Name: Arid Desert - This action has been selected 1 time(s) for an observed mean of 69.64913054799605

- Field Name: Productive Grassland - This action has been selected 2 time(s) for an observed mean of 24.277388240447735

- Field Name: Rocky Hills - This action has been selected 0 time(s) for an observed mean of Unknown

---
When selecting an action, include only the name of the action. Do not include the dashes used to indicate the list here.

Please select an action from the list of action options in order to maximize the reward for your task.
When selecting an action, put the exact name of the action between action tags like: <action> action_name </action>.

Your thinking budget is 150 tokens. If you exceed this limit, you will be forced to provide an immediate answer.
Your overall generation limit is 200 tokens.
2026-01-25 16:57:35,612 - src.driver - INFO - GENERATED CONTENT: <action>  Rocky Hills </action> 
 PARSED ACTION: Rocky Hills
2026-01-25 16:57:35,613 - src.driver - INFO - You will be assigned a task. 
You will receive the actions you have available, followed by the action history. 
Your goal is to maximize the total reward across all 10 steps. We are on step 4. 

Task Assignment:
---
You are a farmer who owns 3 fields. Each action corresponds to planting your crop in a different field. Each field is associated with a Gaussian distribution with a fixed but unknown mean. At each time step, you will select a field and receive a reward drawn from the associated distribution. Your goal is to maximize your reward across all of your turns.
---

Available Actions:
---

- Field Name: Arid Desert - This action has been selected 1 time(s) for an observed mean of 69.64913054799605

- Field Name: Productive Grassland - This action has been selected 2 time(s) for an observed mean of 24.277388240447735

- Field Name: Rocky Hills - This action has been selected 1 time(s) for an observed mean of 50.08035409047842

---
When selecting an action, include only the name of the action. Do not include the dashes used to indicate the list here.

Please select an action from the list of action options in order to maximize the reward for your task.
When selecting an action, put the exact name of the action between action tags like: <action> action_name </action>.

Your thinking budget is 150 tokens. If you exceed this limit, you will be forced to provide an immediate answer.
Your overall generation limit is 200 tokens.
2026-01-25 16:58:08,601 - src.driver - INFO - GENERATED CONTENT: <action>  Arid Desert </action> 
 PARSED ACTION: Arid Desert
2026-01-25 16:58:08,601 - src.driver - INFO - You will be assigned a task. 
You will receive the actions you have available, followed by the action history. 
Your goal is to maximize the total reward across all 10 steps. We are on step 5. 

Task Assignment:
---
You are a farmer who owns 3 fields. Each action corresponds to planting your crop in a different field. Each field is associated with a Gaussian distribution with a fixed but unknown mean. At each time step, you will select a field and receive a reward drawn from the associated distribution. Your goal is to maximize your reward across all of your turns.
---

Available Actions:
---

- Field Name: Arid Desert - This action has been selected 2 time(s) for an observed mean of 71.83970279431941

- Field Name: Productive Grassland - This action has been selected 2 time(s) for an observed mean of 24.277388240447735

- Field Name: Rocky Hills - This action has been selected 1 time(s) for an observed mean of 50.08035409047842

---
When selecting an action, include only the name of the action. Do not include the dashes used to indicate the list here.

Please select an action from the list of action options in order to maximize the reward for your task.
When selecting an action, put the exact name of the action between action tags like: <action> action_name </action>.

Your thinking budget is 150 tokens. If you exceed this limit, you will be forced to provide an immediate answer.
Your overall generation limit is 200 tokens.
2026-01-25 16:58:41,591 - src.driver - INFO - GENERATED CONTENT: <action>  Arid Desert </action> 
 PARSED ACTION: Arid Desert
2026-01-25 16:58:41,591 - src.driver - INFO - You will be assigned a task. 
You will receive the actions you have available, followed by the action history. 
Your goal is to maximize the total reward across all 10 steps. We are on step 6. 

Task Assignment:
---
You are a farmer who owns 3 fields. Each action corresponds to planting your crop in a different field. Each field is associated with a Gaussian distribution with a fixed but unknown mean. At each time step, you will select a field and receive a reward drawn from the associated distribution. Your goal is to maximize your reward across all of your turns.
---

Available Actions:
---

- Field Name: Arid Desert - This action has been selected 3 time(s) for an observed mean of 71.61537243342137

- Field Name: Productive Grassland - This action has been selected 2 time(s) for an observed mean of 24.277388240447735

- Field Name: Rocky Hills - This action has been selected 1 time(s) for an observed mean of 50.08035409047842

---
When selecting an action, include only the name of the action. Do not include the dashes used to indicate the list here.

Please select an action from the list of action options in order to maximize the reward for your task.
When selecting an action, put the exact name of the action between action tags like: <action> action_name </action>.

Your thinking budget is 150 tokens. If you exceed this limit, you will be forced to provide an immediate answer.
Your overall generation limit is 200 tokens.
2026-01-25 16:59:14,600 - src.driver - INFO - GENERATED CONTENT: <action>  Arid Desert </action> 
 PARSED ACTION: Arid Desert
2026-01-25 16:59:14,600 - src.driver - INFO - You will be assigned a task. 
You will receive the actions you have available, followed by the action history. 
Your goal is to maximize the total reward across all 10 steps. We are on step 7. 

Task Assignment:
---
You are a farmer who owns 3 fields. Each action corresponds to planting your crop in a different field. Each field is associated with a Gaussian distribution with a fixed but unknown mean. At each time step, you will select a field and receive a reward drawn from the associated distribution. Your goal is to maximize your reward across all of your turns.
---

Available Actions:
---

- Field Name: Arid Desert - This action has been selected 4 time(s) for an observed mean of 72.77171075555546

- Field Name: Productive Grassland - This action has been selected 2 time(s) for an observed mean of 24.277388240447735

- Field Name: Rocky Hills - This action has been selected 1 time(s) for an observed mean of 50.08035409047842

---
When selecting an action, include only the name of the action. Do not include the dashes used to indicate the list here.

Please select an action from the list of action options in order to maximize the reward for your task.
When selecting an action, put the exact name of the action between action tags like: <action> action_name </action>.

Your thinking budget is 150 tokens. If you exceed this limit, you will be forced to provide an immediate answer.
Your overall generation limit is 200 tokens.
2026-01-25 16:59:47,617 - src.driver - INFO - GENERATED CONTENT: <action>  Arid Desert </action> 
 PARSED ACTION: Arid Desert
2026-01-25 16:59:47,617 - src.driver - INFO - You will be assigned a task. 
You will receive the actions you have available, followed by the action history. 
Your goal is to maximize the total reward across all 10 steps. We are on step 8. 

Task Assignment:
---
You are a farmer who owns 3 fields. Each action corresponds to planting your crop in a different field. Each field is associated with a Gaussian distribution with a fixed but unknown mean. At each time step, you will select a field and receive a reward drawn from the associated distribution. Your goal is to maximize your reward across all of your turns.
---

Available Actions:
---

- Field Name: Arid Desert - This action has been selected 5 time(s) for an observed mean of 71.75296897044866

- Field Name: Productive Grassland - This action has been selected 2 time(s) for an observed mean of 24.277388240447735

- Field Name: Rocky Hills - This action has been selected 1 time(s) for an observed mean of 50.08035409047842

---
When selecting an action, include only the name of the action. Do not include the dashes used to indicate the list here.

Please select an action from the list of action options in order to maximize the reward for your task.
When selecting an action, put the exact name of the action between action tags like: <action> action_name </action>.

Your thinking budget is 150 tokens. If you exceed this limit, you will be forced to provide an immediate answer.
Your overall generation limit is 200 tokens.
2026-01-25 17:00:20,655 - src.driver - INFO - GENERATED CONTENT: <action>  Arid Desert </action> 
 PARSED ACTION: Arid Desert
2026-01-25 17:00:20,655 - src.driver - INFO - You will be assigned a task. 
You will receive the actions you have available, followed by the action history. 
Your goal is to maximize the total reward across all 10 steps. We are on step 9. 

Task Assignment:
---
You are a farmer who owns 3 fields. Each action corresponds to planting your crop in a different field. Each field is associated with a Gaussian distribution with a fixed but unknown mean. At each time step, you will select a field and receive a reward drawn from the associated distribution. Your goal is to maximize your reward across all of your turns.
---

Available Actions:
---

- Field Name: Arid Desert - This action has been selected 6 time(s) for an observed mean of 71.98244060612161

- Field Name: Productive Grassland - This action has been selected 2 time(s) for an observed mean of 24.277388240447735

- Field Name: Rocky Hills - This action has been selected 1 time(s) for an observed mean of 50.08035409047842

---
When selecting an action, include only the name of the action. Do not include the dashes used to indicate the list here.

Please select an action from the list of action options in order to maximize the reward for your task.
When selecting an action, put the exact name of the action between action tags like: <action> action_name </action>.

Your thinking budget is 150 tokens. If you exceed this limit, you will be forced to provide an immediate answer.
Your overall generation limit is 200 tokens.
2026-01-25 17:00:53,667 - src.driver - INFO - GENERATED CONTENT: <action>  Arid Desert </action> 
 PARSED ACTION: Arid Desert
2026-01-25 17:00:53,682 - src.driver - INFO - You will be assigned a task. 
You will receive the actions you have available, followed by the action history. 
Your goal is to maximize the total reward across all 10 steps. We are on step 0. 

Task Assignment:
---
You are a farmer who owns 3 fields. Each action corresponds to planting your crop in a different field. Each field is associated with a Gaussian distribution with a fixed but unknown mean. At each time step, you will select a field and receive a reward drawn from the associated distribution. Your goal is to maximize your reward across all of your turns.
---

Available Actions:
---

- Field Name: Arid Desert - This action has been selected 0 time(s) for an observed mean of Unknown

- Field Name: Productive Grassland - This action has been selected 0 time(s) for an observed mean of Unknown

- Field Name: Rocky Hills - This action has been selected 0 time(s) for an observed mean of Unknown

---
When selecting an action, include only the name of the action. Do not include the dashes used to indicate the list here.

Please select an action from the list of action options in order to maximize the reward for your task.
When selecting an action, put the exact name of the action between action tags like: <action> action_name </action>.

Your thinking budget is 150 tokens. If you exceed this limit, you will be forced to provide an immediate answer.
Your overall generation limit is 200 tokens.
2026-01-25 17:01:26,007 - src.driver - INFO - GENERATED CONTENT: <action>  Productive Grassland </action> 
 PARSED ACTION: Productive Grassland
2026-01-25 17:01:26,008 - src.driver - INFO - You will be assigned a task. 
You will receive the actions you have available, followed by the action history. 
Your goal is to maximize the total reward across all 10 steps. We are on step 1. 

Task Assignment:
---
You are a farmer who owns 3 fields. Each action corresponds to planting your crop in a different field. Each field is associated with a Gaussian distribution with a fixed but unknown mean. At each time step, you will select a field and receive a reward drawn from the associated distribution. Your goal is to maximize your reward across all of your turns.
---

Available Actions:
---

- Field Name: Arid Desert - This action has been selected 0 time(s) for an observed mean of Unknown

- Field Name: Productive Grassland - This action has been selected 1 time(s) for an observed mean of 33.5588707272811

- Field Name: Rocky Hills - This action has been selected 0 time(s) for an observed mean of Unknown

---
When selecting an action, include only the name of the action. Do not include the dashes used to indicate the list here.

Please select an action from the list of action options in order to maximize the reward for your task.
When selecting an action, put the exact name of the action between action tags like: <action> action_name </action>.

Your thinking budget is 150 tokens. If you exceed this limit, you will be forced to provide an immediate answer.
Your overall generation limit is 200 tokens.
2026-01-25 17:01:58,900 - src.driver - INFO - GENERATED CONTENT: <action>  Productive Grassland </action> 
 PARSED ACTION: Productive Grassland
2026-01-25 17:01:58,900 - src.driver - INFO - You will be assigned a task. 
You will receive the actions you have available, followed by the action history. 
Your goal is to maximize the total reward across all 10 steps. We are on step 2. 

Task Assignment:
---
You are a farmer who owns 3 fields. Each action corresponds to planting your crop in a different field. Each field is associated with a Gaussian distribution with a fixed but unknown mean. At each time step, you will select a field and receive a reward drawn from the associated distribution. Your goal is to maximize your reward across all of your turns.
---

Available Actions:
---

- Field Name: Arid Desert - This action has been selected 0 time(s) for an observed mean of Unknown

- Field Name: Productive Grassland - This action has been selected 2 time(s) for an observed mean of 24.526761082448893

- Field Name: Rocky Hills - This action has been selected 0 time(s) for an observed mean of Unknown

---
When selecting an action, include only the name of the action. Do not include the dashes used to indicate the list here.

Please select an action from the list of action options in order to maximize the reward for your task.
When selecting an action, put the exact name of the action between action tags like: <action> action_name </action>.

Your thinking budget is 150 tokens. If you exceed this limit, you will be forced to provide an immediate answer.
Your overall generation limit is 200 tokens.
2026-01-25 17:02:31,854 - src.driver - INFO - GENERATED CONTENT: <action>  Productive Grassland </action> 
 PARSED ACTION: Productive Grassland
2026-01-25 17:02:31,855 - src.driver - INFO - You will be assigned a task. 
You will receive the actions you have available, followed by the action history. 
Your goal is to maximize the total reward across all 10 steps. We are on step 3. 

Task Assignment:
---
You are a farmer who owns 3 fields. Each action corresponds to planting your crop in a different field. Each field is associated with a Gaussian distribution with a fixed but unknown mean. At each time step, you will select a field and receive a reward drawn from the associated distribution. Your goal is to maximize your reward across all of your turns.
---

Available Actions:
---

- Field Name: Arid Desert - This action has been selected 0 time(s) for an observed mean of Unknown

- Field Name: Productive Grassland - This action has been selected 3 time(s) for an observed mean of 24.450210208593074

- Field Name: Rocky Hills - This action has been selected 0 time(s) for an observed mean of Unknown

---
When selecting an action, include only the name of the action. Do not include the dashes used to indicate the list here.

Please select an action from the list of action options in order to maximize the reward for your task.
When selecting an action, put the exact name of the action between action tags like: <action> action_name </action>.

Your thinking budget is 150 tokens. If you exceed this limit, you will be forced to provide an immediate answer.
Your overall generation limit is 200 tokens.
2026-01-25 17:03:04,786 - src.driver - INFO - GENERATED CONTENT: <action>  Productive Grassland </action> 
 PARSED ACTION: Productive Grassland
2026-01-25 17:03:04,786 - src.driver - INFO - You will be assigned a task. 
You will receive the actions you have available, followed by the action history. 
Your goal is to maximize the total reward across all 10 steps. We are on step 4. 

Task Assignment:
---
You are a farmer who owns 3 fields. Each action corresponds to planting your crop in a different field. Each field is associated with a Gaussian distribution with a fixed but unknown mean. At each time step, you will select a field and receive a reward drawn from the associated distribution. Your goal is to maximize your reward across all of your turns.
---

Available Actions:
---

- Field Name: Arid Desert - This action has been selected 0 time(s) for an observed mean of Unknown

- Field Name: Productive Grassland - This action has been selected 4 time(s) for an observed mean of 22.216652134687273

- Field Name: Rocky Hills - This action has been selected 0 time(s) for an observed mean of Unknown

---
When selecting an action, include only the name of the action. Do not include the dashes used to indicate the list here.

Please select an action from the list of action options in order to maximize the reward for your task.
When selecting an action, put the exact name of the action between action tags like: <action> action_name </action>.

Your thinking budget is 150 tokens. If you exceed this limit, you will be forced to provide an immediate answer.
Your overall generation limit is 200 tokens.
2026-01-25 17:03:37,669 - src.driver - INFO - GENERATED CONTENT: <action>  Productive Grassland </action> 
 PARSED ACTION: Productive Grassland
2026-01-25 17:03:37,670 - src.driver - INFO - You will be assigned a task. 
You will receive the actions you have available, followed by the action history. 
Your goal is to maximize the total reward across all 10 steps. We are on step 5. 

Task Assignment:
---
You are a farmer who owns 3 fields. Each action corresponds to planting your crop in a different field. Each field is associated with a Gaussian distribution with a fixed but unknown mean. At each time step, you will select a field and receive a reward drawn from the associated distribution. Your goal is to maximize your reward across all of your turns.
---

Available Actions:
---

- Field Name: Arid Desert - This action has been selected 0 time(s) for an observed mean of Unknown

- Field Name: Productive Grassland - This action has been selected 5 time(s) for an observed mean of 21.93846289142251

- Field Name: Rocky Hills - This action has been selected 0 time(s) for an observed mean of Unknown

---
When selecting an action, include only the name of the action. Do not include the dashes used to indicate the list here.

Please select an action from the list of action options in order to maximize the reward for your task.
When selecting an action, put the exact name of the action between action tags like: <action> action_name </action>.

Your thinking budget is 150 tokens. If you exceed this limit, you will be forced to provide an immediate answer.
Your overall generation limit is 200 tokens.
2026-01-25 17:04:10,470 - src.driver - INFO - GENERATED CONTENT: <action>  Arid Desert </action> 
 PARSED ACTION: Arid Desert
2026-01-25 17:04:10,470 - src.driver - INFO - You will be assigned a task. 
You will receive the actions you have available, followed by the action history. 
Your goal is to maximize the total reward across all 10 steps. We are on step 6. 

Task Assignment:
---
You are a farmer who owns 3 fields. Each action corresponds to planting your crop in a different field. Each field is associated with a Gaussian distribution with a fixed but unknown mean. At each time step, you will select a field and receive a reward drawn from the associated distribution. Your goal is to maximize your reward across all of your turns.
---

Available Actions:
---

- Field Name: Arid Desert - This action has been selected 1 time(s) for an observed mean of 79.18540231196786

- Field Name: Productive Grassland - This action has been selected 5 time(s) for an observed mean of 21.93846289142251

- Field Name: Rocky Hills - This action has been selected 0 time(s) for an observed mean of Unknown

---
When selecting an action, include only the name of the action. Do not include the dashes used to indicate the list here.

Please select an action from the list of action options in order to maximize the reward for your task.
When selecting an action, put the exact name of the action between action tags like: <action> action_name </action>.

Your thinking budget is 150 tokens. If you exceed this limit, you will be forced to provide an immediate answer.
Your overall generation limit is 200 tokens.
2026-01-25 17:04:43,352 - src.driver - INFO - GENERATED CONTENT: <action>  Arid Desert </action> 
 PARSED ACTION: Arid Desert
2026-01-25 17:04:43,353 - src.driver - INFO - You will be assigned a task. 
You will receive the actions you have available, followed by the action history. 
Your goal is to maximize the total reward across all 10 steps. We are on step 7. 

Task Assignment:
---
You are a farmer who owns 3 fields. Each action corresponds to planting your crop in a different field. Each field is associated with a Gaussian distribution with a fixed but unknown mean. At each time step, you will select a field and receive a reward drawn from the associated distribution. Your goal is to maximize your reward across all of your turns.
---

Available Actions:
---

- Field Name: Arid Desert - This action has been selected 2 time(s) for an observed mean of 77.25345466730977

- Field Name: Productive Grassland - This action has been selected 5 time(s) for an observed mean of 21.93846289142251

- Field Name: Rocky Hills - This action has been selected 0 time(s) for an observed mean of Unknown

---
When selecting an action, include only the name of the action. Do not include the dashes used to indicate the list here.

Please select an action from the list of action options in order to maximize the reward for your task.
When selecting an action, put the exact name of the action between action tags like: <action> action_name </action>.

Your thinking budget is 150 tokens. If you exceed this limit, you will be forced to provide an immediate answer.
Your overall generation limit is 200 tokens.
2026-01-25 17:05:16,208 - src.driver - INFO - GENERATED CONTENT: <action>  Arid Desert </action> 
 PARSED ACTION: Arid Desert
2026-01-25 17:05:16,208 - src.driver - INFO - You will be assigned a task. 
You will receive the actions you have available, followed by the action history. 
Your goal is to maximize the total reward across all 10 steps. We are on step 8. 

Task Assignment:
---
You are a farmer who owns 3 fields. Each action corresponds to planting your crop in a different field. Each field is associated with a Gaussian distribution with a fixed but unknown mean. At each time step, you will select a field and receive a reward drawn from the associated distribution. Your goal is to maximize your reward across all of your turns.
---

Available Actions:
---

- Field Name: Arid Desert - This action has been selected 3 time(s) for an observed mean of 75.95328402557985

- Field Name: Productive Grassland - This action has been selected 5 time(s) for an observed mean of 21.93846289142251

- Field Name: Rocky Hills - This action has been selected 0 time(s) for an observed mean of Unknown

---
When selecting an action, include only the name of the action. Do not include the dashes used to indicate the list here.

Please select an action from the list of action options in order to maximize the reward for your task.
When selecting an action, put the exact name of the action between action tags like: <action> action_name </action>.

Your thinking budget is 150 tokens. If you exceed this limit, you will be forced to provide an immediate answer.
Your overall generation limit is 200 tokens.
2026-01-25 17:05:49,089 - src.driver - INFO - GENERATED CONTENT: <action>  Arid Desert </action> 
 PARSED ACTION: Arid Desert
2026-01-25 17:05:49,089 - src.driver - INFO - You will be assigned a task. 
You will receive the actions you have available, followed by the action history. 
Your goal is to maximize the total reward across all 10 steps. We are on step 9. 

Task Assignment:
---
You are a farmer who owns 3 fields. Each action corresponds to planting your crop in a different field. Each field is associated with a Gaussian distribution with a fixed but unknown mean. At each time step, you will select a field and receive a reward drawn from the associated distribution. Your goal is to maximize your reward across all of your turns.
---

Available Actions:
---

- Field Name: Arid Desert - This action has been selected 4 time(s) for an observed mean of 74.5499358332746

- Field Name: Productive Grassland - This action has been selected 5 time(s) for an observed mean of 21.93846289142251

- Field Name: Rocky Hills - This action has been selected 0 time(s) for an observed mean of Unknown

---
When selecting an action, include only the name of the action. Do not include the dashes used to indicate the list here.

Please select an action from the list of action options in order to maximize the reward for your task.
When selecting an action, put the exact name of the action between action tags like: <action> action_name </action>.

Your thinking budget is 150 tokens. If you exceed this limit, you will be forced to provide an immediate answer.
Your overall generation limit is 200 tokens.
2026-01-25 17:06:21,933 - src.driver - INFO - GENERATED CONTENT: <action>  Arid Desert </action> 
 PARSED ACTION: Arid Desert
