2026-01-25 18:36:41,283 - src.driver - INFO - You will be assigned a task. 
You will receive the actions you have available, followed by the action history. 
Your goal is to maximize the total reward across all 10 steps. We are on step 0. 

Task Assignment:
---
You are faced with a 3-armed bandit problem.  Each action corresponds to pulling a specific arm. Each arm is associated with a Gaussian distribution with a fixed but unknown mean. At each time step, you will select a field and receive a reward drawn from the associated distribution. Your goal is to select which arm to pull in order to maximize your reward across all of your turns.
---

Available Actions:
---

- Arm Name: Intermediate Reward - This action has been selected 0 time(s) for an observed mean of Unknown

- Arm Name: Lowest Reward - This action has been selected 0 time(s) for an observed mean of Unknown

- Arm Name: Highest Reward - This action has been selected 0 time(s) for an observed mean of Unknown

---
When selecting an action, include only the name of the action. Do not include the dashes used to indicate the list here.

Please select an action from the list of action options in order to maximize the reward for your task.
When selecting an action, put the exact name of the action between action tags like: <action> action_name </action>.

Your thinking budget is 150 tokens. If you exceed this limit, you will be forced to provide an immediate answer.
Your overall generation limit is 200 tokens.
2026-01-25 18:37:13,801 - src.driver - INFO - GENERATED CONTENT: <action>  Highest Reward </action> 
 PARSED ACTION: Highest Reward
2026-01-25 18:37:13,802 - src.driver - INFO - You will be assigned a task. 
You will receive the actions you have available, followed by the action history. 
Your goal is to maximize the total reward across all 10 steps. We are on step 1. 

Task Assignment:
---
You are faced with a 3-armed bandit problem.  Each action corresponds to pulling a specific arm. Each arm is associated with a Gaussian distribution with a fixed but unknown mean. At each time step, you will select a field and receive a reward drawn from the associated distribution. Your goal is to select which arm to pull in order to maximize your reward across all of your turns.
---

Available Actions:
---

- Arm Name: Intermediate Reward - This action has been selected 0 time(s) for an observed mean of Unknown

- Arm Name: Lowest Reward - This action has been selected 0 time(s) for an observed mean of Unknown

- Arm Name: Highest Reward - This action has been selected 1 time(s) for an observed mean of 85.0941446115509

---
When selecting an action, include only the name of the action. Do not include the dashes used to indicate the list here.

Please select an action from the list of action options in order to maximize the reward for your task.
When selecting an action, put the exact name of the action between action tags like: <action> action_name </action>.

Your thinking budget is 150 tokens. If you exceed this limit, you will be forced to provide an immediate answer.
Your overall generation limit is 200 tokens.
2026-01-25 18:37:46,317 - src.driver - INFO - GENERATED CONTENT: <action>  Highest Reward </action> 
 PARSED ACTION: Highest Reward
2026-01-25 18:37:46,318 - src.driver - INFO - You will be assigned a task. 
You will receive the actions you have available, followed by the action history. 
Your goal is to maximize the total reward across all 10 steps. We are on step 2. 

Task Assignment:
---
You are faced with a 3-armed bandit problem.  Each action corresponds to pulling a specific arm. Each arm is associated with a Gaussian distribution with a fixed but unknown mean. At each time step, you will select a field and receive a reward drawn from the associated distribution. Your goal is to select which arm to pull in order to maximize your reward across all of your turns.
---

Available Actions:
---

- Arm Name: Intermediate Reward - This action has been selected 0 time(s) for an observed mean of Unknown

- Arm Name: Lowest Reward - This action has been selected 0 time(s) for an observed mean of Unknown

- Arm Name: Highest Reward - This action has been selected 2 time(s) for an observed mean of 86.73852147008648

---
When selecting an action, include only the name of the action. Do not include the dashes used to indicate the list here.

Please select an action from the list of action options in order to maximize the reward for your task.
When selecting an action, put the exact name of the action between action tags like: <action> action_name </action>.

Your thinking budget is 150 tokens. If you exceed this limit, you will be forced to provide an immediate answer.
Your overall generation limit is 200 tokens.
2026-01-25 18:38:18,836 - src.driver - INFO - GENERATED CONTENT: <action>  Highest Reward </action> 
 PARSED ACTION: Highest Reward
2026-01-25 18:38:18,837 - src.driver - INFO - You will be assigned a task. 
You will receive the actions you have available, followed by the action history. 
Your goal is to maximize the total reward across all 10 steps. We are on step 3. 

Task Assignment:
---
You are faced with a 3-armed bandit problem.  Each action corresponds to pulling a specific arm. Each arm is associated with a Gaussian distribution with a fixed but unknown mean. At each time step, you will select a field and receive a reward drawn from the associated distribution. Your goal is to select which arm to pull in order to maximize your reward across all of your turns.
---

Available Actions:
---

- Arm Name: Intermediate Reward - This action has been selected 0 time(s) for an observed mean of Unknown

- Arm Name: Lowest Reward - This action has been selected 0 time(s) for an observed mean of Unknown

- Arm Name: Highest Reward - This action has been selected 3 time(s) for an observed mean of 78.53217308093882

---
When selecting an action, include only the name of the action. Do not include the dashes used to indicate the list here.

Please select an action from the list of action options in order to maximize the reward for your task.
When selecting an action, put the exact name of the action between action tags like: <action> action_name </action>.

Your thinking budget is 150 tokens. If you exceed this limit, you will be forced to provide an immediate answer.
Your overall generation limit is 200 tokens.
2026-01-25 18:38:51,344 - src.driver - INFO - GENERATED CONTENT: <action>  Highest Reward </action> 
 PARSED ACTION: Highest Reward
2026-01-25 18:38:51,345 - src.driver - INFO - You will be assigned a task. 
You will receive the actions you have available, followed by the action history. 
Your goal is to maximize the total reward across all 10 steps. We are on step 4. 

Task Assignment:
---
You are faced with a 3-armed bandit problem.  Each action corresponds to pulling a specific arm. Each arm is associated with a Gaussian distribution with a fixed but unknown mean. At each time step, you will select a field and receive a reward drawn from the associated distribution. Your goal is to select which arm to pull in order to maximize your reward across all of your turns.
---

Available Actions:
---

- Arm Name: Intermediate Reward - This action has been selected 0 time(s) for an observed mean of Unknown

- Arm Name: Lowest Reward - This action has been selected 0 time(s) for an observed mean of Unknown

- Arm Name: Highest Reward - This action has been selected 4 time(s) for an observed mean of 77.09314803468591

---
When selecting an action, include only the name of the action. Do not include the dashes used to indicate the list here.

Please select an action from the list of action options in order to maximize the reward for your task.
When selecting an action, put the exact name of the action between action tags like: <action> action_name </action>.

Your thinking budget is 150 tokens. If you exceed this limit, you will be forced to provide an immediate answer.
Your overall generation limit is 200 tokens.
2026-01-25 18:39:23,898 - src.driver - INFO - GENERATED CONTENT: <action>  Intermediate Reward </action> 
 PARSED ACTION: Intermediate Reward
2026-01-25 18:39:23,898 - src.driver - INFO - You will be assigned a task. 
You will receive the actions you have available, followed by the action history. 
Your goal is to maximize the total reward across all 10 steps. We are on step 5. 

Task Assignment:
---
You are faced with a 3-armed bandit problem.  Each action corresponds to pulling a specific arm. Each arm is associated with a Gaussian distribution with a fixed but unknown mean. At each time step, you will select a field and receive a reward drawn from the associated distribution. Your goal is to select which arm to pull in order to maximize your reward across all of your turns.
---

Available Actions:
---

- Arm Name: Intermediate Reward - This action has been selected 1 time(s) for an observed mean of 58.214669024697805

- Arm Name: Lowest Reward - This action has been selected 0 time(s) for an observed mean of Unknown

- Arm Name: Highest Reward - This action has been selected 4 time(s) for an observed mean of 77.09314803468591

---
When selecting an action, include only the name of the action. Do not include the dashes used to indicate the list here.

Please select an action from the list of action options in order to maximize the reward for your task.
When selecting an action, put the exact name of the action between action tags like: <action> action_name </action>.

Your thinking budget is 150 tokens. If you exceed this limit, you will be forced to provide an immediate answer.
Your overall generation limit is 200 tokens.
2026-01-25 18:39:56,537 - src.driver - INFO - GENERATED CONTENT: <action>  Highest Reward </action> 
 PARSED ACTION: Highest Reward
2026-01-25 18:39:56,537 - src.driver - INFO - You will be assigned a task. 
You will receive the actions you have available, followed by the action history. 
Your goal is to maximize the total reward across all 10 steps. We are on step 6. 

Task Assignment:
---
You are faced with a 3-armed bandit problem.  Each action corresponds to pulling a specific arm. Each arm is associated with a Gaussian distribution with a fixed but unknown mean. At each time step, you will select a field and receive a reward drawn from the associated distribution. Your goal is to select which arm to pull in order to maximize your reward across all of your turns.
---

Available Actions:
---

- Arm Name: Intermediate Reward - This action has been selected 1 time(s) for an observed mean of 58.214669024697805

- Arm Name: Lowest Reward - This action has been selected 0 time(s) for an observed mean of Unknown

- Arm Name: Highest Reward - This action has been selected 5 time(s) for an observed mean of 76.78154217988232

---
When selecting an action, include only the name of the action. Do not include the dashes used to indicate the list here.

Please select an action from the list of action options in order to maximize the reward for your task.
When selecting an action, put the exact name of the action between action tags like: <action> action_name </action>.

Your thinking budget is 150 tokens. If you exceed this limit, you will be forced to provide an immediate answer.
Your overall generation limit is 200 tokens.
2026-01-25 18:40:29,180 - src.driver - INFO - GENERATED CONTENT: <action>  Highest Reward </action> 
 PARSED ACTION: Highest Reward
2026-01-25 18:40:29,180 - src.driver - INFO - You will be assigned a task. 
You will receive the actions you have available, followed by the action history. 
Your goal is to maximize the total reward across all 10 steps. We are on step 7. 

Task Assignment:
---
You are faced with a 3-armed bandit problem.  Each action corresponds to pulling a specific arm. Each arm is associated with a Gaussian distribution with a fixed but unknown mean. At each time step, you will select a field and receive a reward drawn from the associated distribution. Your goal is to select which arm to pull in order to maximize your reward across all of your turns.
---

Available Actions:
---

- Arm Name: Intermediate Reward - This action has been selected 1 time(s) for an observed mean of 58.214669024697805

- Arm Name: Lowest Reward - This action has been selected 0 time(s) for an observed mean of Unknown

- Arm Name: Highest Reward - This action has been selected 6 time(s) for an observed mean of 75.34456119565684

---
When selecting an action, include only the name of the action. Do not include the dashes used to indicate the list here.

Please select an action from the list of action options in order to maximize the reward for your task.
When selecting an action, put the exact name of the action between action tags like: <action> action_name </action>.

Your thinking budget is 150 tokens. If you exceed this limit, you will be forced to provide an immediate answer.
Your overall generation limit is 200 tokens.
2026-01-25 18:41:01,859 - src.driver - INFO - GENERATED CONTENT: <action>  Highest Reward </action> 
 PARSED ACTION: Highest Reward
2026-01-25 18:41:01,859 - src.driver - INFO - You will be assigned a task. 
You will receive the actions you have available, followed by the action history. 
Your goal is to maximize the total reward across all 10 steps. We are on step 8. 

Task Assignment:
---
You are faced with a 3-armed bandit problem.  Each action corresponds to pulling a specific arm. Each arm is associated with a Gaussian distribution with a fixed but unknown mean. At each time step, you will select a field and receive a reward drawn from the associated distribution. Your goal is to select which arm to pull in order to maximize your reward across all of your turns.
---

Available Actions:
---

- Arm Name: Intermediate Reward - This action has been selected 1 time(s) for an observed mean of 58.214669024697805

- Arm Name: Lowest Reward - This action has been selected 0 time(s) for an observed mean of Unknown

- Arm Name: Highest Reward - This action has been selected 7 time(s) for an observed mean of 74.40068333648605

---
When selecting an action, include only the name of the action. Do not include the dashes used to indicate the list here.

Please select an action from the list of action options in order to maximize the reward for your task.
When selecting an action, put the exact name of the action between action tags like: <action> action_name </action>.

Your thinking budget is 150 tokens. If you exceed this limit, you will be forced to provide an immediate answer.
Your overall generation limit is 200 tokens.
2026-01-25 18:41:34,486 - src.driver - INFO - GENERATED CONTENT: <action>  Highest Reward </action> 
 PARSED ACTION: Highest Reward
2026-01-25 18:41:34,486 - src.driver - INFO - You will be assigned a task. 
You will receive the actions you have available, followed by the action history. 
Your goal is to maximize the total reward across all 10 steps. We are on step 9. 

Task Assignment:
---
You are faced with a 3-armed bandit problem.  Each action corresponds to pulling a specific arm. Each arm is associated with a Gaussian distribution with a fixed but unknown mean. At each time step, you will select a field and receive a reward drawn from the associated distribution. Your goal is to select which arm to pull in order to maximize your reward across all of your turns.
---

Available Actions:
---

- Arm Name: Intermediate Reward - This action has been selected 1 time(s) for an observed mean of 58.214669024697805

- Arm Name: Lowest Reward - This action has been selected 0 time(s) for an observed mean of Unknown

- Arm Name: Highest Reward - This action has been selected 8 time(s) for an observed mean of 74.9468608263727

---
When selecting an action, include only the name of the action. Do not include the dashes used to indicate the list here.

Please select an action from the list of action options in order to maximize the reward for your task.
When selecting an action, put the exact name of the action between action tags like: <action> action_name </action>.

Your thinking budget is 150 tokens. If you exceed this limit, you will be forced to provide an immediate answer.
Your overall generation limit is 200 tokens.
2026-01-25 18:42:07,132 - src.driver - INFO - GENERATED CONTENT: <action>  Highest Reward </action> 
 PARSED ACTION: Highest Reward
2026-01-25 18:42:07,148 - src.driver - INFO - You will be assigned a task. 
You will receive the actions you have available, followed by the action history. 
Your goal is to maximize the total reward across all 10 steps. We are on step 0. 

Task Assignment:
---
You are faced with a 3-armed bandit problem.  Each action corresponds to pulling a specific arm. Each arm is associated with a Gaussian distribution with a fixed but unknown mean. At each time step, you will select a field and receive a reward drawn from the associated distribution. Your goal is to select which arm to pull in order to maximize your reward across all of your turns.
---

Available Actions:
---

- Arm Name: Intermediate Reward - This action has been selected 0 time(s) for an observed mean of Unknown

- Arm Name: Lowest Reward - This action has been selected 0 time(s) for an observed mean of Unknown

- Arm Name: Highest Reward - This action has been selected 0 time(s) for an observed mean of Unknown

---
When selecting an action, include only the name of the action. Do not include the dashes used to indicate the list here.

Please select an action from the list of action options in order to maximize the reward for your task.
When selecting an action, put the exact name of the action between action tags like: <action> action_name </action>.

Your thinking budget is 150 tokens. If you exceed this limit, you will be forced to provide an immediate answer.
Your overall generation limit is 200 tokens.
2026-01-25 18:42:39,119 - src.driver - INFO - GENERATED CONTENT: <action>  Highest Reward </action> 
 PARSED ACTION: Highest Reward
2026-01-25 18:42:39,119 - src.driver - INFO - You will be assigned a task. 
You will receive the actions you have available, followed by the action history. 
Your goal is to maximize the total reward across all 10 steps. We are on step 1. 

Task Assignment:
---
You are faced with a 3-armed bandit problem.  Each action corresponds to pulling a specific arm. Each arm is associated with a Gaussian distribution with a fixed but unknown mean. At each time step, you will select a field and receive a reward drawn from the associated distribution. Your goal is to select which arm to pull in order to maximize your reward across all of your turns.
---

Available Actions:
---

- Arm Name: Intermediate Reward - This action has been selected 0 time(s) for an observed mean of Unknown

- Arm Name: Lowest Reward - This action has been selected 0 time(s) for an observed mean of Unknown

- Arm Name: Highest Reward - This action has been selected 1 time(s) for an observed mean of 65.73790409838502

---
When selecting an action, include only the name of the action. Do not include the dashes used to indicate the list here.

Please select an action from the list of action options in order to maximize the reward for your task.
When selecting an action, put the exact name of the action between action tags like: <action> action_name </action>.

Your thinking budget is 150 tokens. If you exceed this limit, you will be forced to provide an immediate answer.
Your overall generation limit is 200 tokens.
2026-01-25 18:43:11,630 - src.driver - INFO - GENERATED CONTENT: <action>  Highest Reward </action> 
 PARSED ACTION: Highest Reward
2026-01-25 18:43:11,631 - src.driver - INFO - You will be assigned a task. 
You will receive the actions you have available, followed by the action history. 
Your goal is to maximize the total reward across all 10 steps. We are on step 2. 

Task Assignment:
---
You are faced with a 3-armed bandit problem.  Each action corresponds to pulling a specific arm. Each arm is associated with a Gaussian distribution with a fixed but unknown mean. At each time step, you will select a field and receive a reward drawn from the associated distribution. Your goal is to select which arm to pull in order to maximize your reward across all of your turns.
---

Available Actions:
---

- Arm Name: Intermediate Reward - This action has been selected 0 time(s) for an observed mean of Unknown

- Arm Name: Lowest Reward - This action has been selected 0 time(s) for an observed mean of Unknown

- Arm Name: Highest Reward - This action has been selected 2 time(s) for an observed mean of 69.3028614253842

---
When selecting an action, include only the name of the action. Do not include the dashes used to indicate the list here.

Please select an action from the list of action options in order to maximize the reward for your task.
When selecting an action, put the exact name of the action between action tags like: <action> action_name </action>.

Your thinking budget is 150 tokens. If you exceed this limit, you will be forced to provide an immediate answer.
Your overall generation limit is 200 tokens.
2026-01-25 18:43:44,145 - src.driver - INFO - GENERATED CONTENT: <action>  Highest Reward </action> 
 PARSED ACTION: Highest Reward
2026-01-25 18:43:44,145 - src.driver - INFO - You will be assigned a task. 
You will receive the actions you have available, followed by the action history. 
Your goal is to maximize the total reward across all 10 steps. We are on step 3. 

Task Assignment:
---
You are faced with a 3-armed bandit problem.  Each action corresponds to pulling a specific arm. Each arm is associated with a Gaussian distribution with a fixed but unknown mean. At each time step, you will select a field and receive a reward drawn from the associated distribution. Your goal is to select which arm to pull in order to maximize your reward across all of your turns.
---

Available Actions:
---

- Arm Name: Intermediate Reward - This action has been selected 0 time(s) for an observed mean of Unknown

- Arm Name: Lowest Reward - This action has been selected 0 time(s) for an observed mean of Unknown

- Arm Name: Highest Reward - This action has been selected 3 time(s) for an observed mean of 68.47559380033327

---
When selecting an action, include only the name of the action. Do not include the dashes used to indicate the list here.

Please select an action from the list of action options in order to maximize the reward for your task.
When selecting an action, put the exact name of the action between action tags like: <action> action_name </action>.

Your thinking budget is 150 tokens. If you exceed this limit, you will be forced to provide an immediate answer.
Your overall generation limit is 200 tokens.
2026-01-25 18:44:16,665 - src.driver - INFO - GENERATED CONTENT: <action>  Highest Reward </action> 
 PARSED ACTION: Highest Reward
2026-01-25 18:44:16,665 - src.driver - INFO - You will be assigned a task. 
You will receive the actions you have available, followed by the action history. 
Your goal is to maximize the total reward across all 10 steps. We are on step 4. 

Task Assignment:
---
You are faced with a 3-armed bandit problem.  Each action corresponds to pulling a specific arm. Each arm is associated with a Gaussian distribution with a fixed but unknown mean. At each time step, you will select a field and receive a reward drawn from the associated distribution. Your goal is to select which arm to pull in order to maximize your reward across all of your turns.
---

Available Actions:
---

- Arm Name: Intermediate Reward - This action has been selected 0 time(s) for an observed mean of Unknown

- Arm Name: Lowest Reward - This action has been selected 0 time(s) for an observed mean of Unknown

- Arm Name: Highest Reward - This action has been selected 4 time(s) for an observed mean of 73.85135352362774

---
When selecting an action, include only the name of the action. Do not include the dashes used to indicate the list here.

Please select an action from the list of action options in order to maximize the reward for your task.
When selecting an action, put the exact name of the action between action tags like: <action> action_name </action>.

Your thinking budget is 150 tokens. If you exceed this limit, you will be forced to provide an immediate answer.
Your overall generation limit is 200 tokens.
2026-01-25 18:44:49,210 - src.driver - INFO - GENERATED CONTENT: <action>  Highest Reward </action> 
 PARSED ACTION: Highest Reward
2026-01-25 18:44:49,210 - src.driver - INFO - You will be assigned a task. 
You will receive the actions you have available, followed by the action history. 
Your goal is to maximize the total reward across all 10 steps. We are on step 5. 

Task Assignment:
---
You are faced with a 3-armed bandit problem.  Each action corresponds to pulling a specific arm. Each arm is associated with a Gaussian distribution with a fixed but unknown mean. At each time step, you will select a field and receive a reward drawn from the associated distribution. Your goal is to select which arm to pull in order to maximize your reward across all of your turns.
---

Available Actions:
---

- Arm Name: Intermediate Reward - This action has been selected 0 time(s) for an observed mean of Unknown

- Arm Name: Lowest Reward - This action has been selected 0 time(s) for an observed mean of Unknown

- Arm Name: Highest Reward - This action has been selected 5 time(s) for an observed mean of 74.53283325153534

---
When selecting an action, include only the name of the action. Do not include the dashes used to indicate the list here.

Please select an action from the list of action options in order to maximize the reward for your task.
When selecting an action, put the exact name of the action between action tags like: <action> action_name </action>.

Your thinking budget is 150 tokens. If you exceed this limit, you will be forced to provide an immediate answer.
Your overall generation limit is 200 tokens.
2026-01-25 18:45:21,757 - src.driver - INFO - GENERATED CONTENT: <action>  Highest Reward </action> 
 PARSED ACTION: Highest Reward
2026-01-25 18:45:21,757 - src.driver - INFO - You will be assigned a task. 
You will receive the actions you have available, followed by the action history. 
Your goal is to maximize the total reward across all 10 steps. We are on step 6. 

Task Assignment:
---
You are faced with a 3-armed bandit problem.  Each action corresponds to pulling a specific arm. Each arm is associated with a Gaussian distribution with a fixed but unknown mean. At each time step, you will select a field and receive a reward drawn from the associated distribution. Your goal is to select which arm to pull in order to maximize your reward across all of your turns.
---

Available Actions:
---

- Arm Name: Intermediate Reward - This action has been selected 0 time(s) for an observed mean of Unknown

- Arm Name: Lowest Reward - This action has been selected 0 time(s) for an observed mean of Unknown

- Arm Name: Highest Reward - This action has been selected 6 time(s) for an observed mean of 77.59760657107076

---
When selecting an action, include only the name of the action. Do not include the dashes used to indicate the list here.

Please select an action from the list of action options in order to maximize the reward for your task.
When selecting an action, put the exact name of the action between action tags like: <action> action_name </action>.

Your thinking budget is 150 tokens. If you exceed this limit, you will be forced to provide an immediate answer.
Your overall generation limit is 200 tokens.
2026-01-25 18:45:54,244 - src.driver - INFO - GENERATED CONTENT: <action>  Highest Reward </action> 
 PARSED ACTION: Highest Reward
2026-01-25 18:45:54,244 - src.driver - INFO - You will be assigned a task. 
You will receive the actions you have available, followed by the action history. 
Your goal is to maximize the total reward across all 10 steps. We are on step 7. 

Task Assignment:
---
You are faced with a 3-armed bandit problem.  Each action corresponds to pulling a specific arm. Each arm is associated with a Gaussian distribution with a fixed but unknown mean. At each time step, you will select a field and receive a reward drawn from the associated distribution. Your goal is to select which arm to pull in order to maximize your reward across all of your turns.
---

Available Actions:
---

- Arm Name: Intermediate Reward - This action has been selected 0 time(s) for an observed mean of Unknown

- Arm Name: Lowest Reward - This action has been selected 0 time(s) for an observed mean of Unknown

- Arm Name: Highest Reward - This action has been selected 7 time(s) for an observed mean of 78.08173330517967

---
When selecting an action, include only the name of the action. Do not include the dashes used to indicate the list here.

Please select an action from the list of action options in order to maximize the reward for your task.
When selecting an action, put the exact name of the action between action tags like: <action> action_name </action>.

Your thinking budget is 150 tokens. If you exceed this limit, you will be forced to provide an immediate answer.
Your overall generation limit is 200 tokens.
2026-01-25 18:46:26,650 - src.driver - INFO - GENERATED CONTENT: <action>  Highest Reward </action> 
 PARSED ACTION: Highest Reward
2026-01-25 18:46:26,651 - src.driver - INFO - You will be assigned a task. 
You will receive the actions you have available, followed by the action history. 
Your goal is to maximize the total reward across all 10 steps. We are on step 8. 

Task Assignment:
---
You are faced with a 3-armed bandit problem.  Each action corresponds to pulling a specific arm. Each arm is associated with a Gaussian distribution with a fixed but unknown mean. At each time step, you will select a field and receive a reward drawn from the associated distribution. Your goal is to select which arm to pull in order to maximize your reward across all of your turns.
---

Available Actions:
---

- Arm Name: Intermediate Reward - This action has been selected 0 time(s) for an observed mean of Unknown

- Arm Name: Lowest Reward - This action has been selected 0 time(s) for an observed mean of Unknown

- Arm Name: Highest Reward - This action has been selected 8 time(s) for an observed mean of 78.11654905837679

---
When selecting an action, include only the name of the action. Do not include the dashes used to indicate the list here.

Please select an action from the list of action options in order to maximize the reward for your task.
When selecting an action, put the exact name of the action between action tags like: <action> action_name </action>.

Your thinking budget is 150 tokens. If you exceed this limit, you will be forced to provide an immediate answer.
Your overall generation limit is 200 tokens.
2026-01-25 18:46:59,051 - src.driver - INFO - GENERATED CONTENT: <action>  Intermediate Reward </action> 
 PARSED ACTION: Intermediate Reward
2026-01-25 18:46:59,051 - src.driver - INFO - You will be assigned a task. 
You will receive the actions you have available, followed by the action history. 
Your goal is to maximize the total reward across all 10 steps. We are on step 9. 

Task Assignment:
---
You are faced with a 3-armed bandit problem.  Each action corresponds to pulling a specific arm. Each arm is associated with a Gaussian distribution with a fixed but unknown mean. At each time step, you will select a field and receive a reward drawn from the associated distribution. Your goal is to select which arm to pull in order to maximize your reward across all of your turns.
---

Available Actions:
---

- Arm Name: Intermediate Reward - This action has been selected 1 time(s) for an observed mean of 61.93846556605474

- Arm Name: Lowest Reward - This action has been selected 0 time(s) for an observed mean of Unknown

- Arm Name: Highest Reward - This action has been selected 8 time(s) for an observed mean of 78.11654905837679

---
When selecting an action, include only the name of the action. Do not include the dashes used to indicate the list here.

Please select an action from the list of action options in order to maximize the reward for your task.
When selecting an action, put the exact name of the action between action tags like: <action> action_name </action>.

Your thinking budget is 150 tokens. If you exceed this limit, you will be forced to provide an immediate answer.
Your overall generation limit is 200 tokens.
2026-01-25 18:47:31,641 - src.driver - INFO - GENERATED CONTENT: <action>  Highest Reward </action> 
 PARSED ACTION: Highest Reward
2026-01-25 18:47:31,655 - src.driver - INFO - You will be assigned a task. 
You will receive the actions you have available, followed by the action history. 
Your goal is to maximize the total reward across all 10 steps. We are on step 0. 

Task Assignment:
---
You are faced with a 3-armed bandit problem.  Each action corresponds to pulling a specific arm. Each arm is associated with a Gaussian distribution with a fixed but unknown mean. At each time step, you will select a field and receive a reward drawn from the associated distribution. Your goal is to select which arm to pull in order to maximize your reward across all of your turns.
---

Available Actions:
---

- Arm Name: Intermediate Reward - This action has been selected 0 time(s) for an observed mean of Unknown

- Arm Name: Highest Reward - This action has been selected 0 time(s) for an observed mean of Unknown

- Arm Name: Lowest Reward - This action has been selected 0 time(s) for an observed mean of Unknown

---
When selecting an action, include only the name of the action. Do not include the dashes used to indicate the list here.

Please select an action from the list of action options in order to maximize the reward for your task.
When selecting an action, put the exact name of the action between action tags like: <action> action_name </action>.

Your thinking budget is 150 tokens. If you exceed this limit, you will be forced to provide an immediate answer.
Your overall generation limit is 200 tokens.
2026-01-25 18:48:03,648 - src.driver - INFO - GENERATED CONTENT: <action>  Highest Reward </action> 
 PARSED ACTION: Highest Reward
2026-01-25 18:48:03,648 - src.driver - INFO - You will be assigned a task. 
You will receive the actions you have available, followed by the action history. 
Your goal is to maximize the total reward across all 10 steps. We are on step 1. 

Task Assignment:
---
You are faced with a 3-armed bandit problem.  Each action corresponds to pulling a specific arm. Each arm is associated with a Gaussian distribution with a fixed but unknown mean. At each time step, you will select a field and receive a reward drawn from the associated distribution. Your goal is to select which arm to pull in order to maximize your reward across all of your turns.
---

Available Actions:
---

- Arm Name: Intermediate Reward - This action has been selected 0 time(s) for an observed mean of Unknown

- Arm Name: Highest Reward - This action has been selected 1 time(s) for an observed mean of 96.12217790112155

- Arm Name: Lowest Reward - This action has been selected 0 time(s) for an observed mean of Unknown

---
When selecting an action, include only the name of the action. Do not include the dashes used to indicate the list here.

Please select an action from the list of action options in order to maximize the reward for your task.
When selecting an action, put the exact name of the action between action tags like: <action> action_name </action>.

Your thinking budget is 150 tokens. If you exceed this limit, you will be forced to provide an immediate answer.
Your overall generation limit is 200 tokens.
2026-01-25 18:48:36,189 - src.driver - INFO - GENERATED CONTENT: <action>  Highest Reward </action> 
 PARSED ACTION: Highest Reward
2026-01-25 18:48:36,189 - src.driver - INFO - You will be assigned a task. 
You will receive the actions you have available, followed by the action history. 
Your goal is to maximize the total reward across all 10 steps. We are on step 2. 

Task Assignment:
---
You are faced with a 3-armed bandit problem.  Each action corresponds to pulling a specific arm. Each arm is associated with a Gaussian distribution with a fixed but unknown mean. At each time step, you will select a field and receive a reward drawn from the associated distribution. Your goal is to select which arm to pull in order to maximize your reward across all of your turns.
---

Available Actions:
---

- Arm Name: Intermediate Reward - This action has been selected 0 time(s) for an observed mean of Unknown

- Arm Name: Highest Reward - This action has been selected 2 time(s) for an observed mean of 80.37108355367307

- Arm Name: Lowest Reward - This action has been selected 0 time(s) for an observed mean of Unknown

---
When selecting an action, include only the name of the action. Do not include the dashes used to indicate the list here.

Please select an action from the list of action options in order to maximize the reward for your task.
When selecting an action, put the exact name of the action between action tags like: <action> action_name </action>.

Your thinking budget is 150 tokens. If you exceed this limit, you will be forced to provide an immediate answer.
Your overall generation limit is 200 tokens.
2026-01-25 18:49:08,714 - src.driver - INFO - GENERATED CONTENT: <action>  Highest Reward </action> 
 PARSED ACTION: Highest Reward
2026-01-25 18:49:08,715 - src.driver - INFO - You will be assigned a task. 
You will receive the actions you have available, followed by the action history. 
Your goal is to maximize the total reward across all 10 steps. We are on step 3. 

Task Assignment:
---
You are faced with a 3-armed bandit problem.  Each action corresponds to pulling a specific arm. Each arm is associated with a Gaussian distribution with a fixed but unknown mean. At each time step, you will select a field and receive a reward drawn from the associated distribution. Your goal is to select which arm to pull in order to maximize your reward across all of your turns.
---

Available Actions:
---

- Arm Name: Intermediate Reward - This action has been selected 0 time(s) for an observed mean of Unknown

- Arm Name: Highest Reward - This action has been selected 3 time(s) for an observed mean of 71.05505298248055

- Arm Name: Lowest Reward - This action has been selected 0 time(s) for an observed mean of Unknown

---
When selecting an action, include only the name of the action. Do not include the dashes used to indicate the list here.

Please select an action from the list of action options in order to maximize the reward for your task.
When selecting an action, put the exact name of the action between action tags like: <action> action_name </action>.

Your thinking budget is 150 tokens. If you exceed this limit, you will be forced to provide an immediate answer.
Your overall generation limit is 200 tokens.
2026-01-25 18:49:41,222 - src.driver - INFO - GENERATED CONTENT: <action>  Highest Reward </action> 
 PARSED ACTION: Highest Reward
2026-01-25 18:49:41,223 - src.driver - INFO - You will be assigned a task. 
You will receive the actions you have available, followed by the action history. 
Your goal is to maximize the total reward across all 10 steps. We are on step 4. 

Task Assignment:
---
You are faced with a 3-armed bandit problem.  Each action corresponds to pulling a specific arm. Each arm is associated with a Gaussian distribution with a fixed but unknown mean. At each time step, you will select a field and receive a reward drawn from the associated distribution. Your goal is to select which arm to pull in order to maximize your reward across all of your turns.
---

Available Actions:
---

- Arm Name: Intermediate Reward - This action has been selected 0 time(s) for an observed mean of Unknown

- Arm Name: Highest Reward - This action has been selected 4 time(s) for an observed mean of 72.97207920998622

- Arm Name: Lowest Reward - This action has been selected 0 time(s) for an observed mean of Unknown

---
When selecting an action, include only the name of the action. Do not include the dashes used to indicate the list here.

Please select an action from the list of action options in order to maximize the reward for your task.
When selecting an action, put the exact name of the action between action tags like: <action> action_name </action>.

Your thinking budget is 150 tokens. If you exceed this limit, you will be forced to provide an immediate answer.
Your overall generation limit is 200 tokens.
2026-01-25 18:50:13,741 - src.driver - INFO - GENERATED CONTENT: <action>  Highest Reward </action> 
 PARSED ACTION: Highest Reward
2026-01-25 18:50:13,742 - src.driver - INFO - You will be assigned a task. 
You will receive the actions you have available, followed by the action history. 
Your goal is to maximize the total reward across all 10 steps. We are on step 5. 

Task Assignment:
---
You are faced with a 3-armed bandit problem.  Each action corresponds to pulling a specific arm. Each arm is associated with a Gaussian distribution with a fixed but unknown mean. At each time step, you will select a field and receive a reward drawn from the associated distribution. Your goal is to select which arm to pull in order to maximize your reward across all of your turns.
---

Available Actions:
---

- Arm Name: Intermediate Reward - This action has been selected 0 time(s) for an observed mean of Unknown

- Arm Name: Highest Reward - This action has been selected 5 time(s) for an observed mean of 76.92009683862598

- Arm Name: Lowest Reward - This action has been selected 0 time(s) for an observed mean of Unknown

---
When selecting an action, include only the name of the action. Do not include the dashes used to indicate the list here.

Please select an action from the list of action options in order to maximize the reward for your task.
When selecting an action, put the exact name of the action between action tags like: <action> action_name </action>.

Your thinking budget is 150 tokens. If you exceed this limit, you will be forced to provide an immediate answer.
Your overall generation limit is 200 tokens.
2026-01-25 18:50:46,266 - src.driver - INFO - GENERATED CONTENT: <action>  Highest Reward </action> 
 PARSED ACTION: Highest Reward
2026-01-25 18:50:46,267 - src.driver - INFO - You will be assigned a task. 
You will receive the actions you have available, followed by the action history. 
Your goal is to maximize the total reward across all 10 steps. We are on step 6. 

Task Assignment:
---
You are faced with a 3-armed bandit problem.  Each action corresponds to pulling a specific arm. Each arm is associated with a Gaussian distribution with a fixed but unknown mean. At each time step, you will select a field and receive a reward drawn from the associated distribution. Your goal is to select which arm to pull in order to maximize your reward across all of your turns.
---

Available Actions:
---

- Arm Name: Intermediate Reward - This action has been selected 0 time(s) for an observed mean of Unknown

- Arm Name: Highest Reward - This action has been selected 6 time(s) for an observed mean of 74.30901177163655

- Arm Name: Lowest Reward - This action has been selected 0 time(s) for an observed mean of Unknown

---
When selecting an action, include only the name of the action. Do not include the dashes used to indicate the list here.

Please select an action from the list of action options in order to maximize the reward for your task.
When selecting an action, put the exact name of the action between action tags like: <action> action_name </action>.

Your thinking budget is 150 tokens. If you exceed this limit, you will be forced to provide an immediate answer.
Your overall generation limit is 200 tokens.
2026-01-25 18:51:18,779 - src.driver - INFO - GENERATED CONTENT: <action>  Highest Reward </action> 
 PARSED ACTION: Highest Reward
2026-01-25 18:51:18,780 - src.driver - INFO - You will be assigned a task. 
You will receive the actions you have available, followed by the action history. 
Your goal is to maximize the total reward across all 10 steps. We are on step 7. 

Task Assignment:
---
You are faced with a 3-armed bandit problem.  Each action corresponds to pulling a specific arm. Each arm is associated with a Gaussian distribution with a fixed but unknown mean. At each time step, you will select a field and receive a reward drawn from the associated distribution. Your goal is to select which arm to pull in order to maximize your reward across all of your turns.
---

Available Actions:
---

- Arm Name: Intermediate Reward - This action has been selected 0 time(s) for an observed mean of Unknown

- Arm Name: Highest Reward - This action has been selected 7 time(s) for an observed mean of 73.35783284340671

- Arm Name: Lowest Reward - This action has been selected 0 time(s) for an observed mean of Unknown

---
When selecting an action, include only the name of the action. Do not include the dashes used to indicate the list here.

Please select an action from the list of action options in order to maximize the reward for your task.
When selecting an action, put the exact name of the action between action tags like: <action> action_name </action>.

Your thinking budget is 150 tokens. If you exceed this limit, you will be forced to provide an immediate answer.
Your overall generation limit is 200 tokens.
2026-01-25 18:51:51,282 - src.driver - INFO - GENERATED CONTENT: <action>  Highest Reward </action> 
 PARSED ACTION: Highest Reward
2026-01-25 18:51:51,282 - src.driver - INFO - You will be assigned a task. 
You will receive the actions you have available, followed by the action history. 
Your goal is to maximize the total reward across all 10 steps. We are on step 8. 

Task Assignment:
---
You are faced with a 3-armed bandit problem.  Each action corresponds to pulling a specific arm. Each arm is associated with a Gaussian distribution with a fixed but unknown mean. At each time step, you will select a field and receive a reward drawn from the associated distribution. Your goal is to select which arm to pull in order to maximize your reward across all of your turns.
---

Available Actions:
---

- Arm Name: Intermediate Reward - This action has been selected 0 time(s) for an observed mean of Unknown

- Arm Name: Highest Reward - This action has been selected 8 time(s) for an observed mean of 74.35780953942435

- Arm Name: Lowest Reward - This action has been selected 0 time(s) for an observed mean of Unknown

---
When selecting an action, include only the name of the action. Do not include the dashes used to indicate the list here.

Please select an action from the list of action options in order to maximize the reward for your task.
When selecting an action, put the exact name of the action between action tags like: <action> action_name </action>.

Your thinking budget is 150 tokens. If you exceed this limit, you will be forced to provide an immediate answer.
Your overall generation limit is 200 tokens.
2026-01-25 18:52:23,809 - src.driver - INFO - GENERATED CONTENT: <action>  Highest Reward </action> 
 PARSED ACTION: Highest Reward
2026-01-25 18:52:23,810 - src.driver - INFO - You will be assigned a task. 
You will receive the actions you have available, followed by the action history. 
Your goal is to maximize the total reward across all 10 steps. We are on step 9. 

Task Assignment:
---
You are faced with a 3-armed bandit problem.  Each action corresponds to pulling a specific arm. Each arm is associated with a Gaussian distribution with a fixed but unknown mean. At each time step, you will select a field and receive a reward drawn from the associated distribution. Your goal is to select which arm to pull in order to maximize your reward across all of your turns.
---

Available Actions:
---

- Arm Name: Intermediate Reward - This action has been selected 0 time(s) for an observed mean of Unknown

- Arm Name: Highest Reward - This action has been selected 9 time(s) for an observed mean of 72.19875686075925

- Arm Name: Lowest Reward - This action has been selected 0 time(s) for an observed mean of Unknown

---
When selecting an action, include only the name of the action. Do not include the dashes used to indicate the list here.

Please select an action from the list of action options in order to maximize the reward for your task.
When selecting an action, put the exact name of the action between action tags like: <action> action_name </action>.

Your thinking budget is 150 tokens. If you exceed this limit, you will be forced to provide an immediate answer.
Your overall generation limit is 200 tokens.
2026-01-25 18:52:56,283 - src.driver - INFO - GENERATED CONTENT: <action>  Highest Reward </action> 
 PARSED ACTION: Highest Reward
2026-01-25 18:52:56,297 - src.driver - INFO - You will be assigned a task. 
You will receive the actions you have available, followed by the action history. 
Your goal is to maximize the total reward across all 10 steps. We are on step 0. 

Task Assignment:
---
You are faced with a 3-armed bandit problem.  Each action corresponds to pulling a specific arm. Each arm is associated with a Gaussian distribution with a fixed but unknown mean. At each time step, you will select a field and receive a reward drawn from the associated distribution. Your goal is to select which arm to pull in order to maximize your reward across all of your turns.
---

Available Actions:
---

- Arm Name: Highest Reward - This action has been selected 0 time(s) for an observed mean of Unknown

- Arm Name: Lowest Reward - This action has been selected 0 time(s) for an observed mean of Unknown

- Arm Name: Intermediate Reward - This action has been selected 0 time(s) for an observed mean of Unknown

---
When selecting an action, include only the name of the action. Do not include the dashes used to indicate the list here.

Please select an action from the list of action options in order to maximize the reward for your task.
When selecting an action, put the exact name of the action between action tags like: <action> action_name </action>.

Your thinking budget is 150 tokens. If you exceed this limit, you will be forced to provide an immediate answer.
Your overall generation limit is 200 tokens.
2026-01-25 18:53:28,290 - src.driver - INFO - GENERATED CONTENT: <action>  Highest Reward </action> 
 PARSED ACTION: Highest Reward
2026-01-25 18:53:28,291 - src.driver - INFO - You will be assigned a task. 
You will receive the actions you have available, followed by the action history. 
Your goal is to maximize the total reward across all 10 steps. We are on step 1. 

Task Assignment:
---
You are faced with a 3-armed bandit problem.  Each action corresponds to pulling a specific arm. Each arm is associated with a Gaussian distribution with a fixed but unknown mean. At each time step, you will select a field and receive a reward drawn from the associated distribution. Your goal is to select which arm to pull in order to maximize your reward across all of your turns.
---

Available Actions:
---

- Arm Name: Highest Reward - This action has been selected 1 time(s) for an observed mean of 73.90874406435174

- Arm Name: Lowest Reward - This action has been selected 0 time(s) for an observed mean of Unknown

- Arm Name: Intermediate Reward - This action has been selected 0 time(s) for an observed mean of Unknown

---
When selecting an action, include only the name of the action. Do not include the dashes used to indicate the list here.

Please select an action from the list of action options in order to maximize the reward for your task.
When selecting an action, put the exact name of the action between action tags like: <action> action_name </action>.

Your thinking budget is 150 tokens. If you exceed this limit, you will be forced to provide an immediate answer.
Your overall generation limit is 200 tokens.
2026-01-25 18:54:00,825 - src.driver - INFO - GENERATED CONTENT: <action>  Highest Reward </action> 
 PARSED ACTION: Highest Reward
2026-01-25 18:54:00,826 - src.driver - INFO - You will be assigned a task. 
You will receive the actions you have available, followed by the action history. 
Your goal is to maximize the total reward across all 10 steps. We are on step 2. 

Task Assignment:
---
You are faced with a 3-armed bandit problem.  Each action corresponds to pulling a specific arm. Each arm is associated with a Gaussian distribution with a fixed but unknown mean. At each time step, you will select a field and receive a reward drawn from the associated distribution. Your goal is to select which arm to pull in order to maximize your reward across all of your turns.
---

Available Actions:
---

- Arm Name: Highest Reward - This action has been selected 2 time(s) for an observed mean of 66.7177675321494

- Arm Name: Lowest Reward - This action has been selected 0 time(s) for an observed mean of Unknown

- Arm Name: Intermediate Reward - This action has been selected 0 time(s) for an observed mean of Unknown

---
When selecting an action, include only the name of the action. Do not include the dashes used to indicate the list here.

Please select an action from the list of action options in order to maximize the reward for your task.
When selecting an action, put the exact name of the action between action tags like: <action> action_name </action>.

Your thinking budget is 150 tokens. If you exceed this limit, you will be forced to provide an immediate answer.
Your overall generation limit is 200 tokens.
2026-01-25 18:54:33,278 - src.driver - INFO - GENERATED CONTENT: <action>  Highest Reward </action> 
 PARSED ACTION: Highest Reward
2026-01-25 18:54:33,279 - src.driver - INFO - You will be assigned a task. 
You will receive the actions you have available, followed by the action history. 
Your goal is to maximize the total reward across all 10 steps. We are on step 3. 

Task Assignment:
---
You are faced with a 3-armed bandit problem.  Each action corresponds to pulling a specific arm. Each arm is associated with a Gaussian distribution with a fixed but unknown mean. At each time step, you will select a field and receive a reward drawn from the associated distribution. Your goal is to select which arm to pull in order to maximize your reward across all of your turns.
---

Available Actions:
---

- Arm Name: Highest Reward - This action has been selected 3 time(s) for an observed mean of 68.34162028300013

- Arm Name: Lowest Reward - This action has been selected 0 time(s) for an observed mean of Unknown

- Arm Name: Intermediate Reward - This action has been selected 0 time(s) for an observed mean of Unknown

---
When selecting an action, include only the name of the action. Do not include the dashes used to indicate the list here.

Please select an action from the list of action options in order to maximize the reward for your task.
When selecting an action, put the exact name of the action between action tags like: <action> action_name </action>.

Your thinking budget is 150 tokens. If you exceed this limit, you will be forced to provide an immediate answer.
Your overall generation limit is 200 tokens.
2026-01-25 18:55:05,827 - src.driver - INFO - GENERATED CONTENT: <action>  Highest Reward </action> 
 PARSED ACTION: Highest Reward
2026-01-25 18:55:05,827 - src.driver - INFO - You will be assigned a task. 
You will receive the actions you have available, followed by the action history. 
Your goal is to maximize the total reward across all 10 steps. We are on step 4. 

Task Assignment:
---
You are faced with a 3-armed bandit problem.  Each action corresponds to pulling a specific arm. Each arm is associated with a Gaussian distribution with a fixed but unknown mean. At each time step, you will select a field and receive a reward drawn from the associated distribution. Your goal is to select which arm to pull in order to maximize your reward across all of your turns.
---

Available Actions:
---

- Arm Name: Highest Reward - This action has been selected 4 time(s) for an observed mean of 67.26840646367651

- Arm Name: Lowest Reward - This action has been selected 0 time(s) for an observed mean of Unknown

- Arm Name: Intermediate Reward - This action has been selected 0 time(s) for an observed mean of Unknown

---
When selecting an action, include only the name of the action. Do not include the dashes used to indicate the list here.

Please select an action from the list of action options in order to maximize the reward for your task.
When selecting an action, put the exact name of the action between action tags like: <action> action_name </action>.

Your thinking budget is 150 tokens. If you exceed this limit, you will be forced to provide an immediate answer.
Your overall generation limit is 200 tokens.
2026-01-25 18:55:38,343 - src.driver - INFO - GENERATED CONTENT: <action>  Highest Reward </action> 
 PARSED ACTION: Highest Reward
2026-01-25 18:55:38,343 - src.driver - INFO - You will be assigned a task. 
You will receive the actions you have available, followed by the action history. 
Your goal is to maximize the total reward across all 10 steps. We are on step 5. 

Task Assignment:
---
You are faced with a 3-armed bandit problem.  Each action corresponds to pulling a specific arm. Each arm is associated with a Gaussian distribution with a fixed but unknown mean. At each time step, you will select a field and receive a reward drawn from the associated distribution. Your goal is to select which arm to pull in order to maximize your reward across all of your turns.
---

Available Actions:
---

- Arm Name: Highest Reward - This action has been selected 5 time(s) for an observed mean of 66.62084849465444

- Arm Name: Lowest Reward - This action has been selected 0 time(s) for an observed mean of Unknown

- Arm Name: Intermediate Reward - This action has been selected 0 time(s) for an observed mean of Unknown

---
When selecting an action, include only the name of the action. Do not include the dashes used to indicate the list here.

Please select an action from the list of action options in order to maximize the reward for your task.
When selecting an action, put the exact name of the action between action tags like: <action> action_name </action>.

Your thinking budget is 150 tokens. If you exceed this limit, you will be forced to provide an immediate answer.
Your overall generation limit is 200 tokens.
2026-01-25 18:56:10,856 - src.driver - INFO - GENERATED CONTENT: <action>  Highest Reward </action> 
 PARSED ACTION: Highest Reward
2026-01-25 18:56:10,857 - src.driver - INFO - You will be assigned a task. 
You will receive the actions you have available, followed by the action history. 
Your goal is to maximize the total reward across all 10 steps. We are on step 6. 

Task Assignment:
---
You are faced with a 3-armed bandit problem.  Each action corresponds to pulling a specific arm. Each arm is associated with a Gaussian distribution with a fixed but unknown mean. At each time step, you will select a field and receive a reward drawn from the associated distribution. Your goal is to select which arm to pull in order to maximize your reward across all of your turns.
---

Available Actions:
---

- Arm Name: Highest Reward - This action has been selected 6 time(s) for an observed mean of 69.56183627509381

- Arm Name: Lowest Reward - This action has been selected 0 time(s) for an observed mean of Unknown

- Arm Name: Intermediate Reward - This action has been selected 0 time(s) for an observed mean of Unknown

---
When selecting an action, include only the name of the action. Do not include the dashes used to indicate the list here.

Please select an action from the list of action options in order to maximize the reward for your task.
When selecting an action, put the exact name of the action between action tags like: <action> action_name </action>.

Your thinking budget is 150 tokens. If you exceed this limit, you will be forced to provide an immediate answer.
Your overall generation limit is 200 tokens.
2026-01-25 18:56:43,368 - src.driver - INFO - GENERATED CONTENT: <action>  Highest Reward </action> 
 PARSED ACTION: Highest Reward
2026-01-25 18:56:43,368 - src.driver - INFO - You will be assigned a task. 
You will receive the actions you have available, followed by the action history. 
Your goal is to maximize the total reward across all 10 steps. We are on step 7. 

Task Assignment:
---
You are faced with a 3-armed bandit problem.  Each action corresponds to pulling a specific arm. Each arm is associated with a Gaussian distribution with a fixed but unknown mean. At each time step, you will select a field and receive a reward drawn from the associated distribution. Your goal is to select which arm to pull in order to maximize your reward across all of your turns.
---

Available Actions:
---

- Arm Name: Highest Reward - This action has been selected 7 time(s) for an observed mean of 71.26964894377156

- Arm Name: Lowest Reward - This action has been selected 0 time(s) for an observed mean of Unknown

- Arm Name: Intermediate Reward - This action has been selected 0 time(s) for an observed mean of Unknown

---
When selecting an action, include only the name of the action. Do not include the dashes used to indicate the list here.

Please select an action from the list of action options in order to maximize the reward for your task.
When selecting an action, put the exact name of the action between action tags like: <action> action_name </action>.

Your thinking budget is 150 tokens. If you exceed this limit, you will be forced to provide an immediate answer.
Your overall generation limit is 200 tokens.
2026-01-25 18:57:15,904 - src.driver - INFO - GENERATED CONTENT: <action>  Highest Reward </action> 
 PARSED ACTION: Highest Reward
2026-01-25 18:57:15,905 - src.driver - INFO - You will be assigned a task. 
You will receive the actions you have available, followed by the action history. 
Your goal is to maximize the total reward across all 10 steps. We are on step 8. 

Task Assignment:
---
You are faced with a 3-armed bandit problem.  Each action corresponds to pulling a specific arm. Each arm is associated with a Gaussian distribution with a fixed but unknown mean. At each time step, you will select a field and receive a reward drawn from the associated distribution. Your goal is to select which arm to pull in order to maximize your reward across all of your turns.
---

Available Actions:
---

- Arm Name: Highest Reward - This action has been selected 8 time(s) for an observed mean of 72.16202815761058

- Arm Name: Lowest Reward - This action has been selected 0 time(s) for an observed mean of Unknown

- Arm Name: Intermediate Reward - This action has been selected 0 time(s) for an observed mean of Unknown

---
When selecting an action, include only the name of the action. Do not include the dashes used to indicate the list here.

Please select an action from the list of action options in order to maximize the reward for your task.
When selecting an action, put the exact name of the action between action tags like: <action> action_name </action>.

Your thinking budget is 150 tokens. If you exceed this limit, you will be forced to provide an immediate answer.
Your overall generation limit is 200 tokens.
2026-01-25 18:57:48,389 - src.driver - INFO - GENERATED CONTENT: <action>  Highest Reward </action> 
 PARSED ACTION: Highest Reward
2026-01-25 18:57:48,389 - src.driver - INFO - You will be assigned a task. 
You will receive the actions you have available, followed by the action history. 
Your goal is to maximize the total reward across all 10 steps. We are on step 9. 

Task Assignment:
---
You are faced with a 3-armed bandit problem.  Each action corresponds to pulling a specific arm. Each arm is associated with a Gaussian distribution with a fixed but unknown mean. At each time step, you will select a field and receive a reward drawn from the associated distribution. Your goal is to select which arm to pull in order to maximize your reward across all of your turns.
---

Available Actions:
---

- Arm Name: Highest Reward - This action has been selected 9 time(s) for an observed mean of 74.25554893432692

- Arm Name: Lowest Reward - This action has been selected 0 time(s) for an observed mean of Unknown

- Arm Name: Intermediate Reward - This action has been selected 0 time(s) for an observed mean of Unknown

---
When selecting an action, include only the name of the action. Do not include the dashes used to indicate the list here.

Please select an action from the list of action options in order to maximize the reward for your task.
When selecting an action, put the exact name of the action between action tags like: <action> action_name </action>.

Your thinking budget is 150 tokens. If you exceed this limit, you will be forced to provide an immediate answer.
Your overall generation limit is 200 tokens.
2026-01-25 18:58:20,926 - src.driver - INFO - GENERATED CONTENT: <action>  Highest Reward </action> 
 PARSED ACTION: Highest Reward
2026-01-25 18:58:20,940 - src.driver - INFO - You will be assigned a task. 
You will receive the actions you have available, followed by the action history. 
Your goal is to maximize the total reward across all 10 steps. We are on step 0. 

Task Assignment:
---
You are faced with a 3-armed bandit problem.  Each action corresponds to pulling a specific arm. Each arm is associated with a Gaussian distribution with a fixed but unknown mean. At each time step, you will select a field and receive a reward drawn from the associated distribution. Your goal is to select which arm to pull in order to maximize your reward across all of your turns.
---

Available Actions:
---

- Arm Name: Highest Reward - This action has been selected 0 time(s) for an observed mean of Unknown

- Arm Name: Lowest Reward - This action has been selected 0 time(s) for an observed mean of Unknown

- Arm Name: Intermediate Reward - This action has been selected 0 time(s) for an observed mean of Unknown

---
When selecting an action, include only the name of the action. Do not include the dashes used to indicate the list here.

Please select an action from the list of action options in order to maximize the reward for your task.
When selecting an action, put the exact name of the action between action tags like: <action> action_name </action>.

Your thinking budget is 150 tokens. If you exceed this limit, you will be forced to provide an immediate answer.
Your overall generation limit is 200 tokens.
2026-01-25 18:58:52,892 - src.driver - INFO - GENERATED CONTENT: <action>  Highest Reward </action> 
 PARSED ACTION: Highest Reward
2026-01-25 18:58:52,892 - src.driver - INFO - You will be assigned a task. 
You will receive the actions you have available, followed by the action history. 
Your goal is to maximize the total reward across all 10 steps. We are on step 1. 

Task Assignment:
---
You are faced with a 3-armed bandit problem.  Each action corresponds to pulling a specific arm. Each arm is associated with a Gaussian distribution with a fixed but unknown mean. At each time step, you will select a field and receive a reward drawn from the associated distribution. Your goal is to select which arm to pull in order to maximize your reward across all of your turns.
---

Available Actions:
---

- Arm Name: Highest Reward - This action has been selected 1 time(s) for an observed mean of 87.43746532979664

- Arm Name: Lowest Reward - This action has been selected 0 time(s) for an observed mean of Unknown

- Arm Name: Intermediate Reward - This action has been selected 0 time(s) for an observed mean of Unknown

---
When selecting an action, include only the name of the action. Do not include the dashes used to indicate the list here.

Please select an action from the list of action options in order to maximize the reward for your task.
When selecting an action, put the exact name of the action between action tags like: <action> action_name </action>.

Your thinking budget is 150 tokens. If you exceed this limit, you will be forced to provide an immediate answer.
Your overall generation limit is 200 tokens.
2026-01-25 18:59:25,394 - src.driver - INFO - GENERATED CONTENT: <action>  Highest Reward </action> 
 PARSED ACTION: Highest Reward
2026-01-25 18:59:25,395 - src.driver - INFO - You will be assigned a task. 
You will receive the actions you have available, followed by the action history. 
Your goal is to maximize the total reward across all 10 steps. We are on step 2. 

Task Assignment:
---
You are faced with a 3-armed bandit problem.  Each action corresponds to pulling a specific arm. Each arm is associated with a Gaussian distribution with a fixed but unknown mean. At each time step, you will select a field and receive a reward drawn from the associated distribution. Your goal is to select which arm to pull in order to maximize your reward across all of your turns.
---

Available Actions:
---

- Arm Name: Highest Reward - This action has been selected 2 time(s) for an observed mean of 77.52563387705469

- Arm Name: Lowest Reward - This action has been selected 0 time(s) for an observed mean of Unknown

- Arm Name: Intermediate Reward - This action has been selected 0 time(s) for an observed mean of Unknown

---
When selecting an action, include only the name of the action. Do not include the dashes used to indicate the list here.

Please select an action from the list of action options in order to maximize the reward for your task.
When selecting an action, put the exact name of the action between action tags like: <action> action_name </action>.

Your thinking budget is 150 tokens. If you exceed this limit, you will be forced to provide an immediate answer.
Your overall generation limit is 200 tokens.
2026-01-25 18:59:57,857 - src.driver - INFO - GENERATED CONTENT: <action>  Highest Reward </action> 
 PARSED ACTION: Highest Reward
2026-01-25 18:59:57,857 - src.driver - INFO - You will be assigned a task. 
You will receive the actions you have available, followed by the action history. 
Your goal is to maximize the total reward across all 10 steps. We are on step 3. 

Task Assignment:
---
You are faced with a 3-armed bandit problem.  Each action corresponds to pulling a specific arm. Each arm is associated with a Gaussian distribution with a fixed but unknown mean. At each time step, you will select a field and receive a reward drawn from the associated distribution. Your goal is to select which arm to pull in order to maximize your reward across all of your turns.
---

Available Actions:
---

- Arm Name: Highest Reward - This action has been selected 3 time(s) for an observed mean of 77.03762152853072

- Arm Name: Lowest Reward - This action has been selected 0 time(s) for an observed mean of Unknown

- Arm Name: Intermediate Reward - This action has been selected 0 time(s) for an observed mean of Unknown

---
When selecting an action, include only the name of the action. Do not include the dashes used to indicate the list here.

Please select an action from the list of action options in order to maximize the reward for your task.
When selecting an action, put the exact name of the action between action tags like: <action> action_name </action>.

Your thinking budget is 150 tokens. If you exceed this limit, you will be forced to provide an immediate answer.
Your overall generation limit is 200 tokens.
2026-01-25 19:00:30,302 - src.driver - INFO - GENERATED CONTENT: <action>  Intermediate Reward </action> 
 PARSED ACTION: Intermediate Reward
2026-01-25 19:00:30,303 - src.driver - INFO - You will be assigned a task. 
You will receive the actions you have available, followed by the action history. 
Your goal is to maximize the total reward across all 10 steps. We are on step 4. 

Task Assignment:
---
You are faced with a 3-armed bandit problem.  Each action corresponds to pulling a specific arm. Each arm is associated with a Gaussian distribution with a fixed but unknown mean. At each time step, you will select a field and receive a reward drawn from the associated distribution. Your goal is to select which arm to pull in order to maximize your reward across all of your turns.
---

Available Actions:
---

- Arm Name: Highest Reward - This action has been selected 3 time(s) for an observed mean of 77.03762152853072

- Arm Name: Lowest Reward - This action has been selected 0 time(s) for an observed mean of Unknown

- Arm Name: Intermediate Reward - This action has been selected 1 time(s) for an observed mean of 27.409874508491946

---
When selecting an action, include only the name of the action. Do not include the dashes used to indicate the list here.

Please select an action from the list of action options in order to maximize the reward for your task.
When selecting an action, put the exact name of the action between action tags like: <action> action_name </action>.

Your thinking budget is 150 tokens. If you exceed this limit, you will be forced to provide an immediate answer.
Your overall generation limit is 200 tokens.
2026-01-25 19:01:02,907 - src.driver - INFO - GENERATED CONTENT: <action>  Highest Reward </action> 
 PARSED ACTION: Highest Reward
2026-01-25 19:01:02,907 - src.driver - INFO - You will be assigned a task. 
You will receive the actions you have available, followed by the action history. 
Your goal is to maximize the total reward across all 10 steps. We are on step 5. 

Task Assignment:
---
You are faced with a 3-armed bandit problem.  Each action corresponds to pulling a specific arm. Each arm is associated with a Gaussian distribution with a fixed but unknown mean. At each time step, you will select a field and receive a reward drawn from the associated distribution. Your goal is to select which arm to pull in order to maximize your reward across all of your turns.
---

Available Actions:
---

- Arm Name: Highest Reward - This action has been selected 4 time(s) for an observed mean of 75.27792622179032

- Arm Name: Lowest Reward - This action has been selected 0 time(s) for an observed mean of Unknown

- Arm Name: Intermediate Reward - This action has been selected 1 time(s) for an observed mean of 27.409874508491946

---
When selecting an action, include only the name of the action. Do not include the dashes used to indicate the list here.

Please select an action from the list of action options in order to maximize the reward for your task.
When selecting an action, put the exact name of the action between action tags like: <action> action_name </action>.

Your thinking budget is 150 tokens. If you exceed this limit, you will be forced to provide an immediate answer.
Your overall generation limit is 200 tokens.
2026-01-25 19:01:35,548 - src.driver - INFO - GENERATED CONTENT: <action>  Highest Reward </action> 
 PARSED ACTION: Highest Reward
2026-01-25 19:01:35,549 - src.driver - INFO - You will be assigned a task. 
You will receive the actions you have available, followed by the action history. 
Your goal is to maximize the total reward across all 10 steps. We are on step 6. 

Task Assignment:
---
You are faced with a 3-armed bandit problem.  Each action corresponds to pulling a specific arm. Each arm is associated with a Gaussian distribution with a fixed but unknown mean. At each time step, you will select a field and receive a reward drawn from the associated distribution. Your goal is to select which arm to pull in order to maximize your reward across all of your turns.
---

Available Actions:
---

- Arm Name: Highest Reward - This action has been selected 5 time(s) for an observed mean of 73.4617515742167

- Arm Name: Lowest Reward - This action has been selected 0 time(s) for an observed mean of Unknown

- Arm Name: Intermediate Reward - This action has been selected 1 time(s) for an observed mean of 27.409874508491946

---
When selecting an action, include only the name of the action. Do not include the dashes used to indicate the list here.

Please select an action from the list of action options in order to maximize the reward for your task.
When selecting an action, put the exact name of the action between action tags like: <action> action_name </action>.

Your thinking budget is 150 tokens. If you exceed this limit, you will be forced to provide an immediate answer.
Your overall generation limit is 200 tokens.
2026-01-25 19:02:08,130 - src.driver - INFO - GENERATED CONTENT: <action>  Highest Reward </action> 
 PARSED ACTION: Highest Reward
2026-01-25 19:02:08,131 - src.driver - INFO - You will be assigned a task. 
You will receive the actions you have available, followed by the action history. 
Your goal is to maximize the total reward across all 10 steps. We are on step 7. 

Task Assignment:
---
You are faced with a 3-armed bandit problem.  Each action corresponds to pulling a specific arm. Each arm is associated with a Gaussian distribution with a fixed but unknown mean. At each time step, you will select a field and receive a reward drawn from the associated distribution. Your goal is to select which arm to pull in order to maximize your reward across all of your turns.
---

Available Actions:
---

- Arm Name: Highest Reward - This action has been selected 6 time(s) for an observed mean of 75.12005007906605

- Arm Name: Lowest Reward - This action has been selected 0 time(s) for an observed mean of Unknown

- Arm Name: Intermediate Reward - This action has been selected 1 time(s) for an observed mean of 27.409874508491946

---
When selecting an action, include only the name of the action. Do not include the dashes used to indicate the list here.

Please select an action from the list of action options in order to maximize the reward for your task.
When selecting an action, put the exact name of the action between action tags like: <action> action_name </action>.

Your thinking budget is 150 tokens. If you exceed this limit, you will be forced to provide an immediate answer.
Your overall generation limit is 200 tokens.
2026-01-25 19:02:40,787 - src.driver - INFO - GENERATED CONTENT: <action>  Highest Reward </action> 
 PARSED ACTION: Highest Reward
2026-01-25 19:02:40,787 - src.driver - INFO - You will be assigned a task. 
You will receive the actions you have available, followed by the action history. 
Your goal is to maximize the total reward across all 10 steps. We are on step 8. 

Task Assignment:
---
You are faced with a 3-armed bandit problem.  Each action corresponds to pulling a specific arm. Each arm is associated with a Gaussian distribution with a fixed but unknown mean. At each time step, you will select a field and receive a reward drawn from the associated distribution. Your goal is to select which arm to pull in order to maximize your reward across all of your turns.
---

Available Actions:
---

- Arm Name: Highest Reward - This action has been selected 7 time(s) for an observed mean of 75.96958219364747

- Arm Name: Lowest Reward - This action has been selected 0 time(s) for an observed mean of Unknown

- Arm Name: Intermediate Reward - This action has been selected 1 time(s) for an observed mean of 27.409874508491946

---
When selecting an action, include only the name of the action. Do not include the dashes used to indicate the list here.

Please select an action from the list of action options in order to maximize the reward for your task.
When selecting an action, put the exact name of the action between action tags like: <action> action_name </action>.

Your thinking budget is 150 tokens. If you exceed this limit, you will be forced to provide an immediate answer.
Your overall generation limit is 200 tokens.
2026-01-25 19:03:13,412 - src.driver - INFO - GENERATED CONTENT: <action>  Highest Reward </action> 
 PARSED ACTION: Highest Reward
2026-01-25 19:03:13,413 - src.driver - INFO - You will be assigned a task. 
You will receive the actions you have available, followed by the action history. 
Your goal is to maximize the total reward across all 10 steps. We are on step 9. 

Task Assignment:
---
You are faced with a 3-armed bandit problem.  Each action corresponds to pulling a specific arm. Each arm is associated with a Gaussian distribution with a fixed but unknown mean. At each time step, you will select a field and receive a reward drawn from the associated distribution. Your goal is to select which arm to pull in order to maximize your reward across all of your turns.
---

Available Actions:
---

- Arm Name: Highest Reward - This action has been selected 8 time(s) for an observed mean of 74.50876614584016

- Arm Name: Lowest Reward - This action has been selected 0 time(s) for an observed mean of Unknown

- Arm Name: Intermediate Reward - This action has been selected 1 time(s) for an observed mean of 27.409874508491946

---
When selecting an action, include only the name of the action. Do not include the dashes used to indicate the list here.

Please select an action from the list of action options in order to maximize the reward for your task.
When selecting an action, put the exact name of the action between action tags like: <action> action_name </action>.

Your thinking budget is 150 tokens. If you exceed this limit, you will be forced to provide an immediate answer.
Your overall generation limit is 200 tokens.
2026-01-25 19:03:46,043 - src.driver - INFO - GENERATED CONTENT: <action>  Highest Reward </action> 
 PARSED ACTION: Highest Reward
