2026-01-19 22:18:28,090 - src.driver - INFO - You will be assigned a task. 
You will receive the actions you have available, followed by the action history. 
Your goal is to maximize the total reward across all 10 steps. We are on step 0. 

Task Assignment:
---
You are a farmer who owns 3 fields. Each action corresponds to planting your crop in a different field. Each field is associated with a Gaussian distribution with a fixed but unknown mean. At each time step, you will select a field and receive a reward drawn from the associated distribution. Your goal is to maximize your reward across all of your turns.
---

Available Actions:
---

- Field Name: Rocky Hills 

- Field Name: Arid Desert 

- Field Name: Productive Grassland 

---
When selecting an action, include only the name of the action. Do not include the dashes used to indicate the list here.

History:
---

This is the first turn. There is no history.

---

Please select an action from the list of action options in order to maximize the reward for your task.
When selecting an action, put the exact name of the action between action tags like: <action> action_name </action>.

Your thinking budget is 150 tokens. If you exceed this limit, you will be forced to provide an immediate answer.
Your overall generation limit is 200 tokens.
2026-01-19 22:18:59,795 - src.driver - INFO - GENERATED CONTENT: <action>  Productive Grassland </action> 
 PARSED ACTION: Productive Grassland
2026-01-19 22:18:59,796 - src.driver - INFO - You will be assigned a task. 
You will receive the actions you have available, followed by the action history. 
Your goal is to maximize the total reward across all 10 steps. We are on step 1. 

Task Assignment:
---
You are a farmer who owns 3 fields. Each action corresponds to planting your crop in a different field. Each field is associated with a Gaussian distribution with a fixed but unknown mean. At each time step, you will select a field and receive a reward drawn from the associated distribution. Your goal is to maximize your reward across all of your turns.
---

Available Actions:
---

- Field Name: Rocky Hills 

- Field Name: Arid Desert 

- Field Name: Productive Grassland 

---
When selecting an action, include only the name of the action. Do not include the dashes used to indicate the list here.

History:
---


- {'state': {}, 'action_taken': 'Productive Grassland', 'reward': 25.0}


---

Please select an action from the list of action options in order to maximize the reward for your task.
When selecting an action, put the exact name of the action between action tags like: <action> action_name </action>.

Your thinking budget is 150 tokens. If you exceed this limit, you will be forced to provide an immediate answer.
Your overall generation limit is 200 tokens.
2026-01-19 22:19:31,593 - src.driver - INFO - GENERATED CONTENT: <action>  Productive Grassland </action> 
 PARSED ACTION: Productive Grassland
2026-01-19 22:19:31,594 - src.driver - INFO - You will be assigned a task. 
You will receive the actions you have available, followed by the action history. 
Your goal is to maximize the total reward across all 10 steps. We are on step 2. 

Task Assignment:
---
You are a farmer who owns 3 fields. Each action corresponds to planting your crop in a different field. Each field is associated with a Gaussian distribution with a fixed but unknown mean. At each time step, you will select a field and receive a reward drawn from the associated distribution. Your goal is to maximize your reward across all of your turns.
---

Available Actions:
---

- Field Name: Rocky Hills 

- Field Name: Arid Desert 

- Field Name: Productive Grassland 

---
When selecting an action, include only the name of the action. Do not include the dashes used to indicate the list here.

History:
---


- {'state': {}, 'action_taken': 'Productive Grassland', 'reward': 25.0}

- {'state': {}, 'action_taken': 'Productive Grassland', 'reward': 25.0}


---

Please select an action from the list of action options in order to maximize the reward for your task.
When selecting an action, put the exact name of the action between action tags like: <action> action_name </action>.

Your thinking budget is 150 tokens. If you exceed this limit, you will be forced to provide an immediate answer.
Your overall generation limit is 200 tokens.
2026-01-19 22:20:03,986 - src.driver - INFO - GENERATED CONTENT: <action>  Productive Grassland </action> 
 PARSED ACTION: Productive Grassland
2026-01-19 22:20:03,986 - src.driver - INFO - You will be assigned a task. 
You will receive the actions you have available, followed by the action history. 
Your goal is to maximize the total reward across all 10 steps. We are on step 3. 

Task Assignment:
---
You are a farmer who owns 3 fields. Each action corresponds to planting your crop in a different field. Each field is associated with a Gaussian distribution with a fixed but unknown mean. At each time step, you will select a field and receive a reward drawn from the associated distribution. Your goal is to maximize your reward across all of your turns.
---

Available Actions:
---

- Field Name: Rocky Hills 

- Field Name: Arid Desert 

- Field Name: Productive Grassland 

---
When selecting an action, include only the name of the action. Do not include the dashes used to indicate the list here.

History:
---


- {'state': {}, 'action_taken': 'Productive Grassland', 'reward': 25.0}

- {'state': {}, 'action_taken': 'Productive Grassland', 'reward': 25.0}

- {'state': {}, 'action_taken': 'Productive Grassland', 'reward': 25.0}


---

Please select an action from the list of action options in order to maximize the reward for your task.
When selecting an action, put the exact name of the action between action tags like: <action> action_name </action>.

Your thinking budget is 150 tokens. If you exceed this limit, you will be forced to provide an immediate answer.
Your overall generation limit is 200 tokens.
2026-01-19 22:20:36,975 - src.driver - INFO - GENERATED CONTENT: <action>  Productive Grassland </action> 
 PARSED ACTION: Productive Grassland
2026-01-19 22:20:36,976 - src.driver - INFO - You will be assigned a task. 
You will receive the actions you have available, followed by the action history. 
Your goal is to maximize the total reward across all 10 steps. We are on step 4. 

Task Assignment:
---
You are a farmer who owns 3 fields. Each action corresponds to planting your crop in a different field. Each field is associated with a Gaussian distribution with a fixed but unknown mean. At each time step, you will select a field and receive a reward drawn from the associated distribution. Your goal is to maximize your reward across all of your turns.
---

Available Actions:
---

- Field Name: Rocky Hills 

- Field Name: Arid Desert 

- Field Name: Productive Grassland 

---
When selecting an action, include only the name of the action. Do not include the dashes used to indicate the list here.

History:
---


- {'state': {}, 'action_taken': 'Productive Grassland', 'reward': 25.0}

- {'state': {}, 'action_taken': 'Productive Grassland', 'reward': 25.0}

- {'state': {}, 'action_taken': 'Productive Grassland', 'reward': 25.0}

- {'state': {}, 'action_taken': 'Productive Grassland', 'reward': 25.0}


---

Please select an action from the list of action options in order to maximize the reward for your task.
When selecting an action, put the exact name of the action between action tags like: <action> action_name </action>.

Your thinking budget is 150 tokens. If you exceed this limit, you will be forced to provide an immediate answer.
Your overall generation limit is 200 tokens.
2026-01-19 22:21:10,167 - src.driver - INFO - GENERATED CONTENT: <action>  Productive Grassland </action> 
 PARSED ACTION: Productive Grassland
2026-01-19 22:21:10,168 - src.driver - INFO - You will be assigned a task. 
You will receive the actions you have available, followed by the action history. 
Your goal is to maximize the total reward across all 10 steps. We are on step 5. 

Task Assignment:
---
You are a farmer who owns 3 fields. Each action corresponds to planting your crop in a different field. Each field is associated with a Gaussian distribution with a fixed but unknown mean. At each time step, you will select a field and receive a reward drawn from the associated distribution. Your goal is to maximize your reward across all of your turns.
---

Available Actions:
---

- Field Name: Rocky Hills 

- Field Name: Arid Desert 

- Field Name: Productive Grassland 

---
When selecting an action, include only the name of the action. Do not include the dashes used to indicate the list here.

History:
---


- {'state': {}, 'action_taken': 'Productive Grassland', 'reward': 25.0}

- {'state': {}, 'action_taken': 'Productive Grassland', 'reward': 25.0}

- {'state': {}, 'action_taken': 'Productive Grassland', 'reward': 25.0}

- {'state': {}, 'action_taken': 'Productive Grassland', 'reward': 25.0}

- {'state': {}, 'action_taken': 'Productive Grassland', 'reward': 25.0}


---

Please select an action from the list of action options in order to maximize the reward for your task.
When selecting an action, put the exact name of the action between action tags like: <action> action_name </action>.

Your thinking budget is 150 tokens. If you exceed this limit, you will be forced to provide an immediate answer.
Your overall generation limit is 200 tokens.
2026-01-19 22:21:43,961 - src.driver - INFO - GENERATED CONTENT: <action>  Productive Grassland </action> 
 PARSED ACTION: Productive Grassland
2026-01-19 22:21:43,961 - src.driver - INFO - You will be assigned a task. 
You will receive the actions you have available, followed by the action history. 
Your goal is to maximize the total reward across all 10 steps. We are on step 6. 

Task Assignment:
---
You are a farmer who owns 3 fields. Each action corresponds to planting your crop in a different field. Each field is associated with a Gaussian distribution with a fixed but unknown mean. At each time step, you will select a field and receive a reward drawn from the associated distribution. Your goal is to maximize your reward across all of your turns.
---

Available Actions:
---

- Field Name: Rocky Hills 

- Field Name: Arid Desert 

- Field Name: Productive Grassland 

---
When selecting an action, include only the name of the action. Do not include the dashes used to indicate the list here.

History:
---


- {'state': {}, 'action_taken': 'Productive Grassland', 'reward': 25.0}

- {'state': {}, 'action_taken': 'Productive Grassland', 'reward': 25.0}

- {'state': {}, 'action_taken': 'Productive Grassland', 'reward': 25.0}

- {'state': {}, 'action_taken': 'Productive Grassland', 'reward': 25.0}

- {'state': {}, 'action_taken': 'Productive Grassland', 'reward': 25.0}

- {'state': {}, 'action_taken': 'Productive Grassland', 'reward': 25.0}


---

Please select an action from the list of action options in order to maximize the reward for your task.
When selecting an action, put the exact name of the action between action tags like: <action> action_name </action>.

Your thinking budget is 150 tokens. If you exceed this limit, you will be forced to provide an immediate answer.
Your overall generation limit is 200 tokens.
2026-01-19 22:22:18,513 - src.driver - INFO - GENERATED CONTENT: <action>  Productive Grassland </action> 
 PARSED ACTION: Productive Grassland
2026-01-19 22:22:18,513 - src.driver - INFO - You will be assigned a task. 
You will receive the actions you have available, followed by the action history. 
Your goal is to maximize the total reward across all 10 steps. We are on step 7. 

Task Assignment:
---
You are a farmer who owns 3 fields. Each action corresponds to planting your crop in a different field. Each field is associated with a Gaussian distribution with a fixed but unknown mean. At each time step, you will select a field and receive a reward drawn from the associated distribution. Your goal is to maximize your reward across all of your turns.
---

Available Actions:
---

- Field Name: Rocky Hills 

- Field Name: Arid Desert 

- Field Name: Productive Grassland 

---
When selecting an action, include only the name of the action. Do not include the dashes used to indicate the list here.

History:
---


- {'state': {}, 'action_taken': 'Productive Grassland', 'reward': 25.0}

- {'state': {}, 'action_taken': 'Productive Grassland', 'reward': 25.0}

- {'state': {}, 'action_taken': 'Productive Grassland', 'reward': 25.0}

- {'state': {}, 'action_taken': 'Productive Grassland', 'reward': 25.0}

- {'state': {}, 'action_taken': 'Productive Grassland', 'reward': 25.0}

- {'state': {}, 'action_taken': 'Productive Grassland', 'reward': 25.0}

- {'state': {}, 'action_taken': 'Productive Grassland', 'reward': 25.0}


---

Please select an action from the list of action options in order to maximize the reward for your task.
When selecting an action, put the exact name of the action between action tags like: <action> action_name </action>.

Your thinking budget is 150 tokens. If you exceed this limit, you will be forced to provide an immediate answer.
Your overall generation limit is 200 tokens.
2026-01-19 22:22:53,685 - src.driver - INFO - GENERATED CONTENT: <action>  Productive Grassland </action> 
 PARSED ACTION: Productive Grassland
2026-01-19 22:22:53,685 - src.driver - INFO - You will be assigned a task. 
You will receive the actions you have available, followed by the action history. 
Your goal is to maximize the total reward across all 10 steps. We are on step 8. 

Task Assignment:
---
You are a farmer who owns 3 fields. Each action corresponds to planting your crop in a different field. Each field is associated with a Gaussian distribution with a fixed but unknown mean. At each time step, you will select a field and receive a reward drawn from the associated distribution. Your goal is to maximize your reward across all of your turns.
---

Available Actions:
---

- Field Name: Rocky Hills 

- Field Name: Arid Desert 

- Field Name: Productive Grassland 

---
When selecting an action, include only the name of the action. Do not include the dashes used to indicate the list here.

History:
---


- {'state': {}, 'action_taken': 'Productive Grassland', 'reward': 25.0}

- {'state': {}, 'action_taken': 'Productive Grassland', 'reward': 25.0}

- {'state': {}, 'action_taken': 'Productive Grassland', 'reward': 25.0}

- {'state': {}, 'action_taken': 'Productive Grassland', 'reward': 25.0}

- {'state': {}, 'action_taken': 'Productive Grassland', 'reward': 25.0}

- {'state': {}, 'action_taken': 'Productive Grassland', 'reward': 25.0}

- {'state': {}, 'action_taken': 'Productive Grassland', 'reward': 25.0}

- {'state': {}, 'action_taken': 'Productive Grassland', 'reward': 25.0}


---

Please select an action from the list of action options in order to maximize the reward for your task.
When selecting an action, put the exact name of the action between action tags like: <action> action_name </action>.

Your thinking budget is 150 tokens. If you exceed this limit, you will be forced to provide an immediate answer.
Your overall generation limit is 200 tokens.
2026-01-19 22:23:29,552 - src.driver - INFO - GENERATED CONTENT: <action>  Productive Grassland </action> 
 PARSED ACTION: Productive Grassland
2026-01-19 22:23:29,553 - src.driver - INFO - You will be assigned a task. 
You will receive the actions you have available, followed by the action history. 
Your goal is to maximize the total reward across all 10 steps. We are on step 9. 

Task Assignment:
---
You are a farmer who owns 3 fields. Each action corresponds to planting your crop in a different field. Each field is associated with a Gaussian distribution with a fixed but unknown mean. At each time step, you will select a field and receive a reward drawn from the associated distribution. Your goal is to maximize your reward across all of your turns.
---

Available Actions:
---

- Field Name: Rocky Hills 

- Field Name: Arid Desert 

- Field Name: Productive Grassland 

---
When selecting an action, include only the name of the action. Do not include the dashes used to indicate the list here.

History:
---


- {'state': {}, 'action_taken': 'Productive Grassland', 'reward': 25.0}

- {'state': {}, 'action_taken': 'Productive Grassland', 'reward': 25.0}

- {'state': {}, 'action_taken': 'Productive Grassland', 'reward': 25.0}

- {'state': {}, 'action_taken': 'Productive Grassland', 'reward': 25.0}

- {'state': {}, 'action_taken': 'Productive Grassland', 'reward': 25.0}

- {'state': {}, 'action_taken': 'Productive Grassland', 'reward': 25.0}

- {'state': {}, 'action_taken': 'Productive Grassland', 'reward': 25.0}

- {'state': {}, 'action_taken': 'Productive Grassland', 'reward': 25.0}

- {'state': {}, 'action_taken': 'Productive Grassland', 'reward': 25.0}


---

Please select an action from the list of action options in order to maximize the reward for your task.
When selecting an action, put the exact name of the action between action tags like: <action> action_name </action>.

Your thinking budget is 150 tokens. If you exceed this limit, you will be forced to provide an immediate answer.
Your overall generation limit is 200 tokens.
2026-01-19 22:24:05,574 - src.driver - INFO - GENERATED CONTENT: <action>  Productive Grassland </action> 
 PARSED ACTION: Productive Grassland
2026-01-19 22:24:05,589 - src.driver - INFO - You will be assigned a task. 
You will receive the actions you have available, followed by the action history. 
Your goal is to maximize the total reward across all 10 steps. We are on step 0. 

Task Assignment:
---
You are a farmer who owns 3 fields. Each action corresponds to planting your crop in a different field. Each field is associated with a Gaussian distribution with a fixed but unknown mean. At each time step, you will select a field and receive a reward drawn from the associated distribution. Your goal is to maximize your reward across all of your turns.
---

Available Actions:
---

- Field Name: Arid Desert 

- Field Name: Productive Grassland 

- Field Name: Rocky Hills 

---
When selecting an action, include only the name of the action. Do not include the dashes used to indicate the list here.

History:
---

This is the first turn. There is no history.

---

Please select an action from the list of action options in order to maximize the reward for your task.
When selecting an action, put the exact name of the action between action tags like: <action> action_name </action>.

Your thinking budget is 150 tokens. If you exceed this limit, you will be forced to provide an immediate answer.
Your overall generation limit is 200 tokens.
2026-01-19 22:24:37,271 - src.driver - INFO - GENERATED CONTENT: <action>  Productive Grassland </action> 
 PARSED ACTION: Productive Grassland
2026-01-19 22:24:37,271 - src.driver - INFO - You will be assigned a task. 
You will receive the actions you have available, followed by the action history. 
Your goal is to maximize the total reward across all 10 steps. We are on step 1. 

Task Assignment:
---
You are a farmer who owns 3 fields. Each action corresponds to planting your crop in a different field. Each field is associated with a Gaussian distribution with a fixed but unknown mean. At each time step, you will select a field and receive a reward drawn from the associated distribution. Your goal is to maximize your reward across all of your turns.
---

Available Actions:
---

- Field Name: Arid Desert 

- Field Name: Productive Grassland 

- Field Name: Rocky Hills 

---
When selecting an action, include only the name of the action. Do not include the dashes used to indicate the list here.

History:
---


- {'state': {}, 'action_taken': 'Productive Grassland', 'reward': 25.0}


---

Please select an action from the list of action options in order to maximize the reward for your task.
When selecting an action, put the exact name of the action between action tags like: <action> action_name </action>.

Your thinking budget is 150 tokens. If you exceed this limit, you will be forced to provide an immediate answer.
Your overall generation limit is 200 tokens.
2026-01-19 22:25:09,056 - src.driver - INFO - GENERATED CONTENT: <action>  Productive Grassland </action> 
 PARSED ACTION: Productive Grassland
2026-01-19 22:25:09,057 - src.driver - INFO - You will be assigned a task. 
You will receive the actions you have available, followed by the action history. 
Your goal is to maximize the total reward across all 10 steps. We are on step 2. 

Task Assignment:
---
You are a farmer who owns 3 fields. Each action corresponds to planting your crop in a different field. Each field is associated with a Gaussian distribution with a fixed but unknown mean. At each time step, you will select a field and receive a reward drawn from the associated distribution. Your goal is to maximize your reward across all of your turns.
---

Available Actions:
---

- Field Name: Arid Desert 

- Field Name: Productive Grassland 

- Field Name: Rocky Hills 

---
When selecting an action, include only the name of the action. Do not include the dashes used to indicate the list here.

History:
---


- {'state': {}, 'action_taken': 'Productive Grassland', 'reward': 25.0}

- {'state': {}, 'action_taken': 'Productive Grassland', 'reward': 25.0}


---

Please select an action from the list of action options in order to maximize the reward for your task.
When selecting an action, put the exact name of the action between action tags like: <action> action_name </action>.

Your thinking budget is 150 tokens. If you exceed this limit, you will be forced to provide an immediate answer.
Your overall generation limit is 200 tokens.
2026-01-19 22:25:41,476 - src.driver - INFO - GENERATED CONTENT: <action>  Productive Grassland </action> 
 PARSED ACTION: Productive Grassland
2026-01-19 22:25:41,477 - src.driver - INFO - You will be assigned a task. 
You will receive the actions you have available, followed by the action history. 
Your goal is to maximize the total reward across all 10 steps. We are on step 3. 

Task Assignment:
---
You are a farmer who owns 3 fields. Each action corresponds to planting your crop in a different field. Each field is associated with a Gaussian distribution with a fixed but unknown mean. At each time step, you will select a field and receive a reward drawn from the associated distribution. Your goal is to maximize your reward across all of your turns.
---

Available Actions:
---

- Field Name: Arid Desert 

- Field Name: Productive Grassland 

- Field Name: Rocky Hills 

---
When selecting an action, include only the name of the action. Do not include the dashes used to indicate the list here.

History:
---


- {'state': {}, 'action_taken': 'Productive Grassland', 'reward': 25.0}

- {'state': {}, 'action_taken': 'Productive Grassland', 'reward': 25.0}

- {'state': {}, 'action_taken': 'Productive Grassland', 'reward': 25.0}


---

Please select an action from the list of action options in order to maximize the reward for your task.
When selecting an action, put the exact name of the action between action tags like: <action> action_name </action>.

Your thinking budget is 150 tokens. If you exceed this limit, you will be forced to provide an immediate answer.
Your overall generation limit is 200 tokens.
2026-01-19 22:26:14,479 - src.driver - INFO - GENERATED CONTENT: <action>  Productive Grassland </action> 
 PARSED ACTION: Productive Grassland
2026-01-19 22:26:14,480 - src.driver - INFO - You will be assigned a task. 
You will receive the actions you have available, followed by the action history. 
Your goal is to maximize the total reward across all 10 steps. We are on step 4. 

Task Assignment:
---
You are a farmer who owns 3 fields. Each action corresponds to planting your crop in a different field. Each field is associated with a Gaussian distribution with a fixed but unknown mean. At each time step, you will select a field and receive a reward drawn from the associated distribution. Your goal is to maximize your reward across all of your turns.
---

Available Actions:
---

- Field Name: Arid Desert 

- Field Name: Productive Grassland 

- Field Name: Rocky Hills 

---
When selecting an action, include only the name of the action. Do not include the dashes used to indicate the list here.

History:
---


- {'state': {}, 'action_taken': 'Productive Grassland', 'reward': 25.0}

- {'state': {}, 'action_taken': 'Productive Grassland', 'reward': 25.0}

- {'state': {}, 'action_taken': 'Productive Grassland', 'reward': 25.0}

- {'state': {}, 'action_taken': 'Productive Grassland', 'reward': 25.0}


---

Please select an action from the list of action options in order to maximize the reward for your task.
When selecting an action, put the exact name of the action between action tags like: <action> action_name </action>.

Your thinking budget is 150 tokens. If you exceed this limit, you will be forced to provide an immediate answer.
Your overall generation limit is 200 tokens.
2026-01-19 22:26:47,661 - src.driver - INFO - GENERATED CONTENT: <action>  Productive Grassland </action> 
 PARSED ACTION: Productive Grassland
2026-01-19 22:26:47,662 - src.driver - INFO - You will be assigned a task. 
You will receive the actions you have available, followed by the action history. 
Your goal is to maximize the total reward across all 10 steps. We are on step 5. 

Task Assignment:
---
You are a farmer who owns 3 fields. Each action corresponds to planting your crop in a different field. Each field is associated with a Gaussian distribution with a fixed but unknown mean. At each time step, you will select a field and receive a reward drawn from the associated distribution. Your goal is to maximize your reward across all of your turns.
---

Available Actions:
---

- Field Name: Arid Desert 

- Field Name: Productive Grassland 

- Field Name: Rocky Hills 

---
When selecting an action, include only the name of the action. Do not include the dashes used to indicate the list here.

History:
---


- {'state': {}, 'action_taken': 'Productive Grassland', 'reward': 25.0}

- {'state': {}, 'action_taken': 'Productive Grassland', 'reward': 25.0}

- {'state': {}, 'action_taken': 'Productive Grassland', 'reward': 25.0}

- {'state': {}, 'action_taken': 'Productive Grassland', 'reward': 25.0}

- {'state': {}, 'action_taken': 'Productive Grassland', 'reward': 25.0}


---

Please select an action from the list of action options in order to maximize the reward for your task.
When selecting an action, put the exact name of the action between action tags like: <action> action_name </action>.

Your thinking budget is 150 tokens. If you exceed this limit, you will be forced to provide an immediate answer.
Your overall generation limit is 200 tokens.
2026-01-19 22:27:21,470 - src.driver - INFO - GENERATED CONTENT: <action>  Productive Grassland </action> 
 PARSED ACTION: Productive Grassland
2026-01-19 22:27:21,471 - src.driver - INFO - You will be assigned a task. 
You will receive the actions you have available, followed by the action history. 
Your goal is to maximize the total reward across all 10 steps. We are on step 6. 

Task Assignment:
---
You are a farmer who owns 3 fields. Each action corresponds to planting your crop in a different field. Each field is associated with a Gaussian distribution with a fixed but unknown mean. At each time step, you will select a field and receive a reward drawn from the associated distribution. Your goal is to maximize your reward across all of your turns.
---

Available Actions:
---

- Field Name: Arid Desert 

- Field Name: Productive Grassland 

- Field Name: Rocky Hills 

---
When selecting an action, include only the name of the action. Do not include the dashes used to indicate the list here.

History:
---


- {'state': {}, 'action_taken': 'Productive Grassland', 'reward': 25.0}

- {'state': {}, 'action_taken': 'Productive Grassland', 'reward': 25.0}

- {'state': {}, 'action_taken': 'Productive Grassland', 'reward': 25.0}

- {'state': {}, 'action_taken': 'Productive Grassland', 'reward': 25.0}

- {'state': {}, 'action_taken': 'Productive Grassland', 'reward': 25.0}

- {'state': {}, 'action_taken': 'Productive Grassland', 'reward': 25.0}


---

Please select an action from the list of action options in order to maximize the reward for your task.
When selecting an action, put the exact name of the action between action tags like: <action> action_name </action>.

Your thinking budget is 150 tokens. If you exceed this limit, you will be forced to provide an immediate answer.
Your overall generation limit is 200 tokens.
2026-01-19 22:27:56,031 - src.driver - INFO - GENERATED CONTENT: <action>  Productive Grassland </action> 
 PARSED ACTION: Productive Grassland
2026-01-19 22:27:56,032 - src.driver - INFO - You will be assigned a task. 
You will receive the actions you have available, followed by the action history. 
Your goal is to maximize the total reward across all 10 steps. We are on step 7. 

Task Assignment:
---
You are a farmer who owns 3 fields. Each action corresponds to planting your crop in a different field. Each field is associated with a Gaussian distribution with a fixed but unknown mean. At each time step, you will select a field and receive a reward drawn from the associated distribution. Your goal is to maximize your reward across all of your turns.
---

Available Actions:
---

- Field Name: Arid Desert 

- Field Name: Productive Grassland 

- Field Name: Rocky Hills 

---
When selecting an action, include only the name of the action. Do not include the dashes used to indicate the list here.

History:
---


- {'state': {}, 'action_taken': 'Productive Grassland', 'reward': 25.0}

- {'state': {}, 'action_taken': 'Productive Grassland', 'reward': 25.0}

- {'state': {}, 'action_taken': 'Productive Grassland', 'reward': 25.0}

- {'state': {}, 'action_taken': 'Productive Grassland', 'reward': 25.0}

- {'state': {}, 'action_taken': 'Productive Grassland', 'reward': 25.0}

- {'state': {}, 'action_taken': 'Productive Grassland', 'reward': 25.0}

- {'state': {}, 'action_taken': 'Productive Grassland', 'reward': 25.0}


---

Please select an action from the list of action options in order to maximize the reward for your task.
When selecting an action, put the exact name of the action between action tags like: <action> action_name </action>.

Your thinking budget is 150 tokens. If you exceed this limit, you will be forced to provide an immediate answer.
Your overall generation limit is 200 tokens.
2026-01-19 22:28:31,194 - src.driver - INFO - GENERATED CONTENT: <action>  Productive Grassland </action> 
 PARSED ACTION: Productive Grassland
2026-01-19 22:28:31,194 - src.driver - INFO - You will be assigned a task. 
You will receive the actions you have available, followed by the action history. 
Your goal is to maximize the total reward across all 10 steps. We are on step 8. 

Task Assignment:
---
You are a farmer who owns 3 fields. Each action corresponds to planting your crop in a different field. Each field is associated with a Gaussian distribution with a fixed but unknown mean. At each time step, you will select a field and receive a reward drawn from the associated distribution. Your goal is to maximize your reward across all of your turns.
---

Available Actions:
---

- Field Name: Arid Desert 

- Field Name: Productive Grassland 

- Field Name: Rocky Hills 

---
When selecting an action, include only the name of the action. Do not include the dashes used to indicate the list here.

History:
---


- {'state': {}, 'action_taken': 'Productive Grassland', 'reward': 25.0}

- {'state': {}, 'action_taken': 'Productive Grassland', 'reward': 25.0}

- {'state': {}, 'action_taken': 'Productive Grassland', 'reward': 25.0}

- {'state': {}, 'action_taken': 'Productive Grassland', 'reward': 25.0}

- {'state': {}, 'action_taken': 'Productive Grassland', 'reward': 25.0}

- {'state': {}, 'action_taken': 'Productive Grassland', 'reward': 25.0}

- {'state': {}, 'action_taken': 'Productive Grassland', 'reward': 25.0}

- {'state': {}, 'action_taken': 'Productive Grassland', 'reward': 25.0}


---

Please select an action from the list of action options in order to maximize the reward for your task.
When selecting an action, put the exact name of the action between action tags like: <action> action_name </action>.

Your thinking budget is 150 tokens. If you exceed this limit, you will be forced to provide an immediate answer.
Your overall generation limit is 200 tokens.
2026-01-19 22:29:07,035 - src.driver - INFO - GENERATED CONTENT: <action>  Productive Grassland </action> 
 PARSED ACTION: Productive Grassland
2026-01-19 22:29:07,035 - src.driver - INFO - You will be assigned a task. 
You will receive the actions you have available, followed by the action history. 
Your goal is to maximize the total reward across all 10 steps. We are on step 9. 

Task Assignment:
---
You are a farmer who owns 3 fields. Each action corresponds to planting your crop in a different field. Each field is associated with a Gaussian distribution with a fixed but unknown mean. At each time step, you will select a field and receive a reward drawn from the associated distribution. Your goal is to maximize your reward across all of your turns.
---

Available Actions:
---

- Field Name: Arid Desert 

- Field Name: Productive Grassland 

- Field Name: Rocky Hills 

---
When selecting an action, include only the name of the action. Do not include the dashes used to indicate the list here.

History:
---


- {'state': {}, 'action_taken': 'Productive Grassland', 'reward': 25.0}

- {'state': {}, 'action_taken': 'Productive Grassland', 'reward': 25.0}

- {'state': {}, 'action_taken': 'Productive Grassland', 'reward': 25.0}

- {'state': {}, 'action_taken': 'Productive Grassland', 'reward': 25.0}

- {'state': {}, 'action_taken': 'Productive Grassland', 'reward': 25.0}

- {'state': {}, 'action_taken': 'Productive Grassland', 'reward': 25.0}

- {'state': {}, 'action_taken': 'Productive Grassland', 'reward': 25.0}

- {'state': {}, 'action_taken': 'Productive Grassland', 'reward': 25.0}

- {'state': {}, 'action_taken': 'Productive Grassland', 'reward': 25.0}


---

Please select an action from the list of action options in order to maximize the reward for your task.
When selecting an action, put the exact name of the action between action tags like: <action> action_name </action>.

Your thinking budget is 150 tokens. If you exceed this limit, you will be forced to provide an immediate answer.
Your overall generation limit is 200 tokens.
2026-01-19 22:29:43,050 - src.driver - INFO - GENERATED CONTENT: <action>  Productive Grassland </action> 
 PARSED ACTION: Productive Grassland
2026-01-19 22:29:43,065 - src.driver - INFO - You will be assigned a task. 
You will receive the actions you have available, followed by the action history. 
Your goal is to maximize the total reward across all 10 steps. We are on step 0. 

Task Assignment:
---
You are a farmer who owns 3 fields. Each action corresponds to planting your crop in a different field. Each field is associated with a Gaussian distribution with a fixed but unknown mean. At each time step, you will select a field and receive a reward drawn from the associated distribution. Your goal is to maximize your reward across all of your turns.
---

Available Actions:
---

- Field Name: Arid Desert 

- Field Name: Productive Grassland 

- Field Name: Rocky Hills 

---
When selecting an action, include only the name of the action. Do not include the dashes used to indicate the list here.

History:
---

This is the first turn. There is no history.

---

Please select an action from the list of action options in order to maximize the reward for your task.
When selecting an action, put the exact name of the action between action tags like: <action> action_name </action>.

Your thinking budget is 150 tokens. If you exceed this limit, you will be forced to provide an immediate answer.
Your overall generation limit is 200 tokens.
2026-01-19 22:30:14,764 - src.driver - INFO - GENERATED CONTENT: <action>  Productive Grassland </action> 
 PARSED ACTION: Productive Grassland
2026-01-19 22:30:14,764 - src.driver - INFO - You will be assigned a task. 
You will receive the actions you have available, followed by the action history. 
Your goal is to maximize the total reward across all 10 steps. We are on step 1. 

Task Assignment:
---
You are a farmer who owns 3 fields. Each action corresponds to planting your crop in a different field. Each field is associated with a Gaussian distribution with a fixed but unknown mean. At each time step, you will select a field and receive a reward drawn from the associated distribution. Your goal is to maximize your reward across all of your turns.
---

Available Actions:
---

- Field Name: Arid Desert 

- Field Name: Productive Grassland 

- Field Name: Rocky Hills 

---
When selecting an action, include only the name of the action. Do not include the dashes used to indicate the list here.

History:
---


- {'state': {}, 'action_taken': 'Productive Grassland', 'reward': 25.0}


---

Please select an action from the list of action options in order to maximize the reward for your task.
When selecting an action, put the exact name of the action between action tags like: <action> action_name </action>.

Your thinking budget is 150 tokens. If you exceed this limit, you will be forced to provide an immediate answer.
Your overall generation limit is 200 tokens.
2026-01-19 22:30:46,548 - src.driver - INFO - GENERATED CONTENT: <action>  Productive Grassland </action> 
 PARSED ACTION: Productive Grassland
2026-01-19 22:30:46,548 - src.driver - INFO - You will be assigned a task. 
You will receive the actions you have available, followed by the action history. 
Your goal is to maximize the total reward across all 10 steps. We are on step 2. 

Task Assignment:
---
You are a farmer who owns 3 fields. Each action corresponds to planting your crop in a different field. Each field is associated with a Gaussian distribution with a fixed but unknown mean. At each time step, you will select a field and receive a reward drawn from the associated distribution. Your goal is to maximize your reward across all of your turns.
---

Available Actions:
---

- Field Name: Arid Desert 

- Field Name: Productive Grassland 

- Field Name: Rocky Hills 

---
When selecting an action, include only the name of the action. Do not include the dashes used to indicate the list here.

History:
---


- {'state': {}, 'action_taken': 'Productive Grassland', 'reward': 25.0}

- {'state': {}, 'action_taken': 'Productive Grassland', 'reward': 25.0}


---

Please select an action from the list of action options in order to maximize the reward for your task.
When selecting an action, put the exact name of the action between action tags like: <action> action_name </action>.

Your thinking budget is 150 tokens. If you exceed this limit, you will be forced to provide an immediate answer.
Your overall generation limit is 200 tokens.
2026-01-19 22:31:18,964 - src.driver - INFO - GENERATED CONTENT: <action>  Productive Grassland </action> 
 PARSED ACTION: Productive Grassland
2026-01-19 22:31:18,965 - src.driver - INFO - You will be assigned a task. 
You will receive the actions you have available, followed by the action history. 
Your goal is to maximize the total reward across all 10 steps. We are on step 3. 

Task Assignment:
---
You are a farmer who owns 3 fields. Each action corresponds to planting your crop in a different field. Each field is associated with a Gaussian distribution with a fixed but unknown mean. At each time step, you will select a field and receive a reward drawn from the associated distribution. Your goal is to maximize your reward across all of your turns.
---

Available Actions:
---

- Field Name: Arid Desert 

- Field Name: Productive Grassland 

- Field Name: Rocky Hills 

---
When selecting an action, include only the name of the action. Do not include the dashes used to indicate the list here.

History:
---


- {'state': {}, 'action_taken': 'Productive Grassland', 'reward': 25.0}

- {'state': {}, 'action_taken': 'Productive Grassland', 'reward': 25.0}

- {'state': {}, 'action_taken': 'Productive Grassland', 'reward': 25.0}


---

Please select an action from the list of action options in order to maximize the reward for your task.
When selecting an action, put the exact name of the action between action tags like: <action> action_name </action>.

Your thinking budget is 150 tokens. If you exceed this limit, you will be forced to provide an immediate answer.
Your overall generation limit is 200 tokens.
2026-01-19 22:31:51,946 - src.driver - INFO - GENERATED CONTENT: <action>  Productive Grassland </action> 
 PARSED ACTION: Productive Grassland
2026-01-19 22:31:51,947 - src.driver - INFO - You will be assigned a task. 
You will receive the actions you have available, followed by the action history. 
Your goal is to maximize the total reward across all 10 steps. We are on step 4. 

Task Assignment:
---
You are a farmer who owns 3 fields. Each action corresponds to planting your crop in a different field. Each field is associated with a Gaussian distribution with a fixed but unknown mean. At each time step, you will select a field and receive a reward drawn from the associated distribution. Your goal is to maximize your reward across all of your turns.
---

Available Actions:
---

- Field Name: Arid Desert 

- Field Name: Productive Grassland 

- Field Name: Rocky Hills 

---
When selecting an action, include only the name of the action. Do not include the dashes used to indicate the list here.

History:
---


- {'state': {}, 'action_taken': 'Productive Grassland', 'reward': 25.0}

- {'state': {}, 'action_taken': 'Productive Grassland', 'reward': 25.0}

- {'state': {}, 'action_taken': 'Productive Grassland', 'reward': 25.0}

- {'state': {}, 'action_taken': 'Productive Grassland', 'reward': 25.0}


---

Please select an action from the list of action options in order to maximize the reward for your task.
When selecting an action, put the exact name of the action between action tags like: <action> action_name </action>.

Your thinking budget is 150 tokens. If you exceed this limit, you will be forced to provide an immediate answer.
Your overall generation limit is 200 tokens.
2026-01-19 22:32:25,150 - src.driver - INFO - GENERATED CONTENT: <action>  Productive Grassland </action> 
 PARSED ACTION: Productive Grassland
2026-01-19 22:32:25,151 - src.driver - INFO - You will be assigned a task. 
You will receive the actions you have available, followed by the action history. 
Your goal is to maximize the total reward across all 10 steps. We are on step 5. 

Task Assignment:
---
You are a farmer who owns 3 fields. Each action corresponds to planting your crop in a different field. Each field is associated with a Gaussian distribution with a fixed but unknown mean. At each time step, you will select a field and receive a reward drawn from the associated distribution. Your goal is to maximize your reward across all of your turns.
---

Available Actions:
---

- Field Name: Arid Desert 

- Field Name: Productive Grassland 

- Field Name: Rocky Hills 

---
When selecting an action, include only the name of the action. Do not include the dashes used to indicate the list here.

History:
---


- {'state': {}, 'action_taken': 'Productive Grassland', 'reward': 25.0}

- {'state': {}, 'action_taken': 'Productive Grassland', 'reward': 25.0}

- {'state': {}, 'action_taken': 'Productive Grassland', 'reward': 25.0}

- {'state': {}, 'action_taken': 'Productive Grassland', 'reward': 25.0}

- {'state': {}, 'action_taken': 'Productive Grassland', 'reward': 25.0}


---

Please select an action from the list of action options in order to maximize the reward for your task.
When selecting an action, put the exact name of the action between action tags like: <action> action_name </action>.

Your thinking budget is 150 tokens. If you exceed this limit, you will be forced to provide an immediate answer.
Your overall generation limit is 200 tokens.
2026-01-19 22:32:58,908 - src.driver - INFO - GENERATED CONTENT: <action>  Productive Grassland </action> 
 PARSED ACTION: Productive Grassland
2026-01-19 22:32:58,908 - src.driver - INFO - You will be assigned a task. 
You will receive the actions you have available, followed by the action history. 
Your goal is to maximize the total reward across all 10 steps. We are on step 6. 

Task Assignment:
---
You are a farmer who owns 3 fields. Each action corresponds to planting your crop in a different field. Each field is associated with a Gaussian distribution with a fixed but unknown mean. At each time step, you will select a field and receive a reward drawn from the associated distribution. Your goal is to maximize your reward across all of your turns.
---

Available Actions:
---

- Field Name: Arid Desert 

- Field Name: Productive Grassland 

- Field Name: Rocky Hills 

---
When selecting an action, include only the name of the action. Do not include the dashes used to indicate the list here.

History:
---


- {'state': {}, 'action_taken': 'Productive Grassland', 'reward': 25.0}

- {'state': {}, 'action_taken': 'Productive Grassland', 'reward': 25.0}

- {'state': {}, 'action_taken': 'Productive Grassland', 'reward': 25.0}

- {'state': {}, 'action_taken': 'Productive Grassland', 'reward': 25.0}

- {'state': {}, 'action_taken': 'Productive Grassland', 'reward': 25.0}

- {'state': {}, 'action_taken': 'Productive Grassland', 'reward': 25.0}


---

Please select an action from the list of action options in order to maximize the reward for your task.
When selecting an action, put the exact name of the action between action tags like: <action> action_name </action>.

Your thinking budget is 150 tokens. If you exceed this limit, you will be forced to provide an immediate answer.
Your overall generation limit is 200 tokens.
2026-01-19 22:33:33,417 - src.driver - INFO - GENERATED CONTENT: <action>  Productive Grassland </action> 
 PARSED ACTION: Productive Grassland
2026-01-19 22:33:33,417 - src.driver - INFO - You will be assigned a task. 
You will receive the actions you have available, followed by the action history. 
Your goal is to maximize the total reward across all 10 steps. We are on step 7. 

Task Assignment:
---
You are a farmer who owns 3 fields. Each action corresponds to planting your crop in a different field. Each field is associated with a Gaussian distribution with a fixed but unknown mean. At each time step, you will select a field and receive a reward drawn from the associated distribution. Your goal is to maximize your reward across all of your turns.
---

Available Actions:
---

- Field Name: Arid Desert 

- Field Name: Productive Grassland 

- Field Name: Rocky Hills 

---
When selecting an action, include only the name of the action. Do not include the dashes used to indicate the list here.

History:
---


- {'state': {}, 'action_taken': 'Productive Grassland', 'reward': 25.0}

- {'state': {}, 'action_taken': 'Productive Grassland', 'reward': 25.0}

- {'state': {}, 'action_taken': 'Productive Grassland', 'reward': 25.0}

- {'state': {}, 'action_taken': 'Productive Grassland', 'reward': 25.0}

- {'state': {}, 'action_taken': 'Productive Grassland', 'reward': 25.0}

- {'state': {}, 'action_taken': 'Productive Grassland', 'reward': 25.0}

- {'state': {}, 'action_taken': 'Productive Grassland', 'reward': 25.0}


---

Please select an action from the list of action options in order to maximize the reward for your task.
When selecting an action, put the exact name of the action between action tags like: <action> action_name </action>.

Your thinking budget is 150 tokens. If you exceed this limit, you will be forced to provide an immediate answer.
Your overall generation limit is 200 tokens.
2026-01-19 22:34:08,621 - src.driver - INFO - GENERATED CONTENT: <action>  Productive Grassland </action> 
 PARSED ACTION: Productive Grassland
2026-01-19 22:34:08,622 - src.driver - INFO - You will be assigned a task. 
You will receive the actions you have available, followed by the action history. 
Your goal is to maximize the total reward across all 10 steps. We are on step 8. 

Task Assignment:
---
You are a farmer who owns 3 fields. Each action corresponds to planting your crop in a different field. Each field is associated with a Gaussian distribution with a fixed but unknown mean. At each time step, you will select a field and receive a reward drawn from the associated distribution. Your goal is to maximize your reward across all of your turns.
---

Available Actions:
---

- Field Name: Arid Desert 

- Field Name: Productive Grassland 

- Field Name: Rocky Hills 

---
When selecting an action, include only the name of the action. Do not include the dashes used to indicate the list here.

History:
---


- {'state': {}, 'action_taken': 'Productive Grassland', 'reward': 25.0}

- {'state': {}, 'action_taken': 'Productive Grassland', 'reward': 25.0}

- {'state': {}, 'action_taken': 'Productive Grassland', 'reward': 25.0}

- {'state': {}, 'action_taken': 'Productive Grassland', 'reward': 25.0}

- {'state': {}, 'action_taken': 'Productive Grassland', 'reward': 25.0}

- {'state': {}, 'action_taken': 'Productive Grassland', 'reward': 25.0}

- {'state': {}, 'action_taken': 'Productive Grassland', 'reward': 25.0}

- {'state': {}, 'action_taken': 'Productive Grassland', 'reward': 25.0}


---

Please select an action from the list of action options in order to maximize the reward for your task.
When selecting an action, put the exact name of the action between action tags like: <action> action_name </action>.

Your thinking budget is 150 tokens. If you exceed this limit, you will be forced to provide an immediate answer.
Your overall generation limit is 200 tokens.
2026-01-19 22:34:44,483 - src.driver - INFO - GENERATED CONTENT: <action>  Productive Grassland </action> 
 PARSED ACTION: Productive Grassland
2026-01-19 22:34:44,483 - src.driver - INFO - You will be assigned a task. 
You will receive the actions you have available, followed by the action history. 
Your goal is to maximize the total reward across all 10 steps. We are on step 9. 

Task Assignment:
---
You are a farmer who owns 3 fields. Each action corresponds to planting your crop in a different field. Each field is associated with a Gaussian distribution with a fixed but unknown mean. At each time step, you will select a field and receive a reward drawn from the associated distribution. Your goal is to maximize your reward across all of your turns.
---

Available Actions:
---

- Field Name: Arid Desert 

- Field Name: Productive Grassland 

- Field Name: Rocky Hills 

---
When selecting an action, include only the name of the action. Do not include the dashes used to indicate the list here.

History:
---


- {'state': {}, 'action_taken': 'Productive Grassland', 'reward': 25.0}

- {'state': {}, 'action_taken': 'Productive Grassland', 'reward': 25.0}

- {'state': {}, 'action_taken': 'Productive Grassland', 'reward': 25.0}

- {'state': {}, 'action_taken': 'Productive Grassland', 'reward': 25.0}

- {'state': {}, 'action_taken': 'Productive Grassland', 'reward': 25.0}

- {'state': {}, 'action_taken': 'Productive Grassland', 'reward': 25.0}

- {'state': {}, 'action_taken': 'Productive Grassland', 'reward': 25.0}

- {'state': {}, 'action_taken': 'Productive Grassland', 'reward': 25.0}

- {'state': {}, 'action_taken': 'Productive Grassland', 'reward': 25.0}


---

Please select an action from the list of action options in order to maximize the reward for your task.
When selecting an action, put the exact name of the action between action tags like: <action> action_name </action>.

Your thinking budget is 150 tokens. If you exceed this limit, you will be forced to provide an immediate answer.
Your overall generation limit is 200 tokens.
2026-01-19 22:35:20,560 - src.driver - INFO - GENERATED CONTENT: <action>  Productive Grassland </action> 
 PARSED ACTION: Productive Grassland
