2026-01-19 14:29:34,338 - src.driver - INFO - You will be assigned a task. 
You will receive the actions you have available, followed by the action history. 
Your goal is to maximize the total reward across all 10 steps. We are on step 0. 

Task Assignment:
---
You are a farmer who owns 3 fields. Each action corresponds to planting your crop in a different field. Each field is associated with a Gaussian distribution with a fixed but unknown mean. At each time step, you will select a field and receive a reward drawn from the associated distribution. Your goal is to maximize your reward across all of your turns.
---

Available Actions:
---

- Field Name: Rocky Hills 

- Field Name: Arid Desert 

- Field Name: Productive Grassland 

---
When selecting an action, include only the name of the action. Do not include the dashes used to indicate the list here.

History:
---

This is the first turn. There is no history.

---

Please select an action from the list of action options in order to maximize the reward for your task.
When selecting an action, put the exact name of the action between action tags like: <action> action_name </action>.

Your thinking budget is 150 tokens. If you exceed this limit, you will be forced to provide an immediate answer.
Your overall generation limit is 200 tokens.
2026-01-19 14:29:48,999 - src.driver - INFO - GENERATED CONTENT: <action>  Productive Grassland </action> 
 PARSED ACTION: Productive Grassland
2026-01-19 14:29:48,999 - src.driver - INFO - You will be assigned a task. 
You will receive the actions you have available, followed by the action history. 
Your goal is to maximize the total reward across all 10 steps. We are on step 1. 

Task Assignment:
---
You are a farmer who owns 3 fields. Each action corresponds to planting your crop in a different field. Each field is associated with a Gaussian distribution with a fixed but unknown mean. At each time step, you will select a field and receive a reward drawn from the associated distribution. Your goal is to maximize your reward across all of your turns.
---

Available Actions:
---

- Field Name: Rocky Hills 

- Field Name: Arid Desert 

- Field Name: Productive Grassland 

---
When selecting an action, include only the name of the action. Do not include the dashes used to indicate the list here.

History:
---


- {'state': {}, 'action_taken': 'Productive Grassland', 'reward': -75.0}


---

Please select an action from the list of action options in order to maximize the reward for your task.
When selecting an action, put the exact name of the action between action tags like: <action> action_name </action>.

Your thinking budget is 150 tokens. If you exceed this limit, you will be forced to provide an immediate answer.
Your overall generation limit is 200 tokens.
2026-01-19 14:30:03,490 - src.driver - INFO - GENERATED CONTENT: <action>  Rocky Hills </action> 
 PARSED ACTION: Rocky Hills
2026-01-19 14:30:03,491 - src.driver - INFO - You will be assigned a task. 
You will receive the actions you have available, followed by the action history. 
Your goal is to maximize the total reward across all 10 steps. We are on step 2. 

Task Assignment:
---
You are a farmer who owns 3 fields. Each action corresponds to planting your crop in a different field. Each field is associated with a Gaussian distribution with a fixed but unknown mean. At each time step, you will select a field and receive a reward drawn from the associated distribution. Your goal is to maximize your reward across all of your turns.
---

Available Actions:
---

- Field Name: Rocky Hills 

- Field Name: Arid Desert 

- Field Name: Productive Grassland 

---
When selecting an action, include only the name of the action. Do not include the dashes used to indicate the list here.

History:
---


- {'state': {}, 'action_taken': 'Productive Grassland', 'reward': -75.0}

- {'state': {}, 'action_taken': 'Rocky Hills', 'reward': -50.0}


---

Please select an action from the list of action options in order to maximize the reward for your task.
When selecting an action, put the exact name of the action between action tags like: <action> action_name </action>.

Your thinking budget is 150 tokens. If you exceed this limit, you will be forced to provide an immediate answer.
Your overall generation limit is 200 tokens.
2026-01-19 14:30:18,357 - src.driver - INFO - GENERATED CONTENT: <action>  Arid Desert </action> 
 PARSED ACTION: Arid Desert
2026-01-19 14:30:18,358 - src.driver - INFO - You will be assigned a task. 
You will receive the actions you have available, followed by the action history. 
Your goal is to maximize the total reward across all 10 steps. We are on step 3. 

Task Assignment:
---
You are a farmer who owns 3 fields. Each action corresponds to planting your crop in a different field. Each field is associated with a Gaussian distribution with a fixed but unknown mean. At each time step, you will select a field and receive a reward drawn from the associated distribution. Your goal is to maximize your reward across all of your turns.
---

Available Actions:
---

- Field Name: Rocky Hills 

- Field Name: Arid Desert 

- Field Name: Productive Grassland 

---
When selecting an action, include only the name of the action. Do not include the dashes used to indicate the list here.

History:
---


- {'state': {}, 'action_taken': 'Productive Grassland', 'reward': -75.0}

- {'state': {}, 'action_taken': 'Rocky Hills', 'reward': -50.0}

- {'state': {}, 'action_taken': 'Arid Desert', 'reward': -25.0}


---

Please select an action from the list of action options in order to maximize the reward for your task.
When selecting an action, put the exact name of the action between action tags like: <action> action_name </action>.

Your thinking budget is 150 tokens. If you exceed this limit, you will be forced to provide an immediate answer.
Your overall generation limit is 200 tokens.
2026-01-19 14:30:33,456 - src.driver - INFO - GENERATED CONTENT: <action>  Arid Desert </action> 
 PARSED ACTION: Arid Desert
2026-01-19 14:30:33,457 - src.driver - INFO - You will be assigned a task. 
You will receive the actions you have available, followed by the action history. 
Your goal is to maximize the total reward across all 10 steps. We are on step 4. 

Task Assignment:
---
You are a farmer who owns 3 fields. Each action corresponds to planting your crop in a different field. Each field is associated with a Gaussian distribution with a fixed but unknown mean. At each time step, you will select a field and receive a reward drawn from the associated distribution. Your goal is to maximize your reward across all of your turns.
---

Available Actions:
---

- Field Name: Rocky Hills 

- Field Name: Arid Desert 

- Field Name: Productive Grassland 

---
When selecting an action, include only the name of the action. Do not include the dashes used to indicate the list here.

History:
---


- {'state': {}, 'action_taken': 'Productive Grassland', 'reward': -75.0}

- {'state': {}, 'action_taken': 'Rocky Hills', 'reward': -50.0}

- {'state': {}, 'action_taken': 'Arid Desert', 'reward': -25.0}

- {'state': {}, 'action_taken': 'Arid Desert', 'reward': -25.0}


---

Please select an action from the list of action options in order to maximize the reward for your task.
When selecting an action, put the exact name of the action between action tags like: <action> action_name </action>.

Your thinking budget is 150 tokens. If you exceed this limit, you will be forced to provide an immediate answer.
Your overall generation limit is 200 tokens.
2026-01-19 14:30:48,578 - src.driver - INFO - GENERATED CONTENT: <action>  Rocky Hills </action> 
 PARSED ACTION: Rocky Hills
2026-01-19 14:30:48,579 - src.driver - INFO - You will be assigned a task. 
You will receive the actions you have available, followed by the action history. 
Your goal is to maximize the total reward across all 10 steps. We are on step 5. 

Task Assignment:
---
You are a farmer who owns 3 fields. Each action corresponds to planting your crop in a different field. Each field is associated with a Gaussian distribution with a fixed but unknown mean. At each time step, you will select a field and receive a reward drawn from the associated distribution. Your goal is to maximize your reward across all of your turns.
---

Available Actions:
---

- Field Name: Rocky Hills 

- Field Name: Arid Desert 

- Field Name: Productive Grassland 

---
When selecting an action, include only the name of the action. Do not include the dashes used to indicate the list here.

History:
---


- {'state': {}, 'action_taken': 'Productive Grassland', 'reward': -75.0}

- {'state': {}, 'action_taken': 'Rocky Hills', 'reward': -50.0}

- {'state': {}, 'action_taken': 'Arid Desert', 'reward': -25.0}

- {'state': {}, 'action_taken': 'Arid Desert', 'reward': -25.0}

- {'state': {}, 'action_taken': 'Rocky Hills', 'reward': -50.0}


---

Please select an action from the list of action options in order to maximize the reward for your task.
When selecting an action, put the exact name of the action between action tags like: <action> action_name </action>.

Your thinking budget is 150 tokens. If you exceed this limit, you will be forced to provide an immediate answer.
Your overall generation limit is 200 tokens.
2026-01-19 14:31:03,986 - src.driver - INFO - GENERATED CONTENT: <action>  Arid Desert </action> 
 PARSED ACTION: Arid Desert
2026-01-19 14:31:03,987 - src.driver - INFO - You will be assigned a task. 
You will receive the actions you have available, followed by the action history. 
Your goal is to maximize the total reward across all 10 steps. We are on step 6. 

Task Assignment:
---
You are a farmer who owns 3 fields. Each action corresponds to planting your crop in a different field. Each field is associated with a Gaussian distribution with a fixed but unknown mean. At each time step, you will select a field and receive a reward drawn from the associated distribution. Your goal is to maximize your reward across all of your turns.
---

Available Actions:
---

- Field Name: Rocky Hills 

- Field Name: Arid Desert 

- Field Name: Productive Grassland 

---
When selecting an action, include only the name of the action. Do not include the dashes used to indicate the list here.

History:
---


- {'state': {}, 'action_taken': 'Productive Grassland', 'reward': -75.0}

- {'state': {}, 'action_taken': 'Rocky Hills', 'reward': -50.0}

- {'state': {}, 'action_taken': 'Arid Desert', 'reward': -25.0}

- {'state': {}, 'action_taken': 'Arid Desert', 'reward': -25.0}

- {'state': {}, 'action_taken': 'Rocky Hills', 'reward': -50.0}

- {'state': {}, 'action_taken': 'Arid Desert', 'reward': -25.0}


---

Please select an action from the list of action options in order to maximize the reward for your task.
When selecting an action, put the exact name of the action between action tags like: <action> action_name </action>.

Your thinking budget is 150 tokens. If you exceed this limit, you will be forced to provide an immediate answer.
Your overall generation limit is 200 tokens.
2026-01-19 14:31:19,767 - src.driver - INFO - GENERATED CONTENT: <action>  Arid Desert </action> 
 PARSED ACTION: Arid Desert
2026-01-19 14:31:19,768 - src.driver - INFO - You will be assigned a task. 
You will receive the actions you have available, followed by the action history. 
Your goal is to maximize the total reward across all 10 steps. We are on step 7. 

Task Assignment:
---
You are a farmer who owns 3 fields. Each action corresponds to planting your crop in a different field. Each field is associated with a Gaussian distribution with a fixed but unknown mean. At each time step, you will select a field and receive a reward drawn from the associated distribution. Your goal is to maximize your reward across all of your turns.
---

Available Actions:
---

- Field Name: Rocky Hills 

- Field Name: Arid Desert 

- Field Name: Productive Grassland 

---
When selecting an action, include only the name of the action. Do not include the dashes used to indicate the list here.

History:
---


- {'state': {}, 'action_taken': 'Productive Grassland', 'reward': -75.0}

- {'state': {}, 'action_taken': 'Rocky Hills', 'reward': -50.0}

- {'state': {}, 'action_taken': 'Arid Desert', 'reward': -25.0}

- {'state': {}, 'action_taken': 'Arid Desert', 'reward': -25.0}

- {'state': {}, 'action_taken': 'Rocky Hills', 'reward': -50.0}

- {'state': {}, 'action_taken': 'Arid Desert', 'reward': -25.0}

- {'state': {}, 'action_taken': 'Arid Desert', 'reward': -25.0}


---

Please select an action from the list of action options in order to maximize the reward for your task.
When selecting an action, put the exact name of the action between action tags like: <action> action_name </action>.

Your thinking budget is 150 tokens. If you exceed this limit, you will be forced to provide an immediate answer.
Your overall generation limit is 200 tokens.
2026-01-19 14:31:35,721 - src.driver - INFO - GENERATED CONTENT: <action>  Productive Grassland </action> 
 PARSED ACTION: Productive Grassland
2026-01-19 14:31:35,722 - src.driver - INFO - You will be assigned a task. 
You will receive the actions you have available, followed by the action history. 
Your goal is to maximize the total reward across all 10 steps. We are on step 8. 

Task Assignment:
---
You are a farmer who owns 3 fields. Each action corresponds to planting your crop in a different field. Each field is associated with a Gaussian distribution with a fixed but unknown mean. At each time step, you will select a field and receive a reward drawn from the associated distribution. Your goal is to maximize your reward across all of your turns.
---

Available Actions:
---

- Field Name: Rocky Hills 

- Field Name: Arid Desert 

- Field Name: Productive Grassland 

---
When selecting an action, include only the name of the action. Do not include the dashes used to indicate the list here.

History:
---


- {'state': {}, 'action_taken': 'Productive Grassland', 'reward': -75.0}

- {'state': {}, 'action_taken': 'Rocky Hills', 'reward': -50.0}

- {'state': {}, 'action_taken': 'Arid Desert', 'reward': -25.0}

- {'state': {}, 'action_taken': 'Arid Desert', 'reward': -25.0}

- {'state': {}, 'action_taken': 'Rocky Hills', 'reward': -50.0}

- {'state': {}, 'action_taken': 'Arid Desert', 'reward': -25.0}

- {'state': {}, 'action_taken': 'Arid Desert', 'reward': -25.0}

- {'state': {}, 'action_taken': 'Productive Grassland', 'reward': -75.0}


---

Please select an action from the list of action options in order to maximize the reward for your task.
When selecting an action, put the exact name of the action between action tags like: <action> action_name </action>.

Your thinking budget is 150 tokens. If you exceed this limit, you will be forced to provide an immediate answer.
Your overall generation limit is 200 tokens.
2026-01-19 14:31:51,990 - src.driver - INFO - GENERATED CONTENT: <action>  Rocky Hills </action> 
 PARSED ACTION: Rocky Hills
2026-01-19 14:31:51,990 - src.driver - INFO - You will be assigned a task. 
You will receive the actions you have available, followed by the action history. 
Your goal is to maximize the total reward across all 10 steps. We are on step 9. 

Task Assignment:
---
You are a farmer who owns 3 fields. Each action corresponds to planting your crop in a different field. Each field is associated with a Gaussian distribution with a fixed but unknown mean. At each time step, you will select a field and receive a reward drawn from the associated distribution. Your goal is to maximize your reward across all of your turns.
---

Available Actions:
---

- Field Name: Rocky Hills 

- Field Name: Arid Desert 

- Field Name: Productive Grassland 

---
When selecting an action, include only the name of the action. Do not include the dashes used to indicate the list here.

History:
---


- {'state': {}, 'action_taken': 'Productive Grassland', 'reward': -75.0}

- {'state': {}, 'action_taken': 'Rocky Hills', 'reward': -50.0}

- {'state': {}, 'action_taken': 'Arid Desert', 'reward': -25.0}

- {'state': {}, 'action_taken': 'Arid Desert', 'reward': -25.0}

- {'state': {}, 'action_taken': 'Rocky Hills', 'reward': -50.0}

- {'state': {}, 'action_taken': 'Arid Desert', 'reward': -25.0}

- {'state': {}, 'action_taken': 'Arid Desert', 'reward': -25.0}

- {'state': {}, 'action_taken': 'Productive Grassland', 'reward': -75.0}

- {'state': {}, 'action_taken': 'Rocky Hills', 'reward': -50.0}


---

Please select an action from the list of action options in order to maximize the reward for your task.
When selecting an action, put the exact name of the action between action tags like: <action> action_name </action>.

Your thinking budget is 150 tokens. If you exceed this limit, you will be forced to provide an immediate answer.
Your overall generation limit is 200 tokens.
2026-01-19 14:32:08,401 - src.driver - INFO - GENERATED CONTENT: <action>  Arid Desert </action> 
 PARSED ACTION: Arid Desert
2026-01-19 14:32:08,417 - src.driver - INFO - You will be assigned a task. 
You will receive the actions you have available, followed by the action history. 
Your goal is to maximize the total reward across all 10 steps. We are on step 0. 

Task Assignment:
---
You are a farmer who owns 3 fields. Each action corresponds to planting your crop in a different field. Each field is associated with a Gaussian distribution with a fixed but unknown mean. At each time step, you will select a field and receive a reward drawn from the associated distribution. Your goal is to maximize your reward across all of your turns.
---

Available Actions:
---

- Field Name: Rocky Hills 

- Field Name: Productive Grassland 

- Field Name: Arid Desert 

---
When selecting an action, include only the name of the action. Do not include the dashes used to indicate the list here.

History:
---

This is the first turn. There is no history.

---

Please select an action from the list of action options in order to maximize the reward for your task.
When selecting an action, put the exact name of the action between action tags like: <action> action_name </action>.

Your thinking budget is 150 tokens. If you exceed this limit, you will be forced to provide an immediate answer.
Your overall generation limit is 200 tokens.
2026-01-19 14:32:23,074 - src.driver - INFO - GENERATED CONTENT: <action>  Productive Grassland </action> 
 PARSED ACTION: Productive Grassland
2026-01-19 14:32:23,075 - src.driver - INFO - You will be assigned a task. 
You will receive the actions you have available, followed by the action history. 
Your goal is to maximize the total reward across all 10 steps. We are on step 1. 

Task Assignment:
---
You are a farmer who owns 3 fields. Each action corresponds to planting your crop in a different field. Each field is associated with a Gaussian distribution with a fixed but unknown mean. At each time step, you will select a field and receive a reward drawn from the associated distribution. Your goal is to maximize your reward across all of your turns.
---

Available Actions:
---

- Field Name: Rocky Hills 

- Field Name: Productive Grassland 

- Field Name: Arid Desert 

---
When selecting an action, include only the name of the action. Do not include the dashes used to indicate the list here.

History:
---


- {'state': {}, 'action_taken': 'Productive Grassland', 'reward': -75.0}


---

Please select an action from the list of action options in order to maximize the reward for your task.
When selecting an action, put the exact name of the action between action tags like: <action> action_name </action>.

Your thinking budget is 150 tokens. If you exceed this limit, you will be forced to provide an immediate answer.
Your overall generation limit is 200 tokens.
2026-01-19 14:32:37,622 - src.driver - INFO - GENERATED CONTENT: <action>  Rocky Hills </action> 
 PARSED ACTION: Rocky Hills
2026-01-19 14:32:37,623 - src.driver - INFO - You will be assigned a task. 
You will receive the actions you have available, followed by the action history. 
Your goal is to maximize the total reward across all 10 steps. We are on step 2. 

Task Assignment:
---
You are a farmer who owns 3 fields. Each action corresponds to planting your crop in a different field. Each field is associated with a Gaussian distribution with a fixed but unknown mean. At each time step, you will select a field and receive a reward drawn from the associated distribution. Your goal is to maximize your reward across all of your turns.
---

Available Actions:
---

- Field Name: Rocky Hills 

- Field Name: Productive Grassland 

- Field Name: Arid Desert 

---
When selecting an action, include only the name of the action. Do not include the dashes used to indicate the list here.

History:
---


- {'state': {}, 'action_taken': 'Productive Grassland', 'reward': -75.0}

- {'state': {}, 'action_taken': 'Rocky Hills', 'reward': -50.0}


---

Please select an action from the list of action options in order to maximize the reward for your task.
When selecting an action, put the exact name of the action between action tags like: <action> action_name </action>.

Your thinking budget is 150 tokens. If you exceed this limit, you will be forced to provide an immediate answer.
Your overall generation limit is 200 tokens.
2026-01-19 14:32:52,494 - src.driver - INFO - GENERATED CONTENT: <action>  Arid Desert </action> 
 PARSED ACTION: Arid Desert
2026-01-19 14:32:52,495 - src.driver - INFO - You will be assigned a task. 
You will receive the actions you have available, followed by the action history. 
Your goal is to maximize the total reward across all 10 steps. We are on step 3. 

Task Assignment:
---
You are a farmer who owns 3 fields. Each action corresponds to planting your crop in a different field. Each field is associated with a Gaussian distribution with a fixed but unknown mean. At each time step, you will select a field and receive a reward drawn from the associated distribution. Your goal is to maximize your reward across all of your turns.
---

Available Actions:
---

- Field Name: Rocky Hills 

- Field Name: Productive Grassland 

- Field Name: Arid Desert 

---
When selecting an action, include only the name of the action. Do not include the dashes used to indicate the list here.

History:
---


- {'state': {}, 'action_taken': 'Productive Grassland', 'reward': -75.0}

- {'state': {}, 'action_taken': 'Rocky Hills', 'reward': -50.0}

- {'state': {}, 'action_taken': 'Arid Desert', 'reward': -25.0}


---

Please select an action from the list of action options in order to maximize the reward for your task.
When selecting an action, put the exact name of the action between action tags like: <action> action_name </action>.

Your thinking budget is 150 tokens. If you exceed this limit, you will be forced to provide an immediate answer.
Your overall generation limit is 200 tokens.
2026-01-19 14:33:07,598 - src.driver - INFO - GENERATED CONTENT: <action>  Arid Desert </action> 
 PARSED ACTION: Arid Desert
2026-01-19 14:33:07,599 - src.driver - INFO - You will be assigned a task. 
You will receive the actions you have available, followed by the action history. 
Your goal is to maximize the total reward across all 10 steps. We are on step 4. 

Task Assignment:
---
You are a farmer who owns 3 fields. Each action corresponds to planting your crop in a different field. Each field is associated with a Gaussian distribution with a fixed but unknown mean. At each time step, you will select a field and receive a reward drawn from the associated distribution. Your goal is to maximize your reward across all of your turns.
---

Available Actions:
---

- Field Name: Rocky Hills 

- Field Name: Productive Grassland 

- Field Name: Arid Desert 

---
When selecting an action, include only the name of the action. Do not include the dashes used to indicate the list here.

History:
---


- {'state': {}, 'action_taken': 'Productive Grassland', 'reward': -75.0}

- {'state': {}, 'action_taken': 'Rocky Hills', 'reward': -50.0}

- {'state': {}, 'action_taken': 'Arid Desert', 'reward': -25.0}

- {'state': {}, 'action_taken': 'Arid Desert', 'reward': -25.0}


---

Please select an action from the list of action options in order to maximize the reward for your task.
When selecting an action, put the exact name of the action between action tags like: <action> action_name </action>.

Your thinking budget is 150 tokens. If you exceed this limit, you will be forced to provide an immediate answer.
Your overall generation limit is 200 tokens.
2026-01-19 14:33:22,686 - src.driver - INFO - GENERATED CONTENT: <action>  Rocky Hills </action> 
 PARSED ACTION: Rocky Hills
2026-01-19 14:33:22,687 - src.driver - INFO - You will be assigned a task. 
You will receive the actions you have available, followed by the action history. 
Your goal is to maximize the total reward across all 10 steps. We are on step 5. 

Task Assignment:
---
You are a farmer who owns 3 fields. Each action corresponds to planting your crop in a different field. Each field is associated with a Gaussian distribution with a fixed but unknown mean. At each time step, you will select a field and receive a reward drawn from the associated distribution. Your goal is to maximize your reward across all of your turns.
---

Available Actions:
---

- Field Name: Rocky Hills 

- Field Name: Productive Grassland 

- Field Name: Arid Desert 

---
When selecting an action, include only the name of the action. Do not include the dashes used to indicate the list here.

History:
---


- {'state': {}, 'action_taken': 'Productive Grassland', 'reward': -75.0}

- {'state': {}, 'action_taken': 'Rocky Hills', 'reward': -50.0}

- {'state': {}, 'action_taken': 'Arid Desert', 'reward': -25.0}

- {'state': {}, 'action_taken': 'Arid Desert', 'reward': -25.0}

- {'state': {}, 'action_taken': 'Rocky Hills', 'reward': -50.0}


---

Please select an action from the list of action options in order to maximize the reward for your task.
When selecting an action, put the exact name of the action between action tags like: <action> action_name </action>.

Your thinking budget is 150 tokens. If you exceed this limit, you will be forced to provide an immediate answer.
Your overall generation limit is 200 tokens.
2026-01-19 14:33:38,185 - src.driver - INFO - GENERATED CONTENT: <action>  Productive Grassland </action> 
 PARSED ACTION: Productive Grassland
2026-01-19 14:33:38,186 - src.driver - INFO - You will be assigned a task. 
You will receive the actions you have available, followed by the action history. 
Your goal is to maximize the total reward across all 10 steps. We are on step 6. 

Task Assignment:
---
You are a farmer who owns 3 fields. Each action corresponds to planting your crop in a different field. Each field is associated with a Gaussian distribution with a fixed but unknown mean. At each time step, you will select a field and receive a reward drawn from the associated distribution. Your goal is to maximize your reward across all of your turns.
---

Available Actions:
---

- Field Name: Rocky Hills 

- Field Name: Productive Grassland 

- Field Name: Arid Desert 

---
When selecting an action, include only the name of the action. Do not include the dashes used to indicate the list here.

History:
---


- {'state': {}, 'action_taken': 'Productive Grassland', 'reward': -75.0}

- {'state': {}, 'action_taken': 'Rocky Hills', 'reward': -50.0}

- {'state': {}, 'action_taken': 'Arid Desert', 'reward': -25.0}

- {'state': {}, 'action_taken': 'Arid Desert', 'reward': -25.0}

- {'state': {}, 'action_taken': 'Rocky Hills', 'reward': -50.0}

- {'state': {}, 'action_taken': 'Productive Grassland', 'reward': -75.0}


---

Please select an action from the list of action options in order to maximize the reward for your task.
When selecting an action, put the exact name of the action between action tags like: <action> action_name </action>.

Your thinking budget is 150 tokens. If you exceed this limit, you will be forced to provide an immediate answer.
Your overall generation limit is 200 tokens.
2026-01-19 14:33:54,001 - src.driver - INFO - GENERATED CONTENT: <action>  Arid Desert </action> 
 PARSED ACTION: Arid Desert
2026-01-19 14:33:54,001 - src.driver - INFO - You will be assigned a task. 
You will receive the actions you have available, followed by the action history. 
Your goal is to maximize the total reward across all 10 steps. We are on step 7. 

Task Assignment:
---
You are a farmer who owns 3 fields. Each action corresponds to planting your crop in a different field. Each field is associated with a Gaussian distribution with a fixed but unknown mean. At each time step, you will select a field and receive a reward drawn from the associated distribution. Your goal is to maximize your reward across all of your turns.
---

Available Actions:
---

- Field Name: Rocky Hills 

- Field Name: Productive Grassland 

- Field Name: Arid Desert 

---
When selecting an action, include only the name of the action. Do not include the dashes used to indicate the list here.

History:
---


- {'state': {}, 'action_taken': 'Productive Grassland', 'reward': -75.0}

- {'state': {}, 'action_taken': 'Rocky Hills', 'reward': -50.0}

- {'state': {}, 'action_taken': 'Arid Desert', 'reward': -25.0}

- {'state': {}, 'action_taken': 'Arid Desert', 'reward': -25.0}

- {'state': {}, 'action_taken': 'Rocky Hills', 'reward': -50.0}

- {'state': {}, 'action_taken': 'Productive Grassland', 'reward': -75.0}

- {'state': {}, 'action_taken': 'Arid Desert', 'reward': -25.0}


---

Please select an action from the list of action options in order to maximize the reward for your task.
When selecting an action, put the exact name of the action between action tags like: <action> action_name </action>.

Your thinking budget is 150 tokens. If you exceed this limit, you will be forced to provide an immediate answer.
Your overall generation limit is 200 tokens.
2026-01-19 14:34:09,770 - src.driver - INFO - GENERATED CONTENT: <action>  Rocky Hills </action> 
 PARSED ACTION: Rocky Hills
2026-01-19 14:34:09,770 - src.driver - INFO - You will be assigned a task. 
You will receive the actions you have available, followed by the action history. 
Your goal is to maximize the total reward across all 10 steps. We are on step 8. 

Task Assignment:
---
You are a farmer who owns 3 fields. Each action corresponds to planting your crop in a different field. Each field is associated with a Gaussian distribution with a fixed but unknown mean. At each time step, you will select a field and receive a reward drawn from the associated distribution. Your goal is to maximize your reward across all of your turns.
---

Available Actions:
---

- Field Name: Rocky Hills 

- Field Name: Productive Grassland 

- Field Name: Arid Desert 

---
When selecting an action, include only the name of the action. Do not include the dashes used to indicate the list here.

History:
---


- {'state': {}, 'action_taken': 'Productive Grassland', 'reward': -75.0}

- {'state': {}, 'action_taken': 'Rocky Hills', 'reward': -50.0}

- {'state': {}, 'action_taken': 'Arid Desert', 'reward': -25.0}

- {'state': {}, 'action_taken': 'Arid Desert', 'reward': -25.0}

- {'state': {}, 'action_taken': 'Rocky Hills', 'reward': -50.0}

- {'state': {}, 'action_taken': 'Productive Grassland', 'reward': -75.0}

- {'state': {}, 'action_taken': 'Arid Desert', 'reward': -25.0}

- {'state': {}, 'action_taken': 'Rocky Hills', 'reward': -50.0}


---

Please select an action from the list of action options in order to maximize the reward for your task.
When selecting an action, put the exact name of the action between action tags like: <action> action_name </action>.

Your thinking budget is 150 tokens. If you exceed this limit, you will be forced to provide an immediate answer.
Your overall generation limit is 200 tokens.
2026-01-19 14:34:26,181 - src.driver - INFO - GENERATED CONTENT: <action>  Productive Grassland </action> 
 PARSED ACTION: Productive Grassland
2026-01-19 14:34:26,182 - src.driver - INFO - You will be assigned a task. 
You will receive the actions you have available, followed by the action history. 
Your goal is to maximize the total reward across all 10 steps. We are on step 9. 

Task Assignment:
---
You are a farmer who owns 3 fields. Each action corresponds to planting your crop in a different field. Each field is associated with a Gaussian distribution with a fixed but unknown mean. At each time step, you will select a field and receive a reward drawn from the associated distribution. Your goal is to maximize your reward across all of your turns.
---

Available Actions:
---

- Field Name: Rocky Hills 

- Field Name: Productive Grassland 

- Field Name: Arid Desert 

---
When selecting an action, include only the name of the action. Do not include the dashes used to indicate the list here.

History:
---


- {'state': {}, 'action_taken': 'Productive Grassland', 'reward': -75.0}

- {'state': {}, 'action_taken': 'Rocky Hills', 'reward': -50.0}

- {'state': {}, 'action_taken': 'Arid Desert', 'reward': -25.0}

- {'state': {}, 'action_taken': 'Arid Desert', 'reward': -25.0}

- {'state': {}, 'action_taken': 'Rocky Hills', 'reward': -50.0}

- {'state': {}, 'action_taken': 'Productive Grassland', 'reward': -75.0}

- {'state': {}, 'action_taken': 'Arid Desert', 'reward': -25.0}

- {'state': {}, 'action_taken': 'Rocky Hills', 'reward': -50.0}

- {'state': {}, 'action_taken': 'Productive Grassland', 'reward': -75.0}


---

Please select an action from the list of action options in order to maximize the reward for your task.
When selecting an action, put the exact name of the action between action tags like: <action> action_name </action>.

Your thinking budget is 150 tokens. If you exceed this limit, you will be forced to provide an immediate answer.
Your overall generation limit is 200 tokens.
2026-01-19 14:34:42,623 - src.driver - INFO - GENERATED CONTENT: <action>  Arid Desert </action> 
 PARSED ACTION: Arid Desert
