2025-12-10 00:38:51,462 - src.driver - INFO - You will be assigned a task. 
You will receive the actions you have available, followed by the action history. 
Your goal is to maximize the total reward across all 8 steps. We are on step 0. 

Task Assignment:
---
You are a farmer who owns 3 fields. Each action corresponds to planting in a specific field. Each field is associated with a Gaussian distribution with a fixed but unknown mean. At each time step, you will select a field and receive a reward drawn from the associated distribution. Your goal is to select which field to plant in in order to maximize your reward across all of your turns.
---

Available Actions:
---

- Forte Tribute Anchorage Field : Previously observed rewards: []

- Decimal Glasses Sailing Field : Previously observed rewards: []

- Dementia Elimination Pathetic Field : Previously observed rewards: []

---
When selecting an action, include only the name of the action. Do not include the dashes used to indicate the list here.

Please select an action from the list of action options in order to maximize the reward for your task.
When selecting an action, put the exact name of the action between action tags like: <action> action_name </action>.

Your thinking budget is 150 tokens. If you exceed this limit, you will be forced to provide an immediate answer.
Your overall generation limit is 200 tokens.
2025-12-10 00:39:06,849 - src.driver - INFO - GENERATED CONTENT: <action>  Forte Tribute Anchorage Field </action> 
 PARSED ACTION: Forte Tribute Anchorage Field
2025-12-10 00:39:06,849 - src.driver - INFO - You will be assigned a task. 
You will receive the actions you have available, followed by the action history. 
Your goal is to maximize the total reward across all 8 steps. We are on step 1. 

Task Assignment:
---
You are a farmer who owns 3 fields. Each action corresponds to planting in a specific field. Each field is associated with a Gaussian distribution with a fixed but unknown mean. At each time step, you will select a field and receive a reward drawn from the associated distribution. Your goal is to select which field to plant in in order to maximize your reward across all of your turns.
---

Available Actions:
---

- Forte Tribute Anchorage Field : Previously observed rewards: [ -50.0 ]

- Decimal Glasses Sailing Field : Previously observed rewards: []

- Dementia Elimination Pathetic Field : Previously observed rewards: []

---
When selecting an action, include only the name of the action. Do not include the dashes used to indicate the list here.

Please select an action from the list of action options in order to maximize the reward for your task.
When selecting an action, put the exact name of the action between action tags like: <action> action_name </action>.

Your thinking budget is 150 tokens. If you exceed this limit, you will be forced to provide an immediate answer.
Your overall generation limit is 200 tokens.
2025-12-10 00:39:22,193 - src.driver - INFO - GENERATED CONTENT: <action>  Decimal Glasses Sailing Field </action> 
 PARSED ACTION: Decimal Glasses Sailing Field
2025-12-10 00:39:22,194 - src.driver - INFO - You will be assigned a task. 
You will receive the actions you have available, followed by the action history. 
Your goal is to maximize the total reward across all 8 steps. We are on step 2. 

Task Assignment:
---
You are a farmer who owns 3 fields. Each action corresponds to planting in a specific field. Each field is associated with a Gaussian distribution with a fixed but unknown mean. At each time step, you will select a field and receive a reward drawn from the associated distribution. Your goal is to select which field to plant in in order to maximize your reward across all of your turns.
---

Available Actions:
---

- Forte Tribute Anchorage Field : Previously observed rewards: [ -50.0 ]

- Decimal Glasses Sailing Field : Previously observed rewards: [ -100.0 ]

- Dementia Elimination Pathetic Field : Previously observed rewards: []

---
When selecting an action, include only the name of the action. Do not include the dashes used to indicate the list here.

Please select an action from the list of action options in order to maximize the reward for your task.
When selecting an action, put the exact name of the action between action tags like: <action> action_name </action>.

Your thinking budget is 150 tokens. If you exceed this limit, you will be forced to provide an immediate answer.
Your overall generation limit is 200 tokens.
2025-12-10 00:39:37,260 - src.driver - INFO - GENERATED CONTENT: <action>  Dementia Elimination Pathetic Field </action> 
 PARSED ACTION: Dementia Elimination Pathetic Field
2025-12-10 00:39:37,260 - src.driver - INFO - You will be assigned a task. 
You will receive the actions you have available, followed by the action history. 
Your goal is to maximize the total reward across all 8 steps. We are on step 3. 

Task Assignment:
---
You are a farmer who owns 3 fields. Each action corresponds to planting in a specific field. Each field is associated with a Gaussian distribution with a fixed but unknown mean. At each time step, you will select a field and receive a reward drawn from the associated distribution. Your goal is to select which field to plant in in order to maximize your reward across all of your turns.
---

Available Actions:
---

- Forte Tribute Anchorage Field : Previously observed rewards: [ -50.0 ]

- Decimal Glasses Sailing Field : Previously observed rewards: [ -100.0 ]

- Dementia Elimination Pathetic Field : Previously observed rewards: [ -200.0 ]

---
When selecting an action, include only the name of the action. Do not include the dashes used to indicate the list here.

Please select an action from the list of action options in order to maximize the reward for your task.
When selecting an action, put the exact name of the action between action tags like: <action> action_name </action>.

Your thinking budget is 150 tokens. If you exceed this limit, you will be forced to provide an immediate answer.
Your overall generation limit is 200 tokens.
2025-12-10 00:39:52,462 - src.driver - INFO - GENERATED CONTENT: <action>  Forte Tribute Anchorage Field </action> 
 PARSED ACTION: Forte Tribute Anchorage Field
2025-12-10 00:39:52,462 - src.driver - INFO - You will be assigned a task. 
You will receive the actions you have available, followed by the action history. 
Your goal is to maximize the total reward across all 8 steps. We are on step 4. 

Task Assignment:
---
You are a farmer who owns 3 fields. Each action corresponds to planting in a specific field. Each field is associated with a Gaussian distribution with a fixed but unknown mean. At each time step, you will select a field and receive a reward drawn from the associated distribution. Your goal is to select which field to plant in in order to maximize your reward across all of your turns.
---

Available Actions:
---

- Forte Tribute Anchorage Field : Previously observed rewards: [ -50.0  -50.0 ]

- Decimal Glasses Sailing Field : Previously observed rewards: [ -100.0 ]

- Dementia Elimination Pathetic Field : Previously observed rewards: [ -200.0 ]

---
When selecting an action, include only the name of the action. Do not include the dashes used to indicate the list here.

Please select an action from the list of action options in order to maximize the reward for your task.
When selecting an action, put the exact name of the action between action tags like: <action> action_name </action>.

Your thinking budget is 150 tokens. If you exceed this limit, you will be forced to provide an immediate answer.
Your overall generation limit is 200 tokens.
2025-12-10 00:40:09,440 - src.driver - INFO - GENERATED CONTENT: <action>  Forte Tribute Anchorage Field </action> has the highest mean reward (-50) compared to Decimal (-100) and Dementia 
 PARSED ACTION: Forte Tribute Anchorage Field
2025-12-10 00:40:09,442 - src.driver - INFO - You will be assigned a task. 
You will receive the actions you have available, followed by the action history. 
Your goal is to maximize the total reward across all 8 steps. We are on step 5. 

Task Assignment:
---
You are a farmer who owns 3 fields. Each action corresponds to planting in a specific field. Each field is associated with a Gaussian distribution with a fixed but unknown mean. At each time step, you will select a field and receive a reward drawn from the associated distribution. Your goal is to select which field to plant in in order to maximize your reward across all of your turns.
---

Available Actions:
---

- Forte Tribute Anchorage Field : Previously observed rewards: [ -50.0  -50.0  -50.0 ]

- Decimal Glasses Sailing Field : Previously observed rewards: [ -100.0 ]

- Dementia Elimination Pathetic Field : Previously observed rewards: [ -200.0 ]

---
When selecting an action, include only the name of the action. Do not include the dashes used to indicate the list here.

Please select an action from the list of action options in order to maximize the reward for your task.
When selecting an action, put the exact name of the action between action tags like: <action> action_name </action>.

Your thinking budget is 150 tokens. If you exceed this limit, you will be forced to provide an immediate answer.
Your overall generation limit is 200 tokens.
2025-12-10 00:40:24,735 - src.driver - INFO - GENERATED CONTENT: <action>  Forte Tribute Anchorage Field </action> 
 PARSED ACTION: Forte Tribute Anchorage Field
2025-12-10 00:40:24,736 - src.driver - INFO - You will be assigned a task. 
You will receive the actions you have available, followed by the action history. 
Your goal is to maximize the total reward across all 8 steps. We are on step 6. 

Task Assignment:
---
You are a farmer who owns 3 fields. Each action corresponds to planting in a specific field. Each field is associated with a Gaussian distribution with a fixed but unknown mean. At each time step, you will select a field and receive a reward drawn from the associated distribution. Your goal is to select which field to plant in in order to maximize your reward across all of your turns.
---

Available Actions:
---

- Forte Tribute Anchorage Field : Previously observed rewards: [ -50.0  -50.0  -50.0  -50.0 ]

- Decimal Glasses Sailing Field : Previously observed rewards: [ -100.0 ]

- Dementia Elimination Pathetic Field : Previously observed rewards: [ -200.0 ]

---
When selecting an action, include only the name of the action. Do not include the dashes used to indicate the list here.

Please select an action from the list of action options in order to maximize the reward for your task.
When selecting an action, put the exact name of the action between action tags like: <action> action_name </action>.

Your thinking budget is 150 tokens. If you exceed this limit, you will be forced to provide an immediate answer.
Your overall generation limit is 200 tokens.
2025-12-10 00:40:40,152 - src.driver - INFO - GENERATED CONTENT: <action>  Forte Tribute Anchorage Field </action> 
 PARSED ACTION: Forte Tribute Anchorage Field
2025-12-10 00:40:40,153 - src.driver - INFO - You will be assigned a task. 
You will receive the actions you have available, followed by the action history. 
Your goal is to maximize the total reward across all 8 steps. We are on step 7. 

Task Assignment:
---
You are a farmer who owns 3 fields. Each action corresponds to planting in a specific field. Each field is associated with a Gaussian distribution with a fixed but unknown mean. At each time step, you will select a field and receive a reward drawn from the associated distribution. Your goal is to select which field to plant in in order to maximize your reward across all of your turns.
---

Available Actions:
---

- Forte Tribute Anchorage Field : Previously observed rewards: [ -50.0  -50.0  -50.0  -50.0  -50.0 ]

- Decimal Glasses Sailing Field : Previously observed rewards: [ -100.0 ]

- Dementia Elimination Pathetic Field : Previously observed rewards: [ -200.0 ]

---
When selecting an action, include only the name of the action. Do not include the dashes used to indicate the list here.

Please select an action from the list of action options in order to maximize the reward for your task.
When selecting an action, put the exact name of the action between action tags like: <action> action_name </action>.

Your thinking budget is 150 tokens. If you exceed this limit, you will be forced to provide an immediate answer.
Your overall generation limit is 200 tokens.
2025-12-10 00:40:57,003 - src.driver - INFO - GENERATED CONTENT: <action>  Forte Tribute Anchorage Field </action> has the highest mean reward (-50) compared to the others (-100 and - 
 PARSED ACTION: Forte Tribute Anchorage Field
2025-12-10 00:41:01,863 - src.driver - INFO - You will be assigned a task. 
You will receive the actions you have available, followed by the action history. 
Your goal is to maximize the total reward across all 8 steps. We are on step 0. 

Task Assignment:
---
You are a farmer who owns 3 fields. Each action corresponds to planting in a specific field. Each field is associated with a Gaussian distribution with a fixed but unknown mean. At each time step, you will select a field and receive a reward drawn from the associated distribution. Your goal is to select which field to plant in in order to maximize your reward across all of your turns.
---

Available Actions:
---

- Dementia Elimination Pathetic Field : Previously observed rewards: []

- Forte Tribute Anchorage Field : Previously observed rewards: []

- Decimal Glasses Sailing Field : Previously observed rewards: []

---
When selecting an action, include only the name of the action. Do not include the dashes used to indicate the list here.

Please select an action from the list of action options in order to maximize the reward for your task.
When selecting an action, put the exact name of the action between action tags like: <action> action_name </action>.

Your thinking budget is 150 tokens. If you exceed this limit, you will be forced to provide an immediate answer.
Your overall generation limit is 200 tokens.
2025-12-10 00:41:16,861 - src.driver - INFO - GENERATED CONTENT: <action>  Forte Tribute Anchorage Field </action> 
 PARSED ACTION: Forte Tribute Anchorage Field
2025-12-10 00:41:16,861 - src.driver - INFO - You will be assigned a task. 
You will receive the actions you have available, followed by the action history. 
Your goal is to maximize the total reward across all 8 steps. We are on step 1. 

Task Assignment:
---
You are a farmer who owns 3 fields. Each action corresponds to planting in a specific field. Each field is associated with a Gaussian distribution with a fixed but unknown mean. At each time step, you will select a field and receive a reward drawn from the associated distribution. Your goal is to select which field to plant in in order to maximize your reward across all of your turns.
---

Available Actions:
---

- Dementia Elimination Pathetic Field : Previously observed rewards: []

- Forte Tribute Anchorage Field : Previously observed rewards: [ -50.0 ]

- Decimal Glasses Sailing Field : Previously observed rewards: []

---
When selecting an action, include only the name of the action. Do not include the dashes used to indicate the list here.

Please select an action from the list of action options in order to maximize the reward for your task.
When selecting an action, put the exact name of the action between action tags like: <action> action_name </action>.

Your thinking budget is 150 tokens. If you exceed this limit, you will be forced to provide an immediate answer.
Your overall generation limit is 200 tokens.
2025-12-10 00:41:31,819 - src.driver - INFO - GENERATED CONTENT: <action>  Dementia Elimination Pathetic Field </action> 
 PARSED ACTION: Dementia Elimination Pathetic Field
2025-12-10 00:41:31,819 - src.driver - INFO - You will be assigned a task. 
You will receive the actions you have available, followed by the action history. 
Your goal is to maximize the total reward across all 8 steps. We are on step 2. 

Task Assignment:
---
You are a farmer who owns 3 fields. Each action corresponds to planting in a specific field. Each field is associated with a Gaussian distribution with a fixed but unknown mean. At each time step, you will select a field and receive a reward drawn from the associated distribution. Your goal is to select which field to plant in in order to maximize your reward across all of your turns.
---

Available Actions:
---

- Dementia Elimination Pathetic Field : Previously observed rewards: [ -200.0 ]

- Forte Tribute Anchorage Field : Previously observed rewards: [ -50.0 ]

- Decimal Glasses Sailing Field : Previously observed rewards: []

---
When selecting an action, include only the name of the action. Do not include the dashes used to indicate the list here.

Please select an action from the list of action options in order to maximize the reward for your task.
When selecting an action, put the exact name of the action between action tags like: <action> action_name </action>.

Your thinking budget is 150 tokens. If you exceed this limit, you will be forced to provide an immediate answer.
Your overall generation limit is 200 tokens.
2025-12-10 00:41:46,686 - src.driver - INFO - GENERATED CONTENT: <action>  Decimal Glasses Sailing Field </action> 
 PARSED ACTION: Decimal Glasses Sailing Field
2025-12-10 00:41:46,686 - src.driver - INFO - You will be assigned a task. 
You will receive the actions you have available, followed by the action history. 
Your goal is to maximize the total reward across all 8 steps. We are on step 3. 

Task Assignment:
---
You are a farmer who owns 3 fields. Each action corresponds to planting in a specific field. Each field is associated with a Gaussian distribution with a fixed but unknown mean. At each time step, you will select a field and receive a reward drawn from the associated distribution. Your goal is to select which field to plant in in order to maximize your reward across all of your turns.
---

Available Actions:
---

- Dementia Elimination Pathetic Field : Previously observed rewards: [ -200.0 ]

- Forte Tribute Anchorage Field : Previously observed rewards: [ -50.0 ]

- Decimal Glasses Sailing Field : Previously observed rewards: [ -100.0 ]

---
When selecting an action, include only the name of the action. Do not include the dashes used to indicate the list here.

Please select an action from the list of action options in order to maximize the reward for your task.
When selecting an action, put the exact name of the action between action tags like: <action> action_name </action>.

Your thinking budget is 150 tokens. If you exceed this limit, you will be forced to provide an immediate answer.
Your overall generation limit is 200 tokens.
2025-12-10 00:42:01,622 - src.driver - INFO - GENERATED CONTENT: <action>  Forte Tribute Anchorage Field </action> 
 PARSED ACTION: Forte Tribute Anchorage Field
2025-12-10 00:42:01,622 - src.driver - INFO - You will be assigned a task. 
You will receive the actions you have available, followed by the action history. 
Your goal is to maximize the total reward across all 8 steps. We are on step 4. 

Task Assignment:
---
You are a farmer who owns 3 fields. Each action corresponds to planting in a specific field. Each field is associated with a Gaussian distribution with a fixed but unknown mean. At each time step, you will select a field and receive a reward drawn from the associated distribution. Your goal is to select which field to plant in in order to maximize your reward across all of your turns.
---

Available Actions:
---

- Dementia Elimination Pathetic Field : Previously observed rewards: [ -200.0 ]

- Forte Tribute Anchorage Field : Previously observed rewards: [ -50.0  -50.0 ]

- Decimal Glasses Sailing Field : Previously observed rewards: [ -100.0 ]

---
When selecting an action, include only the name of the action. Do not include the dashes used to indicate the list here.

Please select an action from the list of action options in order to maximize the reward for your task.
When selecting an action, put the exact name of the action between action tags like: <action> action_name </action>.

Your thinking budget is 150 tokens. If you exceed this limit, you will be forced to provide an immediate answer.
Your overall generation limit is 200 tokens.
2025-12-10 00:42:16,797 - src.driver - INFO - GENERATED CONTENT: <action>  Forte Tribute Anchorage Field </action> 
 PARSED ACTION: Forte Tribute Anchorage Field
2025-12-10 00:42:16,798 - src.driver - INFO - You will be assigned a task. 
You will receive the actions you have available, followed by the action history. 
Your goal is to maximize the total reward across all 8 steps. We are on step 5. 

Task Assignment:
---
You are a farmer who owns 3 fields. Each action corresponds to planting in a specific field. Each field is associated with a Gaussian distribution with a fixed but unknown mean. At each time step, you will select a field and receive a reward drawn from the associated distribution. Your goal is to select which field to plant in in order to maximize your reward across all of your turns.
---

Available Actions:
---

- Dementia Elimination Pathetic Field : Previously observed rewards: [ -200.0 ]

- Forte Tribute Anchorage Field : Previously observed rewards: [ -50.0  -50.0  -50.0 ]

- Decimal Glasses Sailing Field : Previously observed rewards: [ -100.0 ]

---
When selecting an action, include only the name of the action. Do not include the dashes used to indicate the list here.

Please select an action from the list of action options in order to maximize the reward for your task.
When selecting an action, put the exact name of the action between action tags like: <action> action_name </action>.

Your thinking budget is 150 tokens. If you exceed this limit, you will be forced to provide an immediate answer.
Your overall generation limit is 200 tokens.
2025-12-10 00:42:31,927 - src.driver - INFO - GENERATED CONTENT: <action>  Forte Tribute Anchorage Field </action> 
 PARSED ACTION: Forte Tribute Anchorage Field
2025-12-10 00:42:31,928 - src.driver - INFO - You will be assigned a task. 
You will receive the actions you have available, followed by the action history. 
Your goal is to maximize the total reward across all 8 steps. We are on step 6. 

Task Assignment:
---
You are a farmer who owns 3 fields. Each action corresponds to planting in a specific field. Each field is associated with a Gaussian distribution with a fixed but unknown mean. At each time step, you will select a field and receive a reward drawn from the associated distribution. Your goal is to select which field to plant in in order to maximize your reward across all of your turns.
---

Available Actions:
---

- Dementia Elimination Pathetic Field : Previously observed rewards: [ -200.0 ]

- Forte Tribute Anchorage Field : Previously observed rewards: [ -50.0  -50.0  -50.0  -50.0 ]

- Decimal Glasses Sailing Field : Previously observed rewards: [ -100.0 ]

---
When selecting an action, include only the name of the action. Do not include the dashes used to indicate the list here.

Please select an action from the list of action options in order to maximize the reward for your task.
When selecting an action, put the exact name of the action between action tags like: <action> action_name </action>.

Your thinking budget is 150 tokens. If you exceed this limit, you will be forced to provide an immediate answer.
Your overall generation limit is 200 tokens.
2025-12-10 00:42:47,107 - src.driver - INFO - GENERATED CONTENT: <action>  Forte Tribute Anchorage Field </action> 
 PARSED ACTION: Forte Tribute Anchorage Field
2025-12-10 00:42:47,107 - src.driver - INFO - You will be assigned a task. 
You will receive the actions you have available, followed by the action history. 
Your goal is to maximize the total reward across all 8 steps. We are on step 7. 

Task Assignment:
---
You are a farmer who owns 3 fields. Each action corresponds to planting in a specific field. Each field is associated with a Gaussian distribution with a fixed but unknown mean. At each time step, you will select a field and receive a reward drawn from the associated distribution. Your goal is to select which field to plant in in order to maximize your reward across all of your turns.
---

Available Actions:
---

- Dementia Elimination Pathetic Field : Previously observed rewards: [ -200.0 ]

- Forte Tribute Anchorage Field : Previously observed rewards: [ -50.0  -50.0  -50.0  -50.0  -50.0 ]

- Decimal Glasses Sailing Field : Previously observed rewards: [ -100.0 ]

---
When selecting an action, include only the name of the action. Do not include the dashes used to indicate the list here.

Please select an action from the list of action options in order to maximize the reward for your task.
When selecting an action, put the exact name of the action between action tags like: <action> action_name </action>.

Your thinking budget is 150 tokens. If you exceed this limit, you will be forced to provide an immediate answer.
Your overall generation limit is 200 tokens.
2025-12-10 00:43:02,446 - src.driver - INFO - GENERATED CONTENT: <action>  Forte Tribute Anchorage Field </action> 
 PARSED ACTION: Forte Tribute Anchorage Field
