2026-02-12 17:04:28,651 - src.driver - INFO - You will be assigned a task. 
You will receive the actions you have available, followed by the action history. 
Your goal is to maximize the total reward across all 10 steps. We are on step 0. 

Task Assignment:
---
You are a farmer who owns 3 fields. Each action corresponds to planting your crop in a different field. Each field is associated with a Gaussian distribution with a fixed but unknown mean. At each time step, you will select a field and receive a reward drawn from the associated distribution. Your goal is to maximize your reward across all of your turns.
---

Available Actions:
---

- Field Name: emancipation dictionary granted 

- Field Name: deserving beeswax intercom 

- Field Name: delirium indifference exaggerated 

---
When selecting an action, include only the name of the action. Do not include the dashes used to indicate the list here.

History:
---

This is the first turn. There is no history.

---

Please select an action from the list of action options in order to maximize the reward for your task.
When selecting an action, put the exact name of the action between action tags like: <action> action_name </action>.

Your thinking budget is 150 tokens. If you exceed this limit, you will be forced to provide an immediate answer.
Your overall generation limit is 200 tokens.
2026-02-12 17:05:00,316 - src.driver - INFO - GENERATED CONTENT: <action>  emancipation dictionary granted </action> 
 PARSED ACTION: emancipation dictionary granted
2026-02-12 17:05:00,317 - src.driver - INFO - You will be assigned a task. 
You will receive the actions you have available, followed by the action history. 
Your goal is to maximize the total reward across all 10 steps. We are on step 1. 

Task Assignment:
---
You are a farmer who owns 3 fields. Each action corresponds to planting your crop in a different field. Each field is associated with a Gaussian distribution with a fixed but unknown mean. At each time step, you will select a field and receive a reward drawn from the associated distribution. Your goal is to maximize your reward across all of your turns.
---

Available Actions:
---

- Field Name: emancipation dictionary granted 

- Field Name: deserving beeswax intercom 

- Field Name: delirium indifference exaggerated 

---
When selecting an action, include only the name of the action. Do not include the dashes used to indicate the list here.

History:
---


- {'state': {}, 'action_taken': 'emancipation dictionary granted', 'reward': 0.75}


---

Please select an action from the list of action options in order to maximize the reward for your task.
When selecting an action, put the exact name of the action between action tags like: <action> action_name </action>.

Your thinking budget is 150 tokens. If you exceed this limit, you will be forced to provide an immediate answer.
Your overall generation limit is 200 tokens.
2026-02-12 17:05:32,413 - src.driver - INFO - GENERATED CONTENT: <action>  deserving beeswax intercom </action> 
 PARSED ACTION: deserving beeswax intercom
2026-02-12 17:05:32,414 - src.driver - INFO - You will be assigned a task. 
You will receive the actions you have available, followed by the action history. 
Your goal is to maximize the total reward across all 10 steps. We are on step 2. 

Task Assignment:
---
You are a farmer who owns 3 fields. Each action corresponds to planting your crop in a different field. Each field is associated with a Gaussian distribution with a fixed but unknown mean. At each time step, you will select a field and receive a reward drawn from the associated distribution. Your goal is to maximize your reward across all of your turns.
---

Available Actions:
---

- Field Name: emancipation dictionary granted 

- Field Name: deserving beeswax intercom 

- Field Name: delirium indifference exaggerated 

---
When selecting an action, include only the name of the action. Do not include the dashes used to indicate the list here.

History:
---


- {'state': {}, 'action_taken': 'emancipation dictionary granted', 'reward': 0.75}

- {'state': {}, 'action_taken': 'deserving beeswax intercom', 'reward': 0.5}


---

Please select an action from the list of action options in order to maximize the reward for your task.
When selecting an action, put the exact name of the action between action tags like: <action> action_name </action>.

Your thinking budget is 150 tokens. If you exceed this limit, you will be forced to provide an immediate answer.
Your overall generation limit is 200 tokens.
2026-02-12 17:06:05,354 - src.driver - INFO - GENERATED CONTENT: <action>  delirium indifference exaggerated </action> 
 PARSED ACTION: delirium indifference exaggerated
2026-02-12 17:06:05,354 - src.driver - INFO - You will be assigned a task. 
You will receive the actions you have available, followed by the action history. 
Your goal is to maximize the total reward across all 10 steps. We are on step 3. 

Task Assignment:
---
You are a farmer who owns 3 fields. Each action corresponds to planting your crop in a different field. Each field is associated with a Gaussian distribution with a fixed but unknown mean. At each time step, you will select a field and receive a reward drawn from the associated distribution. Your goal is to maximize your reward across all of your turns.
---

Available Actions:
---

- Field Name: emancipation dictionary granted 

- Field Name: deserving beeswax intercom 

- Field Name: delirium indifference exaggerated 

---
When selecting an action, include only the name of the action. Do not include the dashes used to indicate the list here.

History:
---


- {'state': {}, 'action_taken': 'emancipation dictionary granted', 'reward': 0.75}

- {'state': {}, 'action_taken': 'deserving beeswax intercom', 'reward': 0.5}

- {'state': {}, 'action_taken': 'delirium indifference exaggerated', 'reward': 0.25}


---

Please select an action from the list of action options in order to maximize the reward for your task.
When selecting an action, put the exact name of the action between action tags like: <action> action_name </action>.

Your thinking budget is 150 tokens. If you exceed this limit, you will be forced to provide an immediate answer.
Your overall generation limit is 200 tokens.
2026-02-12 17:06:38,393 - src.driver - INFO - GENERATED CONTENT: <action>  emancipation dictionary granted </action> 
 PARSED ACTION: emancipation dictionary granted
2026-02-12 17:06:38,394 - src.driver - INFO - You will be assigned a task. 
You will receive the actions you have available, followed by the action history. 
Your goal is to maximize the total reward across all 10 steps. We are on step 4. 

Task Assignment:
---
You are a farmer who owns 3 fields. Each action corresponds to planting your crop in a different field. Each field is associated with a Gaussian distribution with a fixed but unknown mean. At each time step, you will select a field and receive a reward drawn from the associated distribution. Your goal is to maximize your reward across all of your turns.
---

Available Actions:
---

- Field Name: emancipation dictionary granted 

- Field Name: deserving beeswax intercom 

- Field Name: delirium indifference exaggerated 

---
When selecting an action, include only the name of the action. Do not include the dashes used to indicate the list here.

History:
---


- {'state': {}, 'action_taken': 'emancipation dictionary granted', 'reward': 0.75}

- {'state': {}, 'action_taken': 'deserving beeswax intercom', 'reward': 0.5}

- {'state': {}, 'action_taken': 'delirium indifference exaggerated', 'reward': 0.25}

- {'state': {}, 'action_taken': 'emancipation dictionary granted', 'reward': 0.75}


---

Please select an action from the list of action options in order to maximize the reward for your task.
When selecting an action, put the exact name of the action between action tags like: <action> action_name </action>.

Your thinking budget is 150 tokens. If you exceed this limit, you will be forced to provide an immediate answer.
Your overall generation limit is 200 tokens.
2026-02-12 17:07:12,046 - src.driver - INFO - GENERATED CONTENT: <action>  emancipation dictionary granted </action> 
 PARSED ACTION: emancipation dictionary granted
2026-02-12 17:07:12,047 - src.driver - INFO - You will be assigned a task. 
You will receive the actions you have available, followed by the action history. 
Your goal is to maximize the total reward across all 10 steps. We are on step 5. 

Task Assignment:
---
You are a farmer who owns 3 fields. Each action corresponds to planting your crop in a different field. Each field is associated with a Gaussian distribution with a fixed but unknown mean. At each time step, you will select a field and receive a reward drawn from the associated distribution. Your goal is to maximize your reward across all of your turns.
---

Available Actions:
---

- Field Name: emancipation dictionary granted 

- Field Name: deserving beeswax intercom 

- Field Name: delirium indifference exaggerated 

---
When selecting an action, include only the name of the action. Do not include the dashes used to indicate the list here.

History:
---


- {'state': {}, 'action_taken': 'emancipation dictionary granted', 'reward': 0.75}

- {'state': {}, 'action_taken': 'deserving beeswax intercom', 'reward': 0.5}

- {'state': {}, 'action_taken': 'delirium indifference exaggerated', 'reward': 0.25}

- {'state': {}, 'action_taken': 'emancipation dictionary granted', 'reward': 0.75}

- {'state': {}, 'action_taken': 'emancipation dictionary granted', 'reward': 0.75}


---

Please select an action from the list of action options in order to maximize the reward for your task.
When selecting an action, put the exact name of the action between action tags like: <action> action_name </action>.

Your thinking budget is 150 tokens. If you exceed this limit, you will be forced to provide an immediate answer.
Your overall generation limit is 200 tokens.
2026-02-12 17:07:46,402 - src.driver - INFO - GENERATED CONTENT: <action>  emancipation dictionary granted </action> 
 PARSED ACTION: emancipation dictionary granted
2026-02-12 17:07:46,403 - src.driver - INFO - You will be assigned a task. 
You will receive the actions you have available, followed by the action history. 
Your goal is to maximize the total reward across all 10 steps. We are on step 6. 

Task Assignment:
---
You are a farmer who owns 3 fields. Each action corresponds to planting your crop in a different field. Each field is associated with a Gaussian distribution with a fixed but unknown mean. At each time step, you will select a field and receive a reward drawn from the associated distribution. Your goal is to maximize your reward across all of your turns.
---

Available Actions:
---

- Field Name: emancipation dictionary granted 

- Field Name: deserving beeswax intercom 

- Field Name: delirium indifference exaggerated 

---
When selecting an action, include only the name of the action. Do not include the dashes used to indicate the list here.

History:
---


- {'state': {}, 'action_taken': 'emancipation dictionary granted', 'reward': 0.75}

- {'state': {}, 'action_taken': 'deserving beeswax intercom', 'reward': 0.5}

- {'state': {}, 'action_taken': 'delirium indifference exaggerated', 'reward': 0.25}

- {'state': {}, 'action_taken': 'emancipation dictionary granted', 'reward': 0.75}

- {'state': {}, 'action_taken': 'emancipation dictionary granted', 'reward': 0.75}

- {'state': {}, 'action_taken': 'emancipation dictionary granted', 'reward': 0.75}


---

Please select an action from the list of action options in order to maximize the reward for your task.
When selecting an action, put the exact name of the action between action tags like: <action> action_name </action>.

Your thinking budget is 150 tokens. If you exceed this limit, you will be forced to provide an immediate answer.
Your overall generation limit is 200 tokens.
2026-02-12 17:08:20,982 - src.driver - INFO - GENERATED CONTENT: <action>  emancipation dictionary granted </action> 
 PARSED ACTION: emancipation dictionary granted
2026-02-12 17:08:20,983 - src.driver - INFO - You will be assigned a task. 
You will receive the actions you have available, followed by the action history. 
Your goal is to maximize the total reward across all 10 steps. We are on step 7. 

Task Assignment:
---
You are a farmer who owns 3 fields. Each action corresponds to planting your crop in a different field. Each field is associated with a Gaussian distribution with a fixed but unknown mean. At each time step, you will select a field and receive a reward drawn from the associated distribution. Your goal is to maximize your reward across all of your turns.
---

Available Actions:
---

- Field Name: emancipation dictionary granted 

- Field Name: deserving beeswax intercom 

- Field Name: delirium indifference exaggerated 

---
When selecting an action, include only the name of the action. Do not include the dashes used to indicate the list here.

History:
---


- {'state': {}, 'action_taken': 'emancipation dictionary granted', 'reward': 0.75}

- {'state': {}, 'action_taken': 'deserving beeswax intercom', 'reward': 0.5}

- {'state': {}, 'action_taken': 'delirium indifference exaggerated', 'reward': 0.25}

- {'state': {}, 'action_taken': 'emancipation dictionary granted', 'reward': 0.75}

- {'state': {}, 'action_taken': 'emancipation dictionary granted', 'reward': 0.75}

- {'state': {}, 'action_taken': 'emancipation dictionary granted', 'reward': 0.75}

- {'state': {}, 'action_taken': 'emancipation dictionary granted', 'reward': 0.75}


---

Please select an action from the list of action options in order to maximize the reward for your task.
When selecting an action, put the exact name of the action between action tags like: <action> action_name </action>.

Your thinking budget is 150 tokens. If you exceed this limit, you will be forced to provide an immediate answer.
Your overall generation limit is 200 tokens.
2026-02-12 17:08:56,198 - src.driver - INFO - GENERATED CONTENT: <action>  emancipation dictionary granted </action> 
 PARSED ACTION: emancipation dictionary granted
2026-02-12 17:08:56,199 - src.driver - INFO - You will be assigned a task. 
You will receive the actions you have available, followed by the action history. 
Your goal is to maximize the total reward across all 10 steps. We are on step 8. 

Task Assignment:
---
You are a farmer who owns 3 fields. Each action corresponds to planting your crop in a different field. Each field is associated with a Gaussian distribution with a fixed but unknown mean. At each time step, you will select a field and receive a reward drawn from the associated distribution. Your goal is to maximize your reward across all of your turns.
---

Available Actions:
---

- Field Name: emancipation dictionary granted 

- Field Name: deserving beeswax intercom 

- Field Name: delirium indifference exaggerated 

---
When selecting an action, include only the name of the action. Do not include the dashes used to indicate the list here.

History:
---


- {'state': {}, 'action_taken': 'emancipation dictionary granted', 'reward': 0.75}

- {'state': {}, 'action_taken': 'deserving beeswax intercom', 'reward': 0.5}

- {'state': {}, 'action_taken': 'delirium indifference exaggerated', 'reward': 0.25}

- {'state': {}, 'action_taken': 'emancipation dictionary granted', 'reward': 0.75}

- {'state': {}, 'action_taken': 'emancipation dictionary granted', 'reward': 0.75}

- {'state': {}, 'action_taken': 'emancipation dictionary granted', 'reward': 0.75}

- {'state': {}, 'action_taken': 'emancipation dictionary granted', 'reward': 0.75}

- {'state': {}, 'action_taken': 'emancipation dictionary granted', 'reward': 0.75}


---

Please select an action from the list of action options in order to maximize the reward for your task.
When selecting an action, put the exact name of the action between action tags like: <action> action_name </action>.

Your thinking budget is 150 tokens. If you exceed this limit, you will be forced to provide an immediate answer.
Your overall generation limit is 200 tokens.
2026-02-12 17:09:32,039 - src.driver - INFO - GENERATED CONTENT: <action>  emancipation dictionary granted </action> 
 PARSED ACTION: emancipation dictionary granted
2026-02-12 17:09:32,040 - src.driver - INFO - You will be assigned a task. 
You will receive the actions you have available, followed by the action history. 
Your goal is to maximize the total reward across all 10 steps. We are on step 9. 

Task Assignment:
---
You are a farmer who owns 3 fields. Each action corresponds to planting your crop in a different field. Each field is associated with a Gaussian distribution with a fixed but unknown mean. At each time step, you will select a field and receive a reward drawn from the associated distribution. Your goal is to maximize your reward across all of your turns.
---

Available Actions:
---

- Field Name: emancipation dictionary granted 

- Field Name: deserving beeswax intercom 

- Field Name: delirium indifference exaggerated 

---
When selecting an action, include only the name of the action. Do not include the dashes used to indicate the list here.

History:
---


- {'state': {}, 'action_taken': 'emancipation dictionary granted', 'reward': 0.75}

- {'state': {}, 'action_taken': 'deserving beeswax intercom', 'reward': 0.5}

- {'state': {}, 'action_taken': 'delirium indifference exaggerated', 'reward': 0.25}

- {'state': {}, 'action_taken': 'emancipation dictionary granted', 'reward': 0.75}

- {'state': {}, 'action_taken': 'emancipation dictionary granted', 'reward': 0.75}

- {'state': {}, 'action_taken': 'emancipation dictionary granted', 'reward': 0.75}

- {'state': {}, 'action_taken': 'emancipation dictionary granted', 'reward': 0.75}

- {'state': {}, 'action_taken': 'emancipation dictionary granted', 'reward': 0.75}

- {'state': {}, 'action_taken': 'emancipation dictionary granted', 'reward': 0.75}


---

Please select an action from the list of action options in order to maximize the reward for your task.
When selecting an action, put the exact name of the action between action tags like: <action> action_name </action>.

Your thinking budget is 150 tokens. If you exceed this limit, you will be forced to provide an immediate answer.
Your overall generation limit is 200 tokens.
2026-02-12 17:10:08,513 - src.driver - INFO - GENERATED CONTENT: <action>  emancipation dictionary granted </action> 
 PARSED ACTION: emancipation dictionary granted
