2025-12-09 21:24:23,774 - src.driver - INFO - You will be assigned a task. 
You will receive the actions you have available, followed by the action history. 
Your goal is to maximize the total reward across all 8 steps. We are on step 0. 

Task Assignment:
---
You are faced with a 3-armed bandit problem.  Each action corresponds to pulling a specific arm. Each arm is associated with a Gaussian distribution with a fixed but unknown mean. At each time step, you will select a field and receive a reward drawn from the associated distribution. Your goal is to select which arm to pull in order to maximize your reward across all of your turns.
---

Available Actions:
---

- Unlucky Impoverished Arm : Previously observed rewards: []

- Neutral Arm : Previously observed rewards: []

- Lucky Wealthy Arm : Previously observed rewards: []

---
When selecting an action, include only the name of the action. Do not include the dashes used to indicate the list here.

Please select an action from the list of action options in order to maximize the reward for your task.
When selecting an action, put the exact name of the action between action tags like: <action> action_name </action>.

Your thinking budget is 150 tokens. If you exceed this limit, you will be forced to provide an immediate answer.
Your overall generation limit is 200 tokens.
2025-12-09 21:24:35,379 - src.driver - INFO - GENERATED CONTENT: <action>  Lucky Wealthy Arm </action> 
 PARSED ACTION: Lucky Wealthy Arm
2025-12-09 21:24:35,380 - src.driver - INFO - You will be assigned a task. 
You will receive the actions you have available, followed by the action history. 
Your goal is to maximize the total reward across all 8 steps. We are on step 1. 

Task Assignment:
---
You are faced with a 3-armed bandit problem.  Each action corresponds to pulling a specific arm. Each arm is associated with a Gaussian distribution with a fixed but unknown mean. At each time step, you will select a field and receive a reward drawn from the associated distribution. Your goal is to select which arm to pull in order to maximize your reward across all of your turns.
---

Available Actions:
---

- Unlucky Impoverished Arm : Previously observed rewards: []

- Neutral Arm : Previously observed rewards: []

- Lucky Wealthy Arm : Previously observed rewards: [ 0.5 ]

---
When selecting an action, include only the name of the action. Do not include the dashes used to indicate the list here.

Please select an action from the list of action options in order to maximize the reward for your task.
When selecting an action, put the exact name of the action between action tags like: <action> action_name </action>.

Your thinking budget is 150 tokens. If you exceed this limit, you will be forced to provide an immediate answer.
Your overall generation limit is 200 tokens.
2025-12-09 21:24:47,123 - src.driver - INFO - GENERATED CONTENT: <action>  Lucky Wealthy Arm </action> 
 PARSED ACTION: Lucky Wealthy Arm
2025-12-09 21:24:47,123 - src.driver - INFO - You will be assigned a task. 
You will receive the actions you have available, followed by the action history. 
Your goal is to maximize the total reward across all 8 steps. We are on step 2. 

Task Assignment:
---
You are faced with a 3-armed bandit problem.  Each action corresponds to pulling a specific arm. Each arm is associated with a Gaussian distribution with a fixed but unknown mean. At each time step, you will select a field and receive a reward drawn from the associated distribution. Your goal is to select which arm to pull in order to maximize your reward across all of your turns.
---

Available Actions:
---

- Unlucky Impoverished Arm : Previously observed rewards: []

- Neutral Arm : Previously observed rewards: []

- Lucky Wealthy Arm : Previously observed rewards: [ 0.5  0.5 ]

---
When selecting an action, include only the name of the action. Do not include the dashes used to indicate the list here.

Please select an action from the list of action options in order to maximize the reward for your task.
When selecting an action, put the exact name of the action between action tags like: <action> action_name </action>.

Your thinking budget is 150 tokens. If you exceed this limit, you will be forced to provide an immediate answer.
Your overall generation limit is 200 tokens.
2025-12-09 21:24:59,260 - src.driver - INFO - GENERATED CONTENT: <action>  Lucky Wealthy Arm </action> 
 PARSED ACTION: Lucky Wealthy Arm
2025-12-09 21:24:59,261 - src.driver - INFO - You will be assigned a task. 
You will receive the actions you have available, followed by the action history. 
Your goal is to maximize the total reward across all 8 steps. We are on step 3. 

Task Assignment:
---
You are faced with a 3-armed bandit problem.  Each action corresponds to pulling a specific arm. Each arm is associated with a Gaussian distribution with a fixed but unknown mean. At each time step, you will select a field and receive a reward drawn from the associated distribution. Your goal is to select which arm to pull in order to maximize your reward across all of your turns.
---

Available Actions:
---

- Unlucky Impoverished Arm : Previously observed rewards: []

- Neutral Arm : Previously observed rewards: []

- Lucky Wealthy Arm : Previously observed rewards: [ 0.5  0.5  0.5 ]

---
When selecting an action, include only the name of the action. Do not include the dashes used to indicate the list here.

Please select an action from the list of action options in order to maximize the reward for your task.
When selecting an action, put the exact name of the action between action tags like: <action> action_name </action>.

Your thinking budget is 150 tokens. If you exceed this limit, you will be forced to provide an immediate answer.
Your overall generation limit is 200 tokens.
2025-12-09 21:25:11,092 - src.driver - INFO - GENERATED CONTENT: <action>  Lucky Wealthy Arm </action> 
 PARSED ACTION: Lucky Wealthy Arm
2025-12-09 21:25:11,092 - src.driver - INFO - You will be assigned a task. 
You will receive the actions you have available, followed by the action history. 
Your goal is to maximize the total reward across all 8 steps. We are on step 4. 

Task Assignment:
---
You are faced with a 3-armed bandit problem.  Each action corresponds to pulling a specific arm. Each arm is associated with a Gaussian distribution with a fixed but unknown mean. At each time step, you will select a field and receive a reward drawn from the associated distribution. Your goal is to select which arm to pull in order to maximize your reward across all of your turns.
---

Available Actions:
---

- Unlucky Impoverished Arm : Previously observed rewards: []

- Neutral Arm : Previously observed rewards: []

- Lucky Wealthy Arm : Previously observed rewards: [ 0.5  0.5  0.5  0.5 ]

---
When selecting an action, include only the name of the action. Do not include the dashes used to indicate the list here.

Please select an action from the list of action options in order to maximize the reward for your task.
When selecting an action, put the exact name of the action between action tags like: <action> action_name </action>.

Your thinking budget is 150 tokens. If you exceed this limit, you will be forced to provide an immediate answer.
Your overall generation limit is 200 tokens.
2025-12-09 21:25:23,244 - src.driver - INFO - GENERATED CONTENT: <action>  Lucky Wealthy Arm </action> 
 PARSED ACTION: Lucky Wealthy Arm
2025-12-09 21:25:23,244 - src.driver - INFO - You will be assigned a task. 
You will receive the actions you have available, followed by the action history. 
Your goal is to maximize the total reward across all 8 steps. We are on step 5. 

Task Assignment:
---
You are faced with a 3-armed bandit problem.  Each action corresponds to pulling a specific arm. Each arm is associated with a Gaussian distribution with a fixed but unknown mean. At each time step, you will select a field and receive a reward drawn from the associated distribution. Your goal is to select which arm to pull in order to maximize your reward across all of your turns.
---

Available Actions:
---

- Unlucky Impoverished Arm : Previously observed rewards: []

- Neutral Arm : Previously observed rewards: []

- Lucky Wealthy Arm : Previously observed rewards: [ 0.5  0.5  0.5  0.5  0.5 ]

---
When selecting an action, include only the name of the action. Do not include the dashes used to indicate the list here.

Please select an action from the list of action options in order to maximize the reward for your task.
When selecting an action, put the exact name of the action between action tags like: <action> action_name </action>.

Your thinking budget is 150 tokens. If you exceed this limit, you will be forced to provide an immediate answer.
Your overall generation limit is 200 tokens.
2025-12-09 21:25:34,679 - src.driver - INFO - GENERATED CONTENT: <action>  Lucky Wealthy Arm </action> 
 PARSED ACTION: Lucky Wealthy Arm
2025-12-09 21:25:34,680 - src.driver - INFO - You will be assigned a task. 
You will receive the actions you have available, followed by the action history. 
Your goal is to maximize the total reward across all 8 steps. We are on step 6. 

Task Assignment:
---
You are faced with a 3-armed bandit problem.  Each action corresponds to pulling a specific arm. Each arm is associated with a Gaussian distribution with a fixed but unknown mean. At each time step, you will select a field and receive a reward drawn from the associated distribution. Your goal is to select which arm to pull in order to maximize your reward across all of your turns.
---

Available Actions:
---

- Unlucky Impoverished Arm : Previously observed rewards: []

- Neutral Arm : Previously observed rewards: []

- Lucky Wealthy Arm : Previously observed rewards: [ 0.5  0.5  0.5  0.5  0.5  0.5 ]

---
When selecting an action, include only the name of the action. Do not include the dashes used to indicate the list here.

Please select an action from the list of action options in order to maximize the reward for your task.
When selecting an action, put the exact name of the action between action tags like: <action> action_name </action>.

Your thinking budget is 150 tokens. If you exceed this limit, you will be forced to provide an immediate answer.
Your overall generation limit is 200 tokens.
2025-12-09 21:25:46,261 - src.driver - INFO - GENERATED CONTENT: <action>  Lucky Wealthy Arm </action> 
 PARSED ACTION: Lucky Wealthy Arm
2025-12-09 21:25:46,262 - src.driver - INFO - You will be assigned a task. 
You will receive the actions you have available, followed by the action history. 
Your goal is to maximize the total reward across all 8 steps. We are on step 7. 

Task Assignment:
---
You are faced with a 3-armed bandit problem.  Each action corresponds to pulling a specific arm. Each arm is associated with a Gaussian distribution with a fixed but unknown mean. At each time step, you will select a field and receive a reward drawn from the associated distribution. Your goal is to select which arm to pull in order to maximize your reward across all of your turns.
---

Available Actions:
---

- Unlucky Impoverished Arm : Previously observed rewards: []

- Neutral Arm : Previously observed rewards: []

- Lucky Wealthy Arm : Previously observed rewards: [ 0.5  0.5  0.5  0.5  0.5  0.5  0.5 ]

---
When selecting an action, include only the name of the action. Do not include the dashes used to indicate the list here.

Please select an action from the list of action options in order to maximize the reward for your task.
When selecting an action, put the exact name of the action between action tags like: <action> action_name </action>.

Your thinking budget is 150 tokens. If you exceed this limit, you will be forced to provide an immediate answer.
Your overall generation limit is 200 tokens.
2025-12-09 21:25:57,802 - src.driver - INFO - GENERATED CONTENT: <action>  Lucky Wealthy Arm </action> 
 PARSED ACTION: Lucky Wealthy Arm
2025-12-09 21:26:03,398 - src.driver - INFO - You will be assigned a task. 
You will receive the actions you have available, followed by the action history. 
Your goal is to maximize the total reward across all 8 steps. We are on step 0. 

Task Assignment:
---
You are faced with a 3-armed bandit problem.  Each action corresponds to pulling a specific arm. Each arm is associated with a Gaussian distribution with a fixed but unknown mean. At each time step, you will select a field and receive a reward drawn from the associated distribution. Your goal is to select which arm to pull in order to maximize your reward across all of your turns.
---

Available Actions:
---

- Lucky Wealthy Arm : Previously observed rewards: []

- Unlucky Impoverished Arm : Previously observed rewards: []

- Neutral Arm : Previously observed rewards: []

---
When selecting an action, include only the name of the action. Do not include the dashes used to indicate the list here.

Please select an action from the list of action options in order to maximize the reward for your task.
When selecting an action, put the exact name of the action between action tags like: <action> action_name </action>.

Your thinking budget is 150 tokens. If you exceed this limit, you will be forced to provide an immediate answer.
Your overall generation limit is 200 tokens.
2025-12-09 21:26:14,878 - src.driver - INFO - GENERATED CONTENT: <action>  Neutral Arm </action> 
 PARSED ACTION: Neutral Arm
2025-12-09 21:26:14,878 - src.driver - INFO - You will be assigned a task. 
You will receive the actions you have available, followed by the action history. 
Your goal is to maximize the total reward across all 8 steps. We are on step 1. 

Task Assignment:
---
You are faced with a 3-armed bandit problem.  Each action corresponds to pulling a specific arm. Each arm is associated with a Gaussian distribution with a fixed but unknown mean. At each time step, you will select a field and receive a reward drawn from the associated distribution. Your goal is to select which arm to pull in order to maximize your reward across all of your turns.
---

Available Actions:
---

- Lucky Wealthy Arm : Previously observed rewards: []

- Unlucky Impoverished Arm : Previously observed rewards: []

- Neutral Arm : Previously observed rewards: [ 1.0 ]

---
When selecting an action, include only the name of the action. Do not include the dashes used to indicate the list here.

Please select an action from the list of action options in order to maximize the reward for your task.
When selecting an action, put the exact name of the action between action tags like: <action> action_name </action>.

Your thinking budget is 150 tokens. If you exceed this limit, you will be forced to provide an immediate answer.
Your overall generation limit is 200 tokens.
2025-12-09 21:26:26,177 - src.driver - INFO - GENERATED CONTENT: <action>  Neutral Arm </action> 
 PARSED ACTION: Neutral Arm
2025-12-09 21:26:26,177 - src.driver - INFO - You will be assigned a task. 
You will receive the actions you have available, followed by the action history. 
Your goal is to maximize the total reward across all 8 steps. We are on step 2. 

Task Assignment:
---
You are faced with a 3-armed bandit problem.  Each action corresponds to pulling a specific arm. Each arm is associated with a Gaussian distribution with a fixed but unknown mean. At each time step, you will select a field and receive a reward drawn from the associated distribution. Your goal is to select which arm to pull in order to maximize your reward across all of your turns.
---

Available Actions:
---

- Lucky Wealthy Arm : Previously observed rewards: []

- Unlucky Impoverished Arm : Previously observed rewards: []

- Neutral Arm : Previously observed rewards: [ 1.0  1.0 ]

---
When selecting an action, include only the name of the action. Do not include the dashes used to indicate the list here.

Please select an action from the list of action options in order to maximize the reward for your task.
When selecting an action, put the exact name of the action between action tags like: <action> action_name </action>.

Your thinking budget is 150 tokens. If you exceed this limit, you will be forced to provide an immediate answer.
Your overall generation limit is 200 tokens.
2025-12-09 21:26:37,463 - src.driver - INFO - GENERATED CONTENT: <action>  Neutral Arm </action> 
 PARSED ACTION: Neutral Arm
2025-12-09 21:26:37,464 - src.driver - INFO - You will be assigned a task. 
You will receive the actions you have available, followed by the action history. 
Your goal is to maximize the total reward across all 8 steps. We are on step 3. 

Task Assignment:
---
You are faced with a 3-armed bandit problem.  Each action corresponds to pulling a specific arm. Each arm is associated with a Gaussian distribution with a fixed but unknown mean. At each time step, you will select a field and receive a reward drawn from the associated distribution. Your goal is to select which arm to pull in order to maximize your reward across all of your turns.
---

Available Actions:
---

- Lucky Wealthy Arm : Previously observed rewards: []

- Unlucky Impoverished Arm : Previously observed rewards: []

- Neutral Arm : Previously observed rewards: [ 1.0  1.0  1.0 ]

---
When selecting an action, include only the name of the action. Do not include the dashes used to indicate the list here.

Please select an action from the list of action options in order to maximize the reward for your task.
When selecting an action, put the exact name of the action between action tags like: <action> action_name </action>.

Your thinking budget is 150 tokens. If you exceed this limit, you will be forced to provide an immediate answer.
Your overall generation limit is 200 tokens.
2025-12-09 21:26:48,744 - src.driver - INFO - GENERATED CONTENT: <action>  Neutral Arm </action> 
 PARSED ACTION: Neutral Arm
2025-12-09 21:26:48,744 - src.driver - INFO - You will be assigned a task. 
You will receive the actions you have available, followed by the action history. 
Your goal is to maximize the total reward across all 8 steps. We are on step 4. 

Task Assignment:
---
You are faced with a 3-armed bandit problem.  Each action corresponds to pulling a specific arm. Each arm is associated with a Gaussian distribution with a fixed but unknown mean. At each time step, you will select a field and receive a reward drawn from the associated distribution. Your goal is to select which arm to pull in order to maximize your reward across all of your turns.
---

Available Actions:
---

- Lucky Wealthy Arm : Previously observed rewards: []

- Unlucky Impoverished Arm : Previously observed rewards: []

- Neutral Arm : Previously observed rewards: [ 1.0  1.0  1.0  1.0 ]

---
When selecting an action, include only the name of the action. Do not include the dashes used to indicate the list here.

Please select an action from the list of action options in order to maximize the reward for your task.
When selecting an action, put the exact name of the action between action tags like: <action> action_name </action>.

Your thinking budget is 150 tokens. If you exceed this limit, you will be forced to provide an immediate answer.
Your overall generation limit is 200 tokens.
2025-12-09 21:27:00,085 - src.driver - INFO - GENERATED CONTENT: <action>  Neutral Arm </action> 
 PARSED ACTION: Neutral Arm
2025-12-09 21:27:00,085 - src.driver - INFO - You will be assigned a task. 
You will receive the actions you have available, followed by the action history. 
Your goal is to maximize the total reward across all 8 steps. We are on step 5. 

Task Assignment:
---
You are faced with a 3-armed bandit problem.  Each action corresponds to pulling a specific arm. Each arm is associated with a Gaussian distribution with a fixed but unknown mean. At each time step, you will select a field and receive a reward drawn from the associated distribution. Your goal is to select which arm to pull in order to maximize your reward across all of your turns.
---

Available Actions:
---

- Lucky Wealthy Arm : Previously observed rewards: []

- Unlucky Impoverished Arm : Previously observed rewards: []

- Neutral Arm : Previously observed rewards: [ 1.0  1.0  1.0  1.0  1.0 ]

---
When selecting an action, include only the name of the action. Do not include the dashes used to indicate the list here.

Please select an action from the list of action options in order to maximize the reward for your task.
When selecting an action, put the exact name of the action between action tags like: <action> action_name </action>.

Your thinking budget is 150 tokens. If you exceed this limit, you will be forced to provide an immediate answer.
Your overall generation limit is 200 tokens.
2025-12-09 21:27:11,670 - src.driver - INFO - GENERATED CONTENT: <action>  Neutral Arm </action> 
 PARSED ACTION: Neutral Arm
2025-12-09 21:27:11,671 - src.driver - INFO - You will be assigned a task. 
You will receive the actions you have available, followed by the action history. 
Your goal is to maximize the total reward across all 8 steps. We are on step 6. 

Task Assignment:
---
You are faced with a 3-armed bandit problem.  Each action corresponds to pulling a specific arm. Each arm is associated with a Gaussian distribution with a fixed but unknown mean. At each time step, you will select a field and receive a reward drawn from the associated distribution. Your goal is to select which arm to pull in order to maximize your reward across all of your turns.
---

Available Actions:
---

- Lucky Wealthy Arm : Previously observed rewards: []

- Unlucky Impoverished Arm : Previously observed rewards: []

- Neutral Arm : Previously observed rewards: [ 1.0  1.0  1.0  1.0  1.0  1.0 ]

---
When selecting an action, include only the name of the action. Do not include the dashes used to indicate the list here.

Please select an action from the list of action options in order to maximize the reward for your task.
When selecting an action, put the exact name of the action between action tags like: <action> action_name </action>.

Your thinking budget is 150 tokens. If you exceed this limit, you will be forced to provide an immediate answer.
Your overall generation limit is 200 tokens.
2025-12-09 21:27:23,974 - src.driver - INFO - GENERATED CONTENT: <action>  Neutral Arm </action> 
 PARSED ACTION: Neutral Arm
2025-12-09 21:27:23,975 - src.driver - INFO - You will be assigned a task. 
You will receive the actions you have available, followed by the action history. 
Your goal is to maximize the total reward across all 8 steps. We are on step 7. 

Task Assignment:
---
You are faced with a 3-armed bandit problem.  Each action corresponds to pulling a specific arm. Each arm is associated with a Gaussian distribution with a fixed but unknown mean. At each time step, you will select a field and receive a reward drawn from the associated distribution. Your goal is to select which arm to pull in order to maximize your reward across all of your turns.
---

Available Actions:
---

- Lucky Wealthy Arm : Previously observed rewards: []

- Unlucky Impoverished Arm : Previously observed rewards: []

- Neutral Arm : Previously observed rewards: [ 1.0  1.0  1.0  1.0  1.0  1.0  1.0 ]

---
When selecting an action, include only the name of the action. Do not include the dashes used to indicate the list here.

Please select an action from the list of action options in order to maximize the reward for your task.
When selecting an action, put the exact name of the action between action tags like: <action> action_name </action>.

Your thinking budget is 150 tokens. If you exceed this limit, you will be forced to provide an immediate answer.
Your overall generation limit is 200 tokens.
2025-12-09 21:27:36,827 - src.driver - INFO - GENERATED CONTENT: <action> Neutral Arm</action> 
 PARSED ACTION: Neutral Arm
