2026-01-21 14:40:06,348 - src.driver - INFO - You will be assigned a task. 
You will receive the actions you have available, followed by the action history. 
Your goal is to maximize the total reward across all 10 steps. We are on step 0. 

Task Assignment:
---
You are faced with a 3-armed bandit problem.  Each action corresponds to pulling a specific arm. Each arm is associated with a Gaussian distribution with a fixed but unknown mean. At each time step, you will select a field and receive a reward drawn from the associated distribution. Your goal is to select which arm to pull in order to maximize your reward across all of your turns.
---

Available Actions:
---

- Arm Name: gracious endure dashing 

- Arm Name: primed lapel hue 

- Arm Name: delirium indifference exaggerated 

---
When selecting an action, include only the name of the action. Do not include the dashes used to indicate the list here.

History:
---

This is the first turn. There is no history.

---

Please select an action from the list of action options in order to maximize the reward for your task.
When selecting an action, put the exact name of the action between action tags like: <action> action_name </action>.

Your thinking budget is 150 tokens. If you exceed this limit, you will be forced to provide an immediate answer.
Your overall generation limit is 200 tokens.
2026-01-21 14:40:38,451 - src.driver - INFO - GENERATED CONTENT: <action>  gracious endure dashing </action> 
 PARSED ACTION: gracious endure dashing
2026-01-21 14:40:38,451 - src.driver - INFO - You will be assigned a task. 
You will receive the actions you have available, followed by the action history. 
Your goal is to maximize the total reward across all 10 steps. We are on step 1. 

Task Assignment:
---
You are faced with a 3-armed bandit problem.  Each action corresponds to pulling a specific arm. Each arm is associated with a Gaussian distribution with a fixed but unknown mean. At each time step, you will select a field and receive a reward drawn from the associated distribution. Your goal is to select which arm to pull in order to maximize your reward across all of your turns.
---

Available Actions:
---

- Arm Name: gracious endure dashing 

- Arm Name: primed lapel hue 

- Arm Name: delirium indifference exaggerated 

---
When selecting an action, include only the name of the action. Do not include the dashes used to indicate the list here.

History:
---


- {'state': {}, 'action_taken': 'gracious endure dashing', 'reward': 75.0}


---

Please select an action from the list of action options in order to maximize the reward for your task.
When selecting an action, put the exact name of the action between action tags like: <action> action_name </action>.

Your thinking budget is 150 tokens. If you exceed this limit, you will be forced to provide an immediate answer.
Your overall generation limit is 200 tokens.
2026-01-21 14:41:10,820 - src.driver - INFO - GENERATED CONTENT: <action>  primed lapel hue </action> 
 PARSED ACTION: primed lapel hue
2026-01-21 14:41:10,821 - src.driver - INFO - You will be assigned a task. 
You will receive the actions you have available, followed by the action history. 
Your goal is to maximize the total reward across all 10 steps. We are on step 2. 

Task Assignment:
---
You are faced with a 3-armed bandit problem.  Each action corresponds to pulling a specific arm. Each arm is associated with a Gaussian distribution with a fixed but unknown mean. At each time step, you will select a field and receive a reward drawn from the associated distribution. Your goal is to select which arm to pull in order to maximize your reward across all of your turns.
---

Available Actions:
---

- Arm Name: gracious endure dashing 

- Arm Name: primed lapel hue 

- Arm Name: delirium indifference exaggerated 

---
When selecting an action, include only the name of the action. Do not include the dashes used to indicate the list here.

History:
---


- {'state': {}, 'action_taken': 'gracious endure dashing', 'reward': 75.0}

- {'state': {}, 'action_taken': 'primed lapel hue', 'reward': 50.0}


---

Please select an action from the list of action options in order to maximize the reward for your task.
When selecting an action, put the exact name of the action between action tags like: <action> action_name </action>.

Your thinking budget is 150 tokens. If you exceed this limit, you will be forced to provide an immediate answer.
Your overall generation limit is 200 tokens.
2026-01-21 14:41:44,118 - src.driver - INFO - GENERATED CONTENT: <action>  gracious endure dashing </action> 
 PARSED ACTION: gracious endure dashing
2026-01-21 14:41:44,118 - src.driver - INFO - You will be assigned a task. 
You will receive the actions you have available, followed by the action history. 
Your goal is to maximize the total reward across all 10 steps. We are on step 3. 

Task Assignment:
---
You are faced with a 3-armed bandit problem.  Each action corresponds to pulling a specific arm. Each arm is associated with a Gaussian distribution with a fixed but unknown mean. At each time step, you will select a field and receive a reward drawn from the associated distribution. Your goal is to select which arm to pull in order to maximize your reward across all of your turns.
---

Available Actions:
---

- Arm Name: gracious endure dashing 

- Arm Name: primed lapel hue 

- Arm Name: delirium indifference exaggerated 

---
When selecting an action, include only the name of the action. Do not include the dashes used to indicate the list here.

History:
---


- {'state': {}, 'action_taken': 'gracious endure dashing', 'reward': 75.0}

- {'state': {}, 'action_taken': 'primed lapel hue', 'reward': 50.0}

- {'state': {}, 'action_taken': 'gracious endure dashing', 'reward': 75.0}


---

Please select an action from the list of action options in order to maximize the reward for your task.
When selecting an action, put the exact name of the action between action tags like: <action> action_name </action>.

Your thinking budget is 150 tokens. If you exceed this limit, you will be forced to provide an immediate answer.
Your overall generation limit is 200 tokens.
2026-01-21 14:42:17,593 - src.driver - INFO - GENERATED CONTENT: <action>  gracious endure dashing </action> 
 PARSED ACTION: gracious endure dashing
2026-01-21 14:42:17,593 - src.driver - INFO - You will be assigned a task. 
You will receive the actions you have available, followed by the action history. 
Your goal is to maximize the total reward across all 10 steps. We are on step 4. 

Task Assignment:
---
You are faced with a 3-armed bandit problem.  Each action corresponds to pulling a specific arm. Each arm is associated with a Gaussian distribution with a fixed but unknown mean. At each time step, you will select a field and receive a reward drawn from the associated distribution. Your goal is to select which arm to pull in order to maximize your reward across all of your turns.
---

Available Actions:
---

- Arm Name: gracious endure dashing 

- Arm Name: primed lapel hue 

- Arm Name: delirium indifference exaggerated 

---
When selecting an action, include only the name of the action. Do not include the dashes used to indicate the list here.

History:
---


- {'state': {}, 'action_taken': 'gracious endure dashing', 'reward': 75.0}

- {'state': {}, 'action_taken': 'primed lapel hue', 'reward': 50.0}

- {'state': {}, 'action_taken': 'gracious endure dashing', 'reward': 75.0}

- {'state': {}, 'action_taken': 'gracious endure dashing', 'reward': 75.0}


---

Please select an action from the list of action options in order to maximize the reward for your task.
When selecting an action, put the exact name of the action between action tags like: <action> action_name </action>.

Your thinking budget is 150 tokens. If you exceed this limit, you will be forced to provide an immediate answer.
Your overall generation limit is 200 tokens.
2026-01-21 14:42:51,673 - src.driver - INFO - GENERATED CONTENT: <action>  gracious endure dashing </action> 
 PARSED ACTION: gracious endure dashing
2026-01-21 14:42:51,674 - src.driver - INFO - You will be assigned a task. 
You will receive the actions you have available, followed by the action history. 
Your goal is to maximize the total reward across all 10 steps. We are on step 5. 

Task Assignment:
---
You are faced with a 3-armed bandit problem.  Each action corresponds to pulling a specific arm. Each arm is associated with a Gaussian distribution with a fixed but unknown mean. At each time step, you will select a field and receive a reward drawn from the associated distribution. Your goal is to select which arm to pull in order to maximize your reward across all of your turns.
---

Available Actions:
---

- Arm Name: gracious endure dashing 

- Arm Name: primed lapel hue 

- Arm Name: delirium indifference exaggerated 

---
When selecting an action, include only the name of the action. Do not include the dashes used to indicate the list here.

History:
---


- {'state': {}, 'action_taken': 'gracious endure dashing', 'reward': 75.0}

- {'state': {}, 'action_taken': 'primed lapel hue', 'reward': 50.0}

- {'state': {}, 'action_taken': 'gracious endure dashing', 'reward': 75.0}

- {'state': {}, 'action_taken': 'gracious endure dashing', 'reward': 75.0}

- {'state': {}, 'action_taken': 'gracious endure dashing', 'reward': 75.0}


---

Please select an action from the list of action options in order to maximize the reward for your task.
When selecting an action, put the exact name of the action between action tags like: <action> action_name </action>.

Your thinking budget is 150 tokens. If you exceed this limit, you will be forced to provide an immediate answer.
Your overall generation limit is 200 tokens.
2026-01-21 14:43:26,565 - src.driver - INFO - GENERATED CONTENT: <action>  gracious endure dashing </action> 
 PARSED ACTION: gracious endure dashing
2026-01-21 14:43:26,565 - src.driver - INFO - You will be assigned a task. 
You will receive the actions you have available, followed by the action history. 
Your goal is to maximize the total reward across all 10 steps. We are on step 6. 

Task Assignment:
---
You are faced with a 3-armed bandit problem.  Each action corresponds to pulling a specific arm. Each arm is associated with a Gaussian distribution with a fixed but unknown mean. At each time step, you will select a field and receive a reward drawn from the associated distribution. Your goal is to select which arm to pull in order to maximize your reward across all of your turns.
---

Available Actions:
---

- Arm Name: gracious endure dashing 

- Arm Name: primed lapel hue 

- Arm Name: delirium indifference exaggerated 

---
When selecting an action, include only the name of the action. Do not include the dashes used to indicate the list here.

History:
---


- {'state': {}, 'action_taken': 'gracious endure dashing', 'reward': 75.0}

- {'state': {}, 'action_taken': 'primed lapel hue', 'reward': 50.0}

- {'state': {}, 'action_taken': 'gracious endure dashing', 'reward': 75.0}

- {'state': {}, 'action_taken': 'gracious endure dashing', 'reward': 75.0}

- {'state': {}, 'action_taken': 'gracious endure dashing', 'reward': 75.0}

- {'state': {}, 'action_taken': 'gracious endure dashing', 'reward': 75.0}


---

Please select an action from the list of action options in order to maximize the reward for your task.
When selecting an action, put the exact name of the action between action tags like: <action> action_name </action>.

Your thinking budget is 150 tokens. If you exceed this limit, you will be forced to provide an immediate answer.
Your overall generation limit is 200 tokens.
2026-01-21 14:44:01,638 - src.driver - INFO - GENERATED CONTENT: <action>  gracious endure dashing </action> 
 PARSED ACTION: gracious endure dashing
2026-01-21 14:44:01,639 - src.driver - INFO - You will be assigned a task. 
You will receive the actions you have available, followed by the action history. 
Your goal is to maximize the total reward across all 10 steps. We are on step 7. 

Task Assignment:
---
You are faced with a 3-armed bandit problem.  Each action corresponds to pulling a specific arm. Each arm is associated with a Gaussian distribution with a fixed but unknown mean. At each time step, you will select a field and receive a reward drawn from the associated distribution. Your goal is to select which arm to pull in order to maximize your reward across all of your turns.
---

Available Actions:
---

- Arm Name: gracious endure dashing 

- Arm Name: primed lapel hue 

- Arm Name: delirium indifference exaggerated 

---
When selecting an action, include only the name of the action. Do not include the dashes used to indicate the list here.

History:
---


- {'state': {}, 'action_taken': 'gracious endure dashing', 'reward': 75.0}

- {'state': {}, 'action_taken': 'primed lapel hue', 'reward': 50.0}

- {'state': {}, 'action_taken': 'gracious endure dashing', 'reward': 75.0}

- {'state': {}, 'action_taken': 'gracious endure dashing', 'reward': 75.0}

- {'state': {}, 'action_taken': 'gracious endure dashing', 'reward': 75.0}

- {'state': {}, 'action_taken': 'gracious endure dashing', 'reward': 75.0}

- {'state': {}, 'action_taken': 'gracious endure dashing', 'reward': 75.0}


---

Please select an action from the list of action options in order to maximize the reward for your task.
When selecting an action, put the exact name of the action between action tags like: <action> action_name </action>.

Your thinking budget is 150 tokens. If you exceed this limit, you will be forced to provide an immediate answer.
Your overall generation limit is 200 tokens.
2026-01-21 14:44:37,843 - src.driver - INFO - GENERATED CONTENT: <action>  gracious endure dashing </action> 
 PARSED ACTION: gracious endure dashing
2026-01-21 14:44:37,844 - src.driver - INFO - You will be assigned a task. 
You will receive the actions you have available, followed by the action history. 
Your goal is to maximize the total reward across all 10 steps. We are on step 8. 

Task Assignment:
---
You are faced with a 3-armed bandit problem.  Each action corresponds to pulling a specific arm. Each arm is associated with a Gaussian distribution with a fixed but unknown mean. At each time step, you will select a field and receive a reward drawn from the associated distribution. Your goal is to select which arm to pull in order to maximize your reward across all of your turns.
---

Available Actions:
---

- Arm Name: gracious endure dashing 

- Arm Name: primed lapel hue 

- Arm Name: delirium indifference exaggerated 

---
When selecting an action, include only the name of the action. Do not include the dashes used to indicate the list here.

History:
---


- {'state': {}, 'action_taken': 'gracious endure dashing', 'reward': 75.0}

- {'state': {}, 'action_taken': 'primed lapel hue', 'reward': 50.0}

- {'state': {}, 'action_taken': 'gracious endure dashing', 'reward': 75.0}

- {'state': {}, 'action_taken': 'gracious endure dashing', 'reward': 75.0}

- {'state': {}, 'action_taken': 'gracious endure dashing', 'reward': 75.0}

- {'state': {}, 'action_taken': 'gracious endure dashing', 'reward': 75.0}

- {'state': {}, 'action_taken': 'gracious endure dashing', 'reward': 75.0}

- {'state': {}, 'action_taken': 'gracious endure dashing', 'reward': 75.0}


---

Please select an action from the list of action options in order to maximize the reward for your task.
When selecting an action, put the exact name of the action between action tags like: <action> action_name </action>.

Your thinking budget is 150 tokens. If you exceed this limit, you will be forced to provide an immediate answer.
Your overall generation limit is 200 tokens.
2026-01-21 14:45:14,205 - src.driver - INFO - GENERATED CONTENT: <action>  gracious endure dashing </action> 
 PARSED ACTION: gracious endure dashing
2026-01-21 14:45:14,206 - src.driver - INFO - You will be assigned a task. 
You will receive the actions you have available, followed by the action history. 
Your goal is to maximize the total reward across all 10 steps. We are on step 9. 

Task Assignment:
---
You are faced with a 3-armed bandit problem.  Each action corresponds to pulling a specific arm. Each arm is associated with a Gaussian distribution with a fixed but unknown mean. At each time step, you will select a field and receive a reward drawn from the associated distribution. Your goal is to select which arm to pull in order to maximize your reward across all of your turns.
---

Available Actions:
---

- Arm Name: gracious endure dashing 

- Arm Name: primed lapel hue 

- Arm Name: delirium indifference exaggerated 

---
When selecting an action, include only the name of the action. Do not include the dashes used to indicate the list here.

History:
---


- {'state': {}, 'action_taken': 'gracious endure dashing', 'reward': 75.0}

- {'state': {}, 'action_taken': 'primed lapel hue', 'reward': 50.0}

- {'state': {}, 'action_taken': 'gracious endure dashing', 'reward': 75.0}

- {'state': {}, 'action_taken': 'gracious endure dashing', 'reward': 75.0}

- {'state': {}, 'action_taken': 'gracious endure dashing', 'reward': 75.0}

- {'state': {}, 'action_taken': 'gracious endure dashing', 'reward': 75.0}

- {'state': {}, 'action_taken': 'gracious endure dashing', 'reward': 75.0}

- {'state': {}, 'action_taken': 'gracious endure dashing', 'reward': 75.0}

- {'state': {}, 'action_taken': 'gracious endure dashing', 'reward': 75.0}


---

Please select an action from the list of action options in order to maximize the reward for your task.
When selecting an action, put the exact name of the action between action tags like: <action> action_name </action>.

Your thinking budget is 150 tokens. If you exceed this limit, you will be forced to provide an immediate answer.
Your overall generation limit is 200 tokens.
2026-01-21 14:45:51,223 - src.driver - INFO - GENERATED CONTENT: <action>  gracious endure dashing </action> 
 PARSED ACTION: gracious endure dashing
2026-01-21 14:45:51,238 - src.driver - INFO - You will be assigned a task. 
You will receive the actions you have available, followed by the action history. 
Your goal is to maximize the total reward across all 10 steps. We are on step 0. 

Task Assignment:
---
You are faced with a 3-armed bandit problem.  Each action corresponds to pulling a specific arm. Each arm is associated with a Gaussian distribution with a fixed but unknown mean. At each time step, you will select a field and receive a reward drawn from the associated distribution. Your goal is to select which arm to pull in order to maximize your reward across all of your turns.
---

Available Actions:
---

- Arm Name: attain complex freezer 

- Arm Name: nameless illegible darken 

- Arm Name: top generosity clever 

---
When selecting an action, include only the name of the action. Do not include the dashes used to indicate the list here.

History:
---

This is the first turn. There is no history.

---

Please select an action from the list of action options in order to maximize the reward for your task.
When selecting an action, put the exact name of the action between action tags like: <action> action_name </action>.

Your thinking budget is 150 tokens. If you exceed this limit, you will be forced to provide an immediate answer.
Your overall generation limit is 200 tokens.
2026-01-21 14:46:23,168 - src.driver - INFO - GENERATED CONTENT: <action>  top generosity clever </action> 
 PARSED ACTION: top generosity clever
2026-01-21 14:46:23,168 - src.driver - INFO - You will be assigned a task. 
You will receive the actions you have available, followed by the action history. 
Your goal is to maximize the total reward across all 10 steps. We are on step 1. 

Task Assignment:
---
You are faced with a 3-armed bandit problem.  Each action corresponds to pulling a specific arm. Each arm is associated with a Gaussian distribution with a fixed but unknown mean. At each time step, you will select a field and receive a reward drawn from the associated distribution. Your goal is to select which arm to pull in order to maximize your reward across all of your turns.
---

Available Actions:
---

- Arm Name: attain complex freezer 

- Arm Name: nameless illegible darken 

- Arm Name: top generosity clever 

---
When selecting an action, include only the name of the action. Do not include the dashes used to indicate the list here.

History:
---


- {'state': {}, 'action_taken': 'top generosity clever', 'reward': 75.0}


---

Please select an action from the list of action options in order to maximize the reward for your task.
When selecting an action, put the exact name of the action between action tags like: <action> action_name </action>.

Your thinking budget is 150 tokens. If you exceed this limit, you will be forced to provide an immediate answer.
Your overall generation limit is 200 tokens.
2026-01-21 14:46:55,204 - src.driver - INFO - GENERATED CONTENT: <action>  top generosity clever </action> 
 PARSED ACTION: top generosity clever
2026-01-21 14:46:55,205 - src.driver - INFO - You will be assigned a task. 
You will receive the actions you have available, followed by the action history. 
Your goal is to maximize the total reward across all 10 steps. We are on step 2. 

Task Assignment:
---
You are faced with a 3-armed bandit problem.  Each action corresponds to pulling a specific arm. Each arm is associated with a Gaussian distribution with a fixed but unknown mean. At each time step, you will select a field and receive a reward drawn from the associated distribution. Your goal is to select which arm to pull in order to maximize your reward across all of your turns.
---

Available Actions:
---

- Arm Name: attain complex freezer 

- Arm Name: nameless illegible darken 

- Arm Name: top generosity clever 

---
When selecting an action, include only the name of the action. Do not include the dashes used to indicate the list here.

History:
---


- {'state': {}, 'action_taken': 'top generosity clever', 'reward': 75.0}

- {'state': {}, 'action_taken': 'top generosity clever', 'reward': 75.0}


---

Please select an action from the list of action options in order to maximize the reward for your task.
When selecting an action, put the exact name of the action between action tags like: <action> action_name </action>.

Your thinking budget is 150 tokens. If you exceed this limit, you will be forced to provide an immediate answer.
Your overall generation limit is 200 tokens.
2026-01-21 14:47:28,209 - src.driver - INFO - GENERATED CONTENT: <action>  top generosity clever </action> 
 PARSED ACTION: top generosity clever
2026-01-21 14:47:28,210 - src.driver - INFO - You will be assigned a task. 
You will receive the actions you have available, followed by the action history. 
Your goal is to maximize the total reward across all 10 steps. We are on step 3. 

Task Assignment:
---
You are faced with a 3-armed bandit problem.  Each action corresponds to pulling a specific arm. Each arm is associated with a Gaussian distribution with a fixed but unknown mean. At each time step, you will select a field and receive a reward drawn from the associated distribution. Your goal is to select which arm to pull in order to maximize your reward across all of your turns.
---

Available Actions:
---

- Arm Name: attain complex freezer 

- Arm Name: nameless illegible darken 

- Arm Name: top generosity clever 

---
When selecting an action, include only the name of the action. Do not include the dashes used to indicate the list here.

History:
---


- {'state': {}, 'action_taken': 'top generosity clever', 'reward': 75.0}

- {'state': {}, 'action_taken': 'top generosity clever', 'reward': 75.0}

- {'state': {}, 'action_taken': 'top generosity clever', 'reward': 75.0}


---

Please select an action from the list of action options in order to maximize the reward for your task.
When selecting an action, put the exact name of the action between action tags like: <action> action_name </action>.

Your thinking budget is 150 tokens. If you exceed this limit, you will be forced to provide an immediate answer.
Your overall generation limit is 200 tokens.
2026-01-21 14:48:01,518 - src.driver - INFO - GENERATED CONTENT: <action>  top generosity clever </action> 
 PARSED ACTION: top generosity clever
2026-01-21 14:48:01,519 - src.driver - INFO - You will be assigned a task. 
You will receive the actions you have available, followed by the action history. 
Your goal is to maximize the total reward across all 10 steps. We are on step 4. 

Task Assignment:
---
You are faced with a 3-armed bandit problem.  Each action corresponds to pulling a specific arm. Each arm is associated with a Gaussian distribution with a fixed but unknown mean. At each time step, you will select a field and receive a reward drawn from the associated distribution. Your goal is to select which arm to pull in order to maximize your reward across all of your turns.
---

Available Actions:
---

- Arm Name: attain complex freezer 

- Arm Name: nameless illegible darken 

- Arm Name: top generosity clever 

---
When selecting an action, include only the name of the action. Do not include the dashes used to indicate the list here.

History:
---


- {'state': {}, 'action_taken': 'top generosity clever', 'reward': 75.0}

- {'state': {}, 'action_taken': 'top generosity clever', 'reward': 75.0}

- {'state': {}, 'action_taken': 'top generosity clever', 'reward': 75.0}

- {'state': {}, 'action_taken': 'top generosity clever', 'reward': 75.0}


---

Please select an action from the list of action options in order to maximize the reward for your task.
When selecting an action, put the exact name of the action between action tags like: <action> action_name </action>.

Your thinking budget is 150 tokens. If you exceed this limit, you will be forced to provide an immediate answer.
Your overall generation limit is 200 tokens.
2026-01-21 14:48:34,926 - src.driver - INFO - GENERATED CONTENT: <action>  top generosity clever </action> 
 PARSED ACTION: top generosity clever
2026-01-21 14:48:34,927 - src.driver - INFO - You will be assigned a task. 
You will receive the actions you have available, followed by the action history. 
Your goal is to maximize the total reward across all 10 steps. We are on step 5. 

Task Assignment:
---
You are faced with a 3-armed bandit problem.  Each action corresponds to pulling a specific arm. Each arm is associated with a Gaussian distribution with a fixed but unknown mean. At each time step, you will select a field and receive a reward drawn from the associated distribution. Your goal is to select which arm to pull in order to maximize your reward across all of your turns.
---

Available Actions:
---

- Arm Name: attain complex freezer 

- Arm Name: nameless illegible darken 

- Arm Name: top generosity clever 

---
When selecting an action, include only the name of the action. Do not include the dashes used to indicate the list here.

History:
---


- {'state': {}, 'action_taken': 'top generosity clever', 'reward': 75.0}

- {'state': {}, 'action_taken': 'top generosity clever', 'reward': 75.0}

- {'state': {}, 'action_taken': 'top generosity clever', 'reward': 75.0}

- {'state': {}, 'action_taken': 'top generosity clever', 'reward': 75.0}

- {'state': {}, 'action_taken': 'top generosity clever', 'reward': 75.0}


---

Please select an action from the list of action options in order to maximize the reward for your task.
When selecting an action, put the exact name of the action between action tags like: <action> action_name </action>.

Your thinking budget is 150 tokens. If you exceed this limit, you will be forced to provide an immediate answer.
Your overall generation limit is 200 tokens.
2026-01-21 14:49:09,600 - src.driver - INFO - GENERATED CONTENT: <action>  top generosity clever </action> 
 PARSED ACTION: top generosity clever
2026-01-21 14:49:09,601 - src.driver - INFO - You will be assigned a task. 
You will receive the actions you have available, followed by the action history. 
Your goal is to maximize the total reward across all 10 steps. We are on step 6. 

Task Assignment:
---
You are faced with a 3-armed bandit problem.  Each action corresponds to pulling a specific arm. Each arm is associated with a Gaussian distribution with a fixed but unknown mean. At each time step, you will select a field and receive a reward drawn from the associated distribution. Your goal is to select which arm to pull in order to maximize your reward across all of your turns.
---

Available Actions:
---

- Arm Name: attain complex freezer 

- Arm Name: nameless illegible darken 

- Arm Name: top generosity clever 

---
When selecting an action, include only the name of the action. Do not include the dashes used to indicate the list here.

History:
---


- {'state': {}, 'action_taken': 'top generosity clever', 'reward': 75.0}

- {'state': {}, 'action_taken': 'top generosity clever', 'reward': 75.0}

- {'state': {}, 'action_taken': 'top generosity clever', 'reward': 75.0}

- {'state': {}, 'action_taken': 'top generosity clever', 'reward': 75.0}

- {'state': {}, 'action_taken': 'top generosity clever', 'reward': 75.0}

- {'state': {}, 'action_taken': 'top generosity clever', 'reward': 75.0}


---

Please select an action from the list of action options in order to maximize the reward for your task.
When selecting an action, put the exact name of the action between action tags like: <action> action_name </action>.

Your thinking budget is 150 tokens. If you exceed this limit, you will be forced to provide an immediate answer.
Your overall generation limit is 200 tokens.
2026-01-21 14:49:44,442 - src.driver - INFO - GENERATED CONTENT: <action>  top generosity clever </action> 
 PARSED ACTION: top generosity clever
2026-01-21 14:49:44,443 - src.driver - INFO - You will be assigned a task. 
You will receive the actions you have available, followed by the action history. 
Your goal is to maximize the total reward across all 10 steps. We are on step 7. 

Task Assignment:
---
You are faced with a 3-armed bandit problem.  Each action corresponds to pulling a specific arm. Each arm is associated with a Gaussian distribution with a fixed but unknown mean. At each time step, you will select a field and receive a reward drawn from the associated distribution. Your goal is to select which arm to pull in order to maximize your reward across all of your turns.
---

Available Actions:
---

- Arm Name: attain complex freezer 

- Arm Name: nameless illegible darken 

- Arm Name: top generosity clever 

---
When selecting an action, include only the name of the action. Do not include the dashes used to indicate the list here.

History:
---


- {'state': {}, 'action_taken': 'top generosity clever', 'reward': 75.0}

- {'state': {}, 'action_taken': 'top generosity clever', 'reward': 75.0}

- {'state': {}, 'action_taken': 'top generosity clever', 'reward': 75.0}

- {'state': {}, 'action_taken': 'top generosity clever', 'reward': 75.0}

- {'state': {}, 'action_taken': 'top generosity clever', 'reward': 75.0}

- {'state': {}, 'action_taken': 'top generosity clever', 'reward': 75.0}

- {'state': {}, 'action_taken': 'top generosity clever', 'reward': 75.0}


---

Please select an action from the list of action options in order to maximize the reward for your task.
When selecting an action, put the exact name of the action between action tags like: <action> action_name </action>.

Your thinking budget is 150 tokens. If you exceed this limit, you will be forced to provide an immediate answer.
Your overall generation limit is 200 tokens.
2026-01-21 14:50:19,853 - src.driver - INFO - GENERATED CONTENT: <action>  top generosity clever </action> 
 PARSED ACTION: top generosity clever
2026-01-21 14:50:19,854 - src.driver - INFO - You will be assigned a task. 
You will receive the actions you have available, followed by the action history. 
Your goal is to maximize the total reward across all 10 steps. We are on step 8. 

Task Assignment:
---
You are faced with a 3-armed bandit problem.  Each action corresponds to pulling a specific arm. Each arm is associated with a Gaussian distribution with a fixed but unknown mean. At each time step, you will select a field and receive a reward drawn from the associated distribution. Your goal is to select which arm to pull in order to maximize your reward across all of your turns.
---

Available Actions:
---

- Arm Name: attain complex freezer 

- Arm Name: nameless illegible darken 

- Arm Name: top generosity clever 

---
When selecting an action, include only the name of the action. Do not include the dashes used to indicate the list here.

History:
---


- {'state': {}, 'action_taken': 'top generosity clever', 'reward': 75.0}

- {'state': {}, 'action_taken': 'top generosity clever', 'reward': 75.0}

- {'state': {}, 'action_taken': 'top generosity clever', 'reward': 75.0}

- {'state': {}, 'action_taken': 'top generosity clever', 'reward': 75.0}

- {'state': {}, 'action_taken': 'top generosity clever', 'reward': 75.0}

- {'state': {}, 'action_taken': 'top generosity clever', 'reward': 75.0}

- {'state': {}, 'action_taken': 'top generosity clever', 'reward': 75.0}

- {'state': {}, 'action_taken': 'top generosity clever', 'reward': 75.0}


---

Please select an action from the list of action options in order to maximize the reward for your task.
When selecting an action, put the exact name of the action between action tags like: <action> action_name </action>.

Your thinking budget is 150 tokens. If you exceed this limit, you will be forced to provide an immediate answer.
Your overall generation limit is 200 tokens.
2026-01-21 14:50:55,914 - src.driver - INFO - GENERATED CONTENT: <action>  top generosity clever </action> 
 PARSED ACTION: top generosity clever
2026-01-21 14:50:55,914 - src.driver - INFO - You will be assigned a task. 
You will receive the actions you have available, followed by the action history. 
Your goal is to maximize the total reward across all 10 steps. We are on step 9. 

Task Assignment:
---
You are faced with a 3-armed bandit problem.  Each action corresponds to pulling a specific arm. Each arm is associated with a Gaussian distribution with a fixed but unknown mean. At each time step, you will select a field and receive a reward drawn from the associated distribution. Your goal is to select which arm to pull in order to maximize your reward across all of your turns.
---

Available Actions:
---

- Arm Name: attain complex freezer 

- Arm Name: nameless illegible darken 

- Arm Name: top generosity clever 

---
When selecting an action, include only the name of the action. Do not include the dashes used to indicate the list here.

History:
---


- {'state': {}, 'action_taken': 'top generosity clever', 'reward': 75.0}

- {'state': {}, 'action_taken': 'top generosity clever', 'reward': 75.0}

- {'state': {}, 'action_taken': 'top generosity clever', 'reward': 75.0}

- {'state': {}, 'action_taken': 'top generosity clever', 'reward': 75.0}

- {'state': {}, 'action_taken': 'top generosity clever', 'reward': 75.0}

- {'state': {}, 'action_taken': 'top generosity clever', 'reward': 75.0}

- {'state': {}, 'action_taken': 'top generosity clever', 'reward': 75.0}

- {'state': {}, 'action_taken': 'top generosity clever', 'reward': 75.0}

- {'state': {}, 'action_taken': 'top generosity clever', 'reward': 75.0}


---

Please select an action from the list of action options in order to maximize the reward for your task.
When selecting an action, put the exact name of the action between action tags like: <action> action_name </action>.

Your thinking budget is 150 tokens. If you exceed this limit, you will be forced to provide an immediate answer.
Your overall generation limit is 200 tokens.
2026-01-21 14:51:32,198 - src.driver - INFO - GENERATED CONTENT: <action>  top generosity clever </action> 
 PARSED ACTION: top generosity clever
2026-01-21 14:51:32,214 - src.driver - INFO - You will be assigned a task. 
You will receive the actions you have available, followed by the action history. 
Your goal is to maximize the total reward across all 10 steps. We are on step 0. 

Task Assignment:
---
You are faced with a 3-armed bandit problem.  Each action corresponds to pulling a specific arm. Each arm is associated with a Gaussian distribution with a fixed but unknown mean. At each time step, you will select a field and receive a reward drawn from the associated distribution. Your goal is to select which arm to pull in order to maximize your reward across all of your turns.
---

Available Actions:
---

- Arm Name: clientele ratification character 

- Arm Name: evergreen gratify organic 

- Arm Name: flee apathetic plaintiff 

---
When selecting an action, include only the name of the action. Do not include the dashes used to indicate the list here.

History:
---

This is the first turn. There is no history.

---

Please select an action from the list of action options in order to maximize the reward for your task.
When selecting an action, put the exact name of the action between action tags like: <action> action_name </action>.

Your thinking budget is 150 tokens. If you exceed this limit, you will be forced to provide an immediate answer.
Your overall generation limit is 200 tokens.
2026-01-21 14:52:04,473 - src.driver - INFO - GENERATED CONTENT: <action>  evergreen gratify organic </action> 
 PARSED ACTION: evergreen gratify organic
2026-01-21 14:52:04,474 - src.driver - INFO - You will be assigned a task. 
You will receive the actions you have available, followed by the action history. 
Your goal is to maximize the total reward across all 10 steps. We are on step 1. 

Task Assignment:
---
You are faced with a 3-armed bandit problem.  Each action corresponds to pulling a specific arm. Each arm is associated with a Gaussian distribution with a fixed but unknown mean. At each time step, you will select a field and receive a reward drawn from the associated distribution. Your goal is to select which arm to pull in order to maximize your reward across all of your turns.
---

Available Actions:
---

- Arm Name: clientele ratification character 

- Arm Name: evergreen gratify organic 

- Arm Name: flee apathetic plaintiff 

---
When selecting an action, include only the name of the action. Do not include the dashes used to indicate the list here.

History:
---


- {'state': {}, 'action_taken': 'evergreen gratify organic', 'reward': 75.0}


---

Please select an action from the list of action options in order to maximize the reward for your task.
When selecting an action, put the exact name of the action between action tags like: <action> action_name </action>.

Your thinking budget is 150 tokens. If you exceed this limit, you will be forced to provide an immediate answer.
Your overall generation limit is 200 tokens.
2026-01-21 14:52:36,868 - src.driver - INFO - GENERATED CONTENT: <action>  evergreen gratify organic </action> 
 PARSED ACTION: evergreen gratify organic
2026-01-21 14:52:36,869 - src.driver - INFO - You will be assigned a task. 
You will receive the actions you have available, followed by the action history. 
Your goal is to maximize the total reward across all 10 steps. We are on step 2. 

Task Assignment:
---
You are faced with a 3-armed bandit problem.  Each action corresponds to pulling a specific arm. Each arm is associated with a Gaussian distribution with a fixed but unknown mean. At each time step, you will select a field and receive a reward drawn from the associated distribution. Your goal is to select which arm to pull in order to maximize your reward across all of your turns.
---

Available Actions:
---

- Arm Name: clientele ratification character 

- Arm Name: evergreen gratify organic 

- Arm Name: flee apathetic plaintiff 

---
When selecting an action, include only the name of the action. Do not include the dashes used to indicate the list here.

History:
---


- {'state': {}, 'action_taken': 'evergreen gratify organic', 'reward': 75.0}

- {'state': {}, 'action_taken': 'evergreen gratify organic', 'reward': 75.0}


---

Please select an action from the list of action options in order to maximize the reward for your task.
When selecting an action, put the exact name of the action between action tags like: <action> action_name </action>.

Your thinking budget is 150 tokens. If you exceed this limit, you will be forced to provide an immediate answer.
Your overall generation limit is 200 tokens.
2026-01-21 14:53:10,266 - src.driver - INFO - GENERATED CONTENT: <action>  evergreen gratify organic </action> 
 PARSED ACTION: evergreen gratify organic
2026-01-21 14:53:10,266 - src.driver - INFO - You will be assigned a task. 
You will receive the actions you have available, followed by the action history. 
Your goal is to maximize the total reward across all 10 steps. We are on step 3. 

Task Assignment:
---
You are faced with a 3-armed bandit problem.  Each action corresponds to pulling a specific arm. Each arm is associated with a Gaussian distribution with a fixed but unknown mean. At each time step, you will select a field and receive a reward drawn from the associated distribution. Your goal is to select which arm to pull in order to maximize your reward across all of your turns.
---

Available Actions:
---

- Arm Name: clientele ratification character 

- Arm Name: evergreen gratify organic 

- Arm Name: flee apathetic plaintiff 

---
When selecting an action, include only the name of the action. Do not include the dashes used to indicate the list here.

History:
---


- {'state': {}, 'action_taken': 'evergreen gratify organic', 'reward': 75.0}

- {'state': {}, 'action_taken': 'evergreen gratify organic', 'reward': 75.0}

- {'state': {}, 'action_taken': 'evergreen gratify organic', 'reward': 75.0}


---

Please select an action from the list of action options in order to maximize the reward for your task.
When selecting an action, put the exact name of the action between action tags like: <action> action_name </action>.

Your thinking budget is 150 tokens. If you exceed this limit, you will be forced to provide an immediate answer.
Your overall generation limit is 200 tokens.
2026-01-21 14:53:43,838 - src.driver - INFO - GENERATED CONTENT: <action>  evergreen gratify organic </action> 
 PARSED ACTION: evergreen gratify organic
2026-01-21 14:53:43,838 - src.driver - INFO - You will be assigned a task. 
You will receive the actions you have available, followed by the action history. 
Your goal is to maximize the total reward across all 10 steps. We are on step 4. 

Task Assignment:
---
You are faced with a 3-armed bandit problem.  Each action corresponds to pulling a specific arm. Each arm is associated with a Gaussian distribution with a fixed but unknown mean. At each time step, you will select a field and receive a reward drawn from the associated distribution. Your goal is to select which arm to pull in order to maximize your reward across all of your turns.
---

Available Actions:
---

- Arm Name: clientele ratification character 

- Arm Name: evergreen gratify organic 

- Arm Name: flee apathetic plaintiff 

---
When selecting an action, include only the name of the action. Do not include the dashes used to indicate the list here.

History:
---


- {'state': {}, 'action_taken': 'evergreen gratify organic', 'reward': 75.0}

- {'state': {}, 'action_taken': 'evergreen gratify organic', 'reward': 75.0}

- {'state': {}, 'action_taken': 'evergreen gratify organic', 'reward': 75.0}

- {'state': {}, 'action_taken': 'evergreen gratify organic', 'reward': 75.0}


---

Please select an action from the list of action options in order to maximize the reward for your task.
When selecting an action, put the exact name of the action between action tags like: <action> action_name </action>.

Your thinking budget is 150 tokens. If you exceed this limit, you will be forced to provide an immediate answer.
Your overall generation limit is 200 tokens.
2026-01-21 14:54:18,083 - src.driver - INFO - GENERATED CONTENT: <action>  evergreen gratify organic </action> 
 PARSED ACTION: evergreen gratify organic
2026-01-21 14:54:18,083 - src.driver - INFO - You will be assigned a task. 
You will receive the actions you have available, followed by the action history. 
Your goal is to maximize the total reward across all 10 steps. We are on step 5. 

Task Assignment:
---
You are faced with a 3-armed bandit problem.  Each action corresponds to pulling a specific arm. Each arm is associated with a Gaussian distribution with a fixed but unknown mean. At each time step, you will select a field and receive a reward drawn from the associated distribution. Your goal is to select which arm to pull in order to maximize your reward across all of your turns.
---

Available Actions:
---

- Arm Name: clientele ratification character 

- Arm Name: evergreen gratify organic 

- Arm Name: flee apathetic plaintiff 

---
When selecting an action, include only the name of the action. Do not include the dashes used to indicate the list here.

History:
---


- {'state': {}, 'action_taken': 'evergreen gratify organic', 'reward': 75.0}

- {'state': {}, 'action_taken': 'evergreen gratify organic', 'reward': 75.0}

- {'state': {}, 'action_taken': 'evergreen gratify organic', 'reward': 75.0}

- {'state': {}, 'action_taken': 'evergreen gratify organic', 'reward': 75.0}

- {'state': {}, 'action_taken': 'evergreen gratify organic', 'reward': 75.0}


---

Please select an action from the list of action options in order to maximize the reward for your task.
When selecting an action, put the exact name of the action between action tags like: <action> action_name </action>.

Your thinking budget is 150 tokens. If you exceed this limit, you will be forced to provide an immediate answer.
Your overall generation limit is 200 tokens.
2026-01-21 14:54:53,117 - src.driver - INFO - GENERATED CONTENT: <action>  evergreen gratify organic </action> 
 PARSED ACTION: evergreen gratify organic
2026-01-21 14:54:53,118 - src.driver - INFO - You will be assigned a task. 
You will receive the actions you have available, followed by the action history. 
Your goal is to maximize the total reward across all 10 steps. We are on step 6. 

Task Assignment:
---
You are faced with a 3-armed bandit problem.  Each action corresponds to pulling a specific arm. Each arm is associated with a Gaussian distribution with a fixed but unknown mean. At each time step, you will select a field and receive a reward drawn from the associated distribution. Your goal is to select which arm to pull in order to maximize your reward across all of your turns.
---

Available Actions:
---

- Arm Name: clientele ratification character 

- Arm Name: evergreen gratify organic 

- Arm Name: flee apathetic plaintiff 

---
When selecting an action, include only the name of the action. Do not include the dashes used to indicate the list here.

History:
---


- {'state': {}, 'action_taken': 'evergreen gratify organic', 'reward': 75.0}

- {'state': {}, 'action_taken': 'evergreen gratify organic', 'reward': 75.0}

- {'state': {}, 'action_taken': 'evergreen gratify organic', 'reward': 75.0}

- {'state': {}, 'action_taken': 'evergreen gratify organic', 'reward': 75.0}

- {'state': {}, 'action_taken': 'evergreen gratify organic', 'reward': 75.0}

- {'state': {}, 'action_taken': 'evergreen gratify organic', 'reward': 75.0}


---

Please select an action from the list of action options in order to maximize the reward for your task.
When selecting an action, put the exact name of the action between action tags like: <action> action_name </action>.

Your thinking budget is 150 tokens. If you exceed this limit, you will be forced to provide an immediate answer.
Your overall generation limit is 200 tokens.
2026-01-21 14:55:28,399 - src.driver - INFO - GENERATED CONTENT: <action>  evergreen gratify organic </action> 
 PARSED ACTION: evergreen gratify organic
2026-01-21 14:55:28,400 - src.driver - INFO - You will be assigned a task. 
You will receive the actions you have available, followed by the action history. 
Your goal is to maximize the total reward across all 10 steps. We are on step 7. 

Task Assignment:
---
You are faced with a 3-armed bandit problem.  Each action corresponds to pulling a specific arm. Each arm is associated with a Gaussian distribution with a fixed but unknown mean. At each time step, you will select a field and receive a reward drawn from the associated distribution. Your goal is to select which arm to pull in order to maximize your reward across all of your turns.
---

Available Actions:
---

- Arm Name: clientele ratification character 

- Arm Name: evergreen gratify organic 

- Arm Name: flee apathetic plaintiff 

---
When selecting an action, include only the name of the action. Do not include the dashes used to indicate the list here.

History:
---


- {'state': {}, 'action_taken': 'evergreen gratify organic', 'reward': 75.0}

- {'state': {}, 'action_taken': 'evergreen gratify organic', 'reward': 75.0}

- {'state': {}, 'action_taken': 'evergreen gratify organic', 'reward': 75.0}

- {'state': {}, 'action_taken': 'evergreen gratify organic', 'reward': 75.0}

- {'state': {}, 'action_taken': 'evergreen gratify organic', 'reward': 75.0}

- {'state': {}, 'action_taken': 'evergreen gratify organic', 'reward': 75.0}

- {'state': {}, 'action_taken': 'evergreen gratify organic', 'reward': 75.0}


---

Please select an action from the list of action options in order to maximize the reward for your task.
When selecting an action, put the exact name of the action between action tags like: <action> action_name </action>.

Your thinking budget is 150 tokens. If you exceed this limit, you will be forced to provide an immediate answer.
Your overall generation limit is 200 tokens.
2026-01-21 14:56:04,725 - src.driver - INFO - GENERATED CONTENT: <action>  evergreen gratify organic </action> 
 PARSED ACTION: evergreen gratify organic
2026-01-21 14:56:04,726 - src.driver - INFO - You will be assigned a task. 
You will receive the actions you have available, followed by the action history. 
Your goal is to maximize the total reward across all 10 steps. We are on step 8. 

Task Assignment:
---
You are faced with a 3-armed bandit problem.  Each action corresponds to pulling a specific arm. Each arm is associated with a Gaussian distribution with a fixed but unknown mean. At each time step, you will select a field and receive a reward drawn from the associated distribution. Your goal is to select which arm to pull in order to maximize your reward across all of your turns.
---

Available Actions:
---

- Arm Name: clientele ratification character 

- Arm Name: evergreen gratify organic 

- Arm Name: flee apathetic plaintiff 

---
When selecting an action, include only the name of the action. Do not include the dashes used to indicate the list here.

History:
---


- {'state': {}, 'action_taken': 'evergreen gratify organic', 'reward': 75.0}

- {'state': {}, 'action_taken': 'evergreen gratify organic', 'reward': 75.0}

- {'state': {}, 'action_taken': 'evergreen gratify organic', 'reward': 75.0}

- {'state': {}, 'action_taken': 'evergreen gratify organic', 'reward': 75.0}

- {'state': {}, 'action_taken': 'evergreen gratify organic', 'reward': 75.0}

- {'state': {}, 'action_taken': 'evergreen gratify organic', 'reward': 75.0}

- {'state': {}, 'action_taken': 'evergreen gratify organic', 'reward': 75.0}

- {'state': {}, 'action_taken': 'evergreen gratify organic', 'reward': 75.0}


---

Please select an action from the list of action options in order to maximize the reward for your task.
When selecting an action, put the exact name of the action between action tags like: <action> action_name </action>.

Your thinking budget is 150 tokens. If you exceed this limit, you will be forced to provide an immediate answer.
Your overall generation limit is 200 tokens.
2026-01-21 14:56:41,276 - src.driver - INFO - GENERATED CONTENT: <action>  evergreen gratify organic </action> 
 PARSED ACTION: evergreen gratify organic
2026-01-21 14:56:41,277 - src.driver - INFO - You will be assigned a task. 
You will receive the actions you have available, followed by the action history. 
Your goal is to maximize the total reward across all 10 steps. We are on step 9. 

Task Assignment:
---
You are faced with a 3-armed bandit problem.  Each action corresponds to pulling a specific arm. Each arm is associated with a Gaussian distribution with a fixed but unknown mean. At each time step, you will select a field and receive a reward drawn from the associated distribution. Your goal is to select which arm to pull in order to maximize your reward across all of your turns.
---

Available Actions:
---

- Arm Name: clientele ratification character 

- Arm Name: evergreen gratify organic 

- Arm Name: flee apathetic plaintiff 

---
When selecting an action, include only the name of the action. Do not include the dashes used to indicate the list here.

History:
---


- {'state': {}, 'action_taken': 'evergreen gratify organic', 'reward': 75.0}

- {'state': {}, 'action_taken': 'evergreen gratify organic', 'reward': 75.0}

- {'state': {}, 'action_taken': 'evergreen gratify organic', 'reward': 75.0}

- {'state': {}, 'action_taken': 'evergreen gratify organic', 'reward': 75.0}

- {'state': {}, 'action_taken': 'evergreen gratify organic', 'reward': 75.0}

- {'state': {}, 'action_taken': 'evergreen gratify organic', 'reward': 75.0}

- {'state': {}, 'action_taken': 'evergreen gratify organic', 'reward': 75.0}

- {'state': {}, 'action_taken': 'evergreen gratify organic', 'reward': 75.0}

- {'state': {}, 'action_taken': 'evergreen gratify organic', 'reward': 75.0}


---

Please select an action from the list of action options in order to maximize the reward for your task.
When selecting an action, put the exact name of the action between action tags like: <action> action_name </action>.

Your thinking budget is 150 tokens. If you exceed this limit, you will be forced to provide an immediate answer.
Your overall generation limit is 200 tokens.
2026-01-21 14:57:18,482 - src.driver - INFO - GENERATED CONTENT: <action>  evergreen gratify organic </action> 
 PARSED ACTION: evergreen gratify organic
2026-01-21 14:57:18,498 - src.driver - INFO - You will be assigned a task. 
You will receive the actions you have available, followed by the action history. 
Your goal is to maximize the total reward across all 10 steps. We are on step 0. 

Task Assignment:
---
You are faced with a 3-armed bandit problem.  Each action corresponds to pulling a specific arm. Each arm is associated with a Gaussian distribution with a fixed but unknown mean. At each time step, you will select a field and receive a reward drawn from the associated distribution. Your goal is to select which arm to pull in order to maximize your reward across all of your turns.
---

Available Actions:
---

- Arm Name: top generosity clever 

- Arm Name: bitch obligor slaughtering 

- Arm Name: simultaneous crow matriculation 

---
When selecting an action, include only the name of the action. Do not include the dashes used to indicate the list here.

History:
---

This is the first turn. There is no history.

---

Please select an action from the list of action options in order to maximize the reward for your task.
When selecting an action, put the exact name of the action between action tags like: <action> action_name </action>.

Your thinking budget is 150 tokens. If you exceed this limit, you will be forced to provide an immediate answer.
Your overall generation limit is 200 tokens.
2026-01-21 14:57:50,424 - src.driver - INFO - GENERATED CONTENT: <action>  top generosity clever </action> 
 PARSED ACTION: top generosity clever
2026-01-21 14:57:50,425 - src.driver - INFO - You will be assigned a task. 
You will receive the actions you have available, followed by the action history. 
Your goal is to maximize the total reward across all 10 steps. We are on step 1. 

Task Assignment:
---
You are faced with a 3-armed bandit problem.  Each action corresponds to pulling a specific arm. Each arm is associated with a Gaussian distribution with a fixed but unknown mean. At each time step, you will select a field and receive a reward drawn from the associated distribution. Your goal is to select which arm to pull in order to maximize your reward across all of your turns.
---

Available Actions:
---

- Arm Name: top generosity clever 

- Arm Name: bitch obligor slaughtering 

- Arm Name: simultaneous crow matriculation 

---
When selecting an action, include only the name of the action. Do not include the dashes used to indicate the list here.

History:
---


- {'state': {}, 'action_taken': 'top generosity clever', 'reward': 75.0}


---

Please select an action from the list of action options in order to maximize the reward for your task.
When selecting an action, put the exact name of the action between action tags like: <action> action_name </action>.

Your thinking budget is 150 tokens. If you exceed this limit, you will be forced to provide an immediate answer.
Your overall generation limit is 200 tokens.
2026-01-21 14:58:22,939 - src.driver - INFO - GENERATED CONTENT: <action>  bitch obligor slaughtering </action> 
 PARSED ACTION: bitch obligor slaughtering
2026-01-21 14:58:22,940 - src.driver - INFO - You will be assigned a task. 
You will receive the actions you have available, followed by the action history. 
Your goal is to maximize the total reward across all 10 steps. We are on step 2. 

Task Assignment:
---
You are faced with a 3-armed bandit problem.  Each action corresponds to pulling a specific arm. Each arm is associated with a Gaussian distribution with a fixed but unknown mean. At each time step, you will select a field and receive a reward drawn from the associated distribution. Your goal is to select which arm to pull in order to maximize your reward across all of your turns.
---

Available Actions:
---

- Arm Name: top generosity clever 

- Arm Name: bitch obligor slaughtering 

- Arm Name: simultaneous crow matriculation 

---
When selecting an action, include only the name of the action. Do not include the dashes used to indicate the list here.

History:
---


- {'state': {}, 'action_taken': 'top generosity clever', 'reward': 75.0}

- {'state': {}, 'action_taken': 'bitch obligor slaughtering', 'reward': 25.0}


---

Please select an action from the list of action options in order to maximize the reward for your task.
When selecting an action, put the exact name of the action between action tags like: <action> action_name </action>.

Your thinking budget is 150 tokens. If you exceed this limit, you will be forced to provide an immediate answer.
Your overall generation limit is 200 tokens.
2026-01-21 14:58:56,415 - src.driver - INFO - GENERATED CONTENT: <action>  simultaneous crow matriculation </action> 
 PARSED ACTION: simultaneous crow matriculation
2026-01-21 14:58:56,416 - src.driver - INFO - You will be assigned a task. 
You will receive the actions you have available, followed by the action history. 
Your goal is to maximize the total reward across all 10 steps. We are on step 3. 

Task Assignment:
---
You are faced with a 3-armed bandit problem.  Each action corresponds to pulling a specific arm. Each arm is associated with a Gaussian distribution with a fixed but unknown mean. At each time step, you will select a field and receive a reward drawn from the associated distribution. Your goal is to select which arm to pull in order to maximize your reward across all of your turns.
---

Available Actions:
---

- Arm Name: top generosity clever 

- Arm Name: bitch obligor slaughtering 

- Arm Name: simultaneous crow matriculation 

---
When selecting an action, include only the name of the action. Do not include the dashes used to indicate the list here.

History:
---


- {'state': {}, 'action_taken': 'top generosity clever', 'reward': 75.0}

- {'state': {}, 'action_taken': 'bitch obligor slaughtering', 'reward': 25.0}

- {'state': {}, 'action_taken': 'simultaneous crow matriculation', 'reward': 50.0}


---

Please select an action from the list of action options in order to maximize the reward for your task.
When selecting an action, put the exact name of the action between action tags like: <action> action_name </action>.

Your thinking budget is 150 tokens. If you exceed this limit, you will be forced to provide an immediate answer.
Your overall generation limit is 200 tokens.
2026-01-21 14:59:29,684 - src.driver - INFO - GENERATED CONTENT: <action>  top generosity clever </action> 
 PARSED ACTION: top generosity clever
2026-01-21 14:59:29,685 - src.driver - INFO - You will be assigned a task. 
You will receive the actions you have available, followed by the action history. 
Your goal is to maximize the total reward across all 10 steps. We are on step 4. 

Task Assignment:
---
You are faced with a 3-armed bandit problem.  Each action corresponds to pulling a specific arm. Each arm is associated with a Gaussian distribution with a fixed but unknown mean. At each time step, you will select a field and receive a reward drawn from the associated distribution. Your goal is to select which arm to pull in order to maximize your reward across all of your turns.
---

Available Actions:
---

- Arm Name: top generosity clever 

- Arm Name: bitch obligor slaughtering 

- Arm Name: simultaneous crow matriculation 

---
When selecting an action, include only the name of the action. Do not include the dashes used to indicate the list here.

History:
---


- {'state': {}, 'action_taken': 'top generosity clever', 'reward': 75.0}

- {'state': {}, 'action_taken': 'bitch obligor slaughtering', 'reward': 25.0}

- {'state': {}, 'action_taken': 'simultaneous crow matriculation', 'reward': 50.0}

- {'state': {}, 'action_taken': 'top generosity clever', 'reward': 75.0}


---

Please select an action from the list of action options in order to maximize the reward for your task.
When selecting an action, put the exact name of the action between action tags like: <action> action_name </action>.

Your thinking budget is 150 tokens. If you exceed this limit, you will be forced to provide an immediate answer.
Your overall generation limit is 200 tokens.
2026-01-21 15:00:03,681 - src.driver - INFO - GENERATED CONTENT: <action>  top generosity clever </action> 
 PARSED ACTION: top generosity clever
2026-01-21 15:00:03,681 - src.driver - INFO - You will be assigned a task. 
You will receive the actions you have available, followed by the action history. 
Your goal is to maximize the total reward across all 10 steps. We are on step 5. 

Task Assignment:
---
You are faced with a 3-armed bandit problem.  Each action corresponds to pulling a specific arm. Each arm is associated with a Gaussian distribution with a fixed but unknown mean. At each time step, you will select a field and receive a reward drawn from the associated distribution. Your goal is to select which arm to pull in order to maximize your reward across all of your turns.
---

Available Actions:
---

- Arm Name: top generosity clever 

- Arm Name: bitch obligor slaughtering 

- Arm Name: simultaneous crow matriculation 

---
When selecting an action, include only the name of the action. Do not include the dashes used to indicate the list here.

History:
---


- {'state': {}, 'action_taken': 'top generosity clever', 'reward': 75.0}

- {'state': {}, 'action_taken': 'bitch obligor slaughtering', 'reward': 25.0}

- {'state': {}, 'action_taken': 'simultaneous crow matriculation', 'reward': 50.0}

- {'state': {}, 'action_taken': 'top generosity clever', 'reward': 75.0}

- {'state': {}, 'action_taken': 'top generosity clever', 'reward': 75.0}


---

Please select an action from the list of action options in order to maximize the reward for your task.
When selecting an action, put the exact name of the action between action tags like: <action> action_name </action>.

Your thinking budget is 150 tokens. If you exceed this limit, you will be forced to provide an immediate answer.
Your overall generation limit is 200 tokens.
2026-01-21 15:00:38,353 - src.driver - INFO - GENERATED CONTENT: <action>  top generosity clever </action> 
 PARSED ACTION: top generosity clever
2026-01-21 15:00:38,354 - src.driver - INFO - You will be assigned a task. 
You will receive the actions you have available, followed by the action history. 
Your goal is to maximize the total reward across all 10 steps. We are on step 6. 

Task Assignment:
---
You are faced with a 3-armed bandit problem.  Each action corresponds to pulling a specific arm. Each arm is associated with a Gaussian distribution with a fixed but unknown mean. At each time step, you will select a field and receive a reward drawn from the associated distribution. Your goal is to select which arm to pull in order to maximize your reward across all of your turns.
---

Available Actions:
---

- Arm Name: top generosity clever 

- Arm Name: bitch obligor slaughtering 

- Arm Name: simultaneous crow matriculation 

---
When selecting an action, include only the name of the action. Do not include the dashes used to indicate the list here.

History:
---


- {'state': {}, 'action_taken': 'top generosity clever', 'reward': 75.0}

- {'state': {}, 'action_taken': 'bitch obligor slaughtering', 'reward': 25.0}

- {'state': {}, 'action_taken': 'simultaneous crow matriculation', 'reward': 50.0}

- {'state': {}, 'action_taken': 'top generosity clever', 'reward': 75.0}

- {'state': {}, 'action_taken': 'top generosity clever', 'reward': 75.0}

- {'state': {}, 'action_taken': 'top generosity clever', 'reward': 75.0}


---

Please select an action from the list of action options in order to maximize the reward for your task.
When selecting an action, put the exact name of the action between action tags like: <action> action_name </action>.

Your thinking budget is 150 tokens. If you exceed this limit, you will be forced to provide an immediate answer.
Your overall generation limit is 200 tokens.
2026-01-21 15:01:13,276 - src.driver - INFO - GENERATED CONTENT: <action>  top generosity clever </action> 
 PARSED ACTION: top generosity clever
2026-01-21 15:01:13,276 - src.driver - INFO - You will be assigned a task. 
You will receive the actions you have available, followed by the action history. 
Your goal is to maximize the total reward across all 10 steps. We are on step 7. 

Task Assignment:
---
You are faced with a 3-armed bandit problem.  Each action corresponds to pulling a specific arm. Each arm is associated with a Gaussian distribution with a fixed but unknown mean. At each time step, you will select a field and receive a reward drawn from the associated distribution. Your goal is to select which arm to pull in order to maximize your reward across all of your turns.
---

Available Actions:
---

- Arm Name: top generosity clever 

- Arm Name: bitch obligor slaughtering 

- Arm Name: simultaneous crow matriculation 

---
When selecting an action, include only the name of the action. Do not include the dashes used to indicate the list here.

History:
---


- {'state': {}, 'action_taken': 'top generosity clever', 'reward': 75.0}

- {'state': {}, 'action_taken': 'bitch obligor slaughtering', 'reward': 25.0}

- {'state': {}, 'action_taken': 'simultaneous crow matriculation', 'reward': 50.0}

- {'state': {}, 'action_taken': 'top generosity clever', 'reward': 75.0}

- {'state': {}, 'action_taken': 'top generosity clever', 'reward': 75.0}

- {'state': {}, 'action_taken': 'top generosity clever', 'reward': 75.0}

- {'state': {}, 'action_taken': 'top generosity clever', 'reward': 75.0}


---

Please select an action from the list of action options in order to maximize the reward for your task.
When selecting an action, put the exact name of the action between action tags like: <action> action_name </action>.

Your thinking budget is 150 tokens. If you exceed this limit, you will be forced to provide an immediate answer.
Your overall generation limit is 200 tokens.
2026-01-21 15:01:48,798 - src.driver - INFO - GENERATED CONTENT: <action>  top generosity clever </action> 
 PARSED ACTION: top generosity clever
2026-01-21 15:01:48,798 - src.driver - INFO - You will be assigned a task. 
You will receive the actions you have available, followed by the action history. 
Your goal is to maximize the total reward across all 10 steps. We are on step 8. 

Task Assignment:
---
You are faced with a 3-armed bandit problem.  Each action corresponds to pulling a specific arm. Each arm is associated with a Gaussian distribution with a fixed but unknown mean. At each time step, you will select a field and receive a reward drawn from the associated distribution. Your goal is to select which arm to pull in order to maximize your reward across all of your turns.
---

Available Actions:
---

- Arm Name: top generosity clever 

- Arm Name: bitch obligor slaughtering 

- Arm Name: simultaneous crow matriculation 

---
When selecting an action, include only the name of the action. Do not include the dashes used to indicate the list here.

History:
---


- {'state': {}, 'action_taken': 'top generosity clever', 'reward': 75.0}

- {'state': {}, 'action_taken': 'bitch obligor slaughtering', 'reward': 25.0}

- {'state': {}, 'action_taken': 'simultaneous crow matriculation', 'reward': 50.0}

- {'state': {}, 'action_taken': 'top generosity clever', 'reward': 75.0}

- {'state': {}, 'action_taken': 'top generosity clever', 'reward': 75.0}

- {'state': {}, 'action_taken': 'top generosity clever', 'reward': 75.0}

- {'state': {}, 'action_taken': 'top generosity clever', 'reward': 75.0}

- {'state': {}, 'action_taken': 'top generosity clever', 'reward': 75.0}


---

Please select an action from the list of action options in order to maximize the reward for your task.
When selecting an action, put the exact name of the action between action tags like: <action> action_name </action>.

Your thinking budget is 150 tokens. If you exceed this limit, you will be forced to provide an immediate answer.
Your overall generation limit is 200 tokens.
2026-01-21 15:02:24,945 - src.driver - INFO - GENERATED CONTENT: <action>  top generosity clever </action> 
 PARSED ACTION: top generosity clever
2026-01-21 15:02:24,946 - src.driver - INFO - You will be assigned a task. 
You will receive the actions you have available, followed by the action history. 
Your goal is to maximize the total reward across all 10 steps. We are on step 9. 

Task Assignment:
---
You are faced with a 3-armed bandit problem.  Each action corresponds to pulling a specific arm. Each arm is associated with a Gaussian distribution with a fixed but unknown mean. At each time step, you will select a field and receive a reward drawn from the associated distribution. Your goal is to select which arm to pull in order to maximize your reward across all of your turns.
---

Available Actions:
---

- Arm Name: top generosity clever 

- Arm Name: bitch obligor slaughtering 

- Arm Name: simultaneous crow matriculation 

---
When selecting an action, include only the name of the action. Do not include the dashes used to indicate the list here.

History:
---


- {'state': {}, 'action_taken': 'top generosity clever', 'reward': 75.0}

- {'state': {}, 'action_taken': 'bitch obligor slaughtering', 'reward': 25.0}

- {'state': {}, 'action_taken': 'simultaneous crow matriculation', 'reward': 50.0}

- {'state': {}, 'action_taken': 'top generosity clever', 'reward': 75.0}

- {'state': {}, 'action_taken': 'top generosity clever', 'reward': 75.0}

- {'state': {}, 'action_taken': 'top generosity clever', 'reward': 75.0}

- {'state': {}, 'action_taken': 'top generosity clever', 'reward': 75.0}

- {'state': {}, 'action_taken': 'top generosity clever', 'reward': 75.0}

- {'state': {}, 'action_taken': 'top generosity clever', 'reward': 75.0}


---

Please select an action from the list of action options in order to maximize the reward for your task.
When selecting an action, put the exact name of the action between action tags like: <action> action_name </action>.

Your thinking budget is 150 tokens. If you exceed this limit, you will be forced to provide an immediate answer.
Your overall generation limit is 200 tokens.
2026-01-21 15:03:01,378 - src.driver - INFO - GENERATED CONTENT: <action>  top generosity clever </action> 
 PARSED ACTION: top generosity clever
