2026-01-18 21:03:23,380 - src.driver - INFO - You will be assigned a task. 
You will receive the actions you have available, followed by the action history. 
Your goal is to maximize the total reward across all 10 steps. We are on step 0. 

Task Assignment:
---
You are a farmer who owns 3 fields. Each action corresponds to planting your crop in a different field. Each field is associated with a Gaussian distribution with a fixed but unknown mean. At each time step, you will select a field and receive a reward drawn from the associated distribution. Your goal is to maximize your reward across all of your turns.
---

Available Actions:
---

- Field Name: disobedient horrified untrained 

- Field Name: deserving beeswax intercom 

- Field Name: special heyday perceptible 

---
When selecting an action, include only the name of the action. Do not include the dashes used to indicate the list here.

History:
---

This is the first turn. There is no history.

---

Please select an action from the list of action options in order to maximize the reward for your task.
When selecting an action, put the exact name of the action between action tags like: <action> action_name </action>.

Your thinking budget is 150 tokens. If you exceed this limit, you will be forced to provide an immediate answer.
Your overall generation limit is 200 tokens.
2026-01-18 21:03:38,215 - src.driver - INFO - GENERATED CONTENT: <action>  disobedient horrified untrained </action> 
 PARSED ACTION: disobedient horrified untrained
2026-01-18 21:03:38,215 - src.driver - INFO - You will be assigned a task. 
You will receive the actions you have available, followed by the action history. 
Your goal is to maximize the total reward across all 10 steps. We are on step 1. 

Task Assignment:
---
You are a farmer who owns 3 fields. Each action corresponds to planting your crop in a different field. Each field is associated with a Gaussian distribution with a fixed but unknown mean. At each time step, you will select a field and receive a reward drawn from the associated distribution. Your goal is to maximize your reward across all of your turns.
---

Available Actions:
---

- Field Name: disobedient horrified untrained 

- Field Name: deserving beeswax intercom 

- Field Name: special heyday perceptible 

---
When selecting an action, include only the name of the action. Do not include the dashes used to indicate the list here.

History:
---


- {'state': {}, 'action_taken': 'disobedient horrified untrained', 'reward': -0.25}


---

Please select an action from the list of action options in order to maximize the reward for your task.
When selecting an action, put the exact name of the action between action tags like: <action> action_name </action>.

Your thinking budget is 150 tokens. If you exceed this limit, you will be forced to provide an immediate answer.
Your overall generation limit is 200 tokens.
2026-01-18 21:03:53,292 - src.driver - INFO - GENERATED CONTENT: <action>  deserving beeswax intercom </action> 
 PARSED ACTION: deserving beeswax intercom
2026-01-18 21:03:53,293 - src.driver - INFO - You will be assigned a task. 
You will receive the actions you have available, followed by the action history. 
Your goal is to maximize the total reward across all 10 steps. We are on step 2. 

Task Assignment:
---
You are a farmer who owns 3 fields. Each action corresponds to planting your crop in a different field. Each field is associated with a Gaussian distribution with a fixed but unknown mean. At each time step, you will select a field and receive a reward drawn from the associated distribution. Your goal is to maximize your reward across all of your turns.
---

Available Actions:
---

- Field Name: disobedient horrified untrained 

- Field Name: deserving beeswax intercom 

- Field Name: special heyday perceptible 

---
When selecting an action, include only the name of the action. Do not include the dashes used to indicate the list here.

History:
---


- {'state': {}, 'action_taken': 'disobedient horrified untrained', 'reward': -0.25}

- {'state': {}, 'action_taken': 'deserving beeswax intercom', 'reward': -0.5}


---

Please select an action from the list of action options in order to maximize the reward for your task.
When selecting an action, put the exact name of the action between action tags like: <action> action_name </action>.

Your thinking budget is 150 tokens. If you exceed this limit, you will be forced to provide an immediate answer.
Your overall generation limit is 200 tokens.
2026-01-18 21:04:08,562 - src.driver - INFO - GENERATED CONTENT: <action>  special heyday perceptible </action> 
 PARSED ACTION: special heyday perceptible
2026-01-18 21:04:08,563 - src.driver - INFO - You will be assigned a task. 
You will receive the actions you have available, followed by the action history. 
Your goal is to maximize the total reward across all 10 steps. We are on step 3. 

Task Assignment:
---
You are a farmer who owns 3 fields. Each action corresponds to planting your crop in a different field. Each field is associated with a Gaussian distribution with a fixed but unknown mean. At each time step, you will select a field and receive a reward drawn from the associated distribution. Your goal is to maximize your reward across all of your turns.
---

Available Actions:
---

- Field Name: disobedient horrified untrained 

- Field Name: deserving beeswax intercom 

- Field Name: special heyday perceptible 

---
When selecting an action, include only the name of the action. Do not include the dashes used to indicate the list here.

History:
---


- {'state': {}, 'action_taken': 'disobedient horrified untrained', 'reward': -0.25}

- {'state': {}, 'action_taken': 'deserving beeswax intercom', 'reward': -0.5}

- {'state': {}, 'action_taken': 'special heyday perceptible', 'reward': -0.75}


---

Please select an action from the list of action options in order to maximize the reward for your task.
When selecting an action, put the exact name of the action between action tags like: <action> action_name </action>.

Your thinking budget is 150 tokens. If you exceed this limit, you will be forced to provide an immediate answer.
Your overall generation limit is 200 tokens.
2026-01-18 21:04:23,876 - src.driver - INFO - GENERATED CONTENT: <action>  disobedient horrified untrained </action> 
 PARSED ACTION: disobedient horrified untrained
2026-01-18 21:04:23,877 - src.driver - INFO - You will be assigned a task. 
You will receive the actions you have available, followed by the action history. 
Your goal is to maximize the total reward across all 10 steps. We are on step 4. 

Task Assignment:
---
You are a farmer who owns 3 fields. Each action corresponds to planting your crop in a different field. Each field is associated with a Gaussian distribution with a fixed but unknown mean. At each time step, you will select a field and receive a reward drawn from the associated distribution. Your goal is to maximize your reward across all of your turns.
---

Available Actions:
---

- Field Name: disobedient horrified untrained 

- Field Name: deserving beeswax intercom 

- Field Name: special heyday perceptible 

---
When selecting an action, include only the name of the action. Do not include the dashes used to indicate the list here.

History:
---


- {'state': {}, 'action_taken': 'disobedient horrified untrained', 'reward': -0.25}

- {'state': {}, 'action_taken': 'deserving beeswax intercom', 'reward': -0.5}

- {'state': {}, 'action_taken': 'special heyday perceptible', 'reward': -0.75}

- {'state': {}, 'action_taken': 'disobedient horrified untrained', 'reward': -0.25}


---

Please select an action from the list of action options in order to maximize the reward for your task.
When selecting an action, put the exact name of the action between action tags like: <action> action_name </action>.

Your thinking budget is 150 tokens. If you exceed this limit, you will be forced to provide an immediate answer.
Your overall generation limit is 200 tokens.
2026-01-18 21:04:39,476 - src.driver - INFO - GENERATED CONTENT: <action>  deserving beeswax intercom </action> 
 PARSED ACTION: deserving beeswax intercom
2026-01-18 21:04:39,476 - src.driver - INFO - You will be assigned a task. 
You will receive the actions you have available, followed by the action history. 
Your goal is to maximize the total reward across all 10 steps. We are on step 5. 

Task Assignment:
---
You are a farmer who owns 3 fields. Each action corresponds to planting your crop in a different field. Each field is associated with a Gaussian distribution with a fixed but unknown mean. At each time step, you will select a field and receive a reward drawn from the associated distribution. Your goal is to maximize your reward across all of your turns.
---

Available Actions:
---

- Field Name: disobedient horrified untrained 

- Field Name: deserving beeswax intercom 

- Field Name: special heyday perceptible 

---
When selecting an action, include only the name of the action. Do not include the dashes used to indicate the list here.

History:
---


- {'state': {}, 'action_taken': 'disobedient horrified untrained', 'reward': -0.25}

- {'state': {}, 'action_taken': 'deserving beeswax intercom', 'reward': -0.5}

- {'state': {}, 'action_taken': 'special heyday perceptible', 'reward': -0.75}

- {'state': {}, 'action_taken': 'disobedient horrified untrained', 'reward': -0.25}

- {'state': {}, 'action_taken': 'deserving beeswax intercom', 'reward': -0.5}


---

Please select an action from the list of action options in order to maximize the reward for your task.
When selecting an action, put the exact name of the action between action tags like: <action> action_name </action>.

Your thinking budget is 150 tokens. If you exceed this limit, you will be forced to provide an immediate answer.
Your overall generation limit is 200 tokens.
2026-01-18 21:04:55,850 - src.driver - INFO - GENERATED CONTENT: <action>  special heyday perceptible </action> 
 PARSED ACTION: special heyday perceptible
2026-01-18 21:04:55,851 - src.driver - INFO - You will be assigned a task. 
You will receive the actions you have available, followed by the action history. 
Your goal is to maximize the total reward across all 10 steps. We are on step 6. 

Task Assignment:
---
You are a farmer who owns 3 fields. Each action corresponds to planting your crop in a different field. Each field is associated with a Gaussian distribution with a fixed but unknown mean. At each time step, you will select a field and receive a reward drawn from the associated distribution. Your goal is to maximize your reward across all of your turns.
---

Available Actions:
---

- Field Name: disobedient horrified untrained 

- Field Name: deserving beeswax intercom 

- Field Name: special heyday perceptible 

---
When selecting an action, include only the name of the action. Do not include the dashes used to indicate the list here.

History:
---


- {'state': {}, 'action_taken': 'disobedient horrified untrained', 'reward': -0.25}

- {'state': {}, 'action_taken': 'deserving beeswax intercom', 'reward': -0.5}

- {'state': {}, 'action_taken': 'special heyday perceptible', 'reward': -0.75}

- {'state': {}, 'action_taken': 'disobedient horrified untrained', 'reward': -0.25}

- {'state': {}, 'action_taken': 'deserving beeswax intercom', 'reward': -0.5}

- {'state': {}, 'action_taken': 'special heyday perceptible', 'reward': -0.75}


---

Please select an action from the list of action options in order to maximize the reward for your task.
When selecting an action, put the exact name of the action between action tags like: <action> action_name </action>.

Your thinking budget is 150 tokens. If you exceed this limit, you will be forced to provide an immediate answer.
Your overall generation limit is 200 tokens.
2026-01-18 21:05:11,761 - src.driver - INFO - GENERATED CONTENT: <action>  disobedient horrified untrained </action> 
 PARSED ACTION: disobedient horrified untrained
2026-01-18 21:05:11,761 - src.driver - INFO - You will be assigned a task. 
You will receive the actions you have available, followed by the action history. 
Your goal is to maximize the total reward across all 10 steps. We are on step 7. 

Task Assignment:
---
You are a farmer who owns 3 fields. Each action corresponds to planting your crop in a different field. Each field is associated with a Gaussian distribution with a fixed but unknown mean. At each time step, you will select a field and receive a reward drawn from the associated distribution. Your goal is to maximize your reward across all of your turns.
---

Available Actions:
---

- Field Name: disobedient horrified untrained 

- Field Name: deserving beeswax intercom 

- Field Name: special heyday perceptible 

---
When selecting an action, include only the name of the action. Do not include the dashes used to indicate the list here.

History:
---


- {'state': {}, 'action_taken': 'disobedient horrified untrained', 'reward': -0.25}

- {'state': {}, 'action_taken': 'deserving beeswax intercom', 'reward': -0.5}

- {'state': {}, 'action_taken': 'special heyday perceptible', 'reward': -0.75}

- {'state': {}, 'action_taken': 'disobedient horrified untrained', 'reward': -0.25}

- {'state': {}, 'action_taken': 'deserving beeswax intercom', 'reward': -0.5}

- {'state': {}, 'action_taken': 'special heyday perceptible', 'reward': -0.75}

- {'state': {}, 'action_taken': 'disobedient horrified untrained', 'reward': -0.25}


---

Please select an action from the list of action options in order to maximize the reward for your task.
When selecting an action, put the exact name of the action between action tags like: <action> action_name </action>.

Your thinking budget is 150 tokens. If you exceed this limit, you will be forced to provide an immediate answer.
Your overall generation limit is 200 tokens.
2026-01-18 21:05:28,229 - src.driver - INFO - GENERATED CONTENT: <action>  deserving beeswax intercom </action> 
 PARSED ACTION: deserving beeswax intercom
2026-01-18 21:05:28,230 - src.driver - INFO - You will be assigned a task. 
You will receive the actions you have available, followed by the action history. 
Your goal is to maximize the total reward across all 10 steps. We are on step 8. 

Task Assignment:
---
You are a farmer who owns 3 fields. Each action corresponds to planting your crop in a different field. Each field is associated with a Gaussian distribution with a fixed but unknown mean. At each time step, you will select a field and receive a reward drawn from the associated distribution. Your goal is to maximize your reward across all of your turns.
---

Available Actions:
---

- Field Name: disobedient horrified untrained 

- Field Name: deserving beeswax intercom 

- Field Name: special heyday perceptible 

---
When selecting an action, include only the name of the action. Do not include the dashes used to indicate the list here.

History:
---


- {'state': {}, 'action_taken': 'disobedient horrified untrained', 'reward': -0.25}

- {'state': {}, 'action_taken': 'deserving beeswax intercom', 'reward': -0.5}

- {'state': {}, 'action_taken': 'special heyday perceptible', 'reward': -0.75}

- {'state': {}, 'action_taken': 'disobedient horrified untrained', 'reward': -0.25}

- {'state': {}, 'action_taken': 'deserving beeswax intercom', 'reward': -0.5}

- {'state': {}, 'action_taken': 'special heyday perceptible', 'reward': -0.75}

- {'state': {}, 'action_taken': 'disobedient horrified untrained', 'reward': -0.25}

- {'state': {}, 'action_taken': 'deserving beeswax intercom', 'reward': -0.5}


---

Please select an action from the list of action options in order to maximize the reward for your task.
When selecting an action, put the exact name of the action between action tags like: <action> action_name </action>.

Your thinking budget is 150 tokens. If you exceed this limit, you will be forced to provide an immediate answer.
Your overall generation limit is 200 tokens.
2026-01-18 21:05:44,697 - src.driver - INFO - GENERATED CONTENT: <action>  special heyday perceptible </action> 
 PARSED ACTION: special heyday perceptible
2026-01-18 21:05:44,698 - src.driver - INFO - You will be assigned a task. 
You will receive the actions you have available, followed by the action history. 
Your goal is to maximize the total reward across all 10 steps. We are on step 9. 

Task Assignment:
---
You are a farmer who owns 3 fields. Each action corresponds to planting your crop in a different field. Each field is associated with a Gaussian distribution with a fixed but unknown mean. At each time step, you will select a field and receive a reward drawn from the associated distribution. Your goal is to maximize your reward across all of your turns.
---

Available Actions:
---

- Field Name: disobedient horrified untrained 

- Field Name: deserving beeswax intercom 

- Field Name: special heyday perceptible 

---
When selecting an action, include only the name of the action. Do not include the dashes used to indicate the list here.

History:
---


- {'state': {}, 'action_taken': 'disobedient horrified untrained', 'reward': -0.25}

- {'state': {}, 'action_taken': 'deserving beeswax intercom', 'reward': -0.5}

- {'state': {}, 'action_taken': 'special heyday perceptible', 'reward': -0.75}

- {'state': {}, 'action_taken': 'disobedient horrified untrained', 'reward': -0.25}

- {'state': {}, 'action_taken': 'deserving beeswax intercom', 'reward': -0.5}

- {'state': {}, 'action_taken': 'special heyday perceptible', 'reward': -0.75}

- {'state': {}, 'action_taken': 'disobedient horrified untrained', 'reward': -0.25}

- {'state': {}, 'action_taken': 'deserving beeswax intercom', 'reward': -0.5}

- {'state': {}, 'action_taken': 'special heyday perceptible', 'reward': -0.75}


---

Please select an action from the list of action options in order to maximize the reward for your task.
When selecting an action, put the exact name of the action between action tags like: <action> action_name </action>.

Your thinking budget is 150 tokens. If you exceed this limit, you will be forced to provide an immediate answer.
Your overall generation limit is 200 tokens.
2026-01-18 21:06:01,502 - src.driver - INFO - GENERATED CONTENT: <action>  disobedient horrified untrained </action> 
 PARSED ACTION: disobedient horrified untrained
