2026-01-24 18:31:20,997 - src.driver - INFO - You will be assigned a task. 
You will receive the actions you have available, followed by the action history. 
Your goal is to maximize the total reward across all 10 steps. We are on step 0. 

Task Assignment:
---
You are a farmer who owns 3 fields. Each action corresponds to planting your crop in a different field. Each field is associated with a Gaussian distribution with a fixed but unknown mean. At each time step, you will select a field and receive a reward drawn from the associated distribution. Your goal is to maximize your reward across all of your turns.
---

Available Actions:
---

- Field Name: 8rwvet - This action has been selected 0 time(s) for an observed mean of Unknown

- Field Name: 0xk6bg - This action has been selected 0 time(s) for an observed mean of Unknown

- Field Name: 88pdak - This action has been selected 0 time(s) for an observed mean of Unknown

---
When selecting an action, include only the name of the action. Do not include the dashes used to indicate the list here.

Please select an action from the list of action options in order to maximize the reward for your task.
When selecting an action, put the exact name of the action between action tags like: <action> action_name </action>.

Your thinking budget is 150 tokens. If you exceed this limit, you will be forced to provide an immediate answer.
Your overall generation limit is 200 tokens.
2026-01-24 18:31:36,055 - src.driver - INFO - GENERATED CONTENT: <action>  8rwvet </action> 
 PARSED ACTION: 8rwvet
2026-01-24 18:31:36,056 - src.driver - INFO - You will be assigned a task. 
You will receive the actions you have available, followed by the action history. 
Your goal is to maximize the total reward across all 10 steps. We are on step 1. 

Task Assignment:
---
You are a farmer who owns 3 fields. Each action corresponds to planting your crop in a different field. Each field is associated with a Gaussian distribution with a fixed but unknown mean. At each time step, you will select a field and receive a reward drawn from the associated distribution. Your goal is to maximize your reward across all of your turns.
---

Available Actions:
---

- Field Name: 8rwvet - This action has been selected 1 time(s) for an observed mean of 24.780328011053815

- Field Name: 0xk6bg - This action has been selected 0 time(s) for an observed mean of Unknown

- Field Name: 88pdak - This action has been selected 0 time(s) for an observed mean of Unknown

---
When selecting an action, include only the name of the action. Do not include the dashes used to indicate the list here.

Please select an action from the list of action options in order to maximize the reward for your task.
When selecting an action, put the exact name of the action between action tags like: <action> action_name </action>.

Your thinking budget is 150 tokens. If you exceed this limit, you will be forced to provide an immediate answer.
Your overall generation limit is 200 tokens.
2026-01-24 18:31:51,175 - src.driver - INFO - GENERATED CONTENT: <action> 8rwvet</action> 
 PARSED ACTION: 8rwvet
2026-01-24 18:31:51,176 - src.driver - INFO - You will be assigned a task. 
You will receive the actions you have available, followed by the action history. 
Your goal is to maximize the total reward across all 10 steps. We are on step 2. 

Task Assignment:
---
You are a farmer who owns 3 fields. Each action corresponds to planting your crop in a different field. Each field is associated with a Gaussian distribution with a fixed but unknown mean. At each time step, you will select a field and receive a reward drawn from the associated distribution. Your goal is to maximize your reward across all of your turns.
---

Available Actions:
---

- Field Name: 8rwvet - This action has been selected 2 time(s) for an observed mean of 26.74452686363404

- Field Name: 0xk6bg - This action has been selected 0 time(s) for an observed mean of Unknown

- Field Name: 88pdak - This action has been selected 0 time(s) for an observed mean of Unknown

---
When selecting an action, include only the name of the action. Do not include the dashes used to indicate the list here.

Please select an action from the list of action options in order to maximize the reward for your task.
When selecting an action, put the exact name of the action between action tags like: <action> action_name </action>.

Your thinking budget is 150 tokens. If you exceed this limit, you will be forced to provide an immediate answer.
Your overall generation limit is 200 tokens.
2026-01-24 18:32:06,504 - src.driver - INFO - GENERATED CONTENT: <action>  0xk6bg </action> 
 PARSED ACTION: 0xk6bg
2026-01-24 18:32:06,505 - src.driver - INFO - You will be assigned a task. 
You will receive the actions you have available, followed by the action history. 
Your goal is to maximize the total reward across all 10 steps. We are on step 3. 

Task Assignment:
---
You are a farmer who owns 3 fields. Each action corresponds to planting your crop in a different field. Each field is associated with a Gaussian distribution with a fixed but unknown mean. At each time step, you will select a field and receive a reward drawn from the associated distribution. Your goal is to maximize your reward across all of your turns.
---

Available Actions:
---

- Field Name: 8rwvet - This action has been selected 2 time(s) for an observed mean of 26.74452686363404

- Field Name: 0xk6bg - This action has been selected 1 time(s) for an observed mean of 47.81030619233909

- Field Name: 88pdak - This action has been selected 0 time(s) for an observed mean of Unknown

---
When selecting an action, include only the name of the action. Do not include the dashes used to indicate the list here.

Please select an action from the list of action options in order to maximize the reward for your task.
When selecting an action, put the exact name of the action between action tags like: <action> action_name </action>.

Your thinking budget is 150 tokens. If you exceed this limit, you will be forced to provide an immediate answer.
Your overall generation limit is 200 tokens.
2026-01-24 18:32:21,902 - src.driver - INFO - GENERATED CONTENT: <action>  0xk6bg </action> 
 PARSED ACTION: 0xk6bg
2026-01-24 18:32:21,903 - src.driver - INFO - You will be assigned a task. 
You will receive the actions you have available, followed by the action history. 
Your goal is to maximize the total reward across all 10 steps. We are on step 4. 

Task Assignment:
---
You are a farmer who owns 3 fields. Each action corresponds to planting your crop in a different field. Each field is associated with a Gaussian distribution with a fixed but unknown mean. At each time step, you will select a field and receive a reward drawn from the associated distribution. Your goal is to maximize your reward across all of your turns.
---

Available Actions:
---

- Field Name: 8rwvet - This action has been selected 2 time(s) for an observed mean of 26.74452686363404

- Field Name: 0xk6bg - This action has been selected 2 time(s) for an observed mean of 51.99054364810461

- Field Name: 88pdak - This action has been selected 0 time(s) for an observed mean of Unknown

---
When selecting an action, include only the name of the action. Do not include the dashes used to indicate the list here.

Please select an action from the list of action options in order to maximize the reward for your task.
When selecting an action, put the exact name of the action between action tags like: <action> action_name </action>.

Your thinking budget is 150 tokens. If you exceed this limit, you will be forced to provide an immediate answer.
Your overall generation limit is 200 tokens.
2026-01-24 18:32:37,392 - src.driver - INFO - GENERATED CONTENT: <action>  0xk6bg </action> 
 PARSED ACTION: 0xk6bg
2026-01-24 18:32:37,392 - src.driver - INFO - You will be assigned a task. 
You will receive the actions you have available, followed by the action history. 
Your goal is to maximize the total reward across all 10 steps. We are on step 5. 

Task Assignment:
---
You are a farmer who owns 3 fields. Each action corresponds to planting your crop in a different field. Each field is associated with a Gaussian distribution with a fixed but unknown mean. At each time step, you will select a field and receive a reward drawn from the associated distribution. Your goal is to maximize your reward across all of your turns.
---

Available Actions:
---

- Field Name: 8rwvet - This action has been selected 2 time(s) for an observed mean of 26.74452686363404

- Field Name: 0xk6bg - This action has been selected 3 time(s) for an observed mean of 54.11158728452907

- Field Name: 88pdak - This action has been selected 0 time(s) for an observed mean of Unknown

---
When selecting an action, include only the name of the action. Do not include the dashes used to indicate the list here.

Please select an action from the list of action options in order to maximize the reward for your task.
When selecting an action, put the exact name of the action between action tags like: <action> action_name </action>.

Your thinking budget is 150 tokens. If you exceed this limit, you will be forced to provide an immediate answer.
Your overall generation limit is 200 tokens.
2026-01-24 18:32:52,877 - src.driver - INFO - GENERATED CONTENT: <action>  0xk6bg </action> 
 PARSED ACTION: 0xk6bg
2026-01-24 18:32:52,877 - src.driver - INFO - You will be assigned a task. 
You will receive the actions you have available, followed by the action history. 
Your goal is to maximize the total reward across all 10 steps. We are on step 6. 

Task Assignment:
---
You are a farmer who owns 3 fields. Each action corresponds to planting your crop in a different field. Each field is associated with a Gaussian distribution with a fixed but unknown mean. At each time step, you will select a field and receive a reward drawn from the associated distribution. Your goal is to maximize your reward across all of your turns.
---

Available Actions:
---

- Field Name: 8rwvet - This action has been selected 2 time(s) for an observed mean of 26.74452686363404

- Field Name: 0xk6bg - This action has been selected 4 time(s) for an observed mean of 54.934060689305944

- Field Name: 88pdak - This action has been selected 0 time(s) for an observed mean of Unknown

---
When selecting an action, include only the name of the action. Do not include the dashes used to indicate the list here.

Please select an action from the list of action options in order to maximize the reward for your task.
When selecting an action, put the exact name of the action between action tags like: <action> action_name </action>.

Your thinking budget is 150 tokens. If you exceed this limit, you will be forced to provide an immediate answer.
Your overall generation limit is 200 tokens.
2026-01-24 18:33:08,353 - src.driver - INFO - GENERATED CONTENT: <action>  0xk6bg </action> 
 PARSED ACTION: 0xk6bg
2026-01-24 18:33:08,353 - src.driver - INFO - You will be assigned a task. 
You will receive the actions you have available, followed by the action history. 
Your goal is to maximize the total reward across all 10 steps. We are on step 7. 

Task Assignment:
---
You are a farmer who owns 3 fields. Each action corresponds to planting your crop in a different field. Each field is associated with a Gaussian distribution with a fixed but unknown mean. At each time step, you will select a field and receive a reward drawn from the associated distribution. Your goal is to maximize your reward across all of your turns.
---

Available Actions:
---

- Field Name: 8rwvet - This action has been selected 2 time(s) for an observed mean of 26.74452686363404

- Field Name: 0xk6bg - This action has been selected 5 time(s) for an observed mean of 55.264167933625004

- Field Name: 88pdak - This action has been selected 0 time(s) for an observed mean of Unknown

---
When selecting an action, include only the name of the action. Do not include the dashes used to indicate the list here.

Please select an action from the list of action options in order to maximize the reward for your task.
When selecting an action, put the exact name of the action between action tags like: <action> action_name </action>.

Your thinking budget is 150 tokens. If you exceed this limit, you will be forced to provide an immediate answer.
Your overall generation limit is 200 tokens.
2026-01-24 18:33:23,728 - src.driver - INFO - GENERATED CONTENT: <action>  0xk6bg </action> 
 PARSED ACTION: 0xk6bg
2026-01-24 18:33:23,728 - src.driver - INFO - You will be assigned a task. 
You will receive the actions you have available, followed by the action history. 
Your goal is to maximize the total reward across all 10 steps. We are on step 8. 

Task Assignment:
---
You are a farmer who owns 3 fields. Each action corresponds to planting your crop in a different field. Each field is associated with a Gaussian distribution with a fixed but unknown mean. At each time step, you will select a field and receive a reward drawn from the associated distribution. Your goal is to maximize your reward across all of your turns.
---

Available Actions:
---

- Field Name: 8rwvet - This action has been selected 2 time(s) for an observed mean of 26.74452686363404

- Field Name: 0xk6bg - This action has been selected 6 time(s) for an observed mean of 55.3117436395403

- Field Name: 88pdak - This action has been selected 0 time(s) for an observed mean of Unknown

---
When selecting an action, include only the name of the action. Do not include the dashes used to indicate the list here.

Please select an action from the list of action options in order to maximize the reward for your task.
When selecting an action, put the exact name of the action between action tags like: <action> action_name </action>.

Your thinking budget is 150 tokens. If you exceed this limit, you will be forced to provide an immediate answer.
Your overall generation limit is 200 tokens.
2026-01-24 18:33:39,188 - src.driver - INFO - GENERATED CONTENT: <action>  0xk6bg </action> 
 PARSED ACTION: 0xk6bg
2026-01-24 18:33:39,189 - src.driver - INFO - You will be assigned a task. 
You will receive the actions you have available, followed by the action history. 
Your goal is to maximize the total reward across all 10 steps. We are on step 9. 

Task Assignment:
---
You are a farmer who owns 3 fields. Each action corresponds to planting your crop in a different field. Each field is associated with a Gaussian distribution with a fixed but unknown mean. At each time step, you will select a field and receive a reward drawn from the associated distribution. Your goal is to maximize your reward across all of your turns.
---

Available Actions:
---

- Field Name: 8rwvet - This action has been selected 2 time(s) for an observed mean of 26.74452686363404

- Field Name: 0xk6bg - This action has been selected 7 time(s) for an observed mean of 55.421193436008416

- Field Name: 88pdak - This action has been selected 0 time(s) for an observed mean of Unknown

---
When selecting an action, include only the name of the action. Do not include the dashes used to indicate the list here.

Please select an action from the list of action options in order to maximize the reward for your task.
When selecting an action, put the exact name of the action between action tags like: <action> action_name </action>.

Your thinking budget is 150 tokens. If you exceed this limit, you will be forced to provide an immediate answer.
Your overall generation limit is 200 tokens.
2026-01-24 18:33:54,599 - src.driver - INFO - GENERATED CONTENT: <action>  0xk6bg </action> 
 PARSED ACTION: 0xk6bg
2026-01-24 18:33:54,614 - src.driver - INFO - You will be assigned a task. 
You will receive the actions you have available, followed by the action history. 
Your goal is to maximize the total reward across all 10 steps. We are on step 0. 

Task Assignment:
---
You are a farmer who owns 3 fields. Each action corresponds to planting your crop in a different field. Each field is associated with a Gaussian distribution with a fixed but unknown mean. At each time step, you will select a field and receive a reward drawn from the associated distribution. Your goal is to maximize your reward across all of your turns.
---

Available Actions:
---

- Field Name: 018q60 - This action has been selected 0 time(s) for an observed mean of Unknown

- Field Name: t1ibre - This action has been selected 0 time(s) for an observed mean of Unknown

- Field Name: 8rwvet - This action has been selected 0 time(s) for an observed mean of Unknown

---
When selecting an action, include only the name of the action. Do not include the dashes used to indicate the list here.

Please select an action from the list of action options in order to maximize the reward for your task.
When selecting an action, put the exact name of the action between action tags like: <action> action_name </action>.

Your thinking budget is 150 tokens. If you exceed this limit, you will be forced to provide an immediate answer.
Your overall generation limit is 200 tokens.
2026-01-24 18:34:09,883 - src.driver - INFO - GENERATED CONTENT: <action>  018q60 </action> 
 PARSED ACTION: 018q60
2026-01-24 18:34:09,884 - src.driver - INFO - You will be assigned a task. 
You will receive the actions you have available, followed by the action history. 
Your goal is to maximize the total reward across all 10 steps. We are on step 1. 

Task Assignment:
---
You are a farmer who owns 3 fields. Each action corresponds to planting your crop in a different field. Each field is associated with a Gaussian distribution with a fixed but unknown mean. At each time step, you will select a field and receive a reward drawn from the associated distribution. Your goal is to maximize your reward across all of your turns.
---

Available Actions:
---

- Field Name: 018q60 - This action has been selected 1 time(s) for an observed mean of 74.00426863584445

- Field Name: t1ibre - This action has been selected 0 time(s) for an observed mean of Unknown

- Field Name: 8rwvet - This action has been selected 0 time(s) for an observed mean of Unknown

---
When selecting an action, include only the name of the action. Do not include the dashes used to indicate the list here.

Please select an action from the list of action options in order to maximize the reward for your task.
When selecting an action, put the exact name of the action between action tags like: <action> action_name </action>.

Your thinking budget is 150 tokens. If you exceed this limit, you will be forced to provide an immediate answer.
Your overall generation limit is 200 tokens.
2026-01-24 18:34:25,473 - src.driver - INFO - GENERATED CONTENT: <action>  018q60 </action> 
 PARSED ACTION: 018q60
2026-01-24 18:34:25,474 - src.driver - INFO - You will be assigned a task. 
You will receive the actions you have available, followed by the action history. 
Your goal is to maximize the total reward across all 10 steps. We are on step 2. 

Task Assignment:
---
You are a farmer who owns 3 fields. Each action corresponds to planting your crop in a different field. Each field is associated with a Gaussian distribution with a fixed but unknown mean. At each time step, you will select a field and receive a reward drawn from the associated distribution. Your goal is to maximize your reward across all of your turns.
---

Available Actions:
---

- Field Name: 018q60 - This action has been selected 2 time(s) for an observed mean of 78.20401776206675

- Field Name: t1ibre - This action has been selected 0 time(s) for an observed mean of Unknown

- Field Name: 8rwvet - This action has been selected 0 time(s) for an observed mean of Unknown

---
When selecting an action, include only the name of the action. Do not include the dashes used to indicate the list here.

Please select an action from the list of action options in order to maximize the reward for your task.
When selecting an action, put the exact name of the action between action tags like: <action> action_name </action>.

Your thinking budget is 150 tokens. If you exceed this limit, you will be forced to provide an immediate answer.
Your overall generation limit is 200 tokens.
2026-01-24 18:34:40,691 - src.driver - INFO - GENERATED CONTENT: <action>  t1ibre </action> 
 PARSED ACTION: t1ibre
2026-01-24 18:34:40,692 - src.driver - INFO - You will be assigned a task. 
You will receive the actions you have available, followed by the action history. 
Your goal is to maximize the total reward across all 10 steps. We are on step 3. 

Task Assignment:
---
You are a farmer who owns 3 fields. Each action corresponds to planting your crop in a different field. Each field is associated with a Gaussian distribution with a fixed but unknown mean. At each time step, you will select a field and receive a reward drawn from the associated distribution. Your goal is to maximize your reward across all of your turns.
---

Available Actions:
---

- Field Name: 018q60 - This action has been selected 2 time(s) for an observed mean of 78.20401776206675

- Field Name: t1ibre - This action has been selected 1 time(s) for an observed mean of 42.65987780465426

- Field Name: 8rwvet - This action has been selected 0 time(s) for an observed mean of Unknown

---
When selecting an action, include only the name of the action. Do not include the dashes used to indicate the list here.

Please select an action from the list of action options in order to maximize the reward for your task.
When selecting an action, put the exact name of the action between action tags like: <action> action_name </action>.

Your thinking budget is 150 tokens. If you exceed this limit, you will be forced to provide an immediate answer.
Your overall generation limit is 200 tokens.
2026-01-24 18:34:56,130 - src.driver - INFO - GENERATED CONTENT: <action>  018q60 </action> 
 PARSED ACTION: 018q60
2026-01-24 18:34:56,131 - src.driver - INFO - You will be assigned a task. 
You will receive the actions you have available, followed by the action history. 
Your goal is to maximize the total reward across all 10 steps. We are on step 4. 

Task Assignment:
---
You are a farmer who owns 3 fields. Each action corresponds to planting your crop in a different field. Each field is associated with a Gaussian distribution with a fixed but unknown mean. At each time step, you will select a field and receive a reward drawn from the associated distribution. Your goal is to maximize your reward across all of your turns.
---

Available Actions:
---

- Field Name: 018q60 - This action has been selected 3 time(s) for an observed mean of 73.98191644568419

- Field Name: t1ibre - This action has been selected 1 time(s) for an observed mean of 42.65987780465426

- Field Name: 8rwvet - This action has been selected 0 time(s) for an observed mean of Unknown

---
When selecting an action, include only the name of the action. Do not include the dashes used to indicate the list here.

Please select an action from the list of action options in order to maximize the reward for your task.
When selecting an action, put the exact name of the action between action tags like: <action> action_name </action>.

Your thinking budget is 150 tokens. If you exceed this limit, you will be forced to provide an immediate answer.
Your overall generation limit is 200 tokens.
2026-01-24 18:35:11,422 - src.driver - INFO - GENERATED CONTENT: <action>  8rwvet </action> 
 PARSED ACTION: 8rwvet
2026-01-24 18:35:11,423 - src.driver - INFO - You will be assigned a task. 
You will receive the actions you have available, followed by the action history. 
Your goal is to maximize the total reward across all 10 steps. We are on step 5. 

Task Assignment:
---
You are a farmer who owns 3 fields. Each action corresponds to planting your crop in a different field. Each field is associated with a Gaussian distribution with a fixed but unknown mean. At each time step, you will select a field and receive a reward drawn from the associated distribution. Your goal is to maximize your reward across all of your turns.
---

Available Actions:
---

- Field Name: 018q60 - This action has been selected 3 time(s) for an observed mean of 73.98191644568419

- Field Name: t1ibre - This action has been selected 1 time(s) for an observed mean of 42.65987780465426

- Field Name: 8rwvet - This action has been selected 1 time(s) for an observed mean of 31.563819995286458

---
When selecting an action, include only the name of the action. Do not include the dashes used to indicate the list here.

Please select an action from the list of action options in order to maximize the reward for your task.
When selecting an action, put the exact name of the action between action tags like: <action> action_name </action>.

Your thinking budget is 150 tokens. If you exceed this limit, you will be forced to provide an immediate answer.
Your overall generation limit is 200 tokens.
2026-01-24 18:35:26,909 - src.driver - INFO - GENERATED CONTENT: <action>  018q60 </action> 
 PARSED ACTION: 018q60
2026-01-24 18:35:26,910 - src.driver - INFO - You will be assigned a task. 
You will receive the actions you have available, followed by the action history. 
Your goal is to maximize the total reward across all 10 steps. We are on step 6. 

Task Assignment:
---
You are a farmer who owns 3 fields. Each action corresponds to planting your crop in a different field. Each field is associated with a Gaussian distribution with a fixed but unknown mean. At each time step, you will select a field and receive a reward drawn from the associated distribution. Your goal is to maximize your reward across all of your turns.
---

Available Actions:
---

- Field Name: 018q60 - This action has been selected 4 time(s) for an observed mean of 73.21530649105415

- Field Name: t1ibre - This action has been selected 1 time(s) for an observed mean of 42.65987780465426

- Field Name: 8rwvet - This action has been selected 1 time(s) for an observed mean of 31.563819995286458

---
When selecting an action, include only the name of the action. Do not include the dashes used to indicate the list here.

Please select an action from the list of action options in order to maximize the reward for your task.
When selecting an action, put the exact name of the action between action tags like: <action> action_name </action>.

Your thinking budget is 150 tokens. If you exceed this limit, you will be forced to provide an immediate answer.
Your overall generation limit is 200 tokens.
2026-01-24 18:35:42,517 - src.driver - INFO - GENERATED CONTENT: <action>  018q60 </action> 
 PARSED ACTION: 018q60
2026-01-24 18:35:42,518 - src.driver - INFO - You will be assigned a task. 
You will receive the actions you have available, followed by the action history. 
Your goal is to maximize the total reward across all 10 steps. We are on step 7. 

Task Assignment:
---
You are a farmer who owns 3 fields. Each action corresponds to planting your crop in a different field. Each field is associated with a Gaussian distribution with a fixed but unknown mean. At each time step, you will select a field and receive a reward drawn from the associated distribution. Your goal is to maximize your reward across all of your turns.
---

Available Actions:
---

- Field Name: 018q60 - This action has been selected 5 time(s) for an observed mean of 71.99565886501901

- Field Name: t1ibre - This action has been selected 1 time(s) for an observed mean of 42.65987780465426

- Field Name: 8rwvet - This action has been selected 1 time(s) for an observed mean of 31.563819995286458

---
When selecting an action, include only the name of the action. Do not include the dashes used to indicate the list here.

Please select an action from the list of action options in order to maximize the reward for your task.
When selecting an action, put the exact name of the action between action tags like: <action> action_name </action>.

Your thinking budget is 150 tokens. If you exceed this limit, you will be forced to provide an immediate answer.
Your overall generation limit is 200 tokens.
2026-01-24 18:35:58,123 - src.driver - INFO - GENERATED CONTENT: <action>  018q60 </action> 
 PARSED ACTION: 018q60
2026-01-24 18:35:58,123 - src.driver - INFO - You will be assigned a task. 
You will receive the actions you have available, followed by the action history. 
Your goal is to maximize the total reward across all 10 steps. We are on step 8. 

Task Assignment:
---
You are a farmer who owns 3 fields. Each action corresponds to planting your crop in a different field. Each field is associated with a Gaussian distribution with a fixed but unknown mean. At each time step, you will select a field and receive a reward drawn from the associated distribution. Your goal is to maximize your reward across all of your turns.
---

Available Actions:
---

- Field Name: 018q60 - This action has been selected 6 time(s) for an observed mean of 69.43416902337877

- Field Name: t1ibre - This action has been selected 1 time(s) for an observed mean of 42.65987780465426

- Field Name: 8rwvet - This action has been selected 1 time(s) for an observed mean of 31.563819995286458

---
When selecting an action, include only the name of the action. Do not include the dashes used to indicate the list here.

Please select an action from the list of action options in order to maximize the reward for your task.
When selecting an action, put the exact name of the action between action tags like: <action> action_name </action>.

Your thinking budget is 150 tokens. If you exceed this limit, you will be forced to provide an immediate answer.
Your overall generation limit is 200 tokens.
2026-01-24 18:36:13,665 - src.driver - INFO - GENERATED CONTENT: <action> 018q60</action> 
 PARSED ACTION: 018q60
2026-01-24 18:36:13,666 - src.driver - INFO - You will be assigned a task. 
You will receive the actions you have available, followed by the action history. 
Your goal is to maximize the total reward across all 10 steps. We are on step 9. 

Task Assignment:
---
You are a farmer who owns 3 fields. Each action corresponds to planting your crop in a different field. Each field is associated with a Gaussian distribution with a fixed but unknown mean. At each time step, you will select a field and receive a reward drawn from the associated distribution. Your goal is to maximize your reward across all of your turns.
---

Available Actions:
---

- Field Name: 018q60 - This action has been selected 7 time(s) for an observed mean of 70.37968536230974

- Field Name: t1ibre - This action has been selected 1 time(s) for an observed mean of 42.65987780465426

- Field Name: 8rwvet - This action has been selected 1 time(s) for an observed mean of 31.563819995286458

---
When selecting an action, include only the name of the action. Do not include the dashes used to indicate the list here.

Please select an action from the list of action options in order to maximize the reward for your task.
When selecting an action, put the exact name of the action between action tags like: <action> action_name </action>.

Your thinking budget is 150 tokens. If you exceed this limit, you will be forced to provide an immediate answer.
Your overall generation limit is 200 tokens.
2026-01-24 18:36:29,270 - src.driver - INFO - GENERATED CONTENT: <action>  018q60 </action> 
 PARSED ACTION: 018q60
