2025-12-09 22:57:32,347 - src.driver - INFO - You will be assigned a task. 
You will receive the actions you have available, followed by the action history. 
Your goal is to maximize the total reward across all 8 steps. We are on step 0. 

Task Assignment:
---
You are faced with a 3-armed bandit problem.  Each action corresponds to pulling a specific arm. Each arm is associated with a Gaussian distribution with a fixed but unknown mean. At each time step, you will select a field and receive a reward drawn from the associated distribution. Your goal is to select which arm to pull in order to maximize your reward across all of your turns.
---

Available Actions:
---

- Unlucky Impoverished Arm

- Neutral Arm

- Lucky Wealthy Arm

---
When selecting an action, include only the name of the action. Do not include the dashes used to indicate the list here.

History:
---

This is the first turn. There is no history.

---

Please select an action from the list of action options in order to maximize the reward for your task.
When selecting an action, put the exact name of the action between action tags like: <action> action_name </action>.

Your thinking budget is 150 tokens. If you exceed this limit, you will be forced to provide an immediate answer.
Your overall generation limit is 200 tokens.
2025-12-09 22:57:44,506 - src.driver - INFO - GENERATED CONTENT: <action>  Lucky Wealthy Arm </action> 
 PARSED ACTION: Lucky Wealthy Arm
2025-12-09 22:57:44,506 - src.driver - INFO - You will be assigned a task. 
You will receive the actions you have available, followed by the action history. 
Your goal is to maximize the total reward across all 8 steps. We are on step 1. 

Task Assignment:
---
You are faced with a 3-armed bandit problem.  Each action corresponds to pulling a specific arm. Each arm is associated with a Gaussian distribution with a fixed but unknown mean. At each time step, you will select a field and receive a reward drawn from the associated distribution. Your goal is to select which arm to pull in order to maximize your reward across all of your turns.
---

Available Actions:
---

- Unlucky Impoverished Arm

- Neutral Arm

- Lucky Wealthy Arm

---
When selecting an action, include only the name of the action. Do not include the dashes used to indicate the list here.

History:
---


- {'state': {}, 'action_taken': 'Lucky Wealthy Arm', 'reward': 50.0}


---

Please select an action from the list of action options in order to maximize the reward for your task.
When selecting an action, put the exact name of the action between action tags like: <action> action_name </action>.

Your thinking budget is 150 tokens. If you exceed this limit, you will be forced to provide an immediate answer.
Your overall generation limit is 200 tokens.
2025-12-09 22:57:56,679 - src.driver - INFO - GENERATED CONTENT: <action>  Lucky Wealthy Arm </action> 
 PARSED ACTION: Lucky Wealthy Arm
2025-12-09 22:57:56,680 - src.driver - INFO - You will be assigned a task. 
You will receive the actions you have available, followed by the action history. 
Your goal is to maximize the total reward across all 8 steps. We are on step 2. 

Task Assignment:
---
You are faced with a 3-armed bandit problem.  Each action corresponds to pulling a specific arm. Each arm is associated with a Gaussian distribution with a fixed but unknown mean. At each time step, you will select a field and receive a reward drawn from the associated distribution. Your goal is to select which arm to pull in order to maximize your reward across all of your turns.
---

Available Actions:
---

- Unlucky Impoverished Arm

- Neutral Arm

- Lucky Wealthy Arm

---
When selecting an action, include only the name of the action. Do not include the dashes used to indicate the list here.

History:
---


- {'state': {}, 'action_taken': 'Lucky Wealthy Arm', 'reward': 50.0}

- {'state': {}, 'action_taken': 'Lucky Wealthy Arm', 'reward': 50.0}


---

Please select an action from the list of action options in order to maximize the reward for your task.
When selecting an action, put the exact name of the action between action tags like: <action> action_name </action>.

Your thinking budget is 150 tokens. If you exceed this limit, you will be forced to provide an immediate answer.
Your overall generation limit is 200 tokens.
2025-12-09 22:58:08,970 - src.driver - INFO - GENERATED CONTENT: <action>  Lucky Wealthy Arm </action> 
 PARSED ACTION: Lucky Wealthy Arm
2025-12-09 22:58:08,970 - src.driver - INFO - You will be assigned a task. 
You will receive the actions you have available, followed by the action history. 
Your goal is to maximize the total reward across all 8 steps. We are on step 3. 

Task Assignment:
---
You are faced with a 3-armed bandit problem.  Each action corresponds to pulling a specific arm. Each arm is associated with a Gaussian distribution with a fixed but unknown mean. At each time step, you will select a field and receive a reward drawn from the associated distribution. Your goal is to select which arm to pull in order to maximize your reward across all of your turns.
---

Available Actions:
---

- Unlucky Impoverished Arm

- Neutral Arm

- Lucky Wealthy Arm

---
When selecting an action, include only the name of the action. Do not include the dashes used to indicate the list here.

History:
---


- {'state': {}, 'action_taken': 'Lucky Wealthy Arm', 'reward': 50.0}

- {'state': {}, 'action_taken': 'Lucky Wealthy Arm', 'reward': 50.0}

- {'state': {}, 'action_taken': 'Lucky Wealthy Arm', 'reward': 50.0}


---

Please select an action from the list of action options in order to maximize the reward for your task.
When selecting an action, put the exact name of the action between action tags like: <action> action_name </action>.

Your thinking budget is 150 tokens. If you exceed this limit, you will be forced to provide an immediate answer.
Your overall generation limit is 200 tokens.
2025-12-09 22:58:21,345 - src.driver - INFO - GENERATED CONTENT: <action>  Lucky Wealthy Arm </action> 
 PARSED ACTION: Lucky Wealthy Arm
2025-12-09 22:58:21,345 - src.driver - INFO - You will be assigned a task. 
You will receive the actions you have available, followed by the action history. 
Your goal is to maximize the total reward across all 8 steps. We are on step 4. 

Task Assignment:
---
You are faced with a 3-armed bandit problem.  Each action corresponds to pulling a specific arm. Each arm is associated with a Gaussian distribution with a fixed but unknown mean. At each time step, you will select a field and receive a reward drawn from the associated distribution. Your goal is to select which arm to pull in order to maximize your reward across all of your turns.
---

Available Actions:
---

- Unlucky Impoverished Arm

- Neutral Arm

- Lucky Wealthy Arm

---
When selecting an action, include only the name of the action. Do not include the dashes used to indicate the list here.

History:
---


- {'state': {}, 'action_taken': 'Lucky Wealthy Arm', 'reward': 50.0}

- {'state': {}, 'action_taken': 'Lucky Wealthy Arm', 'reward': 50.0}

- {'state': {}, 'action_taken': 'Lucky Wealthy Arm', 'reward': 50.0}

- {'state': {}, 'action_taken': 'Lucky Wealthy Arm', 'reward': 50.0}


---

Please select an action from the list of action options in order to maximize the reward for your task.
When selecting an action, put the exact name of the action between action tags like: <action> action_name </action>.

Your thinking budget is 150 tokens. If you exceed this limit, you will be forced to provide an immediate answer.
Your overall generation limit is 200 tokens.
2025-12-09 22:58:33,683 - src.driver - INFO - GENERATED CONTENT: <action>  Lucky Wealthy Arm </action> 
 PARSED ACTION: Lucky Wealthy Arm
2025-12-09 22:58:33,684 - src.driver - INFO - You will be assigned a task. 
You will receive the actions you have available, followed by the action history. 
Your goal is to maximize the total reward across all 8 steps. We are on step 5. 

Task Assignment:
---
You are faced with a 3-armed bandit problem.  Each action corresponds to pulling a specific arm. Each arm is associated with a Gaussian distribution with a fixed but unknown mean. At each time step, you will select a field and receive a reward drawn from the associated distribution. Your goal is to select which arm to pull in order to maximize your reward across all of your turns.
---

Available Actions:
---

- Unlucky Impoverished Arm

- Neutral Arm

- Lucky Wealthy Arm

---
When selecting an action, include only the name of the action. Do not include the dashes used to indicate the list here.

History:
---


- {'state': {}, 'action_taken': 'Lucky Wealthy Arm', 'reward': 50.0}

- {'state': {}, 'action_taken': 'Lucky Wealthy Arm', 'reward': 50.0}

- {'state': {}, 'action_taken': 'Lucky Wealthy Arm', 'reward': 50.0}

- {'state': {}, 'action_taken': 'Lucky Wealthy Arm', 'reward': 50.0}

- {'state': {}, 'action_taken': 'Lucky Wealthy Arm', 'reward': 50.0}


---

Please select an action from the list of action options in order to maximize the reward for your task.
When selecting an action, put the exact name of the action between action tags like: <action> action_name </action>.

Your thinking budget is 150 tokens. If you exceed this limit, you will be forced to provide an immediate answer.
Your overall generation limit is 200 tokens.
2025-12-09 22:58:46,301 - src.driver - INFO - GENERATED CONTENT: <action>  Lucky Wealthy Arm </action> 
 PARSED ACTION: Lucky Wealthy Arm
2025-12-09 22:58:46,302 - src.driver - INFO - You will be assigned a task. 
You will receive the actions you have available, followed by the action history. 
Your goal is to maximize the total reward across all 8 steps. We are on step 6. 

Task Assignment:
---
You are faced with a 3-armed bandit problem.  Each action corresponds to pulling a specific arm. Each arm is associated with a Gaussian distribution with a fixed but unknown mean. At each time step, you will select a field and receive a reward drawn from the associated distribution. Your goal is to select which arm to pull in order to maximize your reward across all of your turns.
---

Available Actions:
---

- Unlucky Impoverished Arm

- Neutral Arm

- Lucky Wealthy Arm

---
When selecting an action, include only the name of the action. Do not include the dashes used to indicate the list here.

History:
---


- {'state': {}, 'action_taken': 'Lucky Wealthy Arm', 'reward': 50.0}

- {'state': {}, 'action_taken': 'Lucky Wealthy Arm', 'reward': 50.0}

- {'state': {}, 'action_taken': 'Lucky Wealthy Arm', 'reward': 50.0}

- {'state': {}, 'action_taken': 'Lucky Wealthy Arm', 'reward': 50.0}

- {'state': {}, 'action_taken': 'Lucky Wealthy Arm', 'reward': 50.0}

- {'state': {}, 'action_taken': 'Lucky Wealthy Arm', 'reward': 50.0}


---

Please select an action from the list of action options in order to maximize the reward for your task.
When selecting an action, put the exact name of the action between action tags like: <action> action_name </action>.

Your thinking budget is 150 tokens. If you exceed this limit, you will be forced to provide an immediate answer.
Your overall generation limit is 200 tokens.
2025-12-09 22:58:58,900 - src.driver - INFO - GENERATED CONTENT: <action>  Lucky Wealthy Arm </action> 
 PARSED ACTION: Lucky Wealthy Arm
2025-12-09 22:58:58,901 - src.driver - INFO - You will be assigned a task. 
You will receive the actions you have available, followed by the action history. 
Your goal is to maximize the total reward across all 8 steps. We are on step 7. 

Task Assignment:
---
You are faced with a 3-armed bandit problem.  Each action corresponds to pulling a specific arm. Each arm is associated with a Gaussian distribution with a fixed but unknown mean. At each time step, you will select a field and receive a reward drawn from the associated distribution. Your goal is to select which arm to pull in order to maximize your reward across all of your turns.
---

Available Actions:
---

- Unlucky Impoverished Arm

- Neutral Arm

- Lucky Wealthy Arm

---
When selecting an action, include only the name of the action. Do not include the dashes used to indicate the list here.

History:
---


- {'state': {}, 'action_taken': 'Lucky Wealthy Arm', 'reward': 50.0}

- {'state': {}, 'action_taken': 'Lucky Wealthy Arm', 'reward': 50.0}

- {'state': {}, 'action_taken': 'Lucky Wealthy Arm', 'reward': 50.0}

- {'state': {}, 'action_taken': 'Lucky Wealthy Arm', 'reward': 50.0}

- {'state': {}, 'action_taken': 'Lucky Wealthy Arm', 'reward': 50.0}

- {'state': {}, 'action_taken': 'Lucky Wealthy Arm', 'reward': 50.0}

- {'state': {}, 'action_taken': 'Lucky Wealthy Arm', 'reward': 50.0}


---

Please select an action from the list of action options in order to maximize the reward for your task.
When selecting an action, put the exact name of the action between action tags like: <action> action_name </action>.

Your thinking budget is 150 tokens. If you exceed this limit, you will be forced to provide an immediate answer.
Your overall generation limit is 200 tokens.
2025-12-09 22:59:11,653 - src.driver - INFO - GENERATED CONTENT: <action>  Lucky Wealthy Arm </action> 
 PARSED ACTION: Lucky Wealthy Arm
2025-12-09 22:59:14,797 - src.driver - INFO - You will be assigned a task. 
You will receive the actions you have available, followed by the action history. 
Your goal is to maximize the total reward across all 8 steps. We are on step 0. 

Task Assignment:
---
You are faced with a 3-armed bandit problem.  Each action corresponds to pulling a specific arm. Each arm is associated with a Gaussian distribution with a fixed but unknown mean. At each time step, you will select a field and receive a reward drawn from the associated distribution. Your goal is to select which arm to pull in order to maximize your reward across all of your turns.
---

Available Actions:
---

- Lucky Wealthy Arm

- Unlucky Impoverished Arm

- Neutral Arm

---
When selecting an action, include only the name of the action. Do not include the dashes used to indicate the list here.

History:
---

This is the first turn. There is no history.

---

Please select an action from the list of action options in order to maximize the reward for your task.
When selecting an action, put the exact name of the action between action tags like: <action> action_name </action>.

Your thinking budget is 150 tokens. If you exceed this limit, you will be forced to provide an immediate answer.
Your overall generation limit is 200 tokens.
2025-12-09 22:59:26,803 - src.driver - INFO - GENERATED CONTENT: <action>  Neutral Arm </action> 
 PARSED ACTION: Neutral Arm
2025-12-09 22:59:26,804 - src.driver - INFO - You will be assigned a task. 
You will receive the actions you have available, followed by the action history. 
Your goal is to maximize the total reward across all 8 steps. We are on step 1. 

Task Assignment:
---
You are faced with a 3-armed bandit problem.  Each action corresponds to pulling a specific arm. Each arm is associated with a Gaussian distribution with a fixed but unknown mean. At each time step, you will select a field and receive a reward drawn from the associated distribution. Your goal is to select which arm to pull in order to maximize your reward across all of your turns.
---

Available Actions:
---

- Lucky Wealthy Arm

- Unlucky Impoverished Arm

- Neutral Arm

---
When selecting an action, include only the name of the action. Do not include the dashes used to indicate the list here.

History:
---


- {'state': {}, 'action_taken': 'Neutral Arm', 'reward': 100.0}


---

Please select an action from the list of action options in order to maximize the reward for your task.
When selecting an action, put the exact name of the action between action tags like: <action> action_name </action>.

Your thinking budget is 150 tokens. If you exceed this limit, you will be forced to provide an immediate answer.
Your overall generation limit is 200 tokens.
2025-12-09 22:59:38,825 - src.driver - INFO - GENERATED CONTENT: <action>  Neutral Arm </action> 
 PARSED ACTION: Neutral Arm
2025-12-09 22:59:38,825 - src.driver - INFO - You will be assigned a task. 
You will receive the actions you have available, followed by the action history. 
Your goal is to maximize the total reward across all 8 steps. We are on step 2. 

Task Assignment:
---
You are faced with a 3-armed bandit problem.  Each action corresponds to pulling a specific arm. Each arm is associated with a Gaussian distribution with a fixed but unknown mean. At each time step, you will select a field and receive a reward drawn from the associated distribution. Your goal is to select which arm to pull in order to maximize your reward across all of your turns.
---

Available Actions:
---

- Lucky Wealthy Arm

- Unlucky Impoverished Arm

- Neutral Arm

---
When selecting an action, include only the name of the action. Do not include the dashes used to indicate the list here.

History:
---


- {'state': {}, 'action_taken': 'Neutral Arm', 'reward': 100.0}

- {'state': {}, 'action_taken': 'Neutral Arm', 'reward': 100.0}


---

Please select an action from the list of action options in order to maximize the reward for your task.
When selecting an action, put the exact name of the action between action tags like: <action> action_name </action>.

Your thinking budget is 150 tokens. If you exceed this limit, you will be forced to provide an immediate answer.
Your overall generation limit is 200 tokens.
2025-12-09 22:59:50,965 - src.driver - INFO - GENERATED CONTENT: <action>  Neutral Arm </action> 
 PARSED ACTION: Neutral Arm
2025-12-09 22:59:50,965 - src.driver - INFO - You will be assigned a task. 
You will receive the actions you have available, followed by the action history. 
Your goal is to maximize the total reward across all 8 steps. We are on step 3. 

Task Assignment:
---
You are faced with a 3-armed bandit problem.  Each action corresponds to pulling a specific arm. Each arm is associated with a Gaussian distribution with a fixed but unknown mean. At each time step, you will select a field and receive a reward drawn from the associated distribution. Your goal is to select which arm to pull in order to maximize your reward across all of your turns.
---

Available Actions:
---

- Lucky Wealthy Arm

- Unlucky Impoverished Arm

- Neutral Arm

---
When selecting an action, include only the name of the action. Do not include the dashes used to indicate the list here.

History:
---


- {'state': {}, 'action_taken': 'Neutral Arm', 'reward': 100.0}

- {'state': {}, 'action_taken': 'Neutral Arm', 'reward': 100.0}

- {'state': {}, 'action_taken': 'Neutral Arm', 'reward': 100.0}


---

Please select an action from the list of action options in order to maximize the reward for your task.
When selecting an action, put the exact name of the action between action tags like: <action> action_name </action>.

Your thinking budget is 150 tokens. If you exceed this limit, you will be forced to provide an immediate answer.
Your overall generation limit is 200 tokens.
2025-12-09 23:00:03,365 - src.driver - INFO - GENERATED CONTENT: <action>  Lucky Wealthy Arm </action> 
 PARSED ACTION: Lucky Wealthy Arm
2025-12-09 23:00:03,366 - src.driver - INFO - You will be assigned a task. 
You will receive the actions you have available, followed by the action history. 
Your goal is to maximize the total reward across all 8 steps. We are on step 4. 

Task Assignment:
---
You are faced with a 3-armed bandit problem.  Each action corresponds to pulling a specific arm. Each arm is associated with a Gaussian distribution with a fixed but unknown mean. At each time step, you will select a field and receive a reward drawn from the associated distribution. Your goal is to select which arm to pull in order to maximize your reward across all of your turns.
---

Available Actions:
---

- Lucky Wealthy Arm

- Unlucky Impoverished Arm

- Neutral Arm

---
When selecting an action, include only the name of the action. Do not include the dashes used to indicate the list here.

History:
---


- {'state': {}, 'action_taken': 'Neutral Arm', 'reward': 100.0}

- {'state': {}, 'action_taken': 'Neutral Arm', 'reward': 100.0}

- {'state': {}, 'action_taken': 'Neutral Arm', 'reward': 100.0}

- {'state': {}, 'action_taken': 'Lucky Wealthy Arm', 'reward': 50.0}


---

Please select an action from the list of action options in order to maximize the reward for your task.
When selecting an action, put the exact name of the action between action tags like: <action> action_name </action>.

Your thinking budget is 150 tokens. If you exceed this limit, you will be forced to provide an immediate answer.
Your overall generation limit is 200 tokens.
2025-12-09 23:00:15,638 - src.driver - INFO - GENERATED CONTENT: <action>  Neutral Arm </action> 
 PARSED ACTION: Neutral Arm
2025-12-09 23:00:15,639 - src.driver - INFO - You will be assigned a task. 
You will receive the actions you have available, followed by the action history. 
Your goal is to maximize the total reward across all 8 steps. We are on step 5. 

Task Assignment:
---
You are faced with a 3-armed bandit problem.  Each action corresponds to pulling a specific arm. Each arm is associated with a Gaussian distribution with a fixed but unknown mean. At each time step, you will select a field and receive a reward drawn from the associated distribution. Your goal is to select which arm to pull in order to maximize your reward across all of your turns.
---

Available Actions:
---

- Lucky Wealthy Arm

- Unlucky Impoverished Arm

- Neutral Arm

---
When selecting an action, include only the name of the action. Do not include the dashes used to indicate the list here.

History:
---


- {'state': {}, 'action_taken': 'Neutral Arm', 'reward': 100.0}

- {'state': {}, 'action_taken': 'Neutral Arm', 'reward': 100.0}

- {'state': {}, 'action_taken': 'Neutral Arm', 'reward': 100.0}

- {'state': {}, 'action_taken': 'Lucky Wealthy Arm', 'reward': 50.0}

- {'state': {}, 'action_taken': 'Neutral Arm', 'reward': 100.0}


---

Please select an action from the list of action options in order to maximize the reward for your task.
When selecting an action, put the exact name of the action between action tags like: <action> action_name </action>.

Your thinking budget is 150 tokens. If you exceed this limit, you will be forced to provide an immediate answer.
Your overall generation limit is 200 tokens.
2025-12-09 23:00:28,136 - src.driver - INFO - GENERATED CONTENT: <action>  Lucky Wealthy Arm </action> 
 PARSED ACTION: Lucky Wealthy Arm
2025-12-09 23:00:28,136 - src.driver - INFO - You will be assigned a task. 
You will receive the actions you have available, followed by the action history. 
Your goal is to maximize the total reward across all 8 steps. We are on step 6. 

Task Assignment:
---
You are faced with a 3-armed bandit problem.  Each action corresponds to pulling a specific arm. Each arm is associated with a Gaussian distribution with a fixed but unknown mean. At each time step, you will select a field and receive a reward drawn from the associated distribution. Your goal is to select which arm to pull in order to maximize your reward across all of your turns.
---

Available Actions:
---

- Lucky Wealthy Arm

- Unlucky Impoverished Arm

- Neutral Arm

---
When selecting an action, include only the name of the action. Do not include the dashes used to indicate the list here.

History:
---


- {'state': {}, 'action_taken': 'Neutral Arm', 'reward': 100.0}

- {'state': {}, 'action_taken': 'Neutral Arm', 'reward': 100.0}

- {'state': {}, 'action_taken': 'Neutral Arm', 'reward': 100.0}

- {'state': {}, 'action_taken': 'Lucky Wealthy Arm', 'reward': 50.0}

- {'state': {}, 'action_taken': 'Neutral Arm', 'reward': 100.0}

- {'state': {}, 'action_taken': 'Lucky Wealthy Arm', 'reward': 50.0}


---

Please select an action from the list of action options in order to maximize the reward for your task.
When selecting an action, put the exact name of the action between action tags like: <action> action_name </action>.

Your thinking budget is 150 tokens. If you exceed this limit, you will be forced to provide an immediate answer.
Your overall generation limit is 200 tokens.
2025-12-09 23:00:40,696 - src.driver - INFO - GENERATED CONTENT: <action>  Neutral Arm </action> 
 PARSED ACTION: Neutral Arm
2025-12-09 23:00:40,697 - src.driver - INFO - You will be assigned a task. 
You will receive the actions you have available, followed by the action history. 
Your goal is to maximize the total reward across all 8 steps. We are on step 7. 

Task Assignment:
---
You are faced with a 3-armed bandit problem.  Each action corresponds to pulling a specific arm. Each arm is associated with a Gaussian distribution with a fixed but unknown mean. At each time step, you will select a field and receive a reward drawn from the associated distribution. Your goal is to select which arm to pull in order to maximize your reward across all of your turns.
---

Available Actions:
---

- Lucky Wealthy Arm

- Unlucky Impoverished Arm

- Neutral Arm

---
When selecting an action, include only the name of the action. Do not include the dashes used to indicate the list here.

History:
---


- {'state': {}, 'action_taken': 'Neutral Arm', 'reward': 100.0}

- {'state': {}, 'action_taken': 'Neutral Arm', 'reward': 100.0}

- {'state': {}, 'action_taken': 'Neutral Arm', 'reward': 100.0}

- {'state': {}, 'action_taken': 'Lucky Wealthy Arm', 'reward': 50.0}

- {'state': {}, 'action_taken': 'Neutral Arm', 'reward': 100.0}

- {'state': {}, 'action_taken': 'Lucky Wealthy Arm', 'reward': 50.0}

- {'state': {}, 'action_taken': 'Neutral Arm', 'reward': 100.0}


---

Please select an action from the list of action options in order to maximize the reward for your task.
When selecting an action, put the exact name of the action between action tags like: <action> action_name </action>.

Your thinking budget is 150 tokens. If you exceed this limit, you will be forced to provide an immediate answer.
Your overall generation limit is 200 tokens.
2025-12-09 23:00:53,395 - src.driver - INFO - GENERATED CONTENT: <action>  Neutral Arm </action> 
 PARSED ACTION: Neutral Arm
