2025-12-09 22:08:43,860 - src.driver - INFO - You will be assigned a task. 
You will receive the actions you have available, followed by the action history. 
Your goal is to maximize the total reward across all 8 steps. We are on step 0. 

Task Assignment:
---
You are faced with a 3-armed bandit problem.  Each action corresponds to pulling a specific arm. Each arm is associated with a Gaussian distribution with a fixed but unknown mean. At each time step, you will select a field and receive a reward drawn from the associated distribution. Your goal is to select which arm to pull in order to maximize your reward across all of your turns.
---

Available Actions:
---

- Q4FXEYMC6L Arm : This action has been selected 0 time(s) for an observed mean of Unknown

- P1I82PXJC5 Arm : This action has been selected 0 time(s) for an observed mean of Unknown

- 5O1I3YUR78 Arm : This action has been selected 0 time(s) for an observed mean of Unknown

---
When selecting an action, include only the name of the action. Do not include the dashes used to indicate the list here.

Please select an action from the list of action options in order to maximize the reward for your task.
When selecting an action, put the exact name of the action between action tags like: <action> action_name </action>.

Your thinking budget is 150 tokens. If you exceed this limit, you will be forced to provide an immediate answer.
Your overall generation limit is 200 tokens.
2025-12-09 22:09:00,003 - src.driver - INFO - GENERATED CONTENT: <action>  Q4FXEYMC6L </action> 
 PARSED ACTION: Q4FXEYMC6L
2025-12-09 22:09:00,003 - src.driver - INFO - You will be assigned a task. 
You will receive the actions you have available, followed by the action history. 
Your goal is to maximize the total reward across all 8 steps. We are on step 1. 

Task Assignment:
---
You are faced with a 3-armed bandit problem.  Each action corresponds to pulling a specific arm. Each arm is associated with a Gaussian distribution with a fixed but unknown mean. At each time step, you will select a field and receive a reward drawn from the associated distribution. Your goal is to select which arm to pull in order to maximize your reward across all of your turns.
---

Available Actions:
---

- Q4FXEYMC6L Arm : This action has been selected 0 time(s) for an observed mean of Unknown

- P1I82PXJC5 Arm : This action has been selected 0 time(s) for an observed mean of Unknown

- 5O1I3YUR78 Arm : This action has been selected 1 time(s) for an observed mean of 0.5

---
When selecting an action, include only the name of the action. Do not include the dashes used to indicate the list here.

Please select an action from the list of action options in order to maximize the reward for your task.
When selecting an action, put the exact name of the action between action tags like: <action> action_name </action>.

Your thinking budget is 150 tokens. If you exceed this limit, you will be forced to provide an immediate answer.
Your overall generation limit is 200 tokens.
2025-12-09 22:09:16,173 - src.driver - INFO - GENERATED CONTENT: <action> 5O1I3YUR78</action> 
 PARSED ACTION: 5O1I3YUR78
2025-12-09 22:09:16,173 - src.driver - INFO - You will be assigned a task. 
You will receive the actions you have available, followed by the action history. 
Your goal is to maximize the total reward across all 8 steps. We are on step 2. 

Task Assignment:
---
You are faced with a 3-armed bandit problem.  Each action corresponds to pulling a specific arm. Each arm is associated with a Gaussian distribution with a fixed but unknown mean. At each time step, you will select a field and receive a reward drawn from the associated distribution. Your goal is to select which arm to pull in order to maximize your reward across all of your turns.
---

Available Actions:
---

- Q4FXEYMC6L Arm : This action has been selected 0 time(s) for an observed mean of Unknown

- P1I82PXJC5 Arm : This action has been selected 1 time(s) for an observed mean of 1.0

- 5O1I3YUR78 Arm : This action has been selected 1 time(s) for an observed mean of 0.5

---
When selecting an action, include only the name of the action. Do not include the dashes used to indicate the list here.

Please select an action from the list of action options in order to maximize the reward for your task.
When selecting an action, put the exact name of the action between action tags like: <action> action_name </action>.

Your thinking budget is 150 tokens. If you exceed this limit, you will be forced to provide an immediate answer.
Your overall generation limit is 200 tokens.
2025-12-09 22:09:32,367 - src.driver - INFO - GENERATED CONTENT: <action>  P1I82PXJC5 </action> 
 PARSED ACTION: P1I82PXJC5
2025-12-09 22:09:32,367 - src.driver - INFO - You will be assigned a task. 
You will receive the actions you have available, followed by the action history. 
Your goal is to maximize the total reward across all 8 steps. We are on step 3. 

Task Assignment:
---
You are faced with a 3-armed bandit problem.  Each action corresponds to pulling a specific arm. Each arm is associated with a Gaussian distribution with a fixed but unknown mean. At each time step, you will select a field and receive a reward drawn from the associated distribution. Your goal is to select which arm to pull in order to maximize your reward across all of your turns.
---

Available Actions:
---

- Q4FXEYMC6L Arm : This action has been selected 0 time(s) for an observed mean of Unknown

- P1I82PXJC5 Arm : This action has been selected 1 time(s) for an observed mean of 1.0

- 5O1I3YUR78 Arm : This action has been selected 2 time(s) for an observed mean of 0.5

---
When selecting an action, include only the name of the action. Do not include the dashes used to indicate the list here.

Please select an action from the list of action options in order to maximize the reward for your task.
When selecting an action, put the exact name of the action between action tags like: <action> action_name </action>.

Your thinking budget is 150 tokens. If you exceed this limit, you will be forced to provide an immediate answer.
Your overall generation limit is 200 tokens.
2025-12-09 22:09:48,503 - src.driver - INFO - GENERATED CONTENT: <action>  P1I82PXJC5 </action> 
 PARSED ACTION: P1I82PXJC5
2025-12-09 22:09:48,503 - src.driver - INFO - You will be assigned a task. 
You will receive the actions you have available, followed by the action history. 
Your goal is to maximize the total reward across all 8 steps. We are on step 4. 

Task Assignment:
---
You are faced with a 3-armed bandit problem.  Each action corresponds to pulling a specific arm. Each arm is associated with a Gaussian distribution with a fixed but unknown mean. At each time step, you will select a field and receive a reward drawn from the associated distribution. Your goal is to select which arm to pull in order to maximize your reward across all of your turns.
---

Available Actions:
---

- Q4FXEYMC6L Arm : This action has been selected 1 time(s) for an observed mean of 2.0

- P1I82PXJC5 Arm : This action has been selected 1 time(s) for an observed mean of 1.0

- 5O1I3YUR78 Arm : This action has been selected 2 time(s) for an observed mean of 0.5

---
When selecting an action, include only the name of the action. Do not include the dashes used to indicate the list here.

Please select an action from the list of action options in order to maximize the reward for your task.
When selecting an action, put the exact name of the action between action tags like: <action> action_name </action>.

Your thinking budget is 150 tokens. If you exceed this limit, you will be forced to provide an immediate answer.
Your overall generation limit is 200 tokens.
2025-12-09 22:10:04,621 - src.driver - INFO - GENERATED CONTENT: <action>  Q4FXEYMC6L </action> 
 PARSED ACTION: Q4FXEYMC6L
2025-12-09 22:10:04,621 - src.driver - INFO - You will be assigned a task. 
You will receive the actions you have available, followed by the action history. 
Your goal is to maximize the total reward across all 8 steps. We are on step 5. 

Task Assignment:
---
You are faced with a 3-armed bandit problem.  Each action corresponds to pulling a specific arm. Each arm is associated with a Gaussian distribution with a fixed but unknown mean. At each time step, you will select a field and receive a reward drawn from the associated distribution. Your goal is to select which arm to pull in order to maximize your reward across all of your turns.
---

Available Actions:
---

- Q4FXEYMC6L Arm : This action has been selected 1 time(s) for an observed mean of 2.0

- P1I82PXJC5 Arm : This action has been selected 1 time(s) for an observed mean of 1.0

- 5O1I3YUR78 Arm : This action has been selected 3 time(s) for an observed mean of 0.5

---
When selecting an action, include only the name of the action. Do not include the dashes used to indicate the list here.

Please select an action from the list of action options in order to maximize the reward for your task.
When selecting an action, put the exact name of the action between action tags like: <action> action_name </action>.

Your thinking budget is 150 tokens. If you exceed this limit, you will be forced to provide an immediate answer.
Your overall generation limit is 200 tokens.
2025-12-09 22:10:20,717 - src.driver - INFO - GENERATED CONTENT: <action>  Q4FXEYMC6L </action> 
 PARSED ACTION: Q4FXEYMC6L
2025-12-09 22:10:20,718 - src.driver - INFO - You will be assigned a task. 
You will receive the actions you have available, followed by the action history. 
Your goal is to maximize the total reward across all 8 steps. We are on step 6. 

Task Assignment:
---
You are faced with a 3-armed bandit problem.  Each action corresponds to pulling a specific arm. Each arm is associated with a Gaussian distribution with a fixed but unknown mean. At each time step, you will select a field and receive a reward drawn from the associated distribution. Your goal is to select which arm to pull in order to maximize your reward across all of your turns.
---

Available Actions:
---

- Q4FXEYMC6L Arm : This action has been selected 1 time(s) for an observed mean of 2.0

- P1I82PXJC5 Arm : This action has been selected 2 time(s) for an observed mean of 1.0

- 5O1I3YUR78 Arm : This action has been selected 3 time(s) for an observed mean of 0.5

---
When selecting an action, include only the name of the action. Do not include the dashes used to indicate the list here.

Please select an action from the list of action options in order to maximize the reward for your task.
When selecting an action, put the exact name of the action between action tags like: <action> action_name </action>.

Your thinking budget is 150 tokens. If you exceed this limit, you will be forced to provide an immediate answer.
Your overall generation limit is 200 tokens.
2025-12-09 22:10:36,818 - src.driver - INFO - GENERATED CONTENT: <action>  Q4FXEYMC6L </action> 
 PARSED ACTION: Q4FXEYMC6L
2025-12-09 22:10:36,819 - src.driver - INFO - You will be assigned a task. 
You will receive the actions you have available, followed by the action history. 
Your goal is to maximize the total reward across all 8 steps. We are on step 7. 

Task Assignment:
---
You are faced with a 3-armed bandit problem.  Each action corresponds to pulling a specific arm. Each arm is associated with a Gaussian distribution with a fixed but unknown mean. At each time step, you will select a field and receive a reward drawn from the associated distribution. Your goal is to select which arm to pull in order to maximize your reward across all of your turns.
---

Available Actions:
---

- Q4FXEYMC6L Arm : This action has been selected 1 time(s) for an observed mean of 2.0

- P1I82PXJC5 Arm : This action has been selected 2 time(s) for an observed mean of 1.0

- 5O1I3YUR78 Arm : This action has been selected 4 time(s) for an observed mean of 0.5

---
When selecting an action, include only the name of the action. Do not include the dashes used to indicate the list here.

Please select an action from the list of action options in order to maximize the reward for your task.
When selecting an action, put the exact name of the action between action tags like: <action> action_name </action>.

Your thinking budget is 150 tokens. If you exceed this limit, you will be forced to provide an immediate answer.
Your overall generation limit is 200 tokens.
2025-12-09 22:10:52,907 - src.driver - INFO - GENERATED CONTENT: <action>  Q4FXEYMC6L </action> 
 PARSED ACTION: Q4FXEYMC6L
2025-12-09 22:10:57,733 - src.driver - INFO - You will be assigned a task. 
You will receive the actions you have available, followed by the action history. 
Your goal is to maximize the total reward across all 8 steps. We are on step 0. 

Task Assignment:
---
You are faced with a 3-armed bandit problem.  Each action corresponds to pulling a specific arm. Each arm is associated with a Gaussian distribution with a fixed but unknown mean. At each time step, you will select a field and receive a reward drawn from the associated distribution. Your goal is to select which arm to pull in order to maximize your reward across all of your turns.
---

Available Actions:
---

- 5O1I3YUR78 Arm : This action has been selected 0 time(s) for an observed mean of Unknown

- Q4FXEYMC6L Arm : This action has been selected 0 time(s) for an observed mean of Unknown

- P1I82PXJC5 Arm : This action has been selected 0 time(s) for an observed mean of Unknown

---
When selecting an action, include only the name of the action. Do not include the dashes used to indicate the list here.

Please select an action from the list of action options in order to maximize the reward for your task.
When selecting an action, put the exact name of the action between action tags like: <action> action_name </action>.

Your thinking budget is 150 tokens. If you exceed this limit, you will be forced to provide an immediate answer.
Your overall generation limit is 200 tokens.
2025-12-09 22:11:13,957 - src.driver - INFO - GENERATED CONTENT: <action>  5O1I3YUR78 </action> 
 PARSED ACTION: 5O1I3YUR78
2025-12-09 22:11:13,957 - src.driver - INFO - You will be assigned a task. 
You will receive the actions you have available, followed by the action history. 
Your goal is to maximize the total reward across all 8 steps. We are on step 1. 

Task Assignment:
---
You are faced with a 3-armed bandit problem.  Each action corresponds to pulling a specific arm. Each arm is associated with a Gaussian distribution with a fixed but unknown mean. At each time step, you will select a field and receive a reward drawn from the associated distribution. Your goal is to select which arm to pull in order to maximize your reward across all of your turns.
---

Available Actions:
---

- 5O1I3YUR78 Arm : This action has been selected 1 time(s) for an observed mean of 0.5

- Q4FXEYMC6L Arm : This action has been selected 0 time(s) for an observed mean of Unknown

- P1I82PXJC5 Arm : This action has been selected 0 time(s) for an observed mean of Unknown

---
When selecting an action, include only the name of the action. Do not include the dashes used to indicate the list here.

Please select an action from the list of action options in order to maximize the reward for your task.
When selecting an action, put the exact name of the action between action tags like: <action> action_name </action>.

Your thinking budget is 150 tokens. If you exceed this limit, you will be forced to provide an immediate answer.
Your overall generation limit is 200 tokens.
2025-12-09 22:11:30,090 - src.driver - INFO - GENERATED CONTENT: <action>  Q4FXEYMC6L </action> 
 PARSED ACTION: Q4FXEYMC6L
2025-12-09 22:11:30,091 - src.driver - INFO - You will be assigned a task. 
You will receive the actions you have available, followed by the action history. 
Your goal is to maximize the total reward across all 8 steps. We are on step 2. 

Task Assignment:
---
You are faced with a 3-armed bandit problem.  Each action corresponds to pulling a specific arm. Each arm is associated with a Gaussian distribution with a fixed but unknown mean. At each time step, you will select a field and receive a reward drawn from the associated distribution. Your goal is to select which arm to pull in order to maximize your reward across all of your turns.
---

Available Actions:
---

- 5O1I3YUR78 Arm : This action has been selected 1 time(s) for an observed mean of 0.5

- Q4FXEYMC6L Arm : This action has been selected 1 time(s) for an observed mean of 2.0

- P1I82PXJC5 Arm : This action has been selected 0 time(s) for an observed mean of Unknown

---
When selecting an action, include only the name of the action. Do not include the dashes used to indicate the list here.

Please select an action from the list of action options in order to maximize the reward for your task.
When selecting an action, put the exact name of the action between action tags like: <action> action_name </action>.

Your thinking budget is 150 tokens. If you exceed this limit, you will be forced to provide an immediate answer.
Your overall generation limit is 200 tokens.
2025-12-09 22:11:46,185 - src.driver - INFO - GENERATED CONTENT: <action>  P1I82PXJC5 </action> 
 PARSED ACTION: P1I82PXJC5
2025-12-09 22:11:46,186 - src.driver - INFO - You will be assigned a task. 
You will receive the actions you have available, followed by the action history. 
Your goal is to maximize the total reward across all 8 steps. We are on step 3. 

Task Assignment:
---
You are faced with a 3-armed bandit problem.  Each action corresponds to pulling a specific arm. Each arm is associated with a Gaussian distribution with a fixed but unknown mean. At each time step, you will select a field and receive a reward drawn from the associated distribution. Your goal is to select which arm to pull in order to maximize your reward across all of your turns.
---

Available Actions:
---

- 5O1I3YUR78 Arm : This action has been selected 1 time(s) for an observed mean of 0.5

- Q4FXEYMC6L Arm : This action has been selected 1 time(s) for an observed mean of 2.0

- P1I82PXJC5 Arm : This action has been selected 1 time(s) for an observed mean of 1.0

---
When selecting an action, include only the name of the action. Do not include the dashes used to indicate the list here.

Please select an action from the list of action options in order to maximize the reward for your task.
When selecting an action, put the exact name of the action between action tags like: <action> action_name </action>.

Your thinking budget is 150 tokens. If you exceed this limit, you will be forced to provide an immediate answer.
Your overall generation limit is 200 tokens.
2025-12-09 22:12:02,318 - src.driver - INFO - GENERATED CONTENT: <action>  Q4FXEYMC6L </action> 
 PARSED ACTION: Q4FXEYMC6L
2025-12-09 22:12:02,318 - src.driver - INFO - You will be assigned a task. 
You will receive the actions you have available, followed by the action history. 
Your goal is to maximize the total reward across all 8 steps. We are on step 4. 

Task Assignment:
---
You are faced with a 3-armed bandit problem.  Each action corresponds to pulling a specific arm. Each arm is associated with a Gaussian distribution with a fixed but unknown mean. At each time step, you will select a field and receive a reward drawn from the associated distribution. Your goal is to select which arm to pull in order to maximize your reward across all of your turns.
---

Available Actions:
---

- 5O1I3YUR78 Arm : This action has been selected 1 time(s) for an observed mean of 0.5

- Q4FXEYMC6L Arm : This action has been selected 2 time(s) for an observed mean of 2.0

- P1I82PXJC5 Arm : This action has been selected 1 time(s) for an observed mean of 1.0

---
When selecting an action, include only the name of the action. Do not include the dashes used to indicate the list here.

Please select an action from the list of action options in order to maximize the reward for your task.
When selecting an action, put the exact name of the action between action tags like: <action> action_name </action>.

Your thinking budget is 150 tokens. If you exceed this limit, you will be forced to provide an immediate answer.
Your overall generation limit is 200 tokens.
2025-12-09 22:12:18,398 - src.driver - INFO - GENERATED CONTENT: <action>  Q4FXEYMC6L </action> 
 PARSED ACTION: Q4FXEYMC6L
2025-12-09 22:12:18,399 - src.driver - INFO - You will be assigned a task. 
You will receive the actions you have available, followed by the action history. 
Your goal is to maximize the total reward across all 8 steps. We are on step 5. 

Task Assignment:
---
You are faced with a 3-armed bandit problem.  Each action corresponds to pulling a specific arm. Each arm is associated with a Gaussian distribution with a fixed but unknown mean. At each time step, you will select a field and receive a reward drawn from the associated distribution. Your goal is to select which arm to pull in order to maximize your reward across all of your turns.
---

Available Actions:
---

- 5O1I3YUR78 Arm : This action has been selected 1 time(s) for an observed mean of 0.5

- Q4FXEYMC6L Arm : This action has been selected 3 time(s) for an observed mean of 2.0

- P1I82PXJC5 Arm : This action has been selected 1 time(s) for an observed mean of 1.0

---
When selecting an action, include only the name of the action. Do not include the dashes used to indicate the list here.

Please select an action from the list of action options in order to maximize the reward for your task.
When selecting an action, put the exact name of the action between action tags like: <action> action_name </action>.

Your thinking budget is 150 tokens. If you exceed this limit, you will be forced to provide an immediate answer.
Your overall generation limit is 200 tokens.
2025-12-09 22:12:34,556 - src.driver - INFO - GENERATED CONTENT: <action>  Q4FXEYMC6L </action> 
 PARSED ACTION: Q4FXEYMC6L
2025-12-09 22:12:34,556 - src.driver - INFO - You will be assigned a task. 
You will receive the actions you have available, followed by the action history. 
Your goal is to maximize the total reward across all 8 steps. We are on step 6. 

Task Assignment:
---
You are faced with a 3-armed bandit problem.  Each action corresponds to pulling a specific arm. Each arm is associated with a Gaussian distribution with a fixed but unknown mean. At each time step, you will select a field and receive a reward drawn from the associated distribution. Your goal is to select which arm to pull in order to maximize your reward across all of your turns.
---

Available Actions:
---

- 5O1I3YUR78 Arm : This action has been selected 1 time(s) for an observed mean of 0.5

- Q4FXEYMC6L Arm : This action has been selected 3 time(s) for an observed mean of 2.0

- P1I82PXJC5 Arm : This action has been selected 2 time(s) for an observed mean of 1.0

---
When selecting an action, include only the name of the action. Do not include the dashes used to indicate the list here.

Please select an action from the list of action options in order to maximize the reward for your task.
When selecting an action, put the exact name of the action between action tags like: <action> action_name </action>.

Your thinking budget is 150 tokens. If you exceed this limit, you will be forced to provide an immediate answer.
Your overall generation limit is 200 tokens.
2025-12-09 22:12:50,641 - src.driver - INFO - GENERATED CONTENT: <action>  Q4FXEYMC6L </action> 
 PARSED ACTION: Q4FXEYMC6L
2025-12-09 22:12:50,642 - src.driver - INFO - You will be assigned a task. 
You will receive the actions you have available, followed by the action history. 
Your goal is to maximize the total reward across all 8 steps. We are on step 7. 

Task Assignment:
---
You are faced with a 3-armed bandit problem.  Each action corresponds to pulling a specific arm. Each arm is associated with a Gaussian distribution with a fixed but unknown mean. At each time step, you will select a field and receive a reward drawn from the associated distribution. Your goal is to select which arm to pull in order to maximize your reward across all of your turns.
---

Available Actions:
---

- 5O1I3YUR78 Arm : This action has been selected 1 time(s) for an observed mean of 0.5

- Q4FXEYMC6L Arm : This action has been selected 3 time(s) for an observed mean of 2.0

- P1I82PXJC5 Arm : This action has been selected 3 time(s) for an observed mean of 1.0

---
When selecting an action, include only the name of the action. Do not include the dashes used to indicate the list here.

Please select an action from the list of action options in order to maximize the reward for your task.
When selecting an action, put the exact name of the action between action tags like: <action> action_name </action>.

Your thinking budget is 150 tokens. If you exceed this limit, you will be forced to provide an immediate answer.
Your overall generation limit is 200 tokens.
2025-12-09 22:13:06,804 - src.driver - INFO - GENERATED CONTENT: <action>  Q4FXEYMC6L </action> 
 PARSED ACTION: Q4FXEYMC6L
