2026-01-18 18:42:04,582 - src.driver - INFO - You will be assigned a task. 
You will receive the actions you have available, followed by the action history. 
Your goal is to maximize the total reward across all 10 steps. We are on step 0. 

Task Assignment:
---
You are a farmer who owns 3 fields. Each action corresponds to planting your crop in a different field. Each field is associated with a Gaussian distribution with a fixed but unknown mean. At each time step, you will select a field and receive a reward drawn from the associated distribution. Your goal is to maximize your reward across all of your turns.
---

Available Actions:
---

- Field Name: f6ecm6 

- Field Name: 43h3es 

- Field Name: 0xk6bg 

---
When selecting an action, include only the name of the action. Do not include the dashes used to indicate the list here.

History:
---

This is the first turn. There is no history.

---

Please select an action from the list of action options in order to maximize the reward for your task.
When selecting an action, put the exact name of the action between action tags like: <action> action_name </action>.

Your thinking budget is 150 tokens. If you exceed this limit, you will be forced to provide an immediate answer.
Your overall generation limit is 200 tokens.
2026-01-18 18:42:16,659 - src.driver - INFO - GENERATED CONTENT: <action>  f6ecm6 </action> 
 PARSED ACTION: f6ecm6
2026-01-18 18:42:16,660 - src.driver - INFO - You will be assigned a task. 
You will receive the actions you have available, followed by the action history. 
Your goal is to maximize the total reward across all 10 steps. We are on step 1. 

Task Assignment:
---
You are a farmer who owns 3 fields. Each action corresponds to planting your crop in a different field. Each field is associated with a Gaussian distribution with a fixed but unknown mean. At each time step, you will select a field and receive a reward drawn from the associated distribution. Your goal is to maximize your reward across all of your turns.
---

Available Actions:
---

- Field Name: f6ecm6 

- Field Name: 43h3es 

- Field Name: 0xk6bg 

---
When selecting an action, include only the name of the action. Do not include the dashes used to indicate the list here.

History:
---


- {'state': {}, 'action_taken': 'f6ecm6', 'reward': 75.0}


---

Please select an action from the list of action options in order to maximize the reward for your task.
When selecting an action, put the exact name of the action between action tags like: <action> action_name </action>.

Your thinking budget is 150 tokens. If you exceed this limit, you will be forced to provide an immediate answer.
Your overall generation limit is 200 tokens.
2026-01-18 18:42:28,769 - src.driver - INFO - GENERATED CONTENT: <action> 43h3es</action> 
 PARSED ACTION: 43h3es
2026-01-18 18:42:28,770 - src.driver - INFO - You will be assigned a task. 
You will receive the actions you have available, followed by the action history. 
Your goal is to maximize the total reward across all 10 steps. We are on step 2. 

Task Assignment:
---
You are a farmer who owns 3 fields. Each action corresponds to planting your crop in a different field. Each field is associated with a Gaussian distribution with a fixed but unknown mean. At each time step, you will select a field and receive a reward drawn from the associated distribution. Your goal is to maximize your reward across all of your turns.
---

Available Actions:
---

- Field Name: f6ecm6 

- Field Name: 43h3es 

- Field Name: 0xk6bg 

---
When selecting an action, include only the name of the action. Do not include the dashes used to indicate the list here.

History:
---


- {'state': {}, 'action_taken': 'f6ecm6', 'reward': 75.0}

- {'state': {}, 'action_taken': '43h3es', 'reward': 25.0}


---

Please select an action from the list of action options in order to maximize the reward for your task.
When selecting an action, put the exact name of the action between action tags like: <action> action_name </action>.

Your thinking budget is 150 tokens. If you exceed this limit, you will be forced to provide an immediate answer.
Your overall generation limit is 200 tokens.
2026-01-18 18:42:40,940 - src.driver - INFO - GENERATED CONTENT: <action> 0xk6bg</action> 
 PARSED ACTION: 0xk6bg
2026-01-18 18:42:40,941 - src.driver - INFO - You will be assigned a task. 
You will receive the actions you have available, followed by the action history. 
Your goal is to maximize the total reward across all 10 steps. We are on step 3. 

Task Assignment:
---
You are a farmer who owns 3 fields. Each action corresponds to planting your crop in a different field. Each field is associated with a Gaussian distribution with a fixed but unknown mean. At each time step, you will select a field and receive a reward drawn from the associated distribution. Your goal is to maximize your reward across all of your turns.
---

Available Actions:
---

- Field Name: f6ecm6 

- Field Name: 43h3es 

- Field Name: 0xk6bg 

---
When selecting an action, include only the name of the action. Do not include the dashes used to indicate the list here.

History:
---


- {'state': {}, 'action_taken': 'f6ecm6', 'reward': 75.0}

- {'state': {}, 'action_taken': '43h3es', 'reward': 25.0}

- {'state': {}, 'action_taken': '0xk6bg', 'reward': 50.0}


---

Please select an action from the list of action options in order to maximize the reward for your task.
When selecting an action, put the exact name of the action between action tags like: <action> action_name </action>.

Your thinking budget is 150 tokens. If you exceed this limit, you will be forced to provide an immediate answer.
Your overall generation limit is 200 tokens.
2026-01-18 18:42:53,138 - src.driver - INFO - GENERATED CONTENT: <action>  f6ecm6 </action> 
 PARSED ACTION: f6ecm6
2026-01-18 18:42:53,139 - src.driver - INFO - You will be assigned a task. 
You will receive the actions you have available, followed by the action history. 
Your goal is to maximize the total reward across all 10 steps. We are on step 4. 

Task Assignment:
---
You are a farmer who owns 3 fields. Each action corresponds to planting your crop in a different field. Each field is associated with a Gaussian distribution with a fixed but unknown mean. At each time step, you will select a field and receive a reward drawn from the associated distribution. Your goal is to maximize your reward across all of your turns.
---

Available Actions:
---

- Field Name: f6ecm6 

- Field Name: 43h3es 

- Field Name: 0xk6bg 

---
When selecting an action, include only the name of the action. Do not include the dashes used to indicate the list here.

History:
---


- {'state': {}, 'action_taken': 'f6ecm6', 'reward': 75.0}

- {'state': {}, 'action_taken': '43h3es', 'reward': 25.0}

- {'state': {}, 'action_taken': '0xk6bg', 'reward': 50.0}

- {'state': {}, 'action_taken': 'f6ecm6', 'reward': 75.0}


---

Please select an action from the list of action options in order to maximize the reward for your task.
When selecting an action, put the exact name of the action between action tags like: <action> action_name </action>.

Your thinking budget is 150 tokens. If you exceed this limit, you will be forced to provide an immediate answer.
Your overall generation limit is 200 tokens.
2026-01-18 18:43:05,450 - src.driver - INFO - GENERATED CONTENT: <action> 43h3es</action> 
 PARSED ACTION: 43h3es
2026-01-18 18:43:05,451 - src.driver - INFO - You will be assigned a task. 
You will receive the actions you have available, followed by the action history. 
Your goal is to maximize the total reward across all 10 steps. We are on step 5. 

Task Assignment:
---
You are a farmer who owns 3 fields. Each action corresponds to planting your crop in a different field. Each field is associated with a Gaussian distribution with a fixed but unknown mean. At each time step, you will select a field and receive a reward drawn from the associated distribution. Your goal is to maximize your reward across all of your turns.
---

Available Actions:
---

- Field Name: f6ecm6 

- Field Name: 43h3es 

- Field Name: 0xk6bg 

---
When selecting an action, include only the name of the action. Do not include the dashes used to indicate the list here.

History:
---


- {'state': {}, 'action_taken': 'f6ecm6', 'reward': 75.0}

- {'state': {}, 'action_taken': '43h3es', 'reward': 25.0}

- {'state': {}, 'action_taken': '0xk6bg', 'reward': 50.0}

- {'state': {}, 'action_taken': 'f6ecm6', 'reward': 75.0}

- {'state': {}, 'action_taken': '43h3es', 'reward': 25.0}


---

Please select an action from the list of action options in order to maximize the reward for your task.
When selecting an action, put the exact name of the action between action tags like: <action> action_name </action>.

Your thinking budget is 150 tokens. If you exceed this limit, you will be forced to provide an immediate answer.
Your overall generation limit is 200 tokens.
2026-01-18 18:43:18,484 - src.driver - INFO - GENERATED CONTENT: <action>  f6ecm6 </action> 
 PARSED ACTION: f6ecm6
2026-01-18 18:43:18,485 - src.driver - INFO - You will be assigned a task. 
You will receive the actions you have available, followed by the action history. 
Your goal is to maximize the total reward across all 10 steps. We are on step 6. 

Task Assignment:
---
You are a farmer who owns 3 fields. Each action corresponds to planting your crop in a different field. Each field is associated with a Gaussian distribution with a fixed but unknown mean. At each time step, you will select a field and receive a reward drawn from the associated distribution. Your goal is to maximize your reward across all of your turns.
---

Available Actions:
---

- Field Name: f6ecm6 

- Field Name: 43h3es 

- Field Name: 0xk6bg 

---
When selecting an action, include only the name of the action. Do not include the dashes used to indicate the list here.

History:
---


- {'state': {}, 'action_taken': 'f6ecm6', 'reward': 75.0}

- {'state': {}, 'action_taken': '43h3es', 'reward': 25.0}

- {'state': {}, 'action_taken': '0xk6bg', 'reward': 50.0}

- {'state': {}, 'action_taken': 'f6ecm6', 'reward': 75.0}

- {'state': {}, 'action_taken': '43h3es', 'reward': 25.0}

- {'state': {}, 'action_taken': 'f6ecm6', 'reward': 75.0}


---

Please select an action from the list of action options in order to maximize the reward for your task.
When selecting an action, put the exact name of the action between action tags like: <action> action_name </action>.

Your thinking budget is 150 tokens. If you exceed this limit, you will be forced to provide an immediate answer.
Your overall generation limit is 200 tokens.
2026-01-18 18:43:30,957 - src.driver - INFO - GENERATED CONTENT: <action>  f6ecm6 </action> 
 PARSED ACTION: f6ecm6
2026-01-18 18:43:30,957 - src.driver - INFO - You will be assigned a task. 
You will receive the actions you have available, followed by the action history. 
Your goal is to maximize the total reward across all 10 steps. We are on step 7. 

Task Assignment:
---
You are a farmer who owns 3 fields. Each action corresponds to planting your crop in a different field. Each field is associated with a Gaussian distribution with a fixed but unknown mean. At each time step, you will select a field and receive a reward drawn from the associated distribution. Your goal is to maximize your reward across all of your turns.
---

Available Actions:
---

- Field Name: f6ecm6 

- Field Name: 43h3es 

- Field Name: 0xk6bg 

---
When selecting an action, include only the name of the action. Do not include the dashes used to indicate the list here.

History:
---


- {'state': {}, 'action_taken': 'f6ecm6', 'reward': 75.0}

- {'state': {}, 'action_taken': '43h3es', 'reward': 25.0}

- {'state': {}, 'action_taken': '0xk6bg', 'reward': 50.0}

- {'state': {}, 'action_taken': 'f6ecm6', 'reward': 75.0}

- {'state': {}, 'action_taken': '43h3es', 'reward': 25.0}

- {'state': {}, 'action_taken': 'f6ecm6', 'reward': 75.0}

- {'state': {}, 'action_taken': 'f6ecm6', 'reward': 75.0}


---

Please select an action from the list of action options in order to maximize the reward for your task.
When selecting an action, put the exact name of the action between action tags like: <action> action_name </action>.

Your thinking budget is 150 tokens. If you exceed this limit, you will be forced to provide an immediate answer.
Your overall generation limit is 200 tokens.
2026-01-18 18:43:43,533 - src.driver - INFO - GENERATED CONTENT: <action> 43h3es</action> 
 PARSED ACTION: 43h3es
2026-01-18 18:43:43,533 - src.driver - INFO - You will be assigned a task. 
You will receive the actions you have available, followed by the action history. 
Your goal is to maximize the total reward across all 10 steps. We are on step 8. 

Task Assignment:
---
You are a farmer who owns 3 fields. Each action corresponds to planting your crop in a different field. Each field is associated with a Gaussian distribution with a fixed but unknown mean. At each time step, you will select a field and receive a reward drawn from the associated distribution. Your goal is to maximize your reward across all of your turns.
---

Available Actions:
---

- Field Name: f6ecm6 

- Field Name: 43h3es 

- Field Name: 0xk6bg 

---
When selecting an action, include only the name of the action. Do not include the dashes used to indicate the list here.

History:
---


- {'state': {}, 'action_taken': 'f6ecm6', 'reward': 75.0}

- {'state': {}, 'action_taken': '43h3es', 'reward': 25.0}

- {'state': {}, 'action_taken': '0xk6bg', 'reward': 50.0}

- {'state': {}, 'action_taken': 'f6ecm6', 'reward': 75.0}

- {'state': {}, 'action_taken': '43h3es', 'reward': 25.0}

- {'state': {}, 'action_taken': 'f6ecm6', 'reward': 75.0}

- {'state': {}, 'action_taken': 'f6ecm6', 'reward': 75.0}

- {'state': {}, 'action_taken': '43h3es', 'reward': 25.0}


---

Please select an action from the list of action options in order to maximize the reward for your task.
When selecting an action, put the exact name of the action between action tags like: <action> action_name </action>.

Your thinking budget is 150 tokens. If you exceed this limit, you will be forced to provide an immediate answer.
Your overall generation limit is 200 tokens.
2026-01-18 18:43:56,192 - src.driver - INFO - GENERATED CONTENT: <action> 0xk6bg</action> 
 PARSED ACTION: 0xk6bg
2026-01-18 18:43:56,192 - src.driver - INFO - You will be assigned a task. 
You will receive the actions you have available, followed by the action history. 
Your goal is to maximize the total reward across all 10 steps. We are on step 9. 

Task Assignment:
---
You are a farmer who owns 3 fields. Each action corresponds to planting your crop in a different field. Each field is associated with a Gaussian distribution with a fixed but unknown mean. At each time step, you will select a field and receive a reward drawn from the associated distribution. Your goal is to maximize your reward across all of your turns.
---

Available Actions:
---

- Field Name: f6ecm6 

- Field Name: 43h3es 

- Field Name: 0xk6bg 

---
When selecting an action, include only the name of the action. Do not include the dashes used to indicate the list here.

History:
---


- {'state': {}, 'action_taken': 'f6ecm6', 'reward': 75.0}

- {'state': {}, 'action_taken': '43h3es', 'reward': 25.0}

- {'state': {}, 'action_taken': '0xk6bg', 'reward': 50.0}

- {'state': {}, 'action_taken': 'f6ecm6', 'reward': 75.0}

- {'state': {}, 'action_taken': '43h3es', 'reward': 25.0}

- {'state': {}, 'action_taken': 'f6ecm6', 'reward': 75.0}

- {'state': {}, 'action_taken': 'f6ecm6', 'reward': 75.0}

- {'state': {}, 'action_taken': '43h3es', 'reward': 25.0}

- {'state': {}, 'action_taken': '0xk6bg', 'reward': 50.0}


---

Please select an action from the list of action options in order to maximize the reward for your task.
When selecting an action, put the exact name of the action between action tags like: <action> action_name </action>.

Your thinking budget is 150 tokens. If you exceed this limit, you will be forced to provide an immediate answer.
Your overall generation limit is 200 tokens.
2026-01-18 18:44:09,034 - src.driver - INFO - GENERATED CONTENT: <action>  f6ecm6 </action> 
 PARSED ACTION: f6ecm6
2026-01-18 18:44:09,049 - src.driver - INFO - You will be assigned a task. 
You will receive the actions you have available, followed by the action history. 
Your goal is to maximize the total reward across all 10 steps. We are on step 0. 

Task Assignment:
---
You are a farmer who owns 3 fields. Each action corresponds to planting your crop in a different field. Each field is associated with a Gaussian distribution with a fixed but unknown mean. At each time step, you will select a field and receive a reward drawn from the associated distribution. Your goal is to maximize your reward across all of your turns.
---

Available Actions:
---

- Field Name: 8rwvet 

- Field Name: 0xk6bg 

- Field Name: 88pdak 

---
When selecting an action, include only the name of the action. Do not include the dashes used to indicate the list here.

History:
---

This is the first turn. There is no history.

---

Please select an action from the list of action options in order to maximize the reward for your task.
When selecting an action, put the exact name of the action between action tags like: <action> action_name </action>.

Your thinking budget is 150 tokens. If you exceed this limit, you will be forced to provide an immediate answer.
Your overall generation limit is 200 tokens.
2026-01-18 18:44:21,283 - src.driver - INFO - GENERATED CONTENT: <action> 88pdak</action> 
 PARSED ACTION: 88pdak
2026-01-18 18:44:21,283 - src.driver - INFO - You will be assigned a task. 
You will receive the actions you have available, followed by the action history. 
Your goal is to maximize the total reward across all 10 steps. We are on step 1. 

Task Assignment:
---
You are a farmer who owns 3 fields. Each action corresponds to planting your crop in a different field. Each field is associated with a Gaussian distribution with a fixed but unknown mean. At each time step, you will select a field and receive a reward drawn from the associated distribution. Your goal is to maximize your reward across all of your turns.
---

Available Actions:
---

- Field Name: 8rwvet 

- Field Name: 0xk6bg 

- Field Name: 88pdak 

---
When selecting an action, include only the name of the action. Do not include the dashes used to indicate the list here.

History:
---


- {'state': {}, 'action_taken': '88pdak', 'reward': 75.0}


---

Please select an action from the list of action options in order to maximize the reward for your task.
When selecting an action, put the exact name of the action between action tags like: <action> action_name </action>.

Your thinking budget is 150 tokens. If you exceed this limit, you will be forced to provide an immediate answer.
Your overall generation limit is 200 tokens.
2026-01-18 18:44:33,408 - src.driver - INFO - GENERATED CONTENT: <action> 0xk6bg</action> 
 PARSED ACTION: 0xk6bg
2026-01-18 18:44:33,408 - src.driver - INFO - You will be assigned a task. 
You will receive the actions you have available, followed by the action history. 
Your goal is to maximize the total reward across all 10 steps. We are on step 2. 

Task Assignment:
---
You are a farmer who owns 3 fields. Each action corresponds to planting your crop in a different field. Each field is associated with a Gaussian distribution with a fixed but unknown mean. At each time step, you will select a field and receive a reward drawn from the associated distribution. Your goal is to maximize your reward across all of your turns.
---

Available Actions:
---

- Field Name: 8rwvet 

- Field Name: 0xk6bg 

- Field Name: 88pdak 

---
When selecting an action, include only the name of the action. Do not include the dashes used to indicate the list here.

History:
---


- {'state': {}, 'action_taken': '88pdak', 'reward': 75.0}

- {'state': {}, 'action_taken': '0xk6bg', 'reward': 50.0}


---

Please select an action from the list of action options in order to maximize the reward for your task.
When selecting an action, put the exact name of the action between action tags like: <action> action_name </action>.

Your thinking budget is 150 tokens. If you exceed this limit, you will be forced to provide an immediate answer.
Your overall generation limit is 200 tokens.
2026-01-18 18:44:45,532 - src.driver - INFO - GENERATED CONTENT: <action> 8rwvet</action> 
 PARSED ACTION: 8rwvet
2026-01-18 18:44:45,533 - src.driver - INFO - You will be assigned a task. 
You will receive the actions you have available, followed by the action history. 
Your goal is to maximize the total reward across all 10 steps. We are on step 3. 

Task Assignment:
---
You are a farmer who owns 3 fields. Each action corresponds to planting your crop in a different field. Each field is associated with a Gaussian distribution with a fixed but unknown mean. At each time step, you will select a field and receive a reward drawn from the associated distribution. Your goal is to maximize your reward across all of your turns.
---

Available Actions:
---

- Field Name: 8rwvet 

- Field Name: 0xk6bg 

- Field Name: 88pdak 

---
When selecting an action, include only the name of the action. Do not include the dashes used to indicate the list here.

History:
---


- {'state': {}, 'action_taken': '88pdak', 'reward': 75.0}

- {'state': {}, 'action_taken': '0xk6bg', 'reward': 50.0}

- {'state': {}, 'action_taken': '8rwvet', 'reward': 25.0}


---

Please select an action from the list of action options in order to maximize the reward for your task.
When selecting an action, put the exact name of the action between action tags like: <action> action_name </action>.

Your thinking budget is 150 tokens. If you exceed this limit, you will be forced to provide an immediate answer.
Your overall generation limit is 200 tokens.
2026-01-18 18:44:57,641 - src.driver - INFO - GENERATED CONTENT: <action> 88pdak</action> 
 PARSED ACTION: 88pdak
2026-01-18 18:44:57,641 - src.driver - INFO - You will be assigned a task. 
You will receive the actions you have available, followed by the action history. 
Your goal is to maximize the total reward across all 10 steps. We are on step 4. 

Task Assignment:
---
You are a farmer who owns 3 fields. Each action corresponds to planting your crop in a different field. Each field is associated with a Gaussian distribution with a fixed but unknown mean. At each time step, you will select a field and receive a reward drawn from the associated distribution. Your goal is to maximize your reward across all of your turns.
---

Available Actions:
---

- Field Name: 8rwvet 

- Field Name: 0xk6bg 

- Field Name: 88pdak 

---
When selecting an action, include only the name of the action. Do not include the dashes used to indicate the list here.

History:
---


- {'state': {}, 'action_taken': '88pdak', 'reward': 75.0}

- {'state': {}, 'action_taken': '0xk6bg', 'reward': 50.0}

- {'state': {}, 'action_taken': '8rwvet', 'reward': 25.0}

- {'state': {}, 'action_taken': '88pdak', 'reward': 75.0}


---

Please select an action from the list of action options in order to maximize the reward for your task.
When selecting an action, put the exact name of the action between action tags like: <action> action_name </action>.

Your thinking budget is 150 tokens. If you exceed this limit, you will be forced to provide an immediate answer.
Your overall generation limit is 200 tokens.
2026-01-18 18:45:09,737 - src.driver - INFO - GENERATED CONTENT: <action> 88pdak</action> 
 PARSED ACTION: 88pdak
2026-01-18 18:45:09,737 - src.driver - INFO - You will be assigned a task. 
You will receive the actions you have available, followed by the action history. 
Your goal is to maximize the total reward across all 10 steps. We are on step 5. 

Task Assignment:
---
You are a farmer who owns 3 fields. Each action corresponds to planting your crop in a different field. Each field is associated with a Gaussian distribution with a fixed but unknown mean. At each time step, you will select a field and receive a reward drawn from the associated distribution. Your goal is to maximize your reward across all of your turns.
---

Available Actions:
---

- Field Name: 8rwvet 

- Field Name: 0xk6bg 

- Field Name: 88pdak 

---
When selecting an action, include only the name of the action. Do not include the dashes used to indicate the list here.

History:
---


- {'state': {}, 'action_taken': '88pdak', 'reward': 75.0}

- {'state': {}, 'action_taken': '0xk6bg', 'reward': 50.0}

- {'state': {}, 'action_taken': '8rwvet', 'reward': 25.0}

- {'state': {}, 'action_taken': '88pdak', 'reward': 75.0}

- {'state': {}, 'action_taken': '88pdak', 'reward': 75.0}


---

Please select an action from the list of action options in order to maximize the reward for your task.
When selecting an action, put the exact name of the action between action tags like: <action> action_name </action>.

Your thinking budget is 150 tokens. If you exceed this limit, you will be forced to provide an immediate answer.
Your overall generation limit is 200 tokens.
2026-01-18 18:45:22,078 - src.driver - INFO - GENERATED CONTENT: <action> 88pdak</action> 
 PARSED ACTION: 88pdak
2026-01-18 18:45:22,079 - src.driver - INFO - You will be assigned a task. 
You will receive the actions you have available, followed by the action history. 
Your goal is to maximize the total reward across all 10 steps. We are on step 6. 

Task Assignment:
---
You are a farmer who owns 3 fields. Each action corresponds to planting your crop in a different field. Each field is associated with a Gaussian distribution with a fixed but unknown mean. At each time step, you will select a field and receive a reward drawn from the associated distribution. Your goal is to maximize your reward across all of your turns.
---

Available Actions:
---

- Field Name: 8rwvet 

- Field Name: 0xk6bg 

- Field Name: 88pdak 

---
When selecting an action, include only the name of the action. Do not include the dashes used to indicate the list here.

History:
---


- {'state': {}, 'action_taken': '88pdak', 'reward': 75.0}

- {'state': {}, 'action_taken': '0xk6bg', 'reward': 50.0}

- {'state': {}, 'action_taken': '8rwvet', 'reward': 25.0}

- {'state': {}, 'action_taken': '88pdak', 'reward': 75.0}

- {'state': {}, 'action_taken': '88pdak', 'reward': 75.0}

- {'state': {}, 'action_taken': '88pdak', 'reward': 75.0}


---

Please select an action from the list of action options in order to maximize the reward for your task.
When selecting an action, put the exact name of the action between action tags like: <action> action_name </action>.

Your thinking budget is 150 tokens. If you exceed this limit, you will be forced to provide an immediate answer.
Your overall generation limit is 200 tokens.
2026-01-18 18:45:35,040 - src.driver - INFO - GENERATED CONTENT: <action> 88pdak</action> 
 PARSED ACTION: 88pdak
2026-01-18 18:45:35,040 - src.driver - INFO - You will be assigned a task. 
You will receive the actions you have available, followed by the action history. 
Your goal is to maximize the total reward across all 10 steps. We are on step 7. 

Task Assignment:
---
You are a farmer who owns 3 fields. Each action corresponds to planting your crop in a different field. Each field is associated with a Gaussian distribution with a fixed but unknown mean. At each time step, you will select a field and receive a reward drawn from the associated distribution. Your goal is to maximize your reward across all of your turns.
---

Available Actions:
---

- Field Name: 8rwvet 

- Field Name: 0xk6bg 

- Field Name: 88pdak 

---
When selecting an action, include only the name of the action. Do not include the dashes used to indicate the list here.

History:
---


- {'state': {}, 'action_taken': '88pdak', 'reward': 75.0}

- {'state': {}, 'action_taken': '0xk6bg', 'reward': 50.0}

- {'state': {}, 'action_taken': '8rwvet', 'reward': 25.0}

- {'state': {}, 'action_taken': '88pdak', 'reward': 75.0}

- {'state': {}, 'action_taken': '88pdak', 'reward': 75.0}

- {'state': {}, 'action_taken': '88pdak', 'reward': 75.0}

- {'state': {}, 'action_taken': '88pdak', 'reward': 75.0}


---

Please select an action from the list of action options in order to maximize the reward for your task.
When selecting an action, put the exact name of the action between action tags like: <action> action_name </action>.

Your thinking budget is 150 tokens. If you exceed this limit, you will be forced to provide an immediate answer.
Your overall generation limit is 200 tokens.
2026-01-18 18:45:47,503 - src.driver - INFO - GENERATED CONTENT: <action> 88pdak</action> 
 PARSED ACTION: 88pdak
2026-01-18 18:45:47,504 - src.driver - INFO - You will be assigned a task. 
You will receive the actions you have available, followed by the action history. 
Your goal is to maximize the total reward across all 10 steps. We are on step 8. 

Task Assignment:
---
You are a farmer who owns 3 fields. Each action corresponds to planting your crop in a different field. Each field is associated with a Gaussian distribution with a fixed but unknown mean. At each time step, you will select a field and receive a reward drawn from the associated distribution. Your goal is to maximize your reward across all of your turns.
---

Available Actions:
---

- Field Name: 8rwvet 

- Field Name: 0xk6bg 

- Field Name: 88pdak 

---
When selecting an action, include only the name of the action. Do not include the dashes used to indicate the list here.

History:
---


- {'state': {}, 'action_taken': '88pdak', 'reward': 75.0}

- {'state': {}, 'action_taken': '0xk6bg', 'reward': 50.0}

- {'state': {}, 'action_taken': '8rwvet', 'reward': 25.0}

- {'state': {}, 'action_taken': '88pdak', 'reward': 75.0}

- {'state': {}, 'action_taken': '88pdak', 'reward': 75.0}

- {'state': {}, 'action_taken': '88pdak', 'reward': 75.0}

- {'state': {}, 'action_taken': '88pdak', 'reward': 75.0}

- {'state': {}, 'action_taken': '88pdak', 'reward': 75.0}


---

Please select an action from the list of action options in order to maximize the reward for your task.
When selecting an action, put the exact name of the action between action tags like: <action> action_name </action>.

Your thinking budget is 150 tokens. If you exceed this limit, you will be forced to provide an immediate answer.
Your overall generation limit is 200 tokens.
2026-01-18 18:46:00,074 - src.driver - INFO - GENERATED CONTENT: <action> 88pdak</action> 
 PARSED ACTION: 88pdak
2026-01-18 18:46:00,075 - src.driver - INFO - You will be assigned a task. 
You will receive the actions you have available, followed by the action history. 
Your goal is to maximize the total reward across all 10 steps. We are on step 9. 

Task Assignment:
---
You are a farmer who owns 3 fields. Each action corresponds to planting your crop in a different field. Each field is associated with a Gaussian distribution with a fixed but unknown mean. At each time step, you will select a field and receive a reward drawn from the associated distribution. Your goal is to maximize your reward across all of your turns.
---

Available Actions:
---

- Field Name: 8rwvet 

- Field Name: 0xk6bg 

- Field Name: 88pdak 

---
When selecting an action, include only the name of the action. Do not include the dashes used to indicate the list here.

History:
---


- {'state': {}, 'action_taken': '88pdak', 'reward': 75.0}

- {'state': {}, 'action_taken': '0xk6bg', 'reward': 50.0}

- {'state': {}, 'action_taken': '8rwvet', 'reward': 25.0}

- {'state': {}, 'action_taken': '88pdak', 'reward': 75.0}

- {'state': {}, 'action_taken': '88pdak', 'reward': 75.0}

- {'state': {}, 'action_taken': '88pdak', 'reward': 75.0}

- {'state': {}, 'action_taken': '88pdak', 'reward': 75.0}

- {'state': {}, 'action_taken': '88pdak', 'reward': 75.0}

- {'state': {}, 'action_taken': '88pdak', 'reward': 75.0}


---

Please select an action from the list of action options in order to maximize the reward for your task.
When selecting an action, put the exact name of the action between action tags like: <action> action_name </action>.

Your thinking budget is 150 tokens. If you exceed this limit, you will be forced to provide an immediate answer.
Your overall generation limit is 200 tokens.
2026-01-18 18:46:12,724 - src.driver - INFO - GENERATED CONTENT: <action> 88pdak</action> 
 PARSED ACTION: 88pdak
2026-01-18 18:46:12,738 - src.driver - INFO - You will be assigned a task. 
You will receive the actions you have available, followed by the action history. 
Your goal is to maximize the total reward across all 10 steps. We are on step 0. 

Task Assignment:
---
You are a farmer who owns 3 fields. Each action corresponds to planting your crop in a different field. Each field is associated with a Gaussian distribution with a fixed but unknown mean. At each time step, you will select a field and receive a reward drawn from the associated distribution. Your goal is to maximize your reward across all of your turns.
---

Available Actions:
---

- Field Name: 018q60 

- Field Name: t1ibre 

- Field Name: 8rwvet 

---
When selecting an action, include only the name of the action. Do not include the dashes used to indicate the list here.

History:
---

This is the first turn. There is no history.

---

Please select an action from the list of action options in order to maximize the reward for your task.
When selecting an action, put the exact name of the action between action tags like: <action> action_name </action>.

Your thinking budget is 150 tokens. If you exceed this limit, you will be forced to provide an immediate answer.
Your overall generation limit is 200 tokens.
2026-01-18 18:46:24,596 - src.driver - INFO - GENERATED CONTENT: <action>  t1ibre </action> 
 PARSED ACTION: t1ibre
2026-01-18 18:46:24,597 - src.driver - INFO - You will be assigned a task. 
You will receive the actions you have available, followed by the action history. 
Your goal is to maximize the total reward across all 10 steps. We are on step 1. 

Task Assignment:
---
You are a farmer who owns 3 fields. Each action corresponds to planting your crop in a different field. Each field is associated with a Gaussian distribution with a fixed but unknown mean. At each time step, you will select a field and receive a reward drawn from the associated distribution. Your goal is to maximize your reward across all of your turns.
---

Available Actions:
---

- Field Name: 018q60 

- Field Name: t1ibre 

- Field Name: 8rwvet 

---
When selecting an action, include only the name of the action. Do not include the dashes used to indicate the list here.

History:
---


- {'state': {}, 'action_taken': 't1ibre', 'reward': 50.0}


---

Please select an action from the list of action options in order to maximize the reward for your task.
When selecting an action, put the exact name of the action between action tags like: <action> action_name </action>.

Your thinking budget is 150 tokens. If you exceed this limit, you will be forced to provide an immediate answer.
Your overall generation limit is 200 tokens.
2026-01-18 18:46:36,489 - src.driver - INFO - GENERATED CONTENT: <action> 8rwvet</action> 
 PARSED ACTION: 8rwvet
2026-01-18 18:46:36,489 - src.driver - INFO - You will be assigned a task. 
You will receive the actions you have available, followed by the action history. 
Your goal is to maximize the total reward across all 10 steps. We are on step 2. 

Task Assignment:
---
You are a farmer who owns 3 fields. Each action corresponds to planting your crop in a different field. Each field is associated with a Gaussian distribution with a fixed but unknown mean. At each time step, you will select a field and receive a reward drawn from the associated distribution. Your goal is to maximize your reward across all of your turns.
---

Available Actions:
---

- Field Name: 018q60 

- Field Name: t1ibre 

- Field Name: 8rwvet 

---
When selecting an action, include only the name of the action. Do not include the dashes used to indicate the list here.

History:
---


- {'state': {}, 'action_taken': 't1ibre', 'reward': 50.0}

- {'state': {}, 'action_taken': '8rwvet', 'reward': 25.0}


---

Please select an action from the list of action options in order to maximize the reward for your task.
When selecting an action, put the exact name of the action between action tags like: <action> action_name </action>.

Your thinking budget is 150 tokens. If you exceed this limit, you will be forced to provide an immediate answer.
Your overall generation limit is 200 tokens.
2026-01-18 18:46:49,363 - src.driver - INFO - GENERATED CONTENT: <action> 018q60</action> 
 PARSED ACTION: 018q60
2026-01-18 18:46:49,364 - src.driver - INFO - You will be assigned a task. 
You will receive the actions you have available, followed by the action history. 
Your goal is to maximize the total reward across all 10 steps. We are on step 3. 

Task Assignment:
---
You are a farmer who owns 3 fields. Each action corresponds to planting your crop in a different field. Each field is associated with a Gaussian distribution with a fixed but unknown mean. At each time step, you will select a field and receive a reward drawn from the associated distribution. Your goal is to maximize your reward across all of your turns.
---

Available Actions:
---

- Field Name: 018q60 

- Field Name: t1ibre 

- Field Name: 8rwvet 

---
When selecting an action, include only the name of the action. Do not include the dashes used to indicate the list here.

History:
---


- {'state': {}, 'action_taken': 't1ibre', 'reward': 50.0}

- {'state': {}, 'action_taken': '8rwvet', 'reward': 25.0}

- {'state': {}, 'action_taken': '018q60', 'reward': 75.0}


---

Please select an action from the list of action options in order to maximize the reward for your task.
When selecting an action, put the exact name of the action between action tags like: <action> action_name </action>.

Your thinking budget is 150 tokens. If you exceed this limit, you will be forced to provide an immediate answer.
Your overall generation limit is 200 tokens.
2026-01-18 18:47:01,444 - src.driver - INFO - GENERATED CONTENT: <action>  t1ibre </action> 
 PARSED ACTION: t1ibre
2026-01-18 18:47:01,445 - src.driver - INFO - You will be assigned a task. 
You will receive the actions you have available, followed by the action history. 
Your goal is to maximize the total reward across all 10 steps. We are on step 4. 

Task Assignment:
---
You are a farmer who owns 3 fields. Each action corresponds to planting your crop in a different field. Each field is associated with a Gaussian distribution with a fixed but unknown mean. At each time step, you will select a field and receive a reward drawn from the associated distribution. Your goal is to maximize your reward across all of your turns.
---

Available Actions:
---

- Field Name: 018q60 

- Field Name: t1ibre 

- Field Name: 8rwvet 

---
When selecting an action, include only the name of the action. Do not include the dashes used to indicate the list here.

History:
---


- {'state': {}, 'action_taken': 't1ibre', 'reward': 50.0}

- {'state': {}, 'action_taken': '8rwvet', 'reward': 25.0}

- {'state': {}, 'action_taken': '018q60', 'reward': 75.0}

- {'state': {}, 'action_taken': 't1ibre', 'reward': 50.0}


---

Please select an action from the list of action options in order to maximize the reward for your task.
When selecting an action, put the exact name of the action between action tags like: <action> action_name </action>.

Your thinking budget is 150 tokens. If you exceed this limit, you will be forced to provide an immediate answer.
Your overall generation limit is 200 tokens.
2026-01-18 18:47:13,530 - src.driver - INFO - GENERATED CONTENT: <action> 8rwvet</action> 
 PARSED ACTION: 8rwvet
2026-01-18 18:47:13,531 - src.driver - INFO - You will be assigned a task. 
You will receive the actions you have available, followed by the action history. 
Your goal is to maximize the total reward across all 10 steps. We are on step 5. 

Task Assignment:
---
You are a farmer who owns 3 fields. Each action corresponds to planting your crop in a different field. Each field is associated with a Gaussian distribution with a fixed but unknown mean. At each time step, you will select a field and receive a reward drawn from the associated distribution. Your goal is to maximize your reward across all of your turns.
---

Available Actions:
---

- Field Name: 018q60 

- Field Name: t1ibre 

- Field Name: 8rwvet 

---
When selecting an action, include only the name of the action. Do not include the dashes used to indicate the list here.

History:
---


- {'state': {}, 'action_taken': 't1ibre', 'reward': 50.0}

- {'state': {}, 'action_taken': '8rwvet', 'reward': 25.0}

- {'state': {}, 'action_taken': '018q60', 'reward': 75.0}

- {'state': {}, 'action_taken': 't1ibre', 'reward': 50.0}

- {'state': {}, 'action_taken': '8rwvet', 'reward': 25.0}


---

Please select an action from the list of action options in order to maximize the reward for your task.
When selecting an action, put the exact name of the action between action tags like: <action> action_name </action>.

Your thinking budget is 150 tokens. If you exceed this limit, you will be forced to provide an immediate answer.
Your overall generation limit is 200 tokens.
2026-01-18 18:47:26,016 - src.driver - INFO - GENERATED CONTENT: <action> 018q60</action> 
 PARSED ACTION: 018q60
2026-01-18 18:47:26,017 - src.driver - INFO - You will be assigned a task. 
You will receive the actions you have available, followed by the action history. 
Your goal is to maximize the total reward across all 10 steps. We are on step 6. 

Task Assignment:
---
You are a farmer who owns 3 fields. Each action corresponds to planting your crop in a different field. Each field is associated with a Gaussian distribution with a fixed but unknown mean. At each time step, you will select a field and receive a reward drawn from the associated distribution. Your goal is to maximize your reward across all of your turns.
---

Available Actions:
---

- Field Name: 018q60 

- Field Name: t1ibre 

- Field Name: 8rwvet 

---
When selecting an action, include only the name of the action. Do not include the dashes used to indicate the list here.

History:
---


- {'state': {}, 'action_taken': 't1ibre', 'reward': 50.0}

- {'state': {}, 'action_taken': '8rwvet', 'reward': 25.0}

- {'state': {}, 'action_taken': '018q60', 'reward': 75.0}

- {'state': {}, 'action_taken': 't1ibre', 'reward': 50.0}

- {'state': {}, 'action_taken': '8rwvet', 'reward': 25.0}

- {'state': {}, 'action_taken': '018q60', 'reward': 75.0}


---

Please select an action from the list of action options in order to maximize the reward for your task.
When selecting an action, put the exact name of the action between action tags like: <action> action_name </action>.

Your thinking budget is 150 tokens. If you exceed this limit, you will be forced to provide an immediate answer.
Your overall generation limit is 200 tokens.
2026-01-18 18:47:38,390 - src.driver - INFO - GENERATED CONTENT: <action>  t1ibre </action> 
 PARSED ACTION: t1ibre
2026-01-18 18:47:38,391 - src.driver - INFO - You will be assigned a task. 
You will receive the actions you have available, followed by the action history. 
Your goal is to maximize the total reward across all 10 steps. We are on step 7. 

Task Assignment:
---
You are a farmer who owns 3 fields. Each action corresponds to planting your crop in a different field. Each field is associated with a Gaussian distribution with a fixed but unknown mean. At each time step, you will select a field and receive a reward drawn from the associated distribution. Your goal is to maximize your reward across all of your turns.
---

Available Actions:
---

- Field Name: 018q60 

- Field Name: t1ibre 

- Field Name: 8rwvet 

---
When selecting an action, include only the name of the action. Do not include the dashes used to indicate the list here.

History:
---


- {'state': {}, 'action_taken': 't1ibre', 'reward': 50.0}

- {'state': {}, 'action_taken': '8rwvet', 'reward': 25.0}

- {'state': {}, 'action_taken': '018q60', 'reward': 75.0}

- {'state': {}, 'action_taken': 't1ibre', 'reward': 50.0}

- {'state': {}, 'action_taken': '8rwvet', 'reward': 25.0}

- {'state': {}, 'action_taken': '018q60', 'reward': 75.0}

- {'state': {}, 'action_taken': 't1ibre', 'reward': 50.0}


---

Please select an action from the list of action options in order to maximize the reward for your task.
When selecting an action, put the exact name of the action between action tags like: <action> action_name </action>.

Your thinking budget is 150 tokens. If you exceed this limit, you will be forced to provide an immediate answer.
Your overall generation limit is 200 tokens.
2026-01-18 18:47:51,090 - src.driver - INFO - GENERATED CONTENT: <action> 018q60</action> 
 PARSED ACTION: 018q60
2026-01-18 18:47:51,091 - src.driver - INFO - You will be assigned a task. 
You will receive the actions you have available, followed by the action history. 
Your goal is to maximize the total reward across all 10 steps. We are on step 8. 

Task Assignment:
---
You are a farmer who owns 3 fields. Each action corresponds to planting your crop in a different field. Each field is associated with a Gaussian distribution with a fixed but unknown mean. At each time step, you will select a field and receive a reward drawn from the associated distribution. Your goal is to maximize your reward across all of your turns.
---

Available Actions:
---

- Field Name: 018q60 

- Field Name: t1ibre 

- Field Name: 8rwvet 

---
When selecting an action, include only the name of the action. Do not include the dashes used to indicate the list here.

History:
---


- {'state': {}, 'action_taken': 't1ibre', 'reward': 50.0}

- {'state': {}, 'action_taken': '8rwvet', 'reward': 25.0}

- {'state': {}, 'action_taken': '018q60', 'reward': 75.0}

- {'state': {}, 'action_taken': 't1ibre', 'reward': 50.0}

- {'state': {}, 'action_taken': '8rwvet', 'reward': 25.0}

- {'state': {}, 'action_taken': '018q60', 'reward': 75.0}

- {'state': {}, 'action_taken': 't1ibre', 'reward': 50.0}

- {'state': {}, 'action_taken': '018q60', 'reward': 75.0}


---

Please select an action from the list of action options in order to maximize the reward for your task.
When selecting an action, put the exact name of the action between action tags like: <action> action_name </action>.

Your thinking budget is 150 tokens. If you exceed this limit, you will be forced to provide an immediate answer.
Your overall generation limit is 200 tokens.
2026-01-18 18:48:04,060 - src.driver - INFO - GENERATED CONTENT: <action>  t1ibre </action> 
 PARSED ACTION: t1ibre
2026-01-18 18:48:04,061 - src.driver - INFO - You will be assigned a task. 
You will receive the actions you have available, followed by the action history. 
Your goal is to maximize the total reward across all 10 steps. We are on step 9. 

Task Assignment:
---
You are a farmer who owns 3 fields. Each action corresponds to planting your crop in a different field. Each field is associated with a Gaussian distribution with a fixed but unknown mean. At each time step, you will select a field and receive a reward drawn from the associated distribution. Your goal is to maximize your reward across all of your turns.
---

Available Actions:
---

- Field Name: 018q60 

- Field Name: t1ibre 

- Field Name: 8rwvet 

---
When selecting an action, include only the name of the action. Do not include the dashes used to indicate the list here.

History:
---


- {'state': {}, 'action_taken': 't1ibre', 'reward': 50.0}

- {'state': {}, 'action_taken': '8rwvet', 'reward': 25.0}

- {'state': {}, 'action_taken': '018q60', 'reward': 75.0}

- {'state': {}, 'action_taken': 't1ibre', 'reward': 50.0}

- {'state': {}, 'action_taken': '8rwvet', 'reward': 25.0}

- {'state': {}, 'action_taken': '018q60', 'reward': 75.0}

- {'state': {}, 'action_taken': 't1ibre', 'reward': 50.0}

- {'state': {}, 'action_taken': '018q60', 'reward': 75.0}

- {'state': {}, 'action_taken': 't1ibre', 'reward': 50.0}


---

Please select an action from the list of action options in order to maximize the reward for your task.
When selecting an action, put the exact name of the action between action tags like: <action> action_name </action>.

Your thinking budget is 150 tokens. If you exceed this limit, you will be forced to provide an immediate answer.
Your overall generation limit is 200 tokens.
2026-01-18 18:48:16,818 - src.driver - INFO - GENERATED CONTENT: <action> 018q60</action> 
 PARSED ACTION: 018q60
