2025-12-09 22:36:52,952 - src.driver - INFO - You will be assigned a task. 
You will receive the actions you have available, followed by the action history. 
Your goal is to maximize the total reward across all 8 steps. We are on step 0. 

Task Assignment:
---
You are faced with a 3-armed bandit problem.  Each action corresponds to pulling a specific arm. Each arm is associated with a Gaussian distribution with a fixed but unknown mean. At each time step, you will select a field and receive a reward drawn from the associated distribution. Your goal is to select which arm to pull in order to maximize your reward across all of your turns.
---

Available Actions:
---

- Unlucky Impoverished Arm : This action has been selected 0 time(s) for an observed mean of Unknown

- Neutral Arm : This action has been selected 0 time(s) for an observed mean of Unknown

- Lucky Wealthy Arm : This action has been selected 0 time(s) for an observed mean of Unknown

---
When selecting an action, include only the name of the action. Do not include the dashes used to indicate the list here.

Please select an action from the list of action options in order to maximize the reward for your task.
When selecting an action, put the exact name of the action between action tags like: <action> action_name </action>.

Your thinking budget is 150 tokens. If you exceed this limit, you will be forced to provide an immediate answer.
Your overall generation limit is 200 tokens.
2025-12-09 22:37:05,461 - src.driver - INFO - GENERATED CONTENT: <action>  Neutral Arm </action> 
 PARSED ACTION: Neutral Arm
2025-12-09 22:37:05,462 - src.driver - INFO - You will be assigned a task. 
You will receive the actions you have available, followed by the action history. 
Your goal is to maximize the total reward across all 8 steps. We are on step 1. 

Task Assignment:
---
You are faced with a 3-armed bandit problem.  Each action corresponds to pulling a specific arm. Each arm is associated with a Gaussian distribution with a fixed but unknown mean. At each time step, you will select a field and receive a reward drawn from the associated distribution. Your goal is to select which arm to pull in order to maximize your reward across all of your turns.
---

Available Actions:
---

- Unlucky Impoverished Arm : This action has been selected 0 time(s) for an observed mean of Unknown

- Neutral Arm : This action has been selected 1 time(s) for an observed mean of 1.0

- Lucky Wealthy Arm : This action has been selected 0 time(s) for an observed mean of Unknown

---
When selecting an action, include only the name of the action. Do not include the dashes used to indicate the list here.

Please select an action from the list of action options in order to maximize the reward for your task.
When selecting an action, put the exact name of the action between action tags like: <action> action_name </action>.

Your thinking budget is 150 tokens. If you exceed this limit, you will be forced to provide an immediate answer.
Your overall generation limit is 200 tokens.
2025-12-09 22:37:17,540 - src.driver - INFO - GENERATED CONTENT: <action>  Lucky Wealthy Arm </action> 
 PARSED ACTION: Lucky Wealthy Arm
2025-12-09 22:37:17,541 - src.driver - INFO - You will be assigned a task. 
You will receive the actions you have available, followed by the action history. 
Your goal is to maximize the total reward across all 8 steps. We are on step 2. 

Task Assignment:
---
You are faced with a 3-armed bandit problem.  Each action corresponds to pulling a specific arm. Each arm is associated with a Gaussian distribution with a fixed but unknown mean. At each time step, you will select a field and receive a reward drawn from the associated distribution. Your goal is to select which arm to pull in order to maximize your reward across all of your turns.
---

Available Actions:
---

- Unlucky Impoverished Arm : This action has been selected 0 time(s) for an observed mean of Unknown

- Neutral Arm : This action has been selected 1 time(s) for an observed mean of 1.0

- Lucky Wealthy Arm : This action has been selected 1 time(s) for an observed mean of 2.0

---
When selecting an action, include only the name of the action. Do not include the dashes used to indicate the list here.

Please select an action from the list of action options in order to maximize the reward for your task.
When selecting an action, put the exact name of the action between action tags like: <action> action_name </action>.

Your thinking budget is 150 tokens. If you exceed this limit, you will be forced to provide an immediate answer.
Your overall generation limit is 200 tokens.
2025-12-09 22:37:29,619 - src.driver - INFO - GENERATED CONTENT: <action>  Lucky Wealthy Arm </action> 
 PARSED ACTION: Lucky Wealthy Arm
2025-12-09 22:37:29,619 - src.driver - INFO - You will be assigned a task. 
You will receive the actions you have available, followed by the action history. 
Your goal is to maximize the total reward across all 8 steps. We are on step 3. 

Task Assignment:
---
You are faced with a 3-armed bandit problem.  Each action corresponds to pulling a specific arm. Each arm is associated with a Gaussian distribution with a fixed but unknown mean. At each time step, you will select a field and receive a reward drawn from the associated distribution. Your goal is to select which arm to pull in order to maximize your reward across all of your turns.
---

Available Actions:
---

- Unlucky Impoverished Arm : This action has been selected 0 time(s) for an observed mean of Unknown

- Neutral Arm : This action has been selected 1 time(s) for an observed mean of 1.0

- Lucky Wealthy Arm : This action has been selected 2 time(s) for an observed mean of 2.0

---
When selecting an action, include only the name of the action. Do not include the dashes used to indicate the list here.

Please select an action from the list of action options in order to maximize the reward for your task.
When selecting an action, put the exact name of the action between action tags like: <action> action_name </action>.

Your thinking budget is 150 tokens. If you exceed this limit, you will be forced to provide an immediate answer.
Your overall generation limit is 200 tokens.
2025-12-09 22:37:41,692 - src.driver - INFO - GENERATED CONTENT: <action>  Lucky Wealthy Arm </action> 
 PARSED ACTION: Lucky Wealthy Arm
2025-12-09 22:37:41,692 - src.driver - INFO - You will be assigned a task. 
You will receive the actions you have available, followed by the action history. 
Your goal is to maximize the total reward across all 8 steps. We are on step 4. 

Task Assignment:
---
You are faced with a 3-armed bandit problem.  Each action corresponds to pulling a specific arm. Each arm is associated with a Gaussian distribution with a fixed but unknown mean. At each time step, you will select a field and receive a reward drawn from the associated distribution. Your goal is to select which arm to pull in order to maximize your reward across all of your turns.
---

Available Actions:
---

- Unlucky Impoverished Arm : This action has been selected 0 time(s) for an observed mean of Unknown

- Neutral Arm : This action has been selected 1 time(s) for an observed mean of 1.0

- Lucky Wealthy Arm : This action has been selected 3 time(s) for an observed mean of 2.0

---
When selecting an action, include only the name of the action. Do not include the dashes used to indicate the list here.

Please select an action from the list of action options in order to maximize the reward for your task.
When selecting an action, put the exact name of the action between action tags like: <action> action_name </action>.

Your thinking budget is 150 tokens. If you exceed this limit, you will be forced to provide an immediate answer.
Your overall generation limit is 200 tokens.
2025-12-09 22:37:53,776 - src.driver - INFO - GENERATED CONTENT: <action>  Lucky Wealthy Arm </action> 
 PARSED ACTION: Lucky Wealthy Arm
2025-12-09 22:37:53,776 - src.driver - INFO - You will be assigned a task. 
You will receive the actions you have available, followed by the action history. 
Your goal is to maximize the total reward across all 8 steps. We are on step 5. 

Task Assignment:
---
You are faced with a 3-armed bandit problem.  Each action corresponds to pulling a specific arm. Each arm is associated with a Gaussian distribution with a fixed but unknown mean. At each time step, you will select a field and receive a reward drawn from the associated distribution. Your goal is to select which arm to pull in order to maximize your reward across all of your turns.
---

Available Actions:
---

- Unlucky Impoverished Arm : This action has been selected 0 time(s) for an observed mean of Unknown

- Neutral Arm : This action has been selected 1 time(s) for an observed mean of 1.0

- Lucky Wealthy Arm : This action has been selected 4 time(s) for an observed mean of 2.0

---
When selecting an action, include only the name of the action. Do not include the dashes used to indicate the list here.

Please select an action from the list of action options in order to maximize the reward for your task.
When selecting an action, put the exact name of the action between action tags like: <action> action_name </action>.

Your thinking budget is 150 tokens. If you exceed this limit, you will be forced to provide an immediate answer.
Your overall generation limit is 200 tokens.
2025-12-09 22:38:05,835 - src.driver - INFO - GENERATED CONTENT: <action>  Lucky Wealthy Arm </action> 
 PARSED ACTION: Lucky Wealthy Arm
2025-12-09 22:38:05,835 - src.driver - INFO - You will be assigned a task. 
You will receive the actions you have available, followed by the action history. 
Your goal is to maximize the total reward across all 8 steps. We are on step 6. 

Task Assignment:
---
You are faced with a 3-armed bandit problem.  Each action corresponds to pulling a specific arm. Each arm is associated with a Gaussian distribution with a fixed but unknown mean. At each time step, you will select a field and receive a reward drawn from the associated distribution. Your goal is to select which arm to pull in order to maximize your reward across all of your turns.
---

Available Actions:
---

- Unlucky Impoverished Arm : This action has been selected 0 time(s) for an observed mean of Unknown

- Neutral Arm : This action has been selected 1 time(s) for an observed mean of 1.0

- Lucky Wealthy Arm : This action has been selected 5 time(s) for an observed mean of 2.0

---
When selecting an action, include only the name of the action. Do not include the dashes used to indicate the list here.

Please select an action from the list of action options in order to maximize the reward for your task.
When selecting an action, put the exact name of the action between action tags like: <action> action_name </action>.

Your thinking budget is 150 tokens. If you exceed this limit, you will be forced to provide an immediate answer.
Your overall generation limit is 200 tokens.
2025-12-09 22:38:17,899 - src.driver - INFO - GENERATED CONTENT: <action>  Lucky Wealthy Arm </action> 
 PARSED ACTION: Lucky Wealthy Arm
2025-12-09 22:38:17,899 - src.driver - INFO - You will be assigned a task. 
You will receive the actions you have available, followed by the action history. 
Your goal is to maximize the total reward across all 8 steps. We are on step 7. 

Task Assignment:
---
You are faced with a 3-armed bandit problem.  Each action corresponds to pulling a specific arm. Each arm is associated with a Gaussian distribution with a fixed but unknown mean. At each time step, you will select a field and receive a reward drawn from the associated distribution. Your goal is to select which arm to pull in order to maximize your reward across all of your turns.
---

Available Actions:
---

- Unlucky Impoverished Arm : This action has been selected 0 time(s) for an observed mean of Unknown

- Neutral Arm : This action has been selected 1 time(s) for an observed mean of 1.0

- Lucky Wealthy Arm : This action has been selected 6 time(s) for an observed mean of 2.0

---
When selecting an action, include only the name of the action. Do not include the dashes used to indicate the list here.

Please select an action from the list of action options in order to maximize the reward for your task.
When selecting an action, put the exact name of the action between action tags like: <action> action_name </action>.

Your thinking budget is 150 tokens. If you exceed this limit, you will be forced to provide an immediate answer.
Your overall generation limit is 200 tokens.
2025-12-09 22:38:29,983 - src.driver - INFO - GENERATED CONTENT: <action>  Lucky Wealthy Arm </action> 
 PARSED ACTION: Lucky Wealthy Arm
2025-12-09 22:38:33,039 - src.driver - INFO - You will be assigned a task. 
You will receive the actions you have available, followed by the action history. 
Your goal is to maximize the total reward across all 8 steps. We are on step 0. 

Task Assignment:
---
You are faced with a 3-armed bandit problem.  Each action corresponds to pulling a specific arm. Each arm is associated with a Gaussian distribution with a fixed but unknown mean. At each time step, you will select a field and receive a reward drawn from the associated distribution. Your goal is to select which arm to pull in order to maximize your reward across all of your turns.
---

Available Actions:
---

- Lucky Wealthy Arm : This action has been selected 0 time(s) for an observed mean of Unknown

- Neutral Arm : This action has been selected 0 time(s) for an observed mean of Unknown

- Unlucky Impoverished Arm : This action has been selected 0 time(s) for an observed mean of Unknown

---
When selecting an action, include only the name of the action. Do not include the dashes used to indicate the list here.

Please select an action from the list of action options in order to maximize the reward for your task.
When selecting an action, put the exact name of the action between action tags like: <action> action_name </action>.

Your thinking budget is 150 tokens. If you exceed this limit, you will be forced to provide an immediate answer.
Your overall generation limit is 200 tokens.
2025-12-09 22:38:45,252 - src.driver - INFO - GENERATED CONTENT: <action>  Lucky Wealthy Arm </action> 
 PARSED ACTION: Lucky Wealthy Arm
2025-12-09 22:38:45,252 - src.driver - INFO - You will be assigned a task. 
You will receive the actions you have available, followed by the action history. 
Your goal is to maximize the total reward across all 8 steps. We are on step 1. 

Task Assignment:
---
You are faced with a 3-armed bandit problem.  Each action corresponds to pulling a specific arm. Each arm is associated with a Gaussian distribution with a fixed but unknown mean. At each time step, you will select a field and receive a reward drawn from the associated distribution. Your goal is to select which arm to pull in order to maximize your reward across all of your turns.
---

Available Actions:
---

- Lucky Wealthy Arm : This action has been selected 1 time(s) for an observed mean of 2.0

- Neutral Arm : This action has been selected 0 time(s) for an observed mean of Unknown

- Unlucky Impoverished Arm : This action has been selected 0 time(s) for an observed mean of Unknown

---
When selecting an action, include only the name of the action. Do not include the dashes used to indicate the list here.

Please select an action from the list of action options in order to maximize the reward for your task.
When selecting an action, put the exact name of the action between action tags like: <action> action_name </action>.

Your thinking budget is 150 tokens. If you exceed this limit, you will be forced to provide an immediate answer.
Your overall generation limit is 200 tokens.
2025-12-09 22:38:57,458 - src.driver - INFO - GENERATED CONTENT: <action>  Lucky Wealthy Arm </action> 
 PARSED ACTION: Lucky Wealthy Arm
2025-12-09 22:38:57,458 - src.driver - INFO - You will be assigned a task. 
You will receive the actions you have available, followed by the action history. 
Your goal is to maximize the total reward across all 8 steps. We are on step 2. 

Task Assignment:
---
You are faced with a 3-armed bandit problem.  Each action corresponds to pulling a specific arm. Each arm is associated with a Gaussian distribution with a fixed but unknown mean. At each time step, you will select a field and receive a reward drawn from the associated distribution. Your goal is to select which arm to pull in order to maximize your reward across all of your turns.
---

Available Actions:
---

- Lucky Wealthy Arm : This action has been selected 2 time(s) for an observed mean of 2.0

- Neutral Arm : This action has been selected 0 time(s) for an observed mean of Unknown

- Unlucky Impoverished Arm : This action has been selected 0 time(s) for an observed mean of Unknown

---
When selecting an action, include only the name of the action. Do not include the dashes used to indicate the list here.

Please select an action from the list of action options in order to maximize the reward for your task.
When selecting an action, put the exact name of the action between action tags like: <action> action_name </action>.

Your thinking budget is 150 tokens. If you exceed this limit, you will be forced to provide an immediate answer.
Your overall generation limit is 200 tokens.
2025-12-09 22:39:09,599 - src.driver - INFO - GENERATED CONTENT: <action>  Lucky Wealthy Arm </action> 
 PARSED ACTION: Lucky Wealthy Arm
2025-12-09 22:39:09,599 - src.driver - INFO - You will be assigned a task. 
You will receive the actions you have available, followed by the action history. 
Your goal is to maximize the total reward across all 8 steps. We are on step 3. 

Task Assignment:
---
You are faced with a 3-armed bandit problem.  Each action corresponds to pulling a specific arm. Each arm is associated with a Gaussian distribution with a fixed but unknown mean. At each time step, you will select a field and receive a reward drawn from the associated distribution. Your goal is to select which arm to pull in order to maximize your reward across all of your turns.
---

Available Actions:
---

- Lucky Wealthy Arm : This action has been selected 3 time(s) for an observed mean of 2.0

- Neutral Arm : This action has been selected 0 time(s) for an observed mean of Unknown

- Unlucky Impoverished Arm : This action has been selected 0 time(s) for an observed mean of Unknown

---
When selecting an action, include only the name of the action. Do not include the dashes used to indicate the list here.

Please select an action from the list of action options in order to maximize the reward for your task.
When selecting an action, put the exact name of the action between action tags like: <action> action_name </action>.

Your thinking budget is 150 tokens. If you exceed this limit, you will be forced to provide an immediate answer.
Your overall generation limit is 200 tokens.
2025-12-09 22:39:21,778 - src.driver - INFO - GENERATED CONTENT: <action>  Lucky Wealthy Arm </action> 
 PARSED ACTION: Lucky Wealthy Arm
2025-12-09 22:39:21,779 - src.driver - INFO - You will be assigned a task. 
You will receive the actions you have available, followed by the action history. 
Your goal is to maximize the total reward across all 8 steps. We are on step 4. 

Task Assignment:
---
You are faced with a 3-armed bandit problem.  Each action corresponds to pulling a specific arm. Each arm is associated with a Gaussian distribution with a fixed but unknown mean. At each time step, you will select a field and receive a reward drawn from the associated distribution. Your goal is to select which arm to pull in order to maximize your reward across all of your turns.
---

Available Actions:
---

- Lucky Wealthy Arm : This action has been selected 4 time(s) for an observed mean of 2.0

- Neutral Arm : This action has been selected 0 time(s) for an observed mean of Unknown

- Unlucky Impoverished Arm : This action has been selected 0 time(s) for an observed mean of Unknown

---
When selecting an action, include only the name of the action. Do not include the dashes used to indicate the list here.

Please select an action from the list of action options in order to maximize the reward for your task.
When selecting an action, put the exact name of the action between action tags like: <action> action_name </action>.

Your thinking budget is 150 tokens. If you exceed this limit, you will be forced to provide an immediate answer.
Your overall generation limit is 200 tokens.
2025-12-09 22:39:33,937 - src.driver - INFO - GENERATED CONTENT: <action>  Lucky Wealthy Arm </action> 
 PARSED ACTION: Lucky Wealthy Arm
2025-12-09 22:39:33,937 - src.driver - INFO - You will be assigned a task. 
You will receive the actions you have available, followed by the action history. 
Your goal is to maximize the total reward across all 8 steps. We are on step 5. 

Task Assignment:
---
You are faced with a 3-armed bandit problem.  Each action corresponds to pulling a specific arm. Each arm is associated with a Gaussian distribution with a fixed but unknown mean. At each time step, you will select a field and receive a reward drawn from the associated distribution. Your goal is to select which arm to pull in order to maximize your reward across all of your turns.
---

Available Actions:
---

- Lucky Wealthy Arm : This action has been selected 5 time(s) for an observed mean of 2.0

- Neutral Arm : This action has been selected 0 time(s) for an observed mean of Unknown

- Unlucky Impoverished Arm : This action has been selected 0 time(s) for an observed mean of Unknown

---
When selecting an action, include only the name of the action. Do not include the dashes used to indicate the list here.

Please select an action from the list of action options in order to maximize the reward for your task.
When selecting an action, put the exact name of the action between action tags like: <action> action_name </action>.

Your thinking budget is 150 tokens. If you exceed this limit, you will be forced to provide an immediate answer.
Your overall generation limit is 200 tokens.
2025-12-09 22:39:46,134 - src.driver - INFO - GENERATED CONTENT: <action>  Lucky Wealthy Arm </action> 
 PARSED ACTION: Lucky Wealthy Arm
2025-12-09 22:39:46,135 - src.driver - INFO - You will be assigned a task. 
You will receive the actions you have available, followed by the action history. 
Your goal is to maximize the total reward across all 8 steps. We are on step 6. 

Task Assignment:
---
You are faced with a 3-armed bandit problem.  Each action corresponds to pulling a specific arm. Each arm is associated with a Gaussian distribution with a fixed but unknown mean. At each time step, you will select a field and receive a reward drawn from the associated distribution. Your goal is to select which arm to pull in order to maximize your reward across all of your turns.
---

Available Actions:
---

- Lucky Wealthy Arm : This action has been selected 6 time(s) for an observed mean of 2.0

- Neutral Arm : This action has been selected 0 time(s) for an observed mean of Unknown

- Unlucky Impoverished Arm : This action has been selected 0 time(s) for an observed mean of Unknown

---
When selecting an action, include only the name of the action. Do not include the dashes used to indicate the list here.

Please select an action from the list of action options in order to maximize the reward for your task.
When selecting an action, put the exact name of the action between action tags like: <action> action_name </action>.

Your thinking budget is 150 tokens. If you exceed this limit, you will be forced to provide an immediate answer.
Your overall generation limit is 200 tokens.
2025-12-09 22:39:58,295 - src.driver - INFO - GENERATED CONTENT: <action>  Lucky Wealthy Arm </action> 
 PARSED ACTION: Lucky Wealthy Arm
2025-12-09 22:39:58,296 - src.driver - INFO - You will be assigned a task. 
You will receive the actions you have available, followed by the action history. 
Your goal is to maximize the total reward across all 8 steps. We are on step 7. 

Task Assignment:
---
You are faced with a 3-armed bandit problem.  Each action corresponds to pulling a specific arm. Each arm is associated with a Gaussian distribution with a fixed but unknown mean. At each time step, you will select a field and receive a reward drawn from the associated distribution. Your goal is to select which arm to pull in order to maximize your reward across all of your turns.
---

Available Actions:
---

- Lucky Wealthy Arm : This action has been selected 7 time(s) for an observed mean of 2.0

- Neutral Arm : This action has been selected 0 time(s) for an observed mean of Unknown

- Unlucky Impoverished Arm : This action has been selected 0 time(s) for an observed mean of Unknown

---
When selecting an action, include only the name of the action. Do not include the dashes used to indicate the list here.

Please select an action from the list of action options in order to maximize the reward for your task.
When selecting an action, put the exact name of the action between action tags like: <action> action_name </action>.

Your thinking budget is 150 tokens. If you exceed this limit, you will be forced to provide an immediate answer.
Your overall generation limit is 200 tokens.
2025-12-09 22:40:10,481 - src.driver - INFO - GENERATED CONTENT: <action>  Lucky Wealthy Arm </action> 
 PARSED ACTION: Lucky Wealthy Arm
2025-12-09 22:40:13,563 - src.driver - INFO - You will be assigned a task. 
You will receive the actions you have available, followed by the action history. 
Your goal is to maximize the total reward across all 8 steps. We are on step 0. 

Task Assignment:
---
You are faced with a 3-armed bandit problem.  Each action corresponds to pulling a specific arm. Each arm is associated with a Gaussian distribution with a fixed but unknown mean. At each time step, you will select a field and receive a reward drawn from the associated distribution. Your goal is to select which arm to pull in order to maximize your reward across all of your turns.
---

Available Actions:
---

- Unlucky Impoverished Arm : This action has been selected 0 time(s) for an observed mean of Unknown

- Lucky Wealthy Arm : This action has been selected 0 time(s) for an observed mean of Unknown

- Neutral Arm : This action has been selected 0 time(s) for an observed mean of Unknown

---
When selecting an action, include only the name of the action. Do not include the dashes used to indicate the list here.

Please select an action from the list of action options in order to maximize the reward for your task.
When selecting an action, put the exact name of the action between action tags like: <action> action_name </action>.

Your thinking budget is 150 tokens. If you exceed this limit, you will be forced to provide an immediate answer.
Your overall generation limit is 200 tokens.
2025-12-09 22:40:25,769 - src.driver - INFO - GENERATED CONTENT: <action>  Lucky Wealthy Arm </action> 
 PARSED ACTION: Lucky Wealthy Arm
2025-12-09 22:40:25,770 - src.driver - INFO - You will be assigned a task. 
You will receive the actions you have available, followed by the action history. 
Your goal is to maximize the total reward across all 8 steps. We are on step 1. 

Task Assignment:
---
You are faced with a 3-armed bandit problem.  Each action corresponds to pulling a specific arm. Each arm is associated with a Gaussian distribution with a fixed but unknown mean. At each time step, you will select a field and receive a reward drawn from the associated distribution. Your goal is to select which arm to pull in order to maximize your reward across all of your turns.
---

Available Actions:
---

- Unlucky Impoverished Arm : This action has been selected 0 time(s) for an observed mean of Unknown

- Lucky Wealthy Arm : This action has been selected 1 time(s) for an observed mean of 2.0

- Neutral Arm : This action has been selected 0 time(s) for an observed mean of Unknown

---
When selecting an action, include only the name of the action. Do not include the dashes used to indicate the list here.

Please select an action from the list of action options in order to maximize the reward for your task.
When selecting an action, put the exact name of the action between action tags like: <action> action_name </action>.

Your thinking budget is 150 tokens. If you exceed this limit, you will be forced to provide an immediate answer.
Your overall generation limit is 200 tokens.
2025-12-09 22:40:37,903 - src.driver - INFO - GENERATED CONTENT: <action>  Lucky Wealthy Arm </action> 
 PARSED ACTION: Lucky Wealthy Arm
2025-12-09 22:40:37,904 - src.driver - INFO - You will be assigned a task. 
You will receive the actions you have available, followed by the action history. 
Your goal is to maximize the total reward across all 8 steps. We are on step 2. 

Task Assignment:
---
You are faced with a 3-armed bandit problem.  Each action corresponds to pulling a specific arm. Each arm is associated with a Gaussian distribution with a fixed but unknown mean. At each time step, you will select a field and receive a reward drawn from the associated distribution. Your goal is to select which arm to pull in order to maximize your reward across all of your turns.
---

Available Actions:
---

- Unlucky Impoverished Arm : This action has been selected 0 time(s) for an observed mean of Unknown

- Lucky Wealthy Arm : This action has been selected 2 time(s) for an observed mean of 2.0

- Neutral Arm : This action has been selected 0 time(s) for an observed mean of Unknown

---
When selecting an action, include only the name of the action. Do not include the dashes used to indicate the list here.

Please select an action from the list of action options in order to maximize the reward for your task.
When selecting an action, put the exact name of the action between action tags like: <action> action_name </action>.

Your thinking budget is 150 tokens. If you exceed this limit, you will be forced to provide an immediate answer.
Your overall generation limit is 200 tokens.
2025-12-09 22:40:50,048 - src.driver - INFO - GENERATED CONTENT: <action>  Lucky Wealthy Arm </action> 
 PARSED ACTION: Lucky Wealthy Arm
2025-12-09 22:40:50,048 - src.driver - INFO - You will be assigned a task. 
You will receive the actions you have available, followed by the action history. 
Your goal is to maximize the total reward across all 8 steps. We are on step 3. 

Task Assignment:
---
You are faced with a 3-armed bandit problem.  Each action corresponds to pulling a specific arm. Each arm is associated with a Gaussian distribution with a fixed but unknown mean. At each time step, you will select a field and receive a reward drawn from the associated distribution. Your goal is to select which arm to pull in order to maximize your reward across all of your turns.
---

Available Actions:
---

- Unlucky Impoverished Arm : This action has been selected 0 time(s) for an observed mean of Unknown

- Lucky Wealthy Arm : This action has been selected 3 time(s) for an observed mean of 2.0

- Neutral Arm : This action has been selected 0 time(s) for an observed mean of Unknown

---
When selecting an action, include only the name of the action. Do not include the dashes used to indicate the list here.

Please select an action from the list of action options in order to maximize the reward for your task.
When selecting an action, put the exact name of the action between action tags like: <action> action_name </action>.

Your thinking budget is 150 tokens. If you exceed this limit, you will be forced to provide an immediate answer.
Your overall generation limit is 200 tokens.
2025-12-09 22:41:02,192 - src.driver - INFO - GENERATED CONTENT: <action>  Lucky Wealthy Arm </action> 
 PARSED ACTION: Lucky Wealthy Arm
2025-12-09 22:41:02,193 - src.driver - INFO - You will be assigned a task. 
You will receive the actions you have available, followed by the action history. 
Your goal is to maximize the total reward across all 8 steps. We are on step 4. 

Task Assignment:
---
You are faced with a 3-armed bandit problem.  Each action corresponds to pulling a specific arm. Each arm is associated with a Gaussian distribution with a fixed but unknown mean. At each time step, you will select a field and receive a reward drawn from the associated distribution. Your goal is to select which arm to pull in order to maximize your reward across all of your turns.
---

Available Actions:
---

- Unlucky Impoverished Arm : This action has been selected 0 time(s) for an observed mean of Unknown

- Lucky Wealthy Arm : This action has been selected 4 time(s) for an observed mean of 2.0

- Neutral Arm : This action has been selected 0 time(s) for an observed mean of Unknown

---
When selecting an action, include only the name of the action. Do not include the dashes used to indicate the list here.

Please select an action from the list of action options in order to maximize the reward for your task.
When selecting an action, put the exact name of the action between action tags like: <action> action_name </action>.

Your thinking budget is 150 tokens. If you exceed this limit, you will be forced to provide an immediate answer.
Your overall generation limit is 200 tokens.
2025-12-09 22:41:14,319 - src.driver - INFO - GENERATED CONTENT: <action>  Lucky Wealthy Arm </action> 
 PARSED ACTION: Lucky Wealthy Arm
2025-12-09 22:41:14,320 - src.driver - INFO - You will be assigned a task. 
You will receive the actions you have available, followed by the action history. 
Your goal is to maximize the total reward across all 8 steps. We are on step 5. 

Task Assignment:
---
You are faced with a 3-armed bandit problem.  Each action corresponds to pulling a specific arm. Each arm is associated with a Gaussian distribution with a fixed but unknown mean. At each time step, you will select a field and receive a reward drawn from the associated distribution. Your goal is to select which arm to pull in order to maximize your reward across all of your turns.
---

Available Actions:
---

- Unlucky Impoverished Arm : This action has been selected 0 time(s) for an observed mean of Unknown

- Lucky Wealthy Arm : This action has been selected 5 time(s) for an observed mean of 2.0

- Neutral Arm : This action has been selected 0 time(s) for an observed mean of Unknown

---
When selecting an action, include only the name of the action. Do not include the dashes used to indicate the list here.

Please select an action from the list of action options in order to maximize the reward for your task.
When selecting an action, put the exact name of the action between action tags like: <action> action_name </action>.

Your thinking budget is 150 tokens. If you exceed this limit, you will be forced to provide an immediate answer.
Your overall generation limit is 200 tokens.
2025-12-09 22:41:26,493 - src.driver - INFO - GENERATED CONTENT: <action>  Lucky Wealthy Arm </action> 
 PARSED ACTION: Lucky Wealthy Arm
2025-12-09 22:41:26,493 - src.driver - INFO - You will be assigned a task. 
You will receive the actions you have available, followed by the action history. 
Your goal is to maximize the total reward across all 8 steps. We are on step 6. 

Task Assignment:
---
You are faced with a 3-armed bandit problem.  Each action corresponds to pulling a specific arm. Each arm is associated with a Gaussian distribution with a fixed but unknown mean. At each time step, you will select a field and receive a reward drawn from the associated distribution. Your goal is to select which arm to pull in order to maximize your reward across all of your turns.
---

Available Actions:
---

- Unlucky Impoverished Arm : This action has been selected 0 time(s) for an observed mean of Unknown

- Lucky Wealthy Arm : This action has been selected 6 time(s) for an observed mean of 2.0

- Neutral Arm : This action has been selected 0 time(s) for an observed mean of Unknown

---
When selecting an action, include only the name of the action. Do not include the dashes used to indicate the list here.

Please select an action from the list of action options in order to maximize the reward for your task.
When selecting an action, put the exact name of the action between action tags like: <action> action_name </action>.

Your thinking budget is 150 tokens. If you exceed this limit, you will be forced to provide an immediate answer.
Your overall generation limit is 200 tokens.
2025-12-09 22:41:38,621 - src.driver - INFO - GENERATED CONTENT: <action>  Lucky Wealthy Arm </action> 
 PARSED ACTION: Lucky Wealthy Arm
2025-12-09 22:41:38,622 - src.driver - INFO - You will be assigned a task. 
You will receive the actions you have available, followed by the action history. 
Your goal is to maximize the total reward across all 8 steps. We are on step 7. 

Task Assignment:
---
You are faced with a 3-armed bandit problem.  Each action corresponds to pulling a specific arm. Each arm is associated with a Gaussian distribution with a fixed but unknown mean. At each time step, you will select a field and receive a reward drawn from the associated distribution. Your goal is to select which arm to pull in order to maximize your reward across all of your turns.
---

Available Actions:
---

- Unlucky Impoverished Arm : This action has been selected 0 time(s) for an observed mean of Unknown

- Lucky Wealthy Arm : This action has been selected 7 time(s) for an observed mean of 2.0

- Neutral Arm : This action has been selected 0 time(s) for an observed mean of Unknown

---
When selecting an action, include only the name of the action. Do not include the dashes used to indicate the list here.

Please select an action from the list of action options in order to maximize the reward for your task.
When selecting an action, put the exact name of the action between action tags like: <action> action_name </action>.

Your thinking budget is 150 tokens. If you exceed this limit, you will be forced to provide an immediate answer.
Your overall generation limit is 200 tokens.
2025-12-09 22:41:50,759 - src.driver - INFO - GENERATED CONTENT: <action>  Lucky Wealthy Arm </action> 
 PARSED ACTION: Lucky Wealthy Arm
