2026-01-25 19:15:16,099 - src.driver - INFO - You will be assigned a task. 
You will receive the actions you have available, followed by the action history. 
Your goal is to maximize the total reward across all 10 steps. We are on step 0. 

Task Assignment:
---
You are faced with a 3-armed bandit problem.  Each action corresponds to pulling a specific arm. Each arm is associated with a Gaussian distribution with a fixed but unknown mean. At each time step, you will select a field and receive a reward drawn from the associated distribution. Your goal is to select which arm to pull in order to maximize your reward across all of your turns.
---

Available Actions:
---

- Arm Name: attain complex freezer - This action has been selected 0 time(s) for an observed mean of Unknown

- Arm Name: cutters rekindle impartial - This action has been selected 0 time(s) for an observed mean of Unknown

- Arm Name: desolation meddle stranded - This action has been selected 0 time(s) for an observed mean of Unknown

---
When selecting an action, include only the name of the action. Do not include the dashes used to indicate the list here.

Please select an action from the list of action options in order to maximize the reward for your task.
When selecting an action, put the exact name of the action between action tags like: <action> action_name </action>.

Your thinking budget is 150 tokens. If you exceed this limit, you will be forced to provide an immediate answer.
Your overall generation limit is 200 tokens.
2026-01-25 19:15:48,886 - src.driver - INFO - GENERATED CONTENT: <action>  desolation meddle stranded </action> 
 PARSED ACTION: desolation meddle stranded
2026-01-25 19:15:48,887 - src.driver - INFO - You will be assigned a task. 
You will receive the actions you have available, followed by the action history. 
Your goal is to maximize the total reward across all 10 steps. We are on step 1. 

Task Assignment:
---
You are faced with a 3-armed bandit problem.  Each action corresponds to pulling a specific arm. Each arm is associated with a Gaussian distribution with a fixed but unknown mean. At each time step, you will select a field and receive a reward drawn from the associated distribution. Your goal is to select which arm to pull in order to maximize your reward across all of your turns.
---

Available Actions:
---

- Arm Name: attain complex freezer - This action has been selected 0 time(s) for an observed mean of Unknown

- Arm Name: cutters rekindle impartial - This action has been selected 0 time(s) for an observed mean of Unknown

- Arm Name: desolation meddle stranded - This action has been selected 1 time(s) for an observed mean of 67.46778300997683

---
When selecting an action, include only the name of the action. Do not include the dashes used to indicate the list here.

Please select an action from the list of action options in order to maximize the reward for your task.
When selecting an action, put the exact name of the action between action tags like: <action> action_name </action>.

Your thinking budget is 150 tokens. If you exceed this limit, you will be forced to provide an immediate answer.
Your overall generation limit is 200 tokens.
2026-01-25 19:16:21,878 - src.driver - INFO - GENERATED CONTENT: <action>  desolation meddle stranded </action> 
 PARSED ACTION: desolation meddle stranded
2026-01-25 19:16:21,878 - src.driver - INFO - You will be assigned a task. 
You will receive the actions you have available, followed by the action history. 
Your goal is to maximize the total reward across all 10 steps. We are on step 2. 

Task Assignment:
---
You are faced with a 3-armed bandit problem.  Each action corresponds to pulling a specific arm. Each arm is associated with a Gaussian distribution with a fixed but unknown mean. At each time step, you will select a field and receive a reward drawn from the associated distribution. Your goal is to select which arm to pull in order to maximize your reward across all of your turns.
---

Available Actions:
---

- Arm Name: attain complex freezer - This action has been selected 0 time(s) for an observed mean of Unknown

- Arm Name: cutters rekindle impartial - This action has been selected 0 time(s) for an observed mean of Unknown

- Arm Name: desolation meddle stranded - This action has been selected 2 time(s) for an observed mean of 69.2225126442427

---
When selecting an action, include only the name of the action. Do not include the dashes used to indicate the list here.

Please select an action from the list of action options in order to maximize the reward for your task.
When selecting an action, put the exact name of the action between action tags like: <action> action_name </action>.

Your thinking budget is 150 tokens. If you exceed this limit, you will be forced to provide an immediate answer.
Your overall generation limit is 200 tokens.
2026-01-25 19:16:54,571 - src.driver - INFO - GENERATED CONTENT: <action>  attain complex freezer </action> 
 PARSED ACTION: attain complex freezer
2026-01-25 19:16:54,572 - src.driver - INFO - You will be assigned a task. 
You will receive the actions you have available, followed by the action history. 
Your goal is to maximize the total reward across all 10 steps. We are on step 3. 

Task Assignment:
---
You are faced with a 3-armed bandit problem.  Each action corresponds to pulling a specific arm. Each arm is associated with a Gaussian distribution with a fixed but unknown mean. At each time step, you will select a field and receive a reward drawn from the associated distribution. Your goal is to select which arm to pull in order to maximize your reward across all of your turns.
---

Available Actions:
---

- Arm Name: attain complex freezer - This action has been selected 1 time(s) for an observed mean of 34.454359842561956

- Arm Name: cutters rekindle impartial - This action has been selected 0 time(s) for an observed mean of Unknown

- Arm Name: desolation meddle stranded - This action has been selected 2 time(s) for an observed mean of 69.2225126442427

---
When selecting an action, include only the name of the action. Do not include the dashes used to indicate the list here.

Please select an action from the list of action options in order to maximize the reward for your task.
When selecting an action, put the exact name of the action between action tags like: <action> action_name </action>.

Your thinking budget is 150 tokens. If you exceed this limit, you will be forced to provide an immediate answer.
Your overall generation limit is 200 tokens.
2026-01-25 19:17:27,748 - src.driver - INFO - GENERATED CONTENT: <action>  desolation meddle stranded </action> 
 PARSED ACTION: desolation meddle stranded
2026-01-25 19:17:27,749 - src.driver - INFO - You will be assigned a task. 
You will receive the actions you have available, followed by the action history. 
Your goal is to maximize the total reward across all 10 steps. We are on step 4. 

Task Assignment:
---
You are faced with a 3-armed bandit problem.  Each action corresponds to pulling a specific arm. Each arm is associated with a Gaussian distribution with a fixed but unknown mean. At each time step, you will select a field and receive a reward drawn from the associated distribution. Your goal is to select which arm to pull in order to maximize your reward across all of your turns.
---

Available Actions:
---

- Arm Name: attain complex freezer - This action has been selected 1 time(s) for an observed mean of 34.454359842561956

- Arm Name: cutters rekindle impartial - This action has been selected 0 time(s) for an observed mean of Unknown

- Arm Name: desolation meddle stranded - This action has been selected 3 time(s) for an observed mean of 64.37570690345537

---
When selecting an action, include only the name of the action. Do not include the dashes used to indicate the list here.

Please select an action from the list of action options in order to maximize the reward for your task.
When selecting an action, put the exact name of the action between action tags like: <action> action_name </action>.

Your thinking budget is 150 tokens. If you exceed this limit, you will be forced to provide an immediate answer.
Your overall generation limit is 200 tokens.
2026-01-25 19:18:00,961 - src.driver - INFO - GENERATED CONTENT: <action>  desolation meddle stranded </action> 
 PARSED ACTION: desolation meddle stranded
2026-01-25 19:18:00,962 - src.driver - INFO - You will be assigned a task. 
You will receive the actions you have available, followed by the action history. 
Your goal is to maximize the total reward across all 10 steps. We are on step 5. 

Task Assignment:
---
You are faced with a 3-armed bandit problem.  Each action corresponds to pulling a specific arm. Each arm is associated with a Gaussian distribution with a fixed but unknown mean. At each time step, you will select a field and receive a reward drawn from the associated distribution. Your goal is to select which arm to pull in order to maximize your reward across all of your turns.
---

Available Actions:
---

- Arm Name: attain complex freezer - This action has been selected 1 time(s) for an observed mean of 34.454359842561956

- Arm Name: cutters rekindle impartial - This action has been selected 0 time(s) for an observed mean of Unknown

- Arm Name: desolation meddle stranded - This action has been selected 4 time(s) for an observed mean of 68.97345935973554

---
When selecting an action, include only the name of the action. Do not include the dashes used to indicate the list here.

Please select an action from the list of action options in order to maximize the reward for your task.
When selecting an action, put the exact name of the action between action tags like: <action> action_name </action>.

Your thinking budget is 150 tokens. If you exceed this limit, you will be forced to provide an immediate answer.
Your overall generation limit is 200 tokens.
2026-01-25 19:18:34,174 - src.driver - INFO - GENERATED CONTENT: <action>  desolation meddle stranded </action> 
 PARSED ACTION: desolation meddle stranded
2026-01-25 19:18:34,174 - src.driver - INFO - You will be assigned a task. 
You will receive the actions you have available, followed by the action history. 
Your goal is to maximize the total reward across all 10 steps. We are on step 6. 

Task Assignment:
---
You are faced with a 3-armed bandit problem.  Each action corresponds to pulling a specific arm. Each arm is associated with a Gaussian distribution with a fixed but unknown mean. At each time step, you will select a field and receive a reward drawn from the associated distribution. Your goal is to select which arm to pull in order to maximize your reward across all of your turns.
---

Available Actions:
---

- Arm Name: attain complex freezer - This action has been selected 1 time(s) for an observed mean of 34.454359842561956

- Arm Name: cutters rekindle impartial - This action has been selected 0 time(s) for an observed mean of Unknown

- Arm Name: desolation meddle stranded - This action has been selected 5 time(s) for an observed mean of 67.11220375045549

---
When selecting an action, include only the name of the action. Do not include the dashes used to indicate the list here.

Please select an action from the list of action options in order to maximize the reward for your task.
When selecting an action, put the exact name of the action between action tags like: <action> action_name </action>.

Your thinking budget is 150 tokens. If you exceed this limit, you will be forced to provide an immediate answer.
Your overall generation limit is 200 tokens.
2026-01-25 19:19:07,374 - src.driver - INFO - GENERATED CONTENT: <action>  desolation meddle stranded </action> 
 PARSED ACTION: desolation meddle stranded
2026-01-25 19:19:07,375 - src.driver - INFO - You will be assigned a task. 
You will receive the actions you have available, followed by the action history. 
Your goal is to maximize the total reward across all 10 steps. We are on step 7. 

Task Assignment:
---
You are faced with a 3-armed bandit problem.  Each action corresponds to pulling a specific arm. Each arm is associated with a Gaussian distribution with a fixed but unknown mean. At each time step, you will select a field and receive a reward drawn from the associated distribution. Your goal is to select which arm to pull in order to maximize your reward across all of your turns.
---

Available Actions:
---

- Arm Name: attain complex freezer - This action has been selected 1 time(s) for an observed mean of 34.454359842561956

- Arm Name: cutters rekindle impartial - This action has been selected 0 time(s) for an observed mean of Unknown

- Arm Name: desolation meddle stranded - This action has been selected 6 time(s) for an observed mean of 70.2816597703369

---
When selecting an action, include only the name of the action. Do not include the dashes used to indicate the list here.

Please select an action from the list of action options in order to maximize the reward for your task.
When selecting an action, put the exact name of the action between action tags like: <action> action_name </action>.

Your thinking budget is 150 tokens. If you exceed this limit, you will be forced to provide an immediate answer.
Your overall generation limit is 200 tokens.
2026-01-25 19:19:40,577 - src.driver - INFO - GENERATED CONTENT: <action>  desolation meddle stranded </action> 
 PARSED ACTION: desolation meddle stranded
2026-01-25 19:19:40,578 - src.driver - INFO - You will be assigned a task. 
You will receive the actions you have available, followed by the action history. 
Your goal is to maximize the total reward across all 10 steps. We are on step 8. 

Task Assignment:
---
You are faced with a 3-armed bandit problem.  Each action corresponds to pulling a specific arm. Each arm is associated with a Gaussian distribution with a fixed but unknown mean. At each time step, you will select a field and receive a reward drawn from the associated distribution. Your goal is to select which arm to pull in order to maximize your reward across all of your turns.
---

Available Actions:
---

- Arm Name: attain complex freezer - This action has been selected 1 time(s) for an observed mean of 34.454359842561956

- Arm Name: cutters rekindle impartial - This action has been selected 0 time(s) for an observed mean of Unknown

- Arm Name: desolation meddle stranded - This action has been selected 7 time(s) for an observed mean of 73.38022985956256

---
When selecting an action, include only the name of the action. Do not include the dashes used to indicate the list here.

Please select an action from the list of action options in order to maximize the reward for your task.
When selecting an action, put the exact name of the action between action tags like: <action> action_name </action>.

Your thinking budget is 150 tokens. If you exceed this limit, you will be forced to provide an immediate answer.
Your overall generation limit is 200 tokens.
2026-01-25 19:20:13,794 - src.driver - INFO - GENERATED CONTENT: <action>  desolation meddle stranded </action> 
 PARSED ACTION: desolation meddle stranded
2026-01-25 19:20:13,795 - src.driver - INFO - You will be assigned a task. 
You will receive the actions you have available, followed by the action history. 
Your goal is to maximize the total reward across all 10 steps. We are on step 9. 

Task Assignment:
---
You are faced with a 3-armed bandit problem.  Each action corresponds to pulling a specific arm. Each arm is associated with a Gaussian distribution with a fixed but unknown mean. At each time step, you will select a field and receive a reward drawn from the associated distribution. Your goal is to select which arm to pull in order to maximize your reward across all of your turns.
---

Available Actions:
---

- Arm Name: attain complex freezer - This action has been selected 1 time(s) for an observed mean of 34.454359842561956

- Arm Name: cutters rekindle impartial - This action has been selected 0 time(s) for an observed mean of Unknown

- Arm Name: desolation meddle stranded - This action has been selected 8 time(s) for an observed mean of 76.07489984179057

---
When selecting an action, include only the name of the action. Do not include the dashes used to indicate the list here.

Please select an action from the list of action options in order to maximize the reward for your task.
When selecting an action, put the exact name of the action between action tags like: <action> action_name </action>.

Your thinking budget is 150 tokens. If you exceed this limit, you will be forced to provide an immediate answer.
Your overall generation limit is 200 tokens.
2026-01-25 19:20:47,007 - src.driver - INFO - GENERATED CONTENT: <action>  desolation meddle stranded </action> 
 PARSED ACTION: desolation meddle stranded
2026-01-25 19:20:47,021 - src.driver - INFO - You will be assigned a task. 
You will receive the actions you have available, followed by the action history. 
Your goal is to maximize the total reward across all 10 steps. We are on step 0. 

Task Assignment:
---
You are faced with a 3-armed bandit problem.  Each action corresponds to pulling a specific arm. Each arm is associated with a Gaussian distribution with a fixed but unknown mean. At each time step, you will select a field and receive a reward drawn from the associated distribution. Your goal is to select which arm to pull in order to maximize your reward across all of your turns.
---

Available Actions:
---

- Arm Name: clientele ratification character - This action has been selected 0 time(s) for an observed mean of Unknown

- Arm Name: deficiency whine overdue - This action has been selected 0 time(s) for an observed mean of Unknown

- Arm Name: manly chocolate wits - This action has been selected 0 time(s) for an observed mean of Unknown

---
When selecting an action, include only the name of the action. Do not include the dashes used to indicate the list here.

Please select an action from the list of action options in order to maximize the reward for your task.
When selecting an action, put the exact name of the action between action tags like: <action> action_name </action>.

Your thinking budget is 150 tokens. If you exceed this limit, you will be forced to provide an immediate answer.
Your overall generation limit is 200 tokens.
2026-01-25 19:21:19,774 - src.driver - INFO - GENERATED CONTENT: <action>  clientele ratification character </action> 
 PARSED ACTION: clientele ratification character
2026-01-25 19:21:19,775 - src.driver - INFO - You will be assigned a task. 
You will receive the actions you have available, followed by the action history. 
Your goal is to maximize the total reward across all 10 steps. We are on step 1. 

Task Assignment:
---
You are faced with a 3-armed bandit problem.  Each action corresponds to pulling a specific arm. Each arm is associated with a Gaussian distribution with a fixed but unknown mean. At each time step, you will select a field and receive a reward drawn from the associated distribution. Your goal is to select which arm to pull in order to maximize your reward across all of your turns.
---

Available Actions:
---

- Arm Name: clientele ratification character - This action has been selected 1 time(s) for an observed mean of 36.54530672819469

- Arm Name: deficiency whine overdue - This action has been selected 0 time(s) for an observed mean of Unknown

- Arm Name: manly chocolate wits - This action has been selected 0 time(s) for an observed mean of Unknown

---
When selecting an action, include only the name of the action. Do not include the dashes used to indicate the list here.

Please select an action from the list of action options in order to maximize the reward for your task.
When selecting an action, put the exact name of the action between action tags like: <action> action_name </action>.

Your thinking budget is 150 tokens. If you exceed this limit, you will be forced to provide an immediate answer.
Your overall generation limit is 200 tokens.
2026-01-25 19:21:52,617 - src.driver - INFO - GENERATED CONTENT: <action>  deficiency whine overdue </action> 
 PARSED ACTION: deficiency whine overdue
2026-01-25 19:21:52,617 - src.driver - INFO - You will be assigned a task. 
You will receive the actions you have available, followed by the action history. 
Your goal is to maximize the total reward across all 10 steps. We are on step 2. 

Task Assignment:
---
You are faced with a 3-armed bandit problem.  Each action corresponds to pulling a specific arm. Each arm is associated with a Gaussian distribution with a fixed but unknown mean. At each time step, you will select a field and receive a reward drawn from the associated distribution. Your goal is to select which arm to pull in order to maximize your reward across all of your turns.
---

Available Actions:
---

- Arm Name: clientele ratification character - This action has been selected 1 time(s) for an observed mean of 36.54530672819469

- Arm Name: deficiency whine overdue - This action has been selected 1 time(s) for an observed mean of 80.42823095961747

- Arm Name: manly chocolate wits - This action has been selected 0 time(s) for an observed mean of Unknown

---
When selecting an action, include only the name of the action. Do not include the dashes used to indicate the list here.

Please select an action from the list of action options in order to maximize the reward for your task.
When selecting an action, put the exact name of the action between action tags like: <action> action_name </action>.

Your thinking budget is 150 tokens. If you exceed this limit, you will be forced to provide an immediate answer.
Your overall generation limit is 200 tokens.
2026-01-25 19:22:25,788 - src.driver - INFO - GENERATED CONTENT: <action>  manly chocolate wits </action> 
 PARSED ACTION: manly chocolate wits
2026-01-25 19:22:25,788 - src.driver - INFO - You will be assigned a task. 
You will receive the actions you have available, followed by the action history. 
Your goal is to maximize the total reward across all 10 steps. We are on step 3. 

Task Assignment:
---
You are faced with a 3-armed bandit problem.  Each action corresponds to pulling a specific arm. Each arm is associated with a Gaussian distribution with a fixed but unknown mean. At each time step, you will select a field and receive a reward drawn from the associated distribution. Your goal is to select which arm to pull in order to maximize your reward across all of your turns.
---

Available Actions:
---

- Arm Name: clientele ratification character - This action has been selected 1 time(s) for an observed mean of 36.54530672819469

- Arm Name: deficiency whine overdue - This action has been selected 1 time(s) for an observed mean of 80.42823095961747

- Arm Name: manly chocolate wits - This action has been selected 1 time(s) for an observed mean of 24.71807127457602

---
When selecting an action, include only the name of the action. Do not include the dashes used to indicate the list here.

Please select an action from the list of action options in order to maximize the reward for your task.
When selecting an action, put the exact name of the action between action tags like: <action> action_name </action>.

Your thinking budget is 150 tokens. If you exceed this limit, you will be forced to provide an immediate answer.
Your overall generation limit is 200 tokens.
2026-01-25 19:22:59,321 - src.driver - INFO - GENERATED CONTENT: <action>  deficiency whine overdue </action> 
 PARSED ACTION: deficiency whine overdue
2026-01-25 19:22:59,322 - src.driver - INFO - You will be assigned a task. 
You will receive the actions you have available, followed by the action history. 
Your goal is to maximize the total reward across all 10 steps. We are on step 4. 

Task Assignment:
---
You are faced with a 3-armed bandit problem.  Each action corresponds to pulling a specific arm. Each arm is associated with a Gaussian distribution with a fixed but unknown mean. At each time step, you will select a field and receive a reward drawn from the associated distribution. Your goal is to select which arm to pull in order to maximize your reward across all of your turns.
---

Available Actions:
---

- Arm Name: clientele ratification character - This action has been selected 1 time(s) for an observed mean of 36.54530672819469

- Arm Name: deficiency whine overdue - This action has been selected 2 time(s) for an observed mean of 72.08805577090375

- Arm Name: manly chocolate wits - This action has been selected 1 time(s) for an observed mean of 24.71807127457602

---
When selecting an action, include only the name of the action. Do not include the dashes used to indicate the list here.

Please select an action from the list of action options in order to maximize the reward for your task.
When selecting an action, put the exact name of the action between action tags like: <action> action_name </action>.

Your thinking budget is 150 tokens. If you exceed this limit, you will be forced to provide an immediate answer.
Your overall generation limit is 200 tokens.
2026-01-25 19:23:32,866 - src.driver - INFO - GENERATED CONTENT: <action>  deficiency whine overdue </action> 
 PARSED ACTION: deficiency whine overdue
2026-01-25 19:23:32,867 - src.driver - INFO - You will be assigned a task. 
You will receive the actions you have available, followed by the action history. 
Your goal is to maximize the total reward across all 10 steps. We are on step 5. 

Task Assignment:
---
You are faced with a 3-armed bandit problem.  Each action corresponds to pulling a specific arm. Each arm is associated with a Gaussian distribution with a fixed but unknown mean. At each time step, you will select a field and receive a reward drawn from the associated distribution. Your goal is to select which arm to pull in order to maximize your reward across all of your turns.
---

Available Actions:
---

- Arm Name: clientele ratification character - This action has been selected 1 time(s) for an observed mean of 36.54530672819469

- Arm Name: deficiency whine overdue - This action has been selected 3 time(s) for an observed mean of 65.57258176631099

- Arm Name: manly chocolate wits - This action has been selected 1 time(s) for an observed mean of 24.71807127457602

---
When selecting an action, include only the name of the action. Do not include the dashes used to indicate the list here.

Please select an action from the list of action options in order to maximize the reward for your task.
When selecting an action, put the exact name of the action between action tags like: <action> action_name </action>.

Your thinking budget is 150 tokens. If you exceed this limit, you will be forced to provide an immediate answer.
Your overall generation limit is 200 tokens.
2026-01-25 19:24:06,446 - src.driver - INFO - GENERATED CONTENT: <action>  deficiency whine overdue </action> 
 PARSED ACTION: deficiency whine overdue
2026-01-25 19:24:06,447 - src.driver - INFO - You will be assigned a task. 
You will receive the actions you have available, followed by the action history. 
Your goal is to maximize the total reward across all 10 steps. We are on step 6. 

Task Assignment:
---
You are faced with a 3-armed bandit problem.  Each action corresponds to pulling a specific arm. Each arm is associated with a Gaussian distribution with a fixed but unknown mean. At each time step, you will select a field and receive a reward drawn from the associated distribution. Your goal is to select which arm to pull in order to maximize your reward across all of your turns.
---

Available Actions:
---

- Arm Name: clientele ratification character - This action has been selected 1 time(s) for an observed mean of 36.54530672819469

- Arm Name: deficiency whine overdue - This action has been selected 4 time(s) for an observed mean of 70.46892053358286

- Arm Name: manly chocolate wits - This action has been selected 1 time(s) for an observed mean of 24.71807127457602

---
When selecting an action, include only the name of the action. Do not include the dashes used to indicate the list here.

Please select an action from the list of action options in order to maximize the reward for your task.
When selecting an action, put the exact name of the action between action tags like: <action> action_name </action>.

Your thinking budget is 150 tokens. If you exceed this limit, you will be forced to provide an immediate answer.
Your overall generation limit is 200 tokens.
2026-01-25 19:24:39,961 - src.driver - INFO - GENERATED CONTENT: <action>  deficiency whine overdue </action> 
 PARSED ACTION: deficiency whine overdue
2026-01-25 19:24:39,962 - src.driver - INFO - You will be assigned a task. 
You will receive the actions you have available, followed by the action history. 
Your goal is to maximize the total reward across all 10 steps. We are on step 7. 

Task Assignment:
---
You are faced with a 3-armed bandit problem.  Each action corresponds to pulling a specific arm. Each arm is associated with a Gaussian distribution with a fixed but unknown mean. At each time step, you will select a field and receive a reward drawn from the associated distribution. Your goal is to select which arm to pull in order to maximize your reward across all of your turns.
---

Available Actions:
---

- Arm Name: clientele ratification character - This action has been selected 1 time(s) for an observed mean of 36.54530672819469

- Arm Name: deficiency whine overdue - This action has been selected 5 time(s) for an observed mean of 73.88176436463847

- Arm Name: manly chocolate wits - This action has been selected 1 time(s) for an observed mean of 24.71807127457602

---
When selecting an action, include only the name of the action. Do not include the dashes used to indicate the list here.

Please select an action from the list of action options in order to maximize the reward for your task.
When selecting an action, put the exact name of the action between action tags like: <action> action_name </action>.

Your thinking budget is 150 tokens. If you exceed this limit, you will be forced to provide an immediate answer.
Your overall generation limit is 200 tokens.
2026-01-25 19:25:13,553 - src.driver - INFO - GENERATED CONTENT: <action>  deficiency whine overdue </action> 
 PARSED ACTION: deficiency whine overdue
2026-01-25 19:25:13,553 - src.driver - INFO - You will be assigned a task. 
You will receive the actions you have available, followed by the action history. 
Your goal is to maximize the total reward across all 10 steps. We are on step 8. 

Task Assignment:
---
You are faced with a 3-armed bandit problem.  Each action corresponds to pulling a specific arm. Each arm is associated with a Gaussian distribution with a fixed but unknown mean. At each time step, you will select a field and receive a reward drawn from the associated distribution. Your goal is to select which arm to pull in order to maximize your reward across all of your turns.
---

Available Actions:
---

- Arm Name: clientele ratification character - This action has been selected 1 time(s) for an observed mean of 36.54530672819469

- Arm Name: deficiency whine overdue - This action has been selected 6 time(s) for an observed mean of 74.02470754744802

- Arm Name: manly chocolate wits - This action has been selected 1 time(s) for an observed mean of 24.71807127457602

---
When selecting an action, include only the name of the action. Do not include the dashes used to indicate the list here.

Please select an action from the list of action options in order to maximize the reward for your task.
When selecting an action, put the exact name of the action between action tags like: <action> action_name </action>.

Your thinking budget is 150 tokens. If you exceed this limit, you will be forced to provide an immediate answer.
Your overall generation limit is 200 tokens.
2026-01-25 19:25:47,157 - src.driver - INFO - GENERATED CONTENT: <action>  deficiency whine overdue </action> 
 PARSED ACTION: deficiency whine overdue
2026-01-25 19:25:47,157 - src.driver - INFO - You will be assigned a task. 
You will receive the actions you have available, followed by the action history. 
Your goal is to maximize the total reward across all 10 steps. We are on step 9. 

Task Assignment:
---
You are faced with a 3-armed bandit problem.  Each action corresponds to pulling a specific arm. Each arm is associated with a Gaussian distribution with a fixed but unknown mean. At each time step, you will select a field and receive a reward drawn from the associated distribution. Your goal is to select which arm to pull in order to maximize your reward across all of your turns.
---

Available Actions:
---

- Arm Name: clientele ratification character - This action has been selected 1 time(s) for an observed mean of 36.54530672819469

- Arm Name: deficiency whine overdue - This action has been selected 7 time(s) for an observed mean of 72.60640525552995

- Arm Name: manly chocolate wits - This action has been selected 1 time(s) for an observed mean of 24.71807127457602

---
When selecting an action, include only the name of the action. Do not include the dashes used to indicate the list here.

Please select an action from the list of action options in order to maximize the reward for your task.
When selecting an action, put the exact name of the action between action tags like: <action> action_name </action>.

Your thinking budget is 150 tokens. If you exceed this limit, you will be forced to provide an immediate answer.
Your overall generation limit is 200 tokens.
2026-01-25 19:26:20,684 - src.driver - INFO - GENERATED CONTENT: <action>  deficiency whine overdue </action> 
 PARSED ACTION: deficiency whine overdue
2026-01-25 19:26:20,699 - src.driver - INFO - You will be assigned a task. 
You will receive the actions you have available, followed by the action history. 
Your goal is to maximize the total reward across all 10 steps. We are on step 0. 

Task Assignment:
---
You are faced with a 3-armed bandit problem.  Each action corresponds to pulling a specific arm. Each arm is associated with a Gaussian distribution with a fixed but unknown mean. At each time step, you will select a field and receive a reward drawn from the associated distribution. Your goal is to select which arm to pull in order to maximize your reward across all of your turns.
---

Available Actions:
---

- Arm Name: desolation meddle stranded - This action has been selected 0 time(s) for an observed mean of Unknown

- Arm Name: defender pleasurable enablement - This action has been selected 0 time(s) for an observed mean of Unknown

- Arm Name: simultaneous crow matriculation - This action has been selected 0 time(s) for an observed mean of Unknown

---
When selecting an action, include only the name of the action. Do not include the dashes used to indicate the list here.

Please select an action from the list of action options in order to maximize the reward for your task.
When selecting an action, put the exact name of the action between action tags like: <action> action_name </action>.

Your thinking budget is 150 tokens. If you exceed this limit, you will be forced to provide an immediate answer.
Your overall generation limit is 200 tokens.
2026-01-25 19:26:53,650 - src.driver - INFO - GENERATED CONTENT: <action>  desolation meddle stranded </action> 
 PARSED ACTION: desolation meddle stranded
2026-01-25 19:26:53,650 - src.driver - INFO - You will be assigned a task. 
You will receive the actions you have available, followed by the action history. 
Your goal is to maximize the total reward across all 10 steps. We are on step 1. 

Task Assignment:
---
You are faced with a 3-armed bandit problem.  Each action corresponds to pulling a specific arm. Each arm is associated with a Gaussian distribution with a fixed but unknown mean. At each time step, you will select a field and receive a reward drawn from the associated distribution. Your goal is to select which arm to pull in order to maximize your reward across all of your turns.
---

Available Actions:
---

- Arm Name: desolation meddle stranded - This action has been selected 1 time(s) for an observed mean of 69.97559282845708

- Arm Name: defender pleasurable enablement - This action has been selected 0 time(s) for an observed mean of Unknown

- Arm Name: simultaneous crow matriculation - This action has been selected 0 time(s) for an observed mean of Unknown

---
When selecting an action, include only the name of the action. Do not include the dashes used to indicate the list here.

Please select an action from the list of action options in order to maximize the reward for your task.
When selecting an action, put the exact name of the action between action tags like: <action> action_name </action>.

Your thinking budget is 150 tokens. If you exceed this limit, you will be forced to provide an immediate answer.
Your overall generation limit is 200 tokens.
2026-01-25 19:27:26,714 - src.driver - INFO - GENERATED CONTENT: <action>  defender pleasurable enablement </action> 
 PARSED ACTION: defender pleasurable enablement
2026-01-25 19:27:26,715 - src.driver - INFO - You will be assigned a task. 
You will receive the actions you have available, followed by the action history. 
Your goal is to maximize the total reward across all 10 steps. We are on step 2. 

Task Assignment:
---
You are faced with a 3-armed bandit problem.  Each action corresponds to pulling a specific arm. Each arm is associated with a Gaussian distribution with a fixed but unknown mean. At each time step, you will select a field and receive a reward drawn from the associated distribution. Your goal is to select which arm to pull in order to maximize your reward across all of your turns.
---

Available Actions:
---

- Arm Name: desolation meddle stranded - This action has been selected 1 time(s) for an observed mean of 69.97559282845708

- Arm Name: defender pleasurable enablement - This action has been selected 1 time(s) for an observed mean of 32.63604479141409

- Arm Name: simultaneous crow matriculation - This action has been selected 0 time(s) for an observed mean of Unknown

---
When selecting an action, include only the name of the action. Do not include the dashes used to indicate the list here.

Please select an action from the list of action options in order to maximize the reward for your task.
When selecting an action, put the exact name of the action between action tags like: <action> action_name </action>.

Your thinking budget is 150 tokens. If you exceed this limit, you will be forced to provide an immediate answer.
Your overall generation limit is 200 tokens.
2026-01-25 19:27:59,876 - src.driver - INFO - GENERATED CONTENT: <action>  simultaneous crow matriculation </action> 
 PARSED ACTION: simultaneous crow matriculation
2026-01-25 19:27:59,877 - src.driver - INFO - You will be assigned a task. 
You will receive the actions you have available, followed by the action history. 
Your goal is to maximize the total reward across all 10 steps. We are on step 3. 

Task Assignment:
---
You are faced with a 3-armed bandit problem.  Each action corresponds to pulling a specific arm. Each arm is associated with a Gaussian distribution with a fixed but unknown mean. At each time step, you will select a field and receive a reward drawn from the associated distribution. Your goal is to select which arm to pull in order to maximize your reward across all of your turns.
---

Available Actions:
---

- Arm Name: desolation meddle stranded - This action has been selected 1 time(s) for an observed mean of 69.97559282845708

- Arm Name: defender pleasurable enablement - This action has been selected 1 time(s) for an observed mean of 32.63604479141409

- Arm Name: simultaneous crow matriculation - This action has been selected 1 time(s) for an observed mean of 33.39248081892759

---
When selecting an action, include only the name of the action. Do not include the dashes used to indicate the list here.

Please select an action from the list of action options in order to maximize the reward for your task.
When selecting an action, put the exact name of the action between action tags like: <action> action_name </action>.

Your thinking budget is 150 tokens. If you exceed this limit, you will be forced to provide an immediate answer.
Your overall generation limit is 200 tokens.
2026-01-25 19:28:33,616 - src.driver - INFO - GENERATED CONTENT: <action>  desolation meddle stranded </action> 
 PARSED ACTION: desolation meddle stranded
2026-01-25 19:28:33,617 - src.driver - INFO - You will be assigned a task. 
You will receive the actions you have available, followed by the action history. 
Your goal is to maximize the total reward across all 10 steps. We are on step 4. 

Task Assignment:
---
You are faced with a 3-armed bandit problem.  Each action corresponds to pulling a specific arm. Each arm is associated with a Gaussian distribution with a fixed but unknown mean. At each time step, you will select a field and receive a reward drawn from the associated distribution. Your goal is to select which arm to pull in order to maximize your reward across all of your turns.
---

Available Actions:
---

- Arm Name: desolation meddle stranded - This action has been selected 2 time(s) for an observed mean of 80.03469224300795

- Arm Name: defender pleasurable enablement - This action has been selected 1 time(s) for an observed mean of 32.63604479141409

- Arm Name: simultaneous crow matriculation - This action has been selected 1 time(s) for an observed mean of 33.39248081892759

---
When selecting an action, include only the name of the action. Do not include the dashes used to indicate the list here.

Please select an action from the list of action options in order to maximize the reward for your task.
When selecting an action, put the exact name of the action between action tags like: <action> action_name </action>.

Your thinking budget is 150 tokens. If you exceed this limit, you will be forced to provide an immediate answer.
Your overall generation limit is 200 tokens.
2026-01-25 19:29:07,327 - src.driver - INFO - GENERATED CONTENT: <action>  desolation meddle stranded </action> 
 PARSED ACTION: desolation meddle stranded
2026-01-25 19:29:07,328 - src.driver - INFO - You will be assigned a task. 
You will receive the actions you have available, followed by the action history. 
Your goal is to maximize the total reward across all 10 steps. We are on step 5. 

Task Assignment:
---
You are faced with a 3-armed bandit problem.  Each action corresponds to pulling a specific arm. Each arm is associated with a Gaussian distribution with a fixed but unknown mean. At each time step, you will select a field and receive a reward drawn from the associated distribution. Your goal is to select which arm to pull in order to maximize your reward across all of your turns.
---

Available Actions:
---

- Arm Name: desolation meddle stranded - This action has been selected 3 time(s) for an observed mean of 83.90054490700231

- Arm Name: defender pleasurable enablement - This action has been selected 1 time(s) for an observed mean of 32.63604479141409

- Arm Name: simultaneous crow matriculation - This action has been selected 1 time(s) for an observed mean of 33.39248081892759

---
When selecting an action, include only the name of the action. Do not include the dashes used to indicate the list here.

Please select an action from the list of action options in order to maximize the reward for your task.
When selecting an action, put the exact name of the action between action tags like: <action> action_name </action>.

Your thinking budget is 150 tokens. If you exceed this limit, you will be forced to provide an immediate answer.
Your overall generation limit is 200 tokens.
2026-01-25 19:29:40,983 - src.driver - INFO - GENERATED CONTENT: <action>  desolation meddle stranded </action> 
 PARSED ACTION: desolation meddle stranded
2026-01-25 19:29:40,983 - src.driver - INFO - You will be assigned a task. 
You will receive the actions you have available, followed by the action history. 
Your goal is to maximize the total reward across all 10 steps. We are on step 6. 

Task Assignment:
---
You are faced with a 3-armed bandit problem.  Each action corresponds to pulling a specific arm. Each arm is associated with a Gaussian distribution with a fixed but unknown mean. At each time step, you will select a field and receive a reward drawn from the associated distribution. Your goal is to select which arm to pull in order to maximize your reward across all of your turns.
---

Available Actions:
---

- Arm Name: desolation meddle stranded - This action has been selected 4 time(s) for an observed mean of 85.06077579091253

- Arm Name: defender pleasurable enablement - This action has been selected 1 time(s) for an observed mean of 32.63604479141409

- Arm Name: simultaneous crow matriculation - This action has been selected 1 time(s) for an observed mean of 33.39248081892759

---
When selecting an action, include only the name of the action. Do not include the dashes used to indicate the list here.

Please select an action from the list of action options in order to maximize the reward for your task.
When selecting an action, put the exact name of the action between action tags like: <action> action_name </action>.

Your thinking budget is 150 tokens. If you exceed this limit, you will be forced to provide an immediate answer.
Your overall generation limit is 200 tokens.
2026-01-25 19:30:14,709 - src.driver - INFO - GENERATED CONTENT: <action>  desolation meddle stranded </action> 
 PARSED ACTION: desolation meddle stranded
2026-01-25 19:30:14,710 - src.driver - INFO - You will be assigned a task. 
You will receive the actions you have available, followed by the action history. 
Your goal is to maximize the total reward across all 10 steps. We are on step 7. 

Task Assignment:
---
You are faced with a 3-armed bandit problem.  Each action corresponds to pulling a specific arm. Each arm is associated with a Gaussian distribution with a fixed but unknown mean. At each time step, you will select a field and receive a reward drawn from the associated distribution. Your goal is to select which arm to pull in order to maximize your reward across all of your turns.
---

Available Actions:
---

- Arm Name: desolation meddle stranded - This action has been selected 5 time(s) for an observed mean of 85.80440351959433

- Arm Name: defender pleasurable enablement - This action has been selected 1 time(s) for an observed mean of 32.63604479141409

- Arm Name: simultaneous crow matriculation - This action has been selected 1 time(s) for an observed mean of 33.39248081892759

---
When selecting an action, include only the name of the action. Do not include the dashes used to indicate the list here.

Please select an action from the list of action options in order to maximize the reward for your task.
When selecting an action, put the exact name of the action between action tags like: <action> action_name </action>.

Your thinking budget is 150 tokens. If you exceed this limit, you will be forced to provide an immediate answer.
Your overall generation limit is 200 tokens.
2026-01-25 19:30:48,426 - src.driver - INFO - GENERATED CONTENT: <action>  desolation meddle stranded </action> 
 PARSED ACTION: desolation meddle stranded
2026-01-25 19:30:48,427 - src.driver - INFO - You will be assigned a task. 
You will receive the actions you have available, followed by the action history. 
Your goal is to maximize the total reward across all 10 steps. We are on step 8. 

Task Assignment:
---
You are faced with a 3-armed bandit problem.  Each action corresponds to pulling a specific arm. Each arm is associated with a Gaussian distribution with a fixed but unknown mean. At each time step, you will select a field and receive a reward drawn from the associated distribution. Your goal is to select which arm to pull in order to maximize your reward across all of your turns.
---

Available Actions:
---

- Arm Name: desolation meddle stranded - This action has been selected 6 time(s) for an observed mean of 84.78891439389632

- Arm Name: defender pleasurable enablement - This action has been selected 1 time(s) for an observed mean of 32.63604479141409

- Arm Name: simultaneous crow matriculation - This action has been selected 1 time(s) for an observed mean of 33.39248081892759

---
When selecting an action, include only the name of the action. Do not include the dashes used to indicate the list here.

Please select an action from the list of action options in order to maximize the reward for your task.
When selecting an action, put the exact name of the action between action tags like: <action> action_name </action>.

Your thinking budget is 150 tokens. If you exceed this limit, you will be forced to provide an immediate answer.
Your overall generation limit is 200 tokens.
2026-01-25 19:31:22,219 - src.driver - INFO - GENERATED CONTENT: <action>  desolation meddle stranded </action> 
 PARSED ACTION: desolation meddle stranded
2026-01-25 19:31:22,219 - src.driver - INFO - You will be assigned a task. 
You will receive the actions you have available, followed by the action history. 
Your goal is to maximize the total reward across all 10 steps. We are on step 9. 

Task Assignment:
---
You are faced with a 3-armed bandit problem.  Each action corresponds to pulling a specific arm. Each arm is associated with a Gaussian distribution with a fixed but unknown mean. At each time step, you will select a field and receive a reward drawn from the associated distribution. Your goal is to select which arm to pull in order to maximize your reward across all of your turns.
---

Available Actions:
---

- Arm Name: desolation meddle stranded - This action has been selected 7 time(s) for an observed mean of 82.72034098798694

- Arm Name: defender pleasurable enablement - This action has been selected 1 time(s) for an observed mean of 32.63604479141409

- Arm Name: simultaneous crow matriculation - This action has been selected 1 time(s) for an observed mean of 33.39248081892759

---
When selecting an action, include only the name of the action. Do not include the dashes used to indicate the list here.

Please select an action from the list of action options in order to maximize the reward for your task.
When selecting an action, put the exact name of the action between action tags like: <action> action_name </action>.

Your thinking budget is 150 tokens. If you exceed this limit, you will be forced to provide an immediate answer.
Your overall generation limit is 200 tokens.
2026-01-25 19:31:56,007 - src.driver - INFO - GENERATED CONTENT: <action>  desolation meddle stranded </action> 
 PARSED ACTION: desolation meddle stranded
