2026-02-12 16:46:50,526 - src.driver - INFO - You will be assigned a task. 
You will receive the actions you have available, followed by the action history. 
Your goal is to maximize the total reward across all 10 steps. We are on step 0. 

Task Assignment:
---
You are a farmer who owns 3 fields. Each action corresponds to planting your crop in a different field. Each field is associated with a Gaussian distribution with a fixed but unknown mean. At each time step, you will select a field and receive a reward drawn from the associated distribution. Your goal is to maximize your reward across all of your turns.
---

Available Actions:
---

- Field Name: footprint environs nod 

- Field Name: unhealthy unholy anguish 

- Field Name: holy worth antidote 

---
When selecting an action, include only the name of the action. Do not include the dashes used to indicate the list here.

History:
---

This is the first turn. There is no history.

---

Please select an action from the list of action options in order to maximize the reward for your task.
When selecting an action, put the exact name of the action between action tags like: <action> action_name </action>.

Your thinking budget is 150 tokens. If you exceed this limit, you will be forced to provide an immediate answer.
Your overall generation limit is 200 tokens.
2026-02-12 16:47:22,440 - src.driver - INFO - GENERATED CONTENT: <action>  footprint environs nod </action> 
 PARSED ACTION: footprint environs nod
2026-02-12 16:47:22,441 - src.driver - INFO - You will be assigned a task. 
You will receive the actions you have available, followed by the action history. 
Your goal is to maximize the total reward across all 10 steps. We are on step 1. 

Task Assignment:
---
You are a farmer who owns 3 fields. Each action corresponds to planting your crop in a different field. Each field is associated with a Gaussian distribution with a fixed but unknown mean. At each time step, you will select a field and receive a reward drawn from the associated distribution. Your goal is to maximize your reward across all of your turns.
---

Available Actions:
---

- Field Name: footprint environs nod 

- Field Name: unhealthy unholy anguish 

- Field Name: holy worth antidote 

---
When selecting an action, include only the name of the action. Do not include the dashes used to indicate the list here.

History:
---


- {'state': {}, 'action_taken': 'footprint environs nod', 'reward': 50.0}


---

Please select an action from the list of action options in order to maximize the reward for your task.
When selecting an action, put the exact name of the action between action tags like: <action> action_name </action>.

Your thinking budget is 150 tokens. If you exceed this limit, you will be forced to provide an immediate answer.
Your overall generation limit is 200 tokens.
2026-02-12 16:47:54,487 - src.driver - INFO - GENERATED CONTENT: <action>  footprint environs nod </action> 
 PARSED ACTION: footprint environs nod
2026-02-12 16:47:54,488 - src.driver - INFO - You will be assigned a task. 
You will receive the actions you have available, followed by the action history. 
Your goal is to maximize the total reward across all 10 steps. We are on step 2. 

Task Assignment:
---
You are a farmer who owns 3 fields. Each action corresponds to planting your crop in a different field. Each field is associated with a Gaussian distribution with a fixed but unknown mean. At each time step, you will select a field and receive a reward drawn from the associated distribution. Your goal is to maximize your reward across all of your turns.
---

Available Actions:
---

- Field Name: footprint environs nod 

- Field Name: unhealthy unholy anguish 

- Field Name: holy worth antidote 

---
When selecting an action, include only the name of the action. Do not include the dashes used to indicate the list here.

History:
---


- {'state': {}, 'action_taken': 'footprint environs nod', 'reward': 50.0}

- {'state': {}, 'action_taken': 'footprint environs nod', 'reward': 50.0}


---

Please select an action from the list of action options in order to maximize the reward for your task.
When selecting an action, put the exact name of the action between action tags like: <action> action_name </action>.

Your thinking budget is 150 tokens. If you exceed this limit, you will be forced to provide an immediate answer.
Your overall generation limit is 200 tokens.
2026-02-12 16:48:27,148 - src.driver - INFO - GENERATED CONTENT: <action>  footprint environs nod </action> 
 PARSED ACTION: footprint environs nod
2026-02-12 16:48:27,149 - src.driver - INFO - You will be assigned a task. 
You will receive the actions you have available, followed by the action history. 
Your goal is to maximize the total reward across all 10 steps. We are on step 3. 

Task Assignment:
---
You are a farmer who owns 3 fields. Each action corresponds to planting your crop in a different field. Each field is associated with a Gaussian distribution with a fixed but unknown mean. At each time step, you will select a field and receive a reward drawn from the associated distribution. Your goal is to maximize your reward across all of your turns.
---

Available Actions:
---

- Field Name: footprint environs nod 

- Field Name: unhealthy unholy anguish 

- Field Name: holy worth antidote 

---
When selecting an action, include only the name of the action. Do not include the dashes used to indicate the list here.

History:
---


- {'state': {}, 'action_taken': 'footprint environs nod', 'reward': 50.0}

- {'state': {}, 'action_taken': 'footprint environs nod', 'reward': 50.0}

- {'state': {}, 'action_taken': 'footprint environs nod', 'reward': 50.0}


---

Please select an action from the list of action options in order to maximize the reward for your task.
When selecting an action, put the exact name of the action between action tags like: <action> action_name </action>.

Your thinking budget is 150 tokens. If you exceed this limit, you will be forced to provide an immediate answer.
Your overall generation limit is 200 tokens.
2026-02-12 16:49:00,436 - src.driver - INFO - GENERATED CONTENT: <action>  footprint environs nod </action> 
 PARSED ACTION: footprint environs nod
2026-02-12 16:49:00,437 - src.driver - INFO - You will be assigned a task. 
You will receive the actions you have available, followed by the action history. 
Your goal is to maximize the total reward across all 10 steps. We are on step 4. 

Task Assignment:
---
You are a farmer who owns 3 fields. Each action corresponds to planting your crop in a different field. Each field is associated with a Gaussian distribution with a fixed but unknown mean. At each time step, you will select a field and receive a reward drawn from the associated distribution. Your goal is to maximize your reward across all of your turns.
---

Available Actions:
---

- Field Name: footprint environs nod 

- Field Name: unhealthy unholy anguish 

- Field Name: holy worth antidote 

---
When selecting an action, include only the name of the action. Do not include the dashes used to indicate the list here.

History:
---


- {'state': {}, 'action_taken': 'footprint environs nod', 'reward': 50.0}

- {'state': {}, 'action_taken': 'footprint environs nod', 'reward': 50.0}

- {'state': {}, 'action_taken': 'footprint environs nod', 'reward': 50.0}

- {'state': {}, 'action_taken': 'footprint environs nod', 'reward': 50.0}


---

Please select an action from the list of action options in order to maximize the reward for your task.
When selecting an action, put the exact name of the action between action tags like: <action> action_name </action>.

Your thinking budget is 150 tokens. If you exceed this limit, you will be forced to provide an immediate answer.
Your overall generation limit is 200 tokens.
2026-02-12 16:49:34,196 - src.driver - INFO - GENERATED CONTENT: <action>  holy worth antidote </action> 
 PARSED ACTION: holy worth antidote
2026-02-12 16:49:34,196 - src.driver - INFO - You will be assigned a task. 
You will receive the actions you have available, followed by the action history. 
Your goal is to maximize the total reward across all 10 steps. We are on step 5. 

Task Assignment:
---
You are a farmer who owns 3 fields. Each action corresponds to planting your crop in a different field. Each field is associated with a Gaussian distribution with a fixed but unknown mean. At each time step, you will select a field and receive a reward drawn from the associated distribution. Your goal is to maximize your reward across all of your turns.
---

Available Actions:
---

- Field Name: footprint environs nod 

- Field Name: unhealthy unholy anguish 

- Field Name: holy worth antidote 

---
When selecting an action, include only the name of the action. Do not include the dashes used to indicate the list here.

History:
---


- {'state': {}, 'action_taken': 'footprint environs nod', 'reward': 50.0}

- {'state': {}, 'action_taken': 'footprint environs nod', 'reward': 50.0}

- {'state': {}, 'action_taken': 'footprint environs nod', 'reward': 50.0}

- {'state': {}, 'action_taken': 'footprint environs nod', 'reward': 50.0}

- {'state': {}, 'action_taken': 'holy worth antidote', 'reward': 75.0}


---

Please select an action from the list of action options in order to maximize the reward for your task.
When selecting an action, put the exact name of the action between action tags like: <action> action_name </action>.

Your thinking budget is 150 tokens. If you exceed this limit, you will be forced to provide an immediate answer.
Your overall generation limit is 200 tokens.
2026-02-12 16:50:08,703 - src.driver - INFO - GENERATED CONTENT: <action>  holy worth antidote </action> 
 PARSED ACTION: holy worth antidote
2026-02-12 16:50:08,704 - src.driver - INFO - You will be assigned a task. 
You will receive the actions you have available, followed by the action history. 
Your goal is to maximize the total reward across all 10 steps. We are on step 6. 

Task Assignment:
---
You are a farmer who owns 3 fields. Each action corresponds to planting your crop in a different field. Each field is associated with a Gaussian distribution with a fixed but unknown mean. At each time step, you will select a field and receive a reward drawn from the associated distribution. Your goal is to maximize your reward across all of your turns.
---

Available Actions:
---

- Field Name: footprint environs nod 

- Field Name: unhealthy unholy anguish 

- Field Name: holy worth antidote 

---
When selecting an action, include only the name of the action. Do not include the dashes used to indicate the list here.

History:
---


- {'state': {}, 'action_taken': 'footprint environs nod', 'reward': 50.0}

- {'state': {}, 'action_taken': 'footprint environs nod', 'reward': 50.0}

- {'state': {}, 'action_taken': 'footprint environs nod', 'reward': 50.0}

- {'state': {}, 'action_taken': 'footprint environs nod', 'reward': 50.0}

- {'state': {}, 'action_taken': 'holy worth antidote', 'reward': 75.0}

- {'state': {}, 'action_taken': 'holy worth antidote', 'reward': 75.0}


---

Please select an action from the list of action options in order to maximize the reward for your task.
When selecting an action, put the exact name of the action between action tags like: <action> action_name </action>.

Your thinking budget is 150 tokens. If you exceed this limit, you will be forced to provide an immediate answer.
Your overall generation limit is 200 tokens.
2026-02-12 16:50:43,390 - src.driver - INFO - GENERATED CONTENT: <action>  holy worth antidote </action> 
 PARSED ACTION: holy worth antidote
2026-02-12 16:50:43,391 - src.driver - INFO - You will be assigned a task. 
You will receive the actions you have available, followed by the action history. 
Your goal is to maximize the total reward across all 10 steps. We are on step 7. 

Task Assignment:
---
You are a farmer who owns 3 fields. Each action corresponds to planting your crop in a different field. Each field is associated with a Gaussian distribution with a fixed but unknown mean. At each time step, you will select a field and receive a reward drawn from the associated distribution. Your goal is to maximize your reward across all of your turns.
---

Available Actions:
---

- Field Name: footprint environs nod 

- Field Name: unhealthy unholy anguish 

- Field Name: holy worth antidote 

---
When selecting an action, include only the name of the action. Do not include the dashes used to indicate the list here.

History:
---


- {'state': {}, 'action_taken': 'footprint environs nod', 'reward': 50.0}

- {'state': {}, 'action_taken': 'footprint environs nod', 'reward': 50.0}

- {'state': {}, 'action_taken': 'footprint environs nod', 'reward': 50.0}

- {'state': {}, 'action_taken': 'footprint environs nod', 'reward': 50.0}

- {'state': {}, 'action_taken': 'holy worth antidote', 'reward': 75.0}

- {'state': {}, 'action_taken': 'holy worth antidote', 'reward': 75.0}

- {'state': {}, 'action_taken': 'holy worth antidote', 'reward': 75.0}


---

Please select an action from the list of action options in order to maximize the reward for your task.
When selecting an action, put the exact name of the action between action tags like: <action> action_name </action>.

Your thinking budget is 150 tokens. If you exceed this limit, you will be forced to provide an immediate answer.
Your overall generation limit is 200 tokens.
2026-02-12 16:51:18,756 - src.driver - INFO - GENERATED CONTENT: <action>  holy worth antidote </action> 
 PARSED ACTION: holy worth antidote
2026-02-12 16:51:18,757 - src.driver - INFO - You will be assigned a task. 
You will receive the actions you have available, followed by the action history. 
Your goal is to maximize the total reward across all 10 steps. We are on step 8. 

Task Assignment:
---
You are a farmer who owns 3 fields. Each action corresponds to planting your crop in a different field. Each field is associated with a Gaussian distribution with a fixed but unknown mean. At each time step, you will select a field and receive a reward drawn from the associated distribution. Your goal is to maximize your reward across all of your turns.
---

Available Actions:
---

- Field Name: footprint environs nod 

- Field Name: unhealthy unholy anguish 

- Field Name: holy worth antidote 

---
When selecting an action, include only the name of the action. Do not include the dashes used to indicate the list here.

History:
---


- {'state': {}, 'action_taken': 'footprint environs nod', 'reward': 50.0}

- {'state': {}, 'action_taken': 'footprint environs nod', 'reward': 50.0}

- {'state': {}, 'action_taken': 'footprint environs nod', 'reward': 50.0}

- {'state': {}, 'action_taken': 'footprint environs nod', 'reward': 50.0}

- {'state': {}, 'action_taken': 'holy worth antidote', 'reward': 75.0}

- {'state': {}, 'action_taken': 'holy worth antidote', 'reward': 75.0}

- {'state': {}, 'action_taken': 'holy worth antidote', 'reward': 75.0}

- {'state': {}, 'action_taken': 'holy worth antidote', 'reward': 75.0}


---

Please select an action from the list of action options in order to maximize the reward for your task.
When selecting an action, put the exact name of the action between action tags like: <action> action_name </action>.

Your thinking budget is 150 tokens. If you exceed this limit, you will be forced to provide an immediate answer.
Your overall generation limit is 200 tokens.
2026-02-12 16:51:54,739 - src.driver - INFO - GENERATED CONTENT: <action>  holy worth antidote </action> 
 PARSED ACTION: holy worth antidote
2026-02-12 16:51:54,740 - src.driver - INFO - You will be assigned a task. 
You will receive the actions you have available, followed by the action history. 
Your goal is to maximize the total reward across all 10 steps. We are on step 9. 

Task Assignment:
---
You are a farmer who owns 3 fields. Each action corresponds to planting your crop in a different field. Each field is associated with a Gaussian distribution with a fixed but unknown mean. At each time step, you will select a field and receive a reward drawn from the associated distribution. Your goal is to maximize your reward across all of your turns.
---

Available Actions:
---

- Field Name: footprint environs nod 

- Field Name: unhealthy unholy anguish 

- Field Name: holy worth antidote 

---
When selecting an action, include only the name of the action. Do not include the dashes used to indicate the list here.

History:
---


- {'state': {}, 'action_taken': 'footprint environs nod', 'reward': 50.0}

- {'state': {}, 'action_taken': 'footprint environs nod', 'reward': 50.0}

- {'state': {}, 'action_taken': 'footprint environs nod', 'reward': 50.0}

- {'state': {}, 'action_taken': 'footprint environs nod', 'reward': 50.0}

- {'state': {}, 'action_taken': 'holy worth antidote', 'reward': 75.0}

- {'state': {}, 'action_taken': 'holy worth antidote', 'reward': 75.0}

- {'state': {}, 'action_taken': 'holy worth antidote', 'reward': 75.0}

- {'state': {}, 'action_taken': 'holy worth antidote', 'reward': 75.0}

- {'state': {}, 'action_taken': 'holy worth antidote', 'reward': 75.0}


---

Please select an action from the list of action options in order to maximize the reward for your task.
When selecting an action, put the exact name of the action between action tags like: <action> action_name </action>.

Your thinking budget is 150 tokens. If you exceed this limit, you will be forced to provide an immediate answer.
Your overall generation limit is 200 tokens.
2026-02-12 16:52:31,383 - src.driver - INFO - GENERATED CONTENT: <action>  holy worth antidote </action> 
 PARSED ACTION: holy worth antidote
2026-02-12 16:52:31,402 - src.driver - INFO - You will be assigned a task. 
You will receive the actions you have available, followed by the action history. 
Your goal is to maximize the total reward across all 10 steps. We are on step 0. 

Task Assignment:
---
You are a farmer who owns 3 fields. Each action corresponds to planting your crop in a different field. Each field is associated with a Gaussian distribution with a fixed but unknown mean. At each time step, you will select a field and receive a reward drawn from the associated distribution. Your goal is to maximize your reward across all of your turns.
---

Available Actions:
---

- Field Name: gracious endure dashing 

- Field Name: grated poisoning incestuous 

- Field Name: clientele ratification character 

---
When selecting an action, include only the name of the action. Do not include the dashes used to indicate the list here.

History:
---

This is the first turn. There is no history.

---

Please select an action from the list of action options in order to maximize the reward for your task.
When selecting an action, put the exact name of the action between action tags like: <action> action_name </action>.

Your thinking budget is 150 tokens. If you exceed this limit, you will be forced to provide an immediate answer.
Your overall generation limit is 200 tokens.
2026-02-12 16:53:03,150 - src.driver - INFO - GENERATED CONTENT: <action>  clientele ratification character </action> 
 PARSED ACTION: clientele ratification character
2026-02-12 16:53:03,151 - src.driver - INFO - You will be assigned a task. 
You will receive the actions you have available, followed by the action history. 
Your goal is to maximize the total reward across all 10 steps. We are on step 1. 

Task Assignment:
---
You are a farmer who owns 3 fields. Each action corresponds to planting your crop in a different field. Each field is associated with a Gaussian distribution with a fixed but unknown mean. At each time step, you will select a field and receive a reward drawn from the associated distribution. Your goal is to maximize your reward across all of your turns.
---

Available Actions:
---

- Field Name: gracious endure dashing 

- Field Name: grated poisoning incestuous 

- Field Name: clientele ratification character 

---
When selecting an action, include only the name of the action. Do not include the dashes used to indicate the list here.

History:
---


- {'state': {}, 'action_taken': 'clientele ratification character', 'reward': 50.0}


---

Please select an action from the list of action options in order to maximize the reward for your task.
When selecting an action, put the exact name of the action between action tags like: <action> action_name </action>.

Your thinking budget is 150 tokens. If you exceed this limit, you will be forced to provide an immediate answer.
Your overall generation limit is 200 tokens.
2026-02-12 16:53:35,011 - src.driver - INFO - GENERATED CONTENT: <action>  gracious endure dashing </action> 
 PARSED ACTION: gracious endure dashing
2026-02-12 16:53:35,011 - src.driver - INFO - You will be assigned a task. 
You will receive the actions you have available, followed by the action history. 
Your goal is to maximize the total reward across all 10 steps. We are on step 2. 

Task Assignment:
---
You are a farmer who owns 3 fields. Each action corresponds to planting your crop in a different field. Each field is associated with a Gaussian distribution with a fixed but unknown mean. At each time step, you will select a field and receive a reward drawn from the associated distribution. Your goal is to maximize your reward across all of your turns.
---

Available Actions:
---

- Field Name: gracious endure dashing 

- Field Name: grated poisoning incestuous 

- Field Name: clientele ratification character 

---
When selecting an action, include only the name of the action. Do not include the dashes used to indicate the list here.

History:
---


- {'state': {}, 'action_taken': 'clientele ratification character', 'reward': 50.0}

- {'state': {}, 'action_taken': 'gracious endure dashing', 'reward': 75.0}


---

Please select an action from the list of action options in order to maximize the reward for your task.
When selecting an action, put the exact name of the action between action tags like: <action> action_name </action>.

Your thinking budget is 150 tokens. If you exceed this limit, you will be forced to provide an immediate answer.
Your overall generation limit is 200 tokens.
2026-02-12 16:54:07,510 - src.driver - INFO - GENERATED CONTENT: <action>  grated poisoning incestuous </action> 
 PARSED ACTION: grated poisoning incestuous
2026-02-12 16:54:07,511 - src.driver - INFO - You will be assigned a task. 
You will receive the actions you have available, followed by the action history. 
Your goal is to maximize the total reward across all 10 steps. We are on step 3. 

Task Assignment:
---
You are a farmer who owns 3 fields. Each action corresponds to planting your crop in a different field. Each field is associated with a Gaussian distribution with a fixed but unknown mean. At each time step, you will select a field and receive a reward drawn from the associated distribution. Your goal is to maximize your reward across all of your turns.
---

Available Actions:
---

- Field Name: gracious endure dashing 

- Field Name: grated poisoning incestuous 

- Field Name: clientele ratification character 

---
When selecting an action, include only the name of the action. Do not include the dashes used to indicate the list here.

History:
---


- {'state': {}, 'action_taken': 'clientele ratification character', 'reward': 50.0}

- {'state': {}, 'action_taken': 'gracious endure dashing', 'reward': 75.0}

- {'state': {}, 'action_taken': 'grated poisoning incestuous', 'reward': 25.0}


---

Please select an action from the list of action options in order to maximize the reward for your task.
When selecting an action, put the exact name of the action between action tags like: <action> action_name </action>.

Your thinking budget is 150 tokens. If you exceed this limit, you will be forced to provide an immediate answer.
Your overall generation limit is 200 tokens.
2026-02-12 16:54:40,587 - src.driver - INFO - GENERATED CONTENT: <action>  gracious endure dashing </action> 
 PARSED ACTION: gracious endure dashing
2026-02-12 16:54:40,587 - src.driver - INFO - You will be assigned a task. 
You will receive the actions you have available, followed by the action history. 
Your goal is to maximize the total reward across all 10 steps. We are on step 4. 

Task Assignment:
---
You are a farmer who owns 3 fields. Each action corresponds to planting your crop in a different field. Each field is associated with a Gaussian distribution with a fixed but unknown mean. At each time step, you will select a field and receive a reward drawn from the associated distribution. Your goal is to maximize your reward across all of your turns.
---

Available Actions:
---

- Field Name: gracious endure dashing 

- Field Name: grated poisoning incestuous 

- Field Name: clientele ratification character 

---
When selecting an action, include only the name of the action. Do not include the dashes used to indicate the list here.

History:
---


- {'state': {}, 'action_taken': 'clientele ratification character', 'reward': 50.0}

- {'state': {}, 'action_taken': 'gracious endure dashing', 'reward': 75.0}

- {'state': {}, 'action_taken': 'grated poisoning incestuous', 'reward': 25.0}

- {'state': {}, 'action_taken': 'gracious endure dashing', 'reward': 75.0}


---

Please select an action from the list of action options in order to maximize the reward for your task.
When selecting an action, put the exact name of the action between action tags like: <action> action_name </action>.

Your thinking budget is 150 tokens. If you exceed this limit, you will be forced to provide an immediate answer.
Your overall generation limit is 200 tokens.
2026-02-12 16:55:13,845 - src.driver - INFO - GENERATED CONTENT: <action>  gracious endure dashing </action> 
 PARSED ACTION: gracious endure dashing
2026-02-12 16:55:13,845 - src.driver - INFO - You will be assigned a task. 
You will receive the actions you have available, followed by the action history. 
Your goal is to maximize the total reward across all 10 steps. We are on step 5. 

Task Assignment:
---
You are a farmer who owns 3 fields. Each action corresponds to planting your crop in a different field. Each field is associated with a Gaussian distribution with a fixed but unknown mean. At each time step, you will select a field and receive a reward drawn from the associated distribution. Your goal is to maximize your reward across all of your turns.
---

Available Actions:
---

- Field Name: gracious endure dashing 

- Field Name: grated poisoning incestuous 

- Field Name: clientele ratification character 

---
When selecting an action, include only the name of the action. Do not include the dashes used to indicate the list here.

History:
---


- {'state': {}, 'action_taken': 'clientele ratification character', 'reward': 50.0}

- {'state': {}, 'action_taken': 'gracious endure dashing', 'reward': 75.0}

- {'state': {}, 'action_taken': 'grated poisoning incestuous', 'reward': 25.0}

- {'state': {}, 'action_taken': 'gracious endure dashing', 'reward': 75.0}

- {'state': {}, 'action_taken': 'gracious endure dashing', 'reward': 75.0}


---

Please select an action from the list of action options in order to maximize the reward for your task.
When selecting an action, put the exact name of the action between action tags like: <action> action_name </action>.

Your thinking budget is 150 tokens. If you exceed this limit, you will be forced to provide an immediate answer.
Your overall generation limit is 200 tokens.
2026-02-12 16:55:48,324 - src.driver - INFO - GENERATED CONTENT: <action>  gracious endure dashing </action> 
 PARSED ACTION: gracious endure dashing
2026-02-12 16:55:48,325 - src.driver - INFO - You will be assigned a task. 
You will receive the actions you have available, followed by the action history. 
Your goal is to maximize the total reward across all 10 steps. We are on step 6. 

Task Assignment:
---
You are a farmer who owns 3 fields. Each action corresponds to planting your crop in a different field. Each field is associated with a Gaussian distribution with a fixed but unknown mean. At each time step, you will select a field and receive a reward drawn from the associated distribution. Your goal is to maximize your reward across all of your turns.
---

Available Actions:
---

- Field Name: gracious endure dashing 

- Field Name: grated poisoning incestuous 

- Field Name: clientele ratification character 

---
When selecting an action, include only the name of the action. Do not include the dashes used to indicate the list here.

History:
---


- {'state': {}, 'action_taken': 'clientele ratification character', 'reward': 50.0}

- {'state': {}, 'action_taken': 'gracious endure dashing', 'reward': 75.0}

- {'state': {}, 'action_taken': 'grated poisoning incestuous', 'reward': 25.0}

- {'state': {}, 'action_taken': 'gracious endure dashing', 'reward': 75.0}

- {'state': {}, 'action_taken': 'gracious endure dashing', 'reward': 75.0}

- {'state': {}, 'action_taken': 'gracious endure dashing', 'reward': 75.0}


---

Please select an action from the list of action options in order to maximize the reward for your task.
When selecting an action, put the exact name of the action between action tags like: <action> action_name </action>.

Your thinking budget is 150 tokens. If you exceed this limit, you will be forced to provide an immediate answer.
Your overall generation limit is 200 tokens.
2026-02-12 16:56:22,960 - src.driver - INFO - GENERATED CONTENT: <action>  gracious endure dashing </action> 
 PARSED ACTION: gracious endure dashing
2026-02-12 16:56:22,961 - src.driver - INFO - You will be assigned a task. 
You will receive the actions you have available, followed by the action history. 
Your goal is to maximize the total reward across all 10 steps. We are on step 7. 

Task Assignment:
---
You are a farmer who owns 3 fields. Each action corresponds to planting your crop in a different field. Each field is associated with a Gaussian distribution with a fixed but unknown mean. At each time step, you will select a field and receive a reward drawn from the associated distribution. Your goal is to maximize your reward across all of your turns.
---

Available Actions:
---

- Field Name: gracious endure dashing 

- Field Name: grated poisoning incestuous 

- Field Name: clientele ratification character 

---
When selecting an action, include only the name of the action. Do not include the dashes used to indicate the list here.

History:
---


- {'state': {}, 'action_taken': 'clientele ratification character', 'reward': 50.0}

- {'state': {}, 'action_taken': 'gracious endure dashing', 'reward': 75.0}

- {'state': {}, 'action_taken': 'grated poisoning incestuous', 'reward': 25.0}

- {'state': {}, 'action_taken': 'gracious endure dashing', 'reward': 75.0}

- {'state': {}, 'action_taken': 'gracious endure dashing', 'reward': 75.0}

- {'state': {}, 'action_taken': 'gracious endure dashing', 'reward': 75.0}

- {'state': {}, 'action_taken': 'gracious endure dashing', 'reward': 75.0}


---

Please select an action from the list of action options in order to maximize the reward for your task.
When selecting an action, put the exact name of the action between action tags like: <action> action_name </action>.

Your thinking budget is 150 tokens. If you exceed this limit, you will be forced to provide an immediate answer.
Your overall generation limit is 200 tokens.
2026-02-12 16:56:58,268 - src.driver - INFO - GENERATED CONTENT: <action>  gracious endure dashing </action> 
 PARSED ACTION: gracious endure dashing
2026-02-12 16:56:58,269 - src.driver - INFO - You will be assigned a task. 
You will receive the actions you have available, followed by the action history. 
Your goal is to maximize the total reward across all 10 steps. We are on step 8. 

Task Assignment:
---
You are a farmer who owns 3 fields. Each action corresponds to planting your crop in a different field. Each field is associated with a Gaussian distribution with a fixed but unknown mean. At each time step, you will select a field and receive a reward drawn from the associated distribution. Your goal is to maximize your reward across all of your turns.
---

Available Actions:
---

- Field Name: gracious endure dashing 

- Field Name: grated poisoning incestuous 

- Field Name: clientele ratification character 

---
When selecting an action, include only the name of the action. Do not include the dashes used to indicate the list here.

History:
---


- {'state': {}, 'action_taken': 'clientele ratification character', 'reward': 50.0}

- {'state': {}, 'action_taken': 'gracious endure dashing', 'reward': 75.0}

- {'state': {}, 'action_taken': 'grated poisoning incestuous', 'reward': 25.0}

- {'state': {}, 'action_taken': 'gracious endure dashing', 'reward': 75.0}

- {'state': {}, 'action_taken': 'gracious endure dashing', 'reward': 75.0}

- {'state': {}, 'action_taken': 'gracious endure dashing', 'reward': 75.0}

- {'state': {}, 'action_taken': 'gracious endure dashing', 'reward': 75.0}

- {'state': {}, 'action_taken': 'gracious endure dashing', 'reward': 75.0}


---

Please select an action from the list of action options in order to maximize the reward for your task.
When selecting an action, put the exact name of the action between action tags like: <action> action_name </action>.

Your thinking budget is 150 tokens. If you exceed this limit, you will be forced to provide an immediate answer.
Your overall generation limit is 200 tokens.
2026-02-12 16:57:34,229 - src.driver - INFO - GENERATED CONTENT: <action>  gracious endure dashing </action> 
 PARSED ACTION: gracious endure dashing
2026-02-12 16:57:34,230 - src.driver - INFO - You will be assigned a task. 
You will receive the actions you have available, followed by the action history. 
Your goal is to maximize the total reward across all 10 steps. We are on step 9. 

Task Assignment:
---
You are a farmer who owns 3 fields. Each action corresponds to planting your crop in a different field. Each field is associated with a Gaussian distribution with a fixed but unknown mean. At each time step, you will select a field and receive a reward drawn from the associated distribution. Your goal is to maximize your reward across all of your turns.
---

Available Actions:
---

- Field Name: gracious endure dashing 

- Field Name: grated poisoning incestuous 

- Field Name: clientele ratification character 

---
When selecting an action, include only the name of the action. Do not include the dashes used to indicate the list here.

History:
---


- {'state': {}, 'action_taken': 'clientele ratification character', 'reward': 50.0}

- {'state': {}, 'action_taken': 'gracious endure dashing', 'reward': 75.0}

- {'state': {}, 'action_taken': 'grated poisoning incestuous', 'reward': 25.0}

- {'state': {}, 'action_taken': 'gracious endure dashing', 'reward': 75.0}

- {'state': {}, 'action_taken': 'gracious endure dashing', 'reward': 75.0}

- {'state': {}, 'action_taken': 'gracious endure dashing', 'reward': 75.0}

- {'state': {}, 'action_taken': 'gracious endure dashing', 'reward': 75.0}

- {'state': {}, 'action_taken': 'gracious endure dashing', 'reward': 75.0}

- {'state': {}, 'action_taken': 'gracious endure dashing', 'reward': 75.0}


---

Please select an action from the list of action options in order to maximize the reward for your task.
When selecting an action, put the exact name of the action between action tags like: <action> action_name </action>.

Your thinking budget is 150 tokens. If you exceed this limit, you will be forced to provide an immediate answer.
Your overall generation limit is 200 tokens.
2026-02-12 16:58:10,443 - src.driver - INFO - GENERATED CONTENT: <action>  gracious endure dashing </action> 
 PARSED ACTION: gracious endure dashing
2026-02-12 16:58:10,461 - src.driver - INFO - You will be assigned a task. 
You will receive the actions you have available, followed by the action history. 
Your goal is to maximize the total reward across all 10 steps. We are on step 0. 

Task Assignment:
---
You are a farmer who owns 3 fields. Each action corresponds to planting your crop in a different field. Each field is associated with a Gaussian distribution with a fixed but unknown mean. At each time step, you will select a field and receive a reward drawn from the associated distribution. Your goal is to maximize your reward across all of your turns.
---

Available Actions:
---

- Field Name: delirium indifference exaggerated 

- Field Name: clientele ratification character 

- Field Name: smile supremely immortal 

---
When selecting an action, include only the name of the action. Do not include the dashes used to indicate the list here.

History:
---

This is the first turn. There is no history.

---

Please select an action from the list of action options in order to maximize the reward for your task.
When selecting an action, put the exact name of the action between action tags like: <action> action_name </action>.

Your thinking budget is 150 tokens. If you exceed this limit, you will be forced to provide an immediate answer.
Your overall generation limit is 200 tokens.
2026-02-12 16:58:42,428 - src.driver - INFO - GENERATED CONTENT: <action>  delirium indifference exaggerated </action> 
 PARSED ACTION: delirium indifference exaggerated
2026-02-12 16:58:42,429 - src.driver - INFO - You will be assigned a task. 
You will receive the actions you have available, followed by the action history. 
Your goal is to maximize the total reward across all 10 steps. We are on step 1. 

Task Assignment:
---
You are a farmer who owns 3 fields. Each action corresponds to planting your crop in a different field. Each field is associated with a Gaussian distribution with a fixed but unknown mean. At each time step, you will select a field and receive a reward drawn from the associated distribution. Your goal is to maximize your reward across all of your turns.
---

Available Actions:
---

- Field Name: delirium indifference exaggerated 

- Field Name: clientele ratification character 

- Field Name: smile supremely immortal 

---
When selecting an action, include only the name of the action. Do not include the dashes used to indicate the list here.

History:
---


- {'state': {}, 'action_taken': 'delirium indifference exaggerated', 'reward': 25.0}


---

Please select an action from the list of action options in order to maximize the reward for your task.
When selecting an action, put the exact name of the action between action tags like: <action> action_name </action>.

Your thinking budget is 150 tokens. If you exceed this limit, you will be forced to provide an immediate answer.
Your overall generation limit is 200 tokens.
2026-02-12 16:59:14,316 - src.driver - INFO - GENERATED CONTENT: <action>  clientele ratification character </action> 
 PARSED ACTION: clientele ratification character
2026-02-12 16:59:14,317 - src.driver - INFO - You will be assigned a task. 
You will receive the actions you have available, followed by the action history. 
Your goal is to maximize the total reward across all 10 steps. We are on step 2. 

Task Assignment:
---
You are a farmer who owns 3 fields. Each action corresponds to planting your crop in a different field. Each field is associated with a Gaussian distribution with a fixed but unknown mean. At each time step, you will select a field and receive a reward drawn from the associated distribution. Your goal is to maximize your reward across all of your turns.
---

Available Actions:
---

- Field Name: delirium indifference exaggerated 

- Field Name: clientele ratification character 

- Field Name: smile supremely immortal 

---
When selecting an action, include only the name of the action. Do not include the dashes used to indicate the list here.

History:
---


- {'state': {}, 'action_taken': 'delirium indifference exaggerated', 'reward': 25.0}

- {'state': {}, 'action_taken': 'clientele ratification character', 'reward': 50.0}


---

Please select an action from the list of action options in order to maximize the reward for your task.
When selecting an action, put the exact name of the action between action tags like: <action> action_name </action>.

Your thinking budget is 150 tokens. If you exceed this limit, you will be forced to provide an immediate answer.
Your overall generation limit is 200 tokens.
2026-02-12 16:59:46,790 - src.driver - INFO - GENERATED CONTENT: <action>  smile supremely immortal </action> 
 PARSED ACTION: smile supremely immortal
2026-02-12 16:59:46,791 - src.driver - INFO - You will be assigned a task. 
You will receive the actions you have available, followed by the action history. 
Your goal is to maximize the total reward across all 10 steps. We are on step 3. 

Task Assignment:
---
You are a farmer who owns 3 fields. Each action corresponds to planting your crop in a different field. Each field is associated with a Gaussian distribution with a fixed but unknown mean. At each time step, you will select a field and receive a reward drawn from the associated distribution. Your goal is to maximize your reward across all of your turns.
---

Available Actions:
---

- Field Name: delirium indifference exaggerated 

- Field Name: clientele ratification character 

- Field Name: smile supremely immortal 

---
When selecting an action, include only the name of the action. Do not include the dashes used to indicate the list here.

History:
---


- {'state': {}, 'action_taken': 'delirium indifference exaggerated', 'reward': 25.0}

- {'state': {}, 'action_taken': 'clientele ratification character', 'reward': 50.0}

- {'state': {}, 'action_taken': 'smile supremely immortal', 'reward': 75.0}


---

Please select an action from the list of action options in order to maximize the reward for your task.
When selecting an action, put the exact name of the action between action tags like: <action> action_name </action>.

Your thinking budget is 150 tokens. If you exceed this limit, you will be forced to provide an immediate answer.
Your overall generation limit is 200 tokens.
2026-02-12 17:00:19,875 - src.driver - INFO - GENERATED CONTENT: <action>  smile supremely immortal </action> 
 PARSED ACTION: smile supremely immortal
2026-02-12 17:00:19,876 - src.driver - INFO - You will be assigned a task. 
You will receive the actions you have available, followed by the action history. 
Your goal is to maximize the total reward across all 10 steps. We are on step 4. 

Task Assignment:
---
You are a farmer who owns 3 fields. Each action corresponds to planting your crop in a different field. Each field is associated with a Gaussian distribution with a fixed but unknown mean. At each time step, you will select a field and receive a reward drawn from the associated distribution. Your goal is to maximize your reward across all of your turns.
---

Available Actions:
---

- Field Name: delirium indifference exaggerated 

- Field Name: clientele ratification character 

- Field Name: smile supremely immortal 

---
When selecting an action, include only the name of the action. Do not include the dashes used to indicate the list here.

History:
---


- {'state': {}, 'action_taken': 'delirium indifference exaggerated', 'reward': 25.0}

- {'state': {}, 'action_taken': 'clientele ratification character', 'reward': 50.0}

- {'state': {}, 'action_taken': 'smile supremely immortal', 'reward': 75.0}

- {'state': {}, 'action_taken': 'smile supremely immortal', 'reward': 75.0}


---

Please select an action from the list of action options in order to maximize the reward for your task.
When selecting an action, put the exact name of the action between action tags like: <action> action_name </action>.

Your thinking budget is 150 tokens. If you exceed this limit, you will be forced to provide an immediate answer.
Your overall generation limit is 200 tokens.
2026-02-12 17:00:53,648 - src.driver - INFO - GENERATED CONTENT: <action>  smile supremely immortal </action> 
 PARSED ACTION: smile supremely immortal
2026-02-12 17:00:53,649 - src.driver - INFO - You will be assigned a task. 
You will receive the actions you have available, followed by the action history. 
Your goal is to maximize the total reward across all 10 steps. We are on step 5. 

Task Assignment:
---
You are a farmer who owns 3 fields. Each action corresponds to planting your crop in a different field. Each field is associated with a Gaussian distribution with a fixed but unknown mean. At each time step, you will select a field and receive a reward drawn from the associated distribution. Your goal is to maximize your reward across all of your turns.
---

Available Actions:
---

- Field Name: delirium indifference exaggerated 

- Field Name: clientele ratification character 

- Field Name: smile supremely immortal 

---
When selecting an action, include only the name of the action. Do not include the dashes used to indicate the list here.

History:
---


- {'state': {}, 'action_taken': 'delirium indifference exaggerated', 'reward': 25.0}

- {'state': {}, 'action_taken': 'clientele ratification character', 'reward': 50.0}

- {'state': {}, 'action_taken': 'smile supremely immortal', 'reward': 75.0}

- {'state': {}, 'action_taken': 'smile supremely immortal', 'reward': 75.0}

- {'state': {}, 'action_taken': 'smile supremely immortal', 'reward': 75.0}


---

Please select an action from the list of action options in order to maximize the reward for your task.
When selecting an action, put the exact name of the action between action tags like: <action> action_name </action>.

Your thinking budget is 150 tokens. If you exceed this limit, you will be forced to provide an immediate answer.
Your overall generation limit is 200 tokens.
2026-02-12 17:01:28,125 - src.driver - INFO - GENERATED CONTENT: <action>  smile supremely immortal </action> 
 PARSED ACTION: smile supremely immortal
2026-02-12 17:01:28,126 - src.driver - INFO - You will be assigned a task. 
You will receive the actions you have available, followed by the action history. 
Your goal is to maximize the total reward across all 10 steps. We are on step 6. 

Task Assignment:
---
You are a farmer who owns 3 fields. Each action corresponds to planting your crop in a different field. Each field is associated with a Gaussian distribution with a fixed but unknown mean. At each time step, you will select a field and receive a reward drawn from the associated distribution. Your goal is to maximize your reward across all of your turns.
---

Available Actions:
---

- Field Name: delirium indifference exaggerated 

- Field Name: clientele ratification character 

- Field Name: smile supremely immortal 

---
When selecting an action, include only the name of the action. Do not include the dashes used to indicate the list here.

History:
---


- {'state': {}, 'action_taken': 'delirium indifference exaggerated', 'reward': 25.0}

- {'state': {}, 'action_taken': 'clientele ratification character', 'reward': 50.0}

- {'state': {}, 'action_taken': 'smile supremely immortal', 'reward': 75.0}

- {'state': {}, 'action_taken': 'smile supremely immortal', 'reward': 75.0}

- {'state': {}, 'action_taken': 'smile supremely immortal', 'reward': 75.0}

- {'state': {}, 'action_taken': 'smile supremely immortal', 'reward': 75.0}


---

Please select an action from the list of action options in order to maximize the reward for your task.
When selecting an action, put the exact name of the action between action tags like: <action> action_name </action>.

Your thinking budget is 150 tokens. If you exceed this limit, you will be forced to provide an immediate answer.
Your overall generation limit is 200 tokens.
2026-02-12 17:02:02,810 - src.driver - INFO - GENERATED CONTENT: <action>  smile supremely immortal </action> 
 PARSED ACTION: smile supremely immortal
2026-02-12 17:02:02,811 - src.driver - INFO - You will be assigned a task. 
You will receive the actions you have available, followed by the action history. 
Your goal is to maximize the total reward across all 10 steps. We are on step 7. 

Task Assignment:
---
You are a farmer who owns 3 fields. Each action corresponds to planting your crop in a different field. Each field is associated with a Gaussian distribution with a fixed but unknown mean. At each time step, you will select a field and receive a reward drawn from the associated distribution. Your goal is to maximize your reward across all of your turns.
---

Available Actions:
---

- Field Name: delirium indifference exaggerated 

- Field Name: clientele ratification character 

- Field Name: smile supremely immortal 

---
When selecting an action, include only the name of the action. Do not include the dashes used to indicate the list here.

History:
---


- {'state': {}, 'action_taken': 'delirium indifference exaggerated', 'reward': 25.0}

- {'state': {}, 'action_taken': 'clientele ratification character', 'reward': 50.0}

- {'state': {}, 'action_taken': 'smile supremely immortal', 'reward': 75.0}

- {'state': {}, 'action_taken': 'smile supremely immortal', 'reward': 75.0}

- {'state': {}, 'action_taken': 'smile supremely immortal', 'reward': 75.0}

- {'state': {}, 'action_taken': 'smile supremely immortal', 'reward': 75.0}

- {'state': {}, 'action_taken': 'smile supremely immortal', 'reward': 75.0}


---

Please select an action from the list of action options in order to maximize the reward for your task.
When selecting an action, put the exact name of the action between action tags like: <action> action_name </action>.

Your thinking budget is 150 tokens. If you exceed this limit, you will be forced to provide an immediate answer.
Your overall generation limit is 200 tokens.
2026-02-12 17:02:38,128 - src.driver - INFO - GENERATED CONTENT: <action>  smile supremely immortal </action> 
 PARSED ACTION: smile supremely immortal
2026-02-12 17:02:38,128 - src.driver - INFO - You will be assigned a task. 
You will receive the actions you have available, followed by the action history. 
Your goal is to maximize the total reward across all 10 steps. We are on step 8. 

Task Assignment:
---
You are a farmer who owns 3 fields. Each action corresponds to planting your crop in a different field. Each field is associated with a Gaussian distribution with a fixed but unknown mean. At each time step, you will select a field and receive a reward drawn from the associated distribution. Your goal is to maximize your reward across all of your turns.
---

Available Actions:
---

- Field Name: delirium indifference exaggerated 

- Field Name: clientele ratification character 

- Field Name: smile supremely immortal 

---
When selecting an action, include only the name of the action. Do not include the dashes used to indicate the list here.

History:
---


- {'state': {}, 'action_taken': 'delirium indifference exaggerated', 'reward': 25.0}

- {'state': {}, 'action_taken': 'clientele ratification character', 'reward': 50.0}

- {'state': {}, 'action_taken': 'smile supremely immortal', 'reward': 75.0}

- {'state': {}, 'action_taken': 'smile supremely immortal', 'reward': 75.0}

- {'state': {}, 'action_taken': 'smile supremely immortal', 'reward': 75.0}

- {'state': {}, 'action_taken': 'smile supremely immortal', 'reward': 75.0}

- {'state': {}, 'action_taken': 'smile supremely immortal', 'reward': 75.0}

- {'state': {}, 'action_taken': 'smile supremely immortal', 'reward': 75.0}


---

Please select an action from the list of action options in order to maximize the reward for your task.
When selecting an action, put the exact name of the action between action tags like: <action> action_name </action>.

Your thinking budget is 150 tokens. If you exceed this limit, you will be forced to provide an immediate answer.
Your overall generation limit is 200 tokens.
2026-02-12 17:03:14,123 - src.driver - INFO - GENERATED CONTENT: <action>  smile supremely immortal </action> 
 PARSED ACTION: smile supremely immortal
2026-02-12 17:03:14,124 - src.driver - INFO - You will be assigned a task. 
You will receive the actions you have available, followed by the action history. 
Your goal is to maximize the total reward across all 10 steps. We are on step 9. 

Task Assignment:
---
You are a farmer who owns 3 fields. Each action corresponds to planting your crop in a different field. Each field is associated with a Gaussian distribution with a fixed but unknown mean. At each time step, you will select a field and receive a reward drawn from the associated distribution. Your goal is to maximize your reward across all of your turns.
---

Available Actions:
---

- Field Name: delirium indifference exaggerated 

- Field Name: clientele ratification character 

- Field Name: smile supremely immortal 

---
When selecting an action, include only the name of the action. Do not include the dashes used to indicate the list here.

History:
---


- {'state': {}, 'action_taken': 'delirium indifference exaggerated', 'reward': 25.0}

- {'state': {}, 'action_taken': 'clientele ratification character', 'reward': 50.0}

- {'state': {}, 'action_taken': 'smile supremely immortal', 'reward': 75.0}

- {'state': {}, 'action_taken': 'smile supremely immortal', 'reward': 75.0}

- {'state': {}, 'action_taken': 'smile supremely immortal', 'reward': 75.0}

- {'state': {}, 'action_taken': 'smile supremely immortal', 'reward': 75.0}

- {'state': {}, 'action_taken': 'smile supremely immortal', 'reward': 75.0}

- {'state': {}, 'action_taken': 'smile supremely immortal', 'reward': 75.0}

- {'state': {}, 'action_taken': 'smile supremely immortal', 'reward': 75.0}


---

Please select an action from the list of action options in order to maximize the reward for your task.
When selecting an action, put the exact name of the action between action tags like: <action> action_name </action>.

Your thinking budget is 150 tokens. If you exceed this limit, you will be forced to provide an immediate answer.
Your overall generation limit is 200 tokens.
2026-02-12 17:03:50,300 - src.driver - INFO - GENERATED CONTENT: <action>  smile supremely immortal </action> 
 PARSED ACTION: smile supremely immortal
2026-02-12 17:03:50,318 - src.driver - INFO - You will be assigned a task. 
You will receive the actions you have available, followed by the action history. 
Your goal is to maximize the total reward across all 10 steps. We are on step 0. 

Task Assignment:
---
You are a farmer who owns 3 fields. Each action corresponds to planting your crop in a different field. Each field is associated with a Gaussian distribution with a fixed but unknown mean. At each time step, you will select a field and receive a reward drawn from the associated distribution. Your goal is to maximize your reward across all of your turns.
---

Available Actions:
---

- Field Name: emancipation dictionary granted 

- Field Name: deserving beeswax intercom 

- Field Name: delirium indifference exaggerated 

---
When selecting an action, include only the name of the action. Do not include the dashes used to indicate the list here.

History:
---

This is the first turn. There is no history.

---

Please select an action from the list of action options in order to maximize the reward for your task.
When selecting an action, put the exact name of the action between action tags like: <action> action_name </action>.

Your thinking budget is 150 tokens. If you exceed this limit, you will be forced to provide an immediate answer.
Your overall generation limit is 200 tokens.
2026-02-12 17:04:22,103 - src.driver - INFO - GENERATED CONTENT: <action>  emancipation dictionary granted </action> 
 PARSED ACTION: emancipation dictionary granted
2026-02-12 17:04:22,104 - src.driver - INFO - You will be assigned a task. 
You will receive the actions you have available, followed by the action history. 
Your goal is to maximize the total reward across all 10 steps. We are on step 1. 

Task Assignment:
---
You are a farmer who owns 3 fields. Each action corresponds to planting your crop in a different field. Each field is associated with a Gaussian distribution with a fixed but unknown mean. At each time step, you will select a field and receive a reward drawn from the associated distribution. Your goal is to maximize your reward across all of your turns.
---

Available Actions:
---

- Field Name: emancipation dictionary granted 

- Field Name: deserving beeswax intercom 

- Field Name: delirium indifference exaggerated 

---
When selecting an action, include only the name of the action. Do not include the dashes used to indicate the list here.

History:
---


- {'state': {}, 'action_taken': 'emancipation dictionary granted', 'reward': 75.0}


---

Please select an action from the list of action options in order to maximize the reward for your task.
When selecting an action, put the exact name of the action between action tags like: <action> action_name </action>.

Your thinking budget is 150 tokens. If you exceed this limit, you will be forced to provide an immediate answer.
Your overall generation limit is 200 tokens.
2026-02-12 17:04:54,302 - src.driver - INFO - GENERATED CONTENT: <action>  deserving beeswax intercom </action> 
 PARSED ACTION: deserving beeswax intercom
2026-02-12 17:04:54,303 - src.driver - INFO - You will be assigned a task. 
You will receive the actions you have available, followed by the action history. 
Your goal is to maximize the total reward across all 10 steps. We are on step 2. 

Task Assignment:
---
You are a farmer who owns 3 fields. Each action corresponds to planting your crop in a different field. Each field is associated with a Gaussian distribution with a fixed but unknown mean. At each time step, you will select a field and receive a reward drawn from the associated distribution. Your goal is to maximize your reward across all of your turns.
---

Available Actions:
---

- Field Name: emancipation dictionary granted 

- Field Name: deserving beeswax intercom 

- Field Name: delirium indifference exaggerated 

---
When selecting an action, include only the name of the action. Do not include the dashes used to indicate the list here.

History:
---


- {'state': {}, 'action_taken': 'emancipation dictionary granted', 'reward': 75.0}

- {'state': {}, 'action_taken': 'deserving beeswax intercom', 'reward': 50.0}


---

Please select an action from the list of action options in order to maximize the reward for your task.
When selecting an action, put the exact name of the action between action tags like: <action> action_name </action>.

Your thinking budget is 150 tokens. If you exceed this limit, you will be forced to provide an immediate answer.
Your overall generation limit is 200 tokens.
2026-02-12 17:05:27,410 - src.driver - INFO - GENERATED CONTENT: <action>  delirium indifference exaggerated </action> 
 PARSED ACTION: delirium indifference exaggerated
2026-02-12 17:05:27,411 - src.driver - INFO - You will be assigned a task. 
You will receive the actions you have available, followed by the action history. 
Your goal is to maximize the total reward across all 10 steps. We are on step 3. 

Task Assignment:
---
You are a farmer who owns 3 fields. Each action corresponds to planting your crop in a different field. Each field is associated with a Gaussian distribution with a fixed but unknown mean. At each time step, you will select a field and receive a reward drawn from the associated distribution. Your goal is to maximize your reward across all of your turns.
---

Available Actions:
---

- Field Name: emancipation dictionary granted 

- Field Name: deserving beeswax intercom 

- Field Name: delirium indifference exaggerated 

---
When selecting an action, include only the name of the action. Do not include the dashes used to indicate the list here.

History:
---


- {'state': {}, 'action_taken': 'emancipation dictionary granted', 'reward': 75.0}

- {'state': {}, 'action_taken': 'deserving beeswax intercom', 'reward': 50.0}

- {'state': {}, 'action_taken': 'delirium indifference exaggerated', 'reward': 25.0}


---

Please select an action from the list of action options in order to maximize the reward for your task.
When selecting an action, put the exact name of the action between action tags like: <action> action_name </action>.

Your thinking budget is 150 tokens. If you exceed this limit, you will be forced to provide an immediate answer.
Your overall generation limit is 200 tokens.
2026-02-12 17:06:00,559 - src.driver - INFO - GENERATED CONTENT: <action>  emancipation dictionary granted </action> 
 PARSED ACTION: emancipation dictionary granted
2026-02-12 17:06:00,560 - src.driver - INFO - You will be assigned a task. 
You will receive the actions you have available, followed by the action history. 
Your goal is to maximize the total reward across all 10 steps. We are on step 4. 

Task Assignment:
---
You are a farmer who owns 3 fields. Each action corresponds to planting your crop in a different field. Each field is associated with a Gaussian distribution with a fixed but unknown mean. At each time step, you will select a field and receive a reward drawn from the associated distribution. Your goal is to maximize your reward across all of your turns.
---

Available Actions:
---

- Field Name: emancipation dictionary granted 

- Field Name: deserving beeswax intercom 

- Field Name: delirium indifference exaggerated 

---
When selecting an action, include only the name of the action. Do not include the dashes used to indicate the list here.

History:
---


- {'state': {}, 'action_taken': 'emancipation dictionary granted', 'reward': 75.0}

- {'state': {}, 'action_taken': 'deserving beeswax intercom', 'reward': 50.0}

- {'state': {}, 'action_taken': 'delirium indifference exaggerated', 'reward': 25.0}

- {'state': {}, 'action_taken': 'emancipation dictionary granted', 'reward': 75.0}


---

Please select an action from the list of action options in order to maximize the reward for your task.
When selecting an action, put the exact name of the action between action tags like: <action> action_name </action>.

Your thinking budget is 150 tokens. If you exceed this limit, you will be forced to provide an immediate answer.
Your overall generation limit is 200 tokens.
2026-02-12 17:06:34,265 - src.driver - INFO - GENERATED CONTENT: <action>  emancipation dictionary granted </action> 
 PARSED ACTION: emancipation dictionary granted
2026-02-12 17:06:34,266 - src.driver - INFO - You will be assigned a task. 
You will receive the actions you have available, followed by the action history. 
Your goal is to maximize the total reward across all 10 steps. We are on step 5. 

Task Assignment:
---
You are a farmer who owns 3 fields. Each action corresponds to planting your crop in a different field. Each field is associated with a Gaussian distribution with a fixed but unknown mean. At each time step, you will select a field and receive a reward drawn from the associated distribution. Your goal is to maximize your reward across all of your turns.
---

Available Actions:
---

- Field Name: emancipation dictionary granted 

- Field Name: deserving beeswax intercom 

- Field Name: delirium indifference exaggerated 

---
When selecting an action, include only the name of the action. Do not include the dashes used to indicate the list here.

History:
---


- {'state': {}, 'action_taken': 'emancipation dictionary granted', 'reward': 75.0}

- {'state': {}, 'action_taken': 'deserving beeswax intercom', 'reward': 50.0}

- {'state': {}, 'action_taken': 'delirium indifference exaggerated', 'reward': 25.0}

- {'state': {}, 'action_taken': 'emancipation dictionary granted', 'reward': 75.0}

- {'state': {}, 'action_taken': 'emancipation dictionary granted', 'reward': 75.0}


---

Please select an action from the list of action options in order to maximize the reward for your task.
When selecting an action, put the exact name of the action between action tags like: <action> action_name </action>.

Your thinking budget is 150 tokens. If you exceed this limit, you will be forced to provide an immediate answer.
Your overall generation limit is 200 tokens.
2026-02-12 17:07:08,786 - src.driver - INFO - GENERATED CONTENT: <action>  emancipation dictionary granted </action> 
 PARSED ACTION: emancipation dictionary granted
2026-02-12 17:07:08,787 - src.driver - INFO - You will be assigned a task. 
You will receive the actions you have available, followed by the action history. 
Your goal is to maximize the total reward across all 10 steps. We are on step 6. 

Task Assignment:
---
You are a farmer who owns 3 fields. Each action corresponds to planting your crop in a different field. Each field is associated with a Gaussian distribution with a fixed but unknown mean. At each time step, you will select a field and receive a reward drawn from the associated distribution. Your goal is to maximize your reward across all of your turns.
---

Available Actions:
---

- Field Name: emancipation dictionary granted 

- Field Name: deserving beeswax intercom 

- Field Name: delirium indifference exaggerated 

---
When selecting an action, include only the name of the action. Do not include the dashes used to indicate the list here.

History:
---


- {'state': {}, 'action_taken': 'emancipation dictionary granted', 'reward': 75.0}

- {'state': {}, 'action_taken': 'deserving beeswax intercom', 'reward': 50.0}

- {'state': {}, 'action_taken': 'delirium indifference exaggerated', 'reward': 25.0}

- {'state': {}, 'action_taken': 'emancipation dictionary granted', 'reward': 75.0}

- {'state': {}, 'action_taken': 'emancipation dictionary granted', 'reward': 75.0}

- {'state': {}, 'action_taken': 'emancipation dictionary granted', 'reward': 75.0}


---

Please select an action from the list of action options in order to maximize the reward for your task.
When selecting an action, put the exact name of the action between action tags like: <action> action_name </action>.

Your thinking budget is 150 tokens. If you exceed this limit, you will be forced to provide an immediate answer.
Your overall generation limit is 200 tokens.
2026-02-12 17:07:43,468 - src.driver - INFO - GENERATED CONTENT: <action>  emancipation dictionary granted </action> 
 PARSED ACTION: emancipation dictionary granted
2026-02-12 17:07:43,469 - src.driver - INFO - You will be assigned a task. 
You will receive the actions you have available, followed by the action history. 
Your goal is to maximize the total reward across all 10 steps. We are on step 7. 

Task Assignment:
---
You are a farmer who owns 3 fields. Each action corresponds to planting your crop in a different field. Each field is associated with a Gaussian distribution with a fixed but unknown mean. At each time step, you will select a field and receive a reward drawn from the associated distribution. Your goal is to maximize your reward across all of your turns.
---

Available Actions:
---

- Field Name: emancipation dictionary granted 

- Field Name: deserving beeswax intercom 

- Field Name: delirium indifference exaggerated 

---
When selecting an action, include only the name of the action. Do not include the dashes used to indicate the list here.

History:
---


- {'state': {}, 'action_taken': 'emancipation dictionary granted', 'reward': 75.0}

- {'state': {}, 'action_taken': 'deserving beeswax intercom', 'reward': 50.0}

- {'state': {}, 'action_taken': 'delirium indifference exaggerated', 'reward': 25.0}

- {'state': {}, 'action_taken': 'emancipation dictionary granted', 'reward': 75.0}

- {'state': {}, 'action_taken': 'emancipation dictionary granted', 'reward': 75.0}

- {'state': {}, 'action_taken': 'emancipation dictionary granted', 'reward': 75.0}

- {'state': {}, 'action_taken': 'emancipation dictionary granted', 'reward': 75.0}


---

Please select an action from the list of action options in order to maximize the reward for your task.
When selecting an action, put the exact name of the action between action tags like: <action> action_name </action>.

Your thinking budget is 150 tokens. If you exceed this limit, you will be forced to provide an immediate answer.
Your overall generation limit is 200 tokens.
2026-02-12 17:08:18,847 - src.driver - INFO - GENERATED CONTENT: <action>  emancipation dictionary granted </action> 
 PARSED ACTION: emancipation dictionary granted
2026-02-12 17:08:18,848 - src.driver - INFO - You will be assigned a task. 
You will receive the actions you have available, followed by the action history. 
Your goal is to maximize the total reward across all 10 steps. We are on step 8. 

Task Assignment:
---
You are a farmer who owns 3 fields. Each action corresponds to planting your crop in a different field. Each field is associated with a Gaussian distribution with a fixed but unknown mean. At each time step, you will select a field and receive a reward drawn from the associated distribution. Your goal is to maximize your reward across all of your turns.
---

Available Actions:
---

- Field Name: emancipation dictionary granted 

- Field Name: deserving beeswax intercom 

- Field Name: delirium indifference exaggerated 

---
When selecting an action, include only the name of the action. Do not include the dashes used to indicate the list here.

History:
---


- {'state': {}, 'action_taken': 'emancipation dictionary granted', 'reward': 75.0}

- {'state': {}, 'action_taken': 'deserving beeswax intercom', 'reward': 50.0}

- {'state': {}, 'action_taken': 'delirium indifference exaggerated', 'reward': 25.0}

- {'state': {}, 'action_taken': 'emancipation dictionary granted', 'reward': 75.0}

- {'state': {}, 'action_taken': 'emancipation dictionary granted', 'reward': 75.0}

- {'state': {}, 'action_taken': 'emancipation dictionary granted', 'reward': 75.0}

- {'state': {}, 'action_taken': 'emancipation dictionary granted', 'reward': 75.0}

- {'state': {}, 'action_taken': 'emancipation dictionary granted', 'reward': 75.0}


---

Please select an action from the list of action options in order to maximize the reward for your task.
When selecting an action, put the exact name of the action between action tags like: <action> action_name </action>.

Your thinking budget is 150 tokens. If you exceed this limit, you will be forced to provide an immediate answer.
Your overall generation limit is 200 tokens.
