2026-01-24 15:02:02,235 - src.driver - INFO - You will be assigned a task. 
You will receive the actions you have available, followed by the action history. 
Your goal is to maximize the total reward across all 10 steps. We are on step 0. 

Task Assignment:
---
You are faced with a 3-armed bandit problem.  Each action corresponds to pulling a specific arm. Each arm is associated with a Gaussian distribution with a fixed but unknown mean. At each time step, you will select a field and receive a reward drawn from the associated distribution. Your goal is to select which arm to pull in order to maximize your reward across all of your turns.
---

Available Actions:
---

- Arm Name: disobedient horrified untrained - This action has been selected 0 time(s) for an observed mean of Unknown

- Arm Name: deserving beeswax intercom - This action has been selected 0 time(s) for an observed mean of Unknown

- Arm Name: special heyday perceptible - This action has been selected 0 time(s) for an observed mean of Unknown

---
When selecting an action, include only the name of the action. Do not include the dashes used to indicate the list here.

Please select an action from the list of action options in order to maximize the reward for your task.
When selecting an action, put the exact name of the action between action tags like: <action> action_name </action>.

Your thinking budget is 150 tokens. If you exceed this limit, you will be forced to provide an immediate answer.
Your overall generation limit is 200 tokens.
2026-01-24 15:02:17,453 - src.driver - INFO - GENERATED CONTENT: <action>  disobedient horrified untrained </action> 
 PARSED ACTION: disobedient horrified untrained
2026-01-24 15:02:17,454 - src.driver - INFO - You will be assigned a task. 
You will receive the actions you have available, followed by the action history. 
Your goal is to maximize the total reward across all 10 steps. We are on step 1. 

Task Assignment:
---
You are faced with a 3-armed bandit problem.  Each action corresponds to pulling a specific arm. Each arm is associated with a Gaussian distribution with a fixed but unknown mean. At each time step, you will select a field and receive a reward drawn from the associated distribution. Your goal is to select which arm to pull in order to maximize your reward across all of your turns.
---

Available Actions:
---

- Arm Name: disobedient horrified untrained - This action has been selected 1 time(s) for an observed mean of 0.628544083609977

- Arm Name: deserving beeswax intercom - This action has been selected 0 time(s) for an observed mean of Unknown

- Arm Name: special heyday perceptible - This action has been selected 0 time(s) for an observed mean of Unknown

---
When selecting an action, include only the name of the action. Do not include the dashes used to indicate the list here.

Please select an action from the list of action options in order to maximize the reward for your task.
When selecting an action, put the exact name of the action between action tags like: <action> action_name </action>.

Your thinking budget is 150 tokens. If you exceed this limit, you will be forced to provide an immediate answer.
Your overall generation limit is 200 tokens.
2026-01-24 15:02:32,778 - src.driver - INFO - GENERATED CONTENT: <action>  disobedient horrified untrained </action> 
 PARSED ACTION: disobedient horrified untrained
2026-01-24 15:02:32,779 - src.driver - INFO - You will be assigned a task. 
You will receive the actions you have available, followed by the action history. 
Your goal is to maximize the total reward across all 10 steps. We are on step 2. 

Task Assignment:
---
You are faced with a 3-armed bandit problem.  Each action corresponds to pulling a specific arm. Each arm is associated with a Gaussian distribution with a fixed but unknown mean. At each time step, you will select a field and receive a reward drawn from the associated distribution. Your goal is to select which arm to pull in order to maximize your reward across all of your turns.
---

Available Actions:
---

- Arm Name: disobedient horrified untrained - This action has been selected 2 time(s) for an observed mean of 0.8535036114769372

- Arm Name: deserving beeswax intercom - This action has been selected 0 time(s) for an observed mean of Unknown

- Arm Name: special heyday perceptible - This action has been selected 0 time(s) for an observed mean of Unknown

---
When selecting an action, include only the name of the action. Do not include the dashes used to indicate the list here.

Please select an action from the list of action options in order to maximize the reward for your task.
When selecting an action, put the exact name of the action between action tags like: <action> action_name </action>.

Your thinking budget is 150 tokens. If you exceed this limit, you will be forced to provide an immediate answer.
Your overall generation limit is 200 tokens.
2026-01-24 15:02:48,172 - src.driver - INFO - GENERATED CONTENT: <action>  deserving beeswax intercom </action> 
 PARSED ACTION: deserving beeswax intercom
2026-01-24 15:02:48,172 - src.driver - INFO - You will be assigned a task. 
You will receive the actions you have available, followed by the action history. 
Your goal is to maximize the total reward across all 10 steps. We are on step 3. 

Task Assignment:
---
You are faced with a 3-armed bandit problem.  Each action corresponds to pulling a specific arm. Each arm is associated with a Gaussian distribution with a fixed but unknown mean. At each time step, you will select a field and receive a reward drawn from the associated distribution. Your goal is to select which arm to pull in order to maximize your reward across all of your turns.
---

Available Actions:
---

- Arm Name: disobedient horrified untrained - This action has been selected 2 time(s) for an observed mean of 0.8535036114769372

- Arm Name: deserving beeswax intercom - This action has been selected 1 time(s) for an observed mean of 0.6135518105676878

- Arm Name: special heyday perceptible - This action has been selected 0 time(s) for an observed mean of Unknown

---
When selecting an action, include only the name of the action. Do not include the dashes used to indicate the list here.

Please select an action from the list of action options in order to maximize the reward for your task.
When selecting an action, put the exact name of the action between action tags like: <action> action_name </action>.

Your thinking budget is 150 tokens. If you exceed this limit, you will be forced to provide an immediate answer.
Your overall generation limit is 200 tokens.
2026-01-24 15:03:03,559 - src.driver - INFO - GENERATED CONTENT: <action>  disobedient horrified untrained </action> 
 PARSED ACTION: disobedient horrified untrained
2026-01-24 15:03:03,559 - src.driver - INFO - You will be assigned a task. 
You will receive the actions you have available, followed by the action history. 
Your goal is to maximize the total reward across all 10 steps. We are on step 4. 

Task Assignment:
---
You are faced with a 3-armed bandit problem.  Each action corresponds to pulling a specific arm. Each arm is associated with a Gaussian distribution with a fixed but unknown mean. At each time step, you will select a field and receive a reward drawn from the associated distribution. Your goal is to select which arm to pull in order to maximize your reward across all of your turns.
---

Available Actions:
---

- Arm Name: disobedient horrified untrained - This action has been selected 3 time(s) for an observed mean of 0.860279106631857

- Arm Name: deserving beeswax intercom - This action has been selected 1 time(s) for an observed mean of 0.6135518105676878

- Arm Name: special heyday perceptible - This action has been selected 0 time(s) for an observed mean of Unknown

---
When selecting an action, include only the name of the action. Do not include the dashes used to indicate the list here.

Please select an action from the list of action options in order to maximize the reward for your task.
When selecting an action, put the exact name of the action between action tags like: <action> action_name </action>.

Your thinking budget is 150 tokens. If you exceed this limit, you will be forced to provide an immediate answer.
Your overall generation limit is 200 tokens.
2026-01-24 15:03:18,939 - src.driver - INFO - GENERATED CONTENT: <action>  special heyday perceptible </action> 
 PARSED ACTION: special heyday perceptible
2026-01-24 15:03:18,940 - src.driver - INFO - You will be assigned a task. 
You will receive the actions you have available, followed by the action history. 
Your goal is to maximize the total reward across all 10 steps. We are on step 5. 

Task Assignment:
---
You are faced with a 3-armed bandit problem.  Each action corresponds to pulling a specific arm. Each arm is associated with a Gaussian distribution with a fixed but unknown mean. At each time step, you will select a field and receive a reward drawn from the associated distribution. Your goal is to select which arm to pull in order to maximize your reward across all of your turns.
---

Available Actions:
---

- Arm Name: disobedient horrified untrained - This action has been selected 3 time(s) for an observed mean of 0.860279106631857

- Arm Name: deserving beeswax intercom - This action has been selected 1 time(s) for an observed mean of 0.6135518105676878

- Arm Name: special heyday perceptible - This action has been selected 1 time(s) for an observed mean of 0.2487825524894766

---
When selecting an action, include only the name of the action. Do not include the dashes used to indicate the list here.

Please select an action from the list of action options in order to maximize the reward for your task.
When selecting an action, put the exact name of the action between action tags like: <action> action_name </action>.

Your thinking budget is 150 tokens. If you exceed this limit, you will be forced to provide an immediate answer.
Your overall generation limit is 200 tokens.
2026-01-24 15:03:34,565 - src.driver - INFO - GENERATED CONTENT: <action>  disobedient horrified untrained </action> 
 PARSED ACTION: disobedient horrified untrained
2026-01-24 15:03:34,565 - src.driver - INFO - You will be assigned a task. 
You will receive the actions you have available, followed by the action history. 
Your goal is to maximize the total reward across all 10 steps. We are on step 6. 

Task Assignment:
---
You are faced with a 3-armed bandit problem.  Each action corresponds to pulling a specific arm. Each arm is associated with a Gaussian distribution with a fixed but unknown mean. At each time step, you will select a field and receive a reward drawn from the associated distribution. Your goal is to select which arm to pull in order to maximize your reward across all of your turns.
---

Available Actions:
---

- Arm Name: disobedient horrified untrained - This action has been selected 4 time(s) for an observed mean of 0.8427375522922494

- Arm Name: deserving beeswax intercom - This action has been selected 1 time(s) for an observed mean of 0.6135518105676878

- Arm Name: special heyday perceptible - This action has been selected 1 time(s) for an observed mean of 0.2487825524894766

---
When selecting an action, include only the name of the action. Do not include the dashes used to indicate the list here.

Please select an action from the list of action options in order to maximize the reward for your task.
When selecting an action, put the exact name of the action between action tags like: <action> action_name </action>.

Your thinking budget is 150 tokens. If you exceed this limit, you will be forced to provide an immediate answer.
Your overall generation limit is 200 tokens.
2026-01-24 15:03:50,145 - src.driver - INFO - GENERATED CONTENT: <action>  disobedient horrified untrained </action> 
 PARSED ACTION: disobedient horrified untrained
2026-01-24 15:03:50,146 - src.driver - INFO - You will be assigned a task. 
You will receive the actions you have available, followed by the action history. 
Your goal is to maximize the total reward across all 10 steps. We are on step 7. 

Task Assignment:
---
You are faced with a 3-armed bandit problem.  Each action corresponds to pulling a specific arm. Each arm is associated with a Gaussian distribution with a fixed but unknown mean. At each time step, you will select a field and receive a reward drawn from the associated distribution. Your goal is to select which arm to pull in order to maximize your reward across all of your turns.
---

Available Actions:
---

- Arm Name: disobedient horrified untrained - This action has been selected 5 time(s) for an observed mean of 0.8388714353104639

- Arm Name: deserving beeswax intercom - This action has been selected 1 time(s) for an observed mean of 0.6135518105676878

- Arm Name: special heyday perceptible - This action has been selected 1 time(s) for an observed mean of 0.2487825524894766

---
When selecting an action, include only the name of the action. Do not include the dashes used to indicate the list here.

Please select an action from the list of action options in order to maximize the reward for your task.
When selecting an action, put the exact name of the action between action tags like: <action> action_name </action>.

Your thinking budget is 150 tokens. If you exceed this limit, you will be forced to provide an immediate answer.
Your overall generation limit is 200 tokens.
2026-01-24 15:04:05,738 - src.driver - INFO - GENERATED CONTENT: <action>  disobedient horrified untrained </action> 
 PARSED ACTION: disobedient horrified untrained
2026-01-24 15:04:05,739 - src.driver - INFO - You will be assigned a task. 
You will receive the actions you have available, followed by the action history. 
Your goal is to maximize the total reward across all 10 steps. We are on step 8. 

Task Assignment:
---
You are faced with a 3-armed bandit problem.  Each action corresponds to pulling a specific arm. Each arm is associated with a Gaussian distribution with a fixed but unknown mean. At each time step, you will select a field and receive a reward drawn from the associated distribution. Your goal is to select which arm to pull in order to maximize your reward across all of your turns.
---

Available Actions:
---

- Arm Name: disobedient horrified untrained - This action has been selected 6 time(s) for an observed mean of 0.8070594519922341

- Arm Name: deserving beeswax intercom - This action has been selected 1 time(s) for an observed mean of 0.6135518105676878

- Arm Name: special heyday perceptible - This action has been selected 1 time(s) for an observed mean of 0.2487825524894766

---
When selecting an action, include only the name of the action. Do not include the dashes used to indicate the list here.

Please select an action from the list of action options in order to maximize the reward for your task.
When selecting an action, put the exact name of the action between action tags like: <action> action_name </action>.

Your thinking budget is 150 tokens. If you exceed this limit, you will be forced to provide an immediate answer.
Your overall generation limit is 200 tokens.
2026-01-24 15:04:21,338 - src.driver - INFO - GENERATED CONTENT: <action>  disobedient horrified untrained </action> 
 PARSED ACTION: disobedient horrified untrained
2026-01-24 15:04:21,338 - src.driver - INFO - You will be assigned a task. 
You will receive the actions you have available, followed by the action history. 
Your goal is to maximize the total reward across all 10 steps. We are on step 9. 

Task Assignment:
---
You are faced with a 3-armed bandit problem.  Each action corresponds to pulling a specific arm. Each arm is associated with a Gaussian distribution with a fixed but unknown mean. At each time step, you will select a field and receive a reward drawn from the associated distribution. Your goal is to select which arm to pull in order to maximize your reward across all of your turns.
---

Available Actions:
---

- Arm Name: disobedient horrified untrained - This action has been selected 7 time(s) for an observed mean of 0.8029330374075629

- Arm Name: deserving beeswax intercom - This action has been selected 1 time(s) for an observed mean of 0.6135518105676878

- Arm Name: special heyday perceptible - This action has been selected 1 time(s) for an observed mean of 0.2487825524894766

---
When selecting an action, include only the name of the action. Do not include the dashes used to indicate the list here.

Please select an action from the list of action options in order to maximize the reward for your task.
When selecting an action, put the exact name of the action between action tags like: <action> action_name </action>.

Your thinking budget is 150 tokens. If you exceed this limit, you will be forced to provide an immediate answer.
Your overall generation limit is 200 tokens.
2026-01-24 15:04:36,933 - src.driver - INFO - GENERATED CONTENT: <action>  disobedient horrified untrained </action> 
 PARSED ACTION: disobedient horrified untrained
