2026-01-24 14:28:04,556 - src.driver - INFO - You will be assigned a task. 
You will receive the actions you have available, followed by the action history. 
Your goal is to maximize the total reward across all 10 steps. We are on step 0. 

Task Assignment:
---
You are faced with a 3-armed bandit problem.  Each action corresponds to pulling a specific arm. Each arm is associated with a Gaussian distribution with a fixed but unknown mean. At each time step, you will select a field and receive a reward drawn from the associated distribution. Your goal is to select which arm to pull in order to maximize your reward across all of your turns.
---

Available Actions:
---

- Arm Name: Lowest Reward - This action has been selected 0 time(s) for an observed mean of Unknown

- Arm Name: Highest Reward - This action has been selected 0 time(s) for an observed mean of Unknown

- Arm Name: Intermediate Reward - This action has been selected 0 time(s) for an observed mean of Unknown

---
When selecting an action, include only the name of the action. Do not include the dashes used to indicate the list here.

Please select an action from the list of action options in order to maximize the reward for your task.
When selecting an action, put the exact name of the action between action tags like: <action> action_name </action>.

Your thinking budget is 150 tokens. If you exceed this limit, you will be forced to provide an immediate answer.
Your overall generation limit is 200 tokens.
2026-01-24 14:28:19,261 - src.driver - INFO - GENERATED CONTENT: <action> Intermediate Reward</action> 
 PARSED ACTION: Intermediate Reward
2026-01-24 14:28:19,262 - src.driver - INFO - You will be assigned a task. 
You will receive the actions you have available, followed by the action history. 
Your goal is to maximize the total reward across all 10 steps. We are on step 1. 

Task Assignment:
---
You are faced with a 3-armed bandit problem.  Each action corresponds to pulling a specific arm. Each arm is associated with a Gaussian distribution with a fixed but unknown mean. At each time step, you will select a field and receive a reward drawn from the associated distribution. Your goal is to select which arm to pull in order to maximize your reward across all of your turns.
---

Available Actions:
---

- Arm Name: Lowest Reward - This action has been selected 0 time(s) for an observed mean of Unknown

- Arm Name: Highest Reward - This action has been selected 0 time(s) for an observed mean of Unknown

- Arm Name: Intermediate Reward - This action has been selected 1 time(s) for an observed mean of 50.53843449323142

---
When selecting an action, include only the name of the action. Do not include the dashes used to indicate the list here.

Please select an action from the list of action options in order to maximize the reward for your task.
When selecting an action, put the exact name of the action between action tags like: <action> action_name </action>.

Your thinking budget is 150 tokens. If you exceed this limit, you will be forced to provide an immediate answer.
Your overall generation limit is 200 tokens.
2026-01-24 14:28:34,216 - src.driver - INFO - GENERATED CONTENT: <action> Intermediate Reward</action> 
 PARSED ACTION: Intermediate Reward
2026-01-24 14:28:34,217 - src.driver - INFO - You will be assigned a task. 
You will receive the actions you have available, followed by the action history. 
Your goal is to maximize the total reward across all 10 steps. We are on step 2. 

Task Assignment:
---
You are faced with a 3-armed bandit problem.  Each action corresponds to pulling a specific arm. Each arm is associated with a Gaussian distribution with a fixed but unknown mean. At each time step, you will select a field and receive a reward drawn from the associated distribution. Your goal is to select which arm to pull in order to maximize your reward across all of your turns.
---

Available Actions:
---

- Arm Name: Lowest Reward - This action has been selected 0 time(s) for an observed mean of Unknown

- Arm Name: Highest Reward - This action has been selected 0 time(s) for an observed mean of Unknown

- Arm Name: Intermediate Reward - This action has been selected 2 time(s) for an observed mean of 48.90692692378819

---
When selecting an action, include only the name of the action. Do not include the dashes used to indicate the list here.

Please select an action from the list of action options in order to maximize the reward for your task.
When selecting an action, put the exact name of the action between action tags like: <action> action_name </action>.

Your thinking budget is 150 tokens. If you exceed this limit, you will be forced to provide an immediate answer.
Your overall generation limit is 200 tokens.
2026-01-24 14:28:49,131 - src.driver - INFO - GENERATED CONTENT: <action>  Highest Reward </action> 
 PARSED ACTION: Highest Reward
2026-01-24 14:28:49,131 - src.driver - INFO - You will be assigned a task. 
You will receive the actions you have available, followed by the action history. 
Your goal is to maximize the total reward across all 10 steps. We are on step 3. 

Task Assignment:
---
You are faced with a 3-armed bandit problem.  Each action corresponds to pulling a specific arm. Each arm is associated with a Gaussian distribution with a fixed but unknown mean. At each time step, you will select a field and receive a reward drawn from the associated distribution. Your goal is to select which arm to pull in order to maximize your reward across all of your turns.
---

Available Actions:
---

- Arm Name: Lowest Reward - This action has been selected 0 time(s) for an observed mean of Unknown

- Arm Name: Highest Reward - This action has been selected 1 time(s) for an observed mean of 21.223587932725305

- Arm Name: Intermediate Reward - This action has been selected 2 time(s) for an observed mean of 48.90692692378819

---
When selecting an action, include only the name of the action. Do not include the dashes used to indicate the list here.

Please select an action from the list of action options in order to maximize the reward for your task.
When selecting an action, put the exact name of the action between action tags like: <action> action_name </action>.

Your thinking budget is 150 tokens. If you exceed this limit, you will be forced to provide an immediate answer.
Your overall generation limit is 200 tokens.
2026-01-24 14:29:04,126 - src.driver - INFO - GENERATED CONTENT: <action> Intermediate Reward</action> 
 PARSED ACTION: Intermediate Reward
2026-01-24 14:29:04,126 - src.driver - INFO - You will be assigned a task. 
You will receive the actions you have available, followed by the action history. 
Your goal is to maximize the total reward across all 10 steps. We are on step 4. 

Task Assignment:
---
You are faced with a 3-armed bandit problem.  Each action corresponds to pulling a specific arm. Each arm is associated with a Gaussian distribution with a fixed but unknown mean. At each time step, you will select a field and receive a reward drawn from the associated distribution. Your goal is to select which arm to pull in order to maximize your reward across all of your turns.
---

Available Actions:
---

- Arm Name: Lowest Reward - This action has been selected 0 time(s) for an observed mean of Unknown

- Arm Name: Highest Reward - This action has been selected 1 time(s) for an observed mean of 21.223587932725305

- Arm Name: Intermediate Reward - This action has been selected 3 time(s) for an observed mean of 43.20315057447615

---
When selecting an action, include only the name of the action. Do not include the dashes used to indicate the list here.

Please select an action from the list of action options in order to maximize the reward for your task.
When selecting an action, put the exact name of the action between action tags like: <action> action_name </action>.

Your thinking budget is 150 tokens. If you exceed this limit, you will be forced to provide an immediate answer.
Your overall generation limit is 200 tokens.
2026-01-24 14:29:19,123 - src.driver - INFO - GENERATED CONTENT: <action> Intermediate Reward</action> 
 PARSED ACTION: Intermediate Reward
2026-01-24 14:29:19,124 - src.driver - INFO - You will be assigned a task. 
You will receive the actions you have available, followed by the action history. 
Your goal is to maximize the total reward across all 10 steps. We are on step 5. 

Task Assignment:
---
You are faced with a 3-armed bandit problem.  Each action corresponds to pulling a specific arm. Each arm is associated with a Gaussian distribution with a fixed but unknown mean. At each time step, you will select a field and receive a reward drawn from the associated distribution. Your goal is to select which arm to pull in order to maximize your reward across all of your turns.
---

Available Actions:
---

- Arm Name: Lowest Reward - This action has been selected 0 time(s) for an observed mean of Unknown

- Arm Name: Highest Reward - This action has been selected 1 time(s) for an observed mean of 21.223587932725305

- Arm Name: Intermediate Reward - This action has been selected 4 time(s) for an observed mean of 37.662974348697645

---
When selecting an action, include only the name of the action. Do not include the dashes used to indicate the list here.

Please select an action from the list of action options in order to maximize the reward for your task.
When selecting an action, put the exact name of the action between action tags like: <action> action_name </action>.

Your thinking budget is 150 tokens. If you exceed this limit, you will be forced to provide an immediate answer.
Your overall generation limit is 200 tokens.
2026-01-24 14:29:34,123 - src.driver - INFO - GENERATED CONTENT: <action> Intermediate Reward</action> 
 PARSED ACTION: Intermediate Reward
2026-01-24 14:29:34,124 - src.driver - INFO - You will be assigned a task. 
You will receive the actions you have available, followed by the action history. 
Your goal is to maximize the total reward across all 10 steps. We are on step 6. 

Task Assignment:
---
You are faced with a 3-armed bandit problem.  Each action corresponds to pulling a specific arm. Each arm is associated with a Gaussian distribution with a fixed but unknown mean. At each time step, you will select a field and receive a reward drawn from the associated distribution. Your goal is to select which arm to pull in order to maximize your reward across all of your turns.
---

Available Actions:
---

- Arm Name: Lowest Reward - This action has been selected 0 time(s) for an observed mean of Unknown

- Arm Name: Highest Reward - This action has been selected 1 time(s) for an observed mean of 21.223587932725305

- Arm Name: Intermediate Reward - This action has been selected 5 time(s) for an observed mean of 43.419317854117494

---
When selecting an action, include only the name of the action. Do not include the dashes used to indicate the list here.

Please select an action from the list of action options in order to maximize the reward for your task.
When selecting an action, put the exact name of the action between action tags like: <action> action_name </action>.

Your thinking budget is 150 tokens. If you exceed this limit, you will be forced to provide an immediate answer.
Your overall generation limit is 200 tokens.
2026-01-24 14:29:49,086 - src.driver - INFO - GENERATED CONTENT: <action> Intermediate Reward</action> 
 PARSED ACTION: Intermediate Reward
2026-01-24 14:29:49,087 - src.driver - INFO - You will be assigned a task. 
You will receive the actions you have available, followed by the action history. 
Your goal is to maximize the total reward across all 10 steps. We are on step 7. 

Task Assignment:
---
You are faced with a 3-armed bandit problem.  Each action corresponds to pulling a specific arm. Each arm is associated with a Gaussian distribution with a fixed but unknown mean. At each time step, you will select a field and receive a reward drawn from the associated distribution. Your goal is to select which arm to pull in order to maximize your reward across all of your turns.
---

Available Actions:
---

- Arm Name: Lowest Reward - This action has been selected 0 time(s) for an observed mean of Unknown

- Arm Name: Highest Reward - This action has been selected 1 time(s) for an observed mean of 21.223587932725305

- Arm Name: Intermediate Reward - This action has been selected 6 time(s) for an observed mean of 46.475395175320465

---
When selecting an action, include only the name of the action. Do not include the dashes used to indicate the list here.

Please select an action from the list of action options in order to maximize the reward for your task.
When selecting an action, put the exact name of the action between action tags like: <action> action_name </action>.

Your thinking budget is 150 tokens. If you exceed this limit, you will be forced to provide an immediate answer.
Your overall generation limit is 200 tokens.
2026-01-24 14:30:04,105 - src.driver - INFO - GENERATED CONTENT: <action> Intermediate Reward</action> 
 PARSED ACTION: Intermediate Reward
2026-01-24 14:30:04,106 - src.driver - INFO - You will be assigned a task. 
You will receive the actions you have available, followed by the action history. 
Your goal is to maximize the total reward across all 10 steps. We are on step 8. 

Task Assignment:
---
You are faced with a 3-armed bandit problem.  Each action corresponds to pulling a specific arm. Each arm is associated with a Gaussian distribution with a fixed but unknown mean. At each time step, you will select a field and receive a reward drawn from the associated distribution. Your goal is to select which arm to pull in order to maximize your reward across all of your turns.
---

Available Actions:
---

- Arm Name: Lowest Reward - This action has been selected 0 time(s) for an observed mean of Unknown

- Arm Name: Highest Reward - This action has been selected 1 time(s) for an observed mean of 21.223587932725305

- Arm Name: Intermediate Reward - This action has been selected 7 time(s) for an observed mean of 46.938536392158774

---
When selecting an action, include only the name of the action. Do not include the dashes used to indicate the list here.

Please select an action from the list of action options in order to maximize the reward for your task.
When selecting an action, put the exact name of the action between action tags like: <action> action_name </action>.

Your thinking budget is 150 tokens. If you exceed this limit, you will be forced to provide an immediate answer.
Your overall generation limit is 200 tokens.
2026-01-24 14:30:19,064 - src.driver - INFO - GENERATED CONTENT: <action> Intermediate Reward</action> 
 PARSED ACTION: Intermediate Reward
2026-01-24 14:30:19,065 - src.driver - INFO - You will be assigned a task. 
You will receive the actions you have available, followed by the action history. 
Your goal is to maximize the total reward across all 10 steps. We are on step 9. 

Task Assignment:
---
You are faced with a 3-armed bandit problem.  Each action corresponds to pulling a specific arm. Each arm is associated with a Gaussian distribution with a fixed but unknown mean. At each time step, you will select a field and receive a reward drawn from the associated distribution. Your goal is to select which arm to pull in order to maximize your reward across all of your turns.
---

Available Actions:
---

- Arm Name: Lowest Reward - This action has been selected 0 time(s) for an observed mean of Unknown

- Arm Name: Highest Reward - This action has been selected 1 time(s) for an observed mean of 21.223587932725305

- Arm Name: Intermediate Reward - This action has been selected 8 time(s) for an observed mean of 48.47636788776127

---
When selecting an action, include only the name of the action. Do not include the dashes used to indicate the list here.

Please select an action from the list of action options in order to maximize the reward for your task.
When selecting an action, put the exact name of the action between action tags like: <action> action_name </action>.

Your thinking budget is 150 tokens. If you exceed this limit, you will be forced to provide an immediate answer.
Your overall generation limit is 200 tokens.
2026-01-24 14:30:34,070 - src.driver - INFO - GENERATED CONTENT: <action> Intermediate Reward</action> 
 PARSED ACTION: Intermediate Reward
2026-01-24 14:30:34,087 - src.driver - INFO - You will be assigned a task. 
You will receive the actions you have available, followed by the action history. 
Your goal is to maximize the total reward across all 10 steps. We are on step 0. 

Task Assignment:
---
You are faced with a 3-armed bandit problem.  Each action corresponds to pulling a specific arm. Each arm is associated with a Gaussian distribution with a fixed but unknown mean. At each time step, you will select a field and receive a reward drawn from the associated distribution. Your goal is to select which arm to pull in order to maximize your reward across all of your turns.
---

Available Actions:
---

- Arm Name: Highest Reward - This action has been selected 0 time(s) for an observed mean of Unknown

- Arm Name: Lowest Reward - This action has been selected 0 time(s) for an observed mean of Unknown

- Arm Name: Intermediate Reward - This action has been selected 0 time(s) for an observed mean of Unknown

---
When selecting an action, include only the name of the action. Do not include the dashes used to indicate the list here.

Please select an action from the list of action options in order to maximize the reward for your task.
When selecting an action, put the exact name of the action between action tags like: <action> action_name </action>.

Your thinking budget is 150 tokens. If you exceed this limit, you will be forced to provide an immediate answer.
Your overall generation limit is 200 tokens.
2026-01-24 14:30:48,835 - src.driver - INFO - GENERATED CONTENT: <action>  Highest Reward </action> 
 PARSED ACTION: Highest Reward
2026-01-24 14:30:48,836 - src.driver - INFO - You will be assigned a task. 
You will receive the actions you have available, followed by the action history. 
Your goal is to maximize the total reward across all 10 steps. We are on step 1. 

Task Assignment:
---
You are faced with a 3-armed bandit problem.  Each action corresponds to pulling a specific arm. Each arm is associated with a Gaussian distribution with a fixed but unknown mean. At each time step, you will select a field and receive a reward drawn from the associated distribution. Your goal is to select which arm to pull in order to maximize your reward across all of your turns.
---

Available Actions:
---

- Arm Name: Highest Reward - This action has been selected 1 time(s) for an observed mean of 15.809687684610346

- Arm Name: Lowest Reward - This action has been selected 0 time(s) for an observed mean of Unknown

- Arm Name: Intermediate Reward - This action has been selected 0 time(s) for an observed mean of Unknown

---
When selecting an action, include only the name of the action. Do not include the dashes used to indicate the list here.

Please select an action from the list of action options in order to maximize the reward for your task.
When selecting an action, put the exact name of the action between action tags like: <action> action_name </action>.

Your thinking budget is 150 tokens. If you exceed this limit, you will be forced to provide an immediate answer.
Your overall generation limit is 200 tokens.
2026-01-24 14:31:03,798 - src.driver - INFO - GENERATED CONTENT: <action>  Highest Reward </action> 
 PARSED ACTION: Highest Reward
2026-01-24 14:31:03,799 - src.driver - INFO - You will be assigned a task. 
You will receive the actions you have available, followed by the action history. 
Your goal is to maximize the total reward across all 10 steps. We are on step 2. 

Task Assignment:
---
You are faced with a 3-armed bandit problem.  Each action corresponds to pulling a specific arm. Each arm is associated with a Gaussian distribution with a fixed but unknown mean. At each time step, you will select a field and receive a reward drawn from the associated distribution. Your goal is to select which arm to pull in order to maximize your reward across all of your turns.
---

Available Actions:
---

- Arm Name: Highest Reward - This action has been selected 2 time(s) for an observed mean of 16.678060158428437

- Arm Name: Lowest Reward - This action has been selected 0 time(s) for an observed mean of Unknown

- Arm Name: Intermediate Reward - This action has been selected 0 time(s) for an observed mean of Unknown

---
When selecting an action, include only the name of the action. Do not include the dashes used to indicate the list here.

Please select an action from the list of action options in order to maximize the reward for your task.
When selecting an action, put the exact name of the action between action tags like: <action> action_name </action>.

Your thinking budget is 150 tokens. If you exceed this limit, you will be forced to provide an immediate answer.
Your overall generation limit is 200 tokens.
2026-01-24 14:31:18,747 - src.driver - INFO - GENERATED CONTENT: <action>  Highest Reward </action> 
 PARSED ACTION: Highest Reward
2026-01-24 14:31:18,748 - src.driver - INFO - You will be assigned a task. 
You will receive the actions you have available, followed by the action history. 
Your goal is to maximize the total reward across all 10 steps. We are on step 3. 

Task Assignment:
---
You are faced with a 3-armed bandit problem.  Each action corresponds to pulling a specific arm. Each arm is associated with a Gaussian distribution with a fixed but unknown mean. At each time step, you will select a field and receive a reward drawn from the associated distribution. Your goal is to select which arm to pull in order to maximize your reward across all of your turns.
---

Available Actions:
---

- Arm Name: Highest Reward - This action has been selected 3 time(s) for an observed mean of 25.743690485150825

- Arm Name: Lowest Reward - This action has been selected 0 time(s) for an observed mean of Unknown

- Arm Name: Intermediate Reward - This action has been selected 0 time(s) for an observed mean of Unknown

---
When selecting an action, include only the name of the action. Do not include the dashes used to indicate the list here.

Please select an action from the list of action options in order to maximize the reward for your task.
When selecting an action, put the exact name of the action between action tags like: <action> action_name </action>.

Your thinking budget is 150 tokens. If you exceed this limit, you will be forced to provide an immediate answer.
Your overall generation limit is 200 tokens.
2026-01-24 14:31:33,712 - src.driver - INFO - GENERATED CONTENT: <action>  Highest Reward </action> 
 PARSED ACTION: Highest Reward
2026-01-24 14:31:33,712 - src.driver - INFO - You will be assigned a task. 
You will receive the actions you have available, followed by the action history. 
Your goal is to maximize the total reward across all 10 steps. We are on step 4. 

Task Assignment:
---
You are faced with a 3-armed bandit problem.  Each action corresponds to pulling a specific arm. Each arm is associated with a Gaussian distribution with a fixed but unknown mean. At each time step, you will select a field and receive a reward drawn from the associated distribution. Your goal is to select which arm to pull in order to maximize your reward across all of your turns.
---

Available Actions:
---

- Arm Name: Highest Reward - This action has been selected 4 time(s) for an observed mean of 24.615627579027297

- Arm Name: Lowest Reward - This action has been selected 0 time(s) for an observed mean of Unknown

- Arm Name: Intermediate Reward - This action has been selected 0 time(s) for an observed mean of Unknown

---
When selecting an action, include only the name of the action. Do not include the dashes used to indicate the list here.

Please select an action from the list of action options in order to maximize the reward for your task.
When selecting an action, put the exact name of the action between action tags like: <action> action_name </action>.

Your thinking budget is 150 tokens. If you exceed this limit, you will be forced to provide an immediate answer.
Your overall generation limit is 200 tokens.
2026-01-24 14:31:48,677 - src.driver - INFO - GENERATED CONTENT: <action>  Highest Reward </action> 
 PARSED ACTION: Highest Reward
2026-01-24 14:31:48,678 - src.driver - INFO - You will be assigned a task. 
You will receive the actions you have available, followed by the action history. 
Your goal is to maximize the total reward across all 10 steps. We are on step 5. 

Task Assignment:
---
You are faced with a 3-armed bandit problem.  Each action corresponds to pulling a specific arm. Each arm is associated with a Gaussian distribution with a fixed but unknown mean. At each time step, you will select a field and receive a reward drawn from the associated distribution. Your goal is to select which arm to pull in order to maximize your reward across all of your turns.
---

Available Actions:
---

- Arm Name: Highest Reward - This action has been selected 5 time(s) for an observed mean of 21.618576253737878

- Arm Name: Lowest Reward - This action has been selected 0 time(s) for an observed mean of Unknown

- Arm Name: Intermediate Reward - This action has been selected 0 time(s) for an observed mean of Unknown

---
When selecting an action, include only the name of the action. Do not include the dashes used to indicate the list here.

Please select an action from the list of action options in order to maximize the reward for your task.
When selecting an action, put the exact name of the action between action tags like: <action> action_name </action>.

Your thinking budget is 150 tokens. If you exceed this limit, you will be forced to provide an immediate answer.
Your overall generation limit is 200 tokens.
2026-01-24 14:32:03,636 - src.driver - INFO - GENERATED CONTENT: <action>  Highest Reward </action> 
 PARSED ACTION: Highest Reward
2026-01-24 14:32:03,636 - src.driver - INFO - You will be assigned a task. 
You will receive the actions you have available, followed by the action history. 
Your goal is to maximize the total reward across all 10 steps. We are on step 6. 

Task Assignment:
---
You are faced with a 3-armed bandit problem.  Each action corresponds to pulling a specific arm. Each arm is associated with a Gaussian distribution with a fixed but unknown mean. At each time step, you will select a field and receive a reward drawn from the associated distribution. Your goal is to select which arm to pull in order to maximize your reward across all of your turns.
---

Available Actions:
---

- Arm Name: Highest Reward - This action has been selected 6 time(s) for an observed mean of 21.738784303293016

- Arm Name: Lowest Reward - This action has been selected 0 time(s) for an observed mean of Unknown

- Arm Name: Intermediate Reward - This action has been selected 0 time(s) for an observed mean of Unknown

---
When selecting an action, include only the name of the action. Do not include the dashes used to indicate the list here.

Please select an action from the list of action options in order to maximize the reward for your task.
When selecting an action, put the exact name of the action between action tags like: <action> action_name </action>.

Your thinking budget is 150 tokens. If you exceed this limit, you will be forced to provide an immediate answer.
Your overall generation limit is 200 tokens.
2026-01-24 14:32:18,563 - src.driver - INFO - GENERATED CONTENT: <action>  Highest Reward </action> 
 PARSED ACTION: Highest Reward
2026-01-24 14:32:18,564 - src.driver - INFO - You will be assigned a task. 
You will receive the actions you have available, followed by the action history. 
Your goal is to maximize the total reward across all 10 steps. We are on step 7. 

Task Assignment:
---
You are faced with a 3-armed bandit problem.  Each action corresponds to pulling a specific arm. Each arm is associated with a Gaussian distribution with a fixed but unknown mean. At each time step, you will select a field and receive a reward drawn from the associated distribution. Your goal is to select which arm to pull in order to maximize your reward across all of your turns.
---

Available Actions:
---

- Arm Name: Highest Reward - This action has been selected 7 time(s) for an observed mean of 21.59955020287431

- Arm Name: Lowest Reward - This action has been selected 0 time(s) for an observed mean of Unknown

- Arm Name: Intermediate Reward - This action has been selected 0 time(s) for an observed mean of Unknown

---
When selecting an action, include only the name of the action. Do not include the dashes used to indicate the list here.

Please select an action from the list of action options in order to maximize the reward for your task.
When selecting an action, put the exact name of the action between action tags like: <action> action_name </action>.

Your thinking budget is 150 tokens. If you exceed this limit, you will be forced to provide an immediate answer.
Your overall generation limit is 200 tokens.
2026-01-24 14:32:33,550 - src.driver - INFO - GENERATED CONTENT: <action>  Highest Reward </action> 
 PARSED ACTION: Highest Reward
2026-01-24 14:32:33,550 - src.driver - INFO - You will be assigned a task. 
You will receive the actions you have available, followed by the action history. 
Your goal is to maximize the total reward across all 10 steps. We are on step 8. 

Task Assignment:
---
You are faced with a 3-armed bandit problem.  Each action corresponds to pulling a specific arm. Each arm is associated with a Gaussian distribution with a fixed but unknown mean. At each time step, you will select a field and receive a reward drawn from the associated distribution. Your goal is to select which arm to pull in order to maximize your reward across all of your turns.
---

Available Actions:
---

- Arm Name: Highest Reward - This action has been selected 8 time(s) for an observed mean of 22.30824435680575

- Arm Name: Lowest Reward - This action has been selected 0 time(s) for an observed mean of Unknown

- Arm Name: Intermediate Reward - This action has been selected 0 time(s) for an observed mean of Unknown

---
When selecting an action, include only the name of the action. Do not include the dashes used to indicate the list here.

Please select an action from the list of action options in order to maximize the reward for your task.
When selecting an action, put the exact name of the action between action tags like: <action> action_name </action>.

Your thinking budget is 150 tokens. If you exceed this limit, you will be forced to provide an immediate answer.
Your overall generation limit is 200 tokens.
2026-01-24 14:32:48,487 - src.driver - INFO - GENERATED CONTENT: <action>  Highest Reward </action> 
 PARSED ACTION: Highest Reward
2026-01-24 14:32:48,488 - src.driver - INFO - You will be assigned a task. 
You will receive the actions you have available, followed by the action history. 
Your goal is to maximize the total reward across all 10 steps. We are on step 9. 

Task Assignment:
---
You are faced with a 3-armed bandit problem.  Each action corresponds to pulling a specific arm. Each arm is associated with a Gaussian distribution with a fixed but unknown mean. At each time step, you will select a field and receive a reward drawn from the associated distribution. Your goal is to select which arm to pull in order to maximize your reward across all of your turns.
---

Available Actions:
---

- Arm Name: Highest Reward - This action has been selected 9 time(s) for an observed mean of 23.191727631932377

- Arm Name: Lowest Reward - This action has been selected 0 time(s) for an observed mean of Unknown

- Arm Name: Intermediate Reward - This action has been selected 0 time(s) for an observed mean of Unknown

---
When selecting an action, include only the name of the action. Do not include the dashes used to indicate the list here.

Please select an action from the list of action options in order to maximize the reward for your task.
When selecting an action, put the exact name of the action between action tags like: <action> action_name </action>.

Your thinking budget is 150 tokens. If you exceed this limit, you will be forced to provide an immediate answer.
Your overall generation limit is 200 tokens.
2026-01-24 14:33:03,416 - src.driver - INFO - GENERATED CONTENT: <action>  Highest Reward </action> 
 PARSED ACTION: Highest Reward
2026-01-24 14:33:03,435 - src.driver - INFO - You will be assigned a task. 
You will receive the actions you have available, followed by the action history. 
Your goal is to maximize the total reward across all 10 steps. We are on step 0. 

Task Assignment:
---
You are faced with a 3-armed bandit problem.  Each action corresponds to pulling a specific arm. Each arm is associated with a Gaussian distribution with a fixed but unknown mean. At each time step, you will select a field and receive a reward drawn from the associated distribution. Your goal is to select which arm to pull in order to maximize your reward across all of your turns.
---

Available Actions:
---

- Arm Name: Intermediate Reward - This action has been selected 0 time(s) for an observed mean of Unknown

- Arm Name: Lowest Reward - This action has been selected 0 time(s) for an observed mean of Unknown

- Arm Name: Highest Reward - This action has been selected 0 time(s) for an observed mean of Unknown

---
When selecting an action, include only the name of the action. Do not include the dashes used to indicate the list here.

Please select an action from the list of action options in order to maximize the reward for your task.
When selecting an action, put the exact name of the action between action tags like: <action> action_name </action>.

Your thinking budget is 150 tokens. If you exceed this limit, you will be forced to provide an immediate answer.
Your overall generation limit is 200 tokens.
2026-01-24 14:33:18,138 - src.driver - INFO - GENERATED CONTENT: <action>  Highest Reward </action> 
 PARSED ACTION: Highest Reward
2026-01-24 14:33:18,139 - src.driver - INFO - You will be assigned a task. 
You will receive the actions you have available, followed by the action history. 
Your goal is to maximize the total reward across all 10 steps. We are on step 1. 

Task Assignment:
---
You are faced with a 3-armed bandit problem.  Each action corresponds to pulling a specific arm. Each arm is associated with a Gaussian distribution with a fixed but unknown mean. At each time step, you will select a field and receive a reward drawn from the associated distribution. Your goal is to select which arm to pull in order to maximize your reward across all of your turns.
---

Available Actions:
---

- Arm Name: Intermediate Reward - This action has been selected 0 time(s) for an observed mean of Unknown

- Arm Name: Lowest Reward - This action has been selected 0 time(s) for an observed mean of Unknown

- Arm Name: Highest Reward - This action has been selected 1 time(s) for an observed mean of 24.886054790801506

---
When selecting an action, include only the name of the action. Do not include the dashes used to indicate the list here.

Please select an action from the list of action options in order to maximize the reward for your task.
When selecting an action, put the exact name of the action between action tags like: <action> action_name </action>.

Your thinking budget is 150 tokens. If you exceed this limit, you will be forced to provide an immediate answer.
Your overall generation limit is 200 tokens.
2026-01-24 14:33:33,122 - src.driver - INFO - GENERATED CONTENT: <action>  Highest Reward </action> 
 PARSED ACTION: Highest Reward
2026-01-24 14:33:33,123 - src.driver - INFO - You will be assigned a task. 
You will receive the actions you have available, followed by the action history. 
Your goal is to maximize the total reward across all 10 steps. We are on step 2. 

Task Assignment:
---
You are faced with a 3-armed bandit problem.  Each action corresponds to pulling a specific arm. Each arm is associated with a Gaussian distribution with a fixed but unknown mean. At each time step, you will select a field and receive a reward drawn from the associated distribution. Your goal is to select which arm to pull in order to maximize your reward across all of your turns.
---

Available Actions:
---

- Arm Name: Intermediate Reward - This action has been selected 0 time(s) for an observed mean of Unknown

- Arm Name: Lowest Reward - This action has been selected 0 time(s) for an observed mean of Unknown

- Arm Name: Highest Reward - This action has been selected 2 time(s) for an observed mean of 19.125707578918508

---
When selecting an action, include only the name of the action. Do not include the dashes used to indicate the list here.

Please select an action from the list of action options in order to maximize the reward for your task.
When selecting an action, put the exact name of the action between action tags like: <action> action_name </action>.

Your thinking budget is 150 tokens. If you exceed this limit, you will be forced to provide an immediate answer.
Your overall generation limit is 200 tokens.
2026-01-24 14:33:48,041 - src.driver - INFO - GENERATED CONTENT: <action>  Highest Reward </action> 
 PARSED ACTION: Highest Reward
2026-01-24 14:33:48,042 - src.driver - INFO - You will be assigned a task. 
You will receive the actions you have available, followed by the action history. 
Your goal is to maximize the total reward across all 10 steps. We are on step 3. 

Task Assignment:
---
You are faced with a 3-armed bandit problem.  Each action corresponds to pulling a specific arm. Each arm is associated with a Gaussian distribution with a fixed but unknown mean. At each time step, you will select a field and receive a reward drawn from the associated distribution. Your goal is to select which arm to pull in order to maximize your reward across all of your turns.
---

Available Actions:
---

- Arm Name: Intermediate Reward - This action has been selected 0 time(s) for an observed mean of Unknown

- Arm Name: Lowest Reward - This action has been selected 0 time(s) for an observed mean of Unknown

- Arm Name: Highest Reward - This action has been selected 3 time(s) for an observed mean of 19.177832403732292

---
When selecting an action, include only the name of the action. Do not include the dashes used to indicate the list here.

Please select an action from the list of action options in order to maximize the reward for your task.
When selecting an action, put the exact name of the action between action tags like: <action> action_name </action>.

Your thinking budget is 150 tokens. If you exceed this limit, you will be forced to provide an immediate answer.
Your overall generation limit is 200 tokens.
2026-01-24 14:34:02,960 - src.driver - INFO - GENERATED CONTENT: <action>  Highest Reward </action> 
 PARSED ACTION: Highest Reward
2026-01-24 14:34:02,961 - src.driver - INFO - You will be assigned a task. 
You will receive the actions you have available, followed by the action history. 
Your goal is to maximize the total reward across all 10 steps. We are on step 4. 

Task Assignment:
---
You are faced with a 3-armed bandit problem.  Each action corresponds to pulling a specific arm. Each arm is associated with a Gaussian distribution with a fixed but unknown mean. At each time step, you will select a field and receive a reward drawn from the associated distribution. Your goal is to select which arm to pull in order to maximize your reward across all of your turns.
---

Available Actions:
---

- Arm Name: Intermediate Reward - This action has been selected 0 time(s) for an observed mean of Unknown

- Arm Name: Lowest Reward - This action has been selected 0 time(s) for an observed mean of Unknown

- Arm Name: Highest Reward - This action has been selected 4 time(s) for an observed mean of 21.427655964062186

---
When selecting an action, include only the name of the action. Do not include the dashes used to indicate the list here.

Please select an action from the list of action options in order to maximize the reward for your task.
When selecting an action, put the exact name of the action between action tags like: <action> action_name </action>.

Your thinking budget is 150 tokens. If you exceed this limit, you will be forced to provide an immediate answer.
Your overall generation limit is 200 tokens.
2026-01-24 14:34:17,846 - src.driver - INFO - GENERATED CONTENT: <action>  Highest Reward </action> 
 PARSED ACTION: Highest Reward
2026-01-24 14:34:17,847 - src.driver - INFO - You will be assigned a task. 
You will receive the actions you have available, followed by the action history. 
Your goal is to maximize the total reward across all 10 steps. We are on step 5. 

Task Assignment:
---
You are faced with a 3-armed bandit problem.  Each action corresponds to pulling a specific arm. Each arm is associated with a Gaussian distribution with a fixed but unknown mean. At each time step, you will select a field and receive a reward drawn from the associated distribution. Your goal is to select which arm to pull in order to maximize your reward across all of your turns.
---

Available Actions:
---

- Arm Name: Intermediate Reward - This action has been selected 0 time(s) for an observed mean of Unknown

- Arm Name: Lowest Reward - This action has been selected 0 time(s) for an observed mean of Unknown

- Arm Name: Highest Reward - This action has been selected 5 time(s) for an observed mean of 22.061374803966366

---
When selecting an action, include only the name of the action. Do not include the dashes used to indicate the list here.

Please select an action from the list of action options in order to maximize the reward for your task.
When selecting an action, put the exact name of the action between action tags like: <action> action_name </action>.

Your thinking budget is 150 tokens. If you exceed this limit, you will be forced to provide an immediate answer.
Your overall generation limit is 200 tokens.
2026-01-24 14:34:32,797 - src.driver - INFO - GENERATED CONTENT: <action>  Highest Reward </action> 
 PARSED ACTION: Highest Reward
2026-01-24 14:34:32,798 - src.driver - INFO - You will be assigned a task. 
You will receive the actions you have available, followed by the action history. 
Your goal is to maximize the total reward across all 10 steps. We are on step 6. 

Task Assignment:
---
You are faced with a 3-armed bandit problem.  Each action corresponds to pulling a specific arm. Each arm is associated with a Gaussian distribution with a fixed but unknown mean. At each time step, you will select a field and receive a reward drawn from the associated distribution. Your goal is to select which arm to pull in order to maximize your reward across all of your turns.
---

Available Actions:
---

- Arm Name: Intermediate Reward - This action has been selected 0 time(s) for an observed mean of Unknown

- Arm Name: Lowest Reward - This action has been selected 0 time(s) for an observed mean of Unknown

- Arm Name: Highest Reward - This action has been selected 6 time(s) for an observed mean of 20.893481339972418

---
When selecting an action, include only the name of the action. Do not include the dashes used to indicate the list here.

Please select an action from the list of action options in order to maximize the reward for your task.
When selecting an action, put the exact name of the action between action tags like: <action> action_name </action>.

Your thinking budget is 150 tokens. If you exceed this limit, you will be forced to provide an immediate answer.
Your overall generation limit is 200 tokens.
2026-01-24 14:34:47,741 - src.driver - INFO - GENERATED CONTENT: <action>  Highest Reward </action> 
 PARSED ACTION: Highest Reward
2026-01-24 14:34:47,742 - src.driver - INFO - You will be assigned a task. 
You will receive the actions you have available, followed by the action history. 
Your goal is to maximize the total reward across all 10 steps. We are on step 7. 

Task Assignment:
---
You are faced with a 3-armed bandit problem.  Each action corresponds to pulling a specific arm. Each arm is associated with a Gaussian distribution with a fixed but unknown mean. At each time step, you will select a field and receive a reward drawn from the associated distribution. Your goal is to select which arm to pull in order to maximize your reward across all of your turns.
---

Available Actions:
---

- Arm Name: Intermediate Reward - This action has been selected 0 time(s) for an observed mean of Unknown

- Arm Name: Lowest Reward - This action has been selected 0 time(s) for an observed mean of Unknown

- Arm Name: Highest Reward - This action has been selected 7 time(s) for an observed mean of 19.23192928064634

---
When selecting an action, include only the name of the action. Do not include the dashes used to indicate the list here.

Please select an action from the list of action options in order to maximize the reward for your task.
When selecting an action, put the exact name of the action between action tags like: <action> action_name </action>.

Your thinking budget is 150 tokens. If you exceed this limit, you will be forced to provide an immediate answer.
Your overall generation limit is 200 tokens.
2026-01-24 14:35:02,681 - src.driver - INFO - GENERATED CONTENT: <action>  Highest Reward </action> 
 PARSED ACTION: Highest Reward
2026-01-24 14:35:02,681 - src.driver - INFO - You will be assigned a task. 
You will receive the actions you have available, followed by the action history. 
Your goal is to maximize the total reward across all 10 steps. We are on step 8. 

Task Assignment:
---
You are faced with a 3-armed bandit problem.  Each action corresponds to pulling a specific arm. Each arm is associated with a Gaussian distribution with a fixed but unknown mean. At each time step, you will select a field and receive a reward drawn from the associated distribution. Your goal is to select which arm to pull in order to maximize your reward across all of your turns.
---

Available Actions:
---

- Arm Name: Intermediate Reward - This action has been selected 0 time(s) for an observed mean of Unknown

- Arm Name: Lowest Reward - This action has been selected 0 time(s) for an observed mean of Unknown

- Arm Name: Highest Reward - This action has been selected 8 time(s) for an observed mean of 15.824689701266095

---
When selecting an action, include only the name of the action. Do not include the dashes used to indicate the list here.

Please select an action from the list of action options in order to maximize the reward for your task.
When selecting an action, put the exact name of the action between action tags like: <action> action_name </action>.

Your thinking budget is 150 tokens. If you exceed this limit, you will be forced to provide an immediate answer.
Your overall generation limit is 200 tokens.
2026-01-24 14:35:17,567 - src.driver - INFO - GENERATED CONTENT: <action>  Highest Reward </action> 
 PARSED ACTION: Highest Reward
2026-01-24 14:35:17,568 - src.driver - INFO - You will be assigned a task. 
You will receive the actions you have available, followed by the action history. 
Your goal is to maximize the total reward across all 10 steps. We are on step 9. 

Task Assignment:
---
You are faced with a 3-armed bandit problem.  Each action corresponds to pulling a specific arm. Each arm is associated with a Gaussian distribution with a fixed but unknown mean. At each time step, you will select a field and receive a reward drawn from the associated distribution. Your goal is to select which arm to pull in order to maximize your reward across all of your turns.
---

Available Actions:
---

- Arm Name: Intermediate Reward - This action has been selected 0 time(s) for an observed mean of Unknown

- Arm Name: Lowest Reward - This action has been selected 0 time(s) for an observed mean of Unknown

- Arm Name: Highest Reward - This action has been selected 9 time(s) for an observed mean of 15.394195690329878

---
When selecting an action, include only the name of the action. Do not include the dashes used to indicate the list here.

Please select an action from the list of action options in order to maximize the reward for your task.
When selecting an action, put the exact name of the action between action tags like: <action> action_name </action>.

Your thinking budget is 150 tokens. If you exceed this limit, you will be forced to provide an immediate answer.
Your overall generation limit is 200 tokens.
2026-01-24 14:35:32,539 - src.driver - INFO - GENERATED CONTENT: <action>  Highest Reward </action> 
 PARSED ACTION: Highest Reward
2026-01-24 14:35:32,556 - src.driver - INFO - You will be assigned a task. 
You will receive the actions you have available, followed by the action history. 
Your goal is to maximize the total reward across all 10 steps. We are on step 0. 

Task Assignment:
---
You are faced with a 3-armed bandit problem.  Each action corresponds to pulling a specific arm. Each arm is associated with a Gaussian distribution with a fixed but unknown mean. At each time step, you will select a field and receive a reward drawn from the associated distribution. Your goal is to select which arm to pull in order to maximize your reward across all of your turns.
---

Available Actions:
---

- Arm Name: Intermediate Reward - This action has been selected 0 time(s) for an observed mean of Unknown

- Arm Name: Highest Reward - This action has been selected 0 time(s) for an observed mean of Unknown

- Arm Name: Lowest Reward - This action has been selected 0 time(s) for an observed mean of Unknown

---
When selecting an action, include only the name of the action. Do not include the dashes used to indicate the list here.

Please select an action from the list of action options in order to maximize the reward for your task.
When selecting an action, put the exact name of the action between action tags like: <action> action_name </action>.

Your thinking budget is 150 tokens. If you exceed this limit, you will be forced to provide an immediate answer.
Your overall generation limit is 200 tokens.
2026-01-24 14:35:47,280 - src.driver - INFO - GENERATED CONTENT: <action>  Intermediate Reward </action> 
 PARSED ACTION: Intermediate Reward
2026-01-24 14:35:47,280 - src.driver - INFO - You will be assigned a task. 
You will receive the actions you have available, followed by the action history. 
Your goal is to maximize the total reward across all 10 steps. We are on step 1. 

Task Assignment:
---
You are faced with a 3-armed bandit problem.  Each action corresponds to pulling a specific arm. Each arm is associated with a Gaussian distribution with a fixed but unknown mean. At each time step, you will select a field and receive a reward drawn from the associated distribution. Your goal is to select which arm to pull in order to maximize your reward across all of your turns.
---

Available Actions:
---

- Arm Name: Intermediate Reward - This action has been selected 1 time(s) for an observed mean of 45.42664782939848

- Arm Name: Highest Reward - This action has been selected 0 time(s) for an observed mean of Unknown

- Arm Name: Lowest Reward - This action has been selected 0 time(s) for an observed mean of Unknown

---
When selecting an action, include only the name of the action. Do not include the dashes used to indicate the list here.

Please select an action from the list of action options in order to maximize the reward for your task.
When selecting an action, put the exact name of the action between action tags like: <action> action_name </action>.

Your thinking budget is 150 tokens. If you exceed this limit, you will be forced to provide an immediate answer.
Your overall generation limit is 200 tokens.
2026-01-24 14:36:02,224 - src.driver - INFO - GENERATED CONTENT: <action> Intermediate Reward</action> 
 PARSED ACTION: Intermediate Reward
2026-01-24 14:36:02,225 - src.driver - INFO - You will be assigned a task. 
You will receive the actions you have available, followed by the action history. 
Your goal is to maximize the total reward across all 10 steps. We are on step 2. 

Task Assignment:
---
You are faced with a 3-armed bandit problem.  Each action corresponds to pulling a specific arm. Each arm is associated with a Gaussian distribution with a fixed but unknown mean. At each time step, you will select a field and receive a reward drawn from the associated distribution. Your goal is to select which arm to pull in order to maximize your reward across all of your turns.
---

Available Actions:
---

- Arm Name: Intermediate Reward - This action has been selected 2 time(s) for an observed mean of 47.16999074613117

- Arm Name: Highest Reward - This action has been selected 0 time(s) for an observed mean of Unknown

- Arm Name: Lowest Reward - This action has been selected 0 time(s) for an observed mean of Unknown

---
When selecting an action, include only the name of the action. Do not include the dashes used to indicate the list here.

Please select an action from the list of action options in order to maximize the reward for your task.
When selecting an action, put the exact name of the action between action tags like: <action> action_name </action>.

Your thinking budget is 150 tokens. If you exceed this limit, you will be forced to provide an immediate answer.
Your overall generation limit is 200 tokens.
2026-01-24 14:36:17,134 - src.driver - INFO - GENERATED CONTENT: <action>  Highest Reward </action> 
 PARSED ACTION: Highest Reward
2026-01-24 14:36:17,135 - src.driver - INFO - You will be assigned a task. 
You will receive the actions you have available, followed by the action history. 
Your goal is to maximize the total reward across all 10 steps. We are on step 3. 

Task Assignment:
---
You are faced with a 3-armed bandit problem.  Each action corresponds to pulling a specific arm. Each arm is associated with a Gaussian distribution with a fixed but unknown mean. At each time step, you will select a field and receive a reward drawn from the associated distribution. Your goal is to select which arm to pull in order to maximize your reward across all of your turns.
---

Available Actions:
---

- Arm Name: Intermediate Reward - This action has been selected 2 time(s) for an observed mean of 47.16999074613117

- Arm Name: Highest Reward - This action has been selected 1 time(s) for an observed mean of 20.652715703533588

- Arm Name: Lowest Reward - This action has been selected 0 time(s) for an observed mean of Unknown

---
When selecting an action, include only the name of the action. Do not include the dashes used to indicate the list here.

Please select an action from the list of action options in order to maximize the reward for your task.
When selecting an action, put the exact name of the action between action tags like: <action> action_name </action>.

Your thinking budget is 150 tokens. If you exceed this limit, you will be forced to provide an immediate answer.
Your overall generation limit is 200 tokens.
2026-01-24 14:36:32,163 - src.driver - INFO - GENERATED CONTENT: <action>  Lowest Reward </action> 
 PARSED ACTION: Lowest Reward
2026-01-24 14:36:32,164 - src.driver - INFO - You will be assigned a task. 
You will receive the actions you have available, followed by the action history. 
Your goal is to maximize the total reward across all 10 steps. We are on step 4. 

Task Assignment:
---
You are faced with a 3-armed bandit problem.  Each action corresponds to pulling a specific arm. Each arm is associated with a Gaussian distribution with a fixed but unknown mean. At each time step, you will select a field and receive a reward drawn from the associated distribution. Your goal is to select which arm to pull in order to maximize your reward across all of your turns.
---

Available Actions:
---

- Arm Name: Intermediate Reward - This action has been selected 2 time(s) for an observed mean of 47.16999074613117

- Arm Name: Highest Reward - This action has been selected 1 time(s) for an observed mean of 20.652715703533588

- Arm Name: Lowest Reward - This action has been selected 1 time(s) for an observed mean of 66.89438550514198

---
When selecting an action, include only the name of the action. Do not include the dashes used to indicate the list here.

Please select an action from the list of action options in order to maximize the reward for your task.
When selecting an action, put the exact name of the action between action tags like: <action> action_name </action>.

Your thinking budget is 150 tokens. If you exceed this limit, you will be forced to provide an immediate answer.
Your overall generation limit is 200 tokens.
2026-01-24 14:36:47,451 - src.driver - INFO - GENERATED CONTENT: <action> Lowest Reward</action> 
 PARSED ACTION: Lowest Reward
2026-01-24 14:36:47,452 - src.driver - INFO - You will be assigned a task. 
You will receive the actions you have available, followed by the action history. 
Your goal is to maximize the total reward across all 10 steps. We are on step 5. 

Task Assignment:
---
You are faced with a 3-armed bandit problem.  Each action corresponds to pulling a specific arm. Each arm is associated with a Gaussian distribution with a fixed but unknown mean. At each time step, you will select a field and receive a reward drawn from the associated distribution. Your goal is to select which arm to pull in order to maximize your reward across all of your turns.
---

Available Actions:
---

- Arm Name: Intermediate Reward - This action has been selected 2 time(s) for an observed mean of 47.16999074613117

- Arm Name: Highest Reward - This action has been selected 1 time(s) for an observed mean of 20.652715703533588

- Arm Name: Lowest Reward - This action has been selected 2 time(s) for an observed mean of 70.3776311192678

---
When selecting an action, include only the name of the action. Do not include the dashes used to indicate the list here.

Please select an action from the list of action options in order to maximize the reward for your task.
When selecting an action, put the exact name of the action between action tags like: <action> action_name </action>.

Your thinking budget is 150 tokens. If you exceed this limit, you will be forced to provide an immediate answer.
Your overall generation limit is 200 tokens.
2026-01-24 14:37:02,555 - src.driver - INFO - GENERATED CONTENT: <action> Lowest Reward</action> 
 PARSED ACTION: Lowest Reward
2026-01-24 14:37:02,555 - src.driver - INFO - You will be assigned a task. 
You will receive the actions you have available, followed by the action history. 
Your goal is to maximize the total reward across all 10 steps. We are on step 6. 

Task Assignment:
---
You are faced with a 3-armed bandit problem.  Each action corresponds to pulling a specific arm. Each arm is associated with a Gaussian distribution with a fixed but unknown mean. At each time step, you will select a field and receive a reward drawn from the associated distribution. Your goal is to select which arm to pull in order to maximize your reward across all of your turns.
---

Available Actions:
---

- Arm Name: Intermediate Reward - This action has been selected 2 time(s) for an observed mean of 47.16999074613117

- Arm Name: Highest Reward - This action has been selected 1 time(s) for an observed mean of 20.652715703533588

- Arm Name: Lowest Reward - This action has been selected 3 time(s) for an observed mean of 70.24743311845049

---
When selecting an action, include only the name of the action. Do not include the dashes used to indicate the list here.

Please select an action from the list of action options in order to maximize the reward for your task.
When selecting an action, put the exact name of the action between action tags like: <action> action_name </action>.

Your thinking budget is 150 tokens. If you exceed this limit, you will be forced to provide an immediate answer.
Your overall generation limit is 200 tokens.
2026-01-24 14:37:17,825 - src.driver - INFO - GENERATED CONTENT: <action> Lowest Reward</action> 
 PARSED ACTION: Lowest Reward
2026-01-24 14:37:17,826 - src.driver - INFO - You will be assigned a task. 
You will receive the actions you have available, followed by the action history. 
Your goal is to maximize the total reward across all 10 steps. We are on step 7. 

Task Assignment:
---
You are faced with a 3-armed bandit problem.  Each action corresponds to pulling a specific arm. Each arm is associated with a Gaussian distribution with a fixed but unknown mean. At each time step, you will select a field and receive a reward drawn from the associated distribution. Your goal is to select which arm to pull in order to maximize your reward across all of your turns.
---

Available Actions:
---

- Arm Name: Intermediate Reward - This action has been selected 2 time(s) for an observed mean of 47.16999074613117

- Arm Name: Highest Reward - This action has been selected 1 time(s) for an observed mean of 20.652715703533588

- Arm Name: Lowest Reward - This action has been selected 4 time(s) for an observed mean of 77.38379996568479

---
When selecting an action, include only the name of the action. Do not include the dashes used to indicate the list here.

Please select an action from the list of action options in order to maximize the reward for your task.
When selecting an action, put the exact name of the action between action tags like: <action> action_name </action>.

Your thinking budget is 150 tokens. If you exceed this limit, you will be forced to provide an immediate answer.
Your overall generation limit is 200 tokens.
2026-01-24 14:37:33,183 - src.driver - INFO - GENERATED CONTENT: <action> Lowest Reward</action> 
 PARSED ACTION: Lowest Reward
2026-01-24 14:37:33,184 - src.driver - INFO - You will be assigned a task. 
You will receive the actions you have available, followed by the action history. 
Your goal is to maximize the total reward across all 10 steps. We are on step 8. 

Task Assignment:
---
You are faced with a 3-armed bandit problem.  Each action corresponds to pulling a specific arm. Each arm is associated with a Gaussian distribution with a fixed but unknown mean. At each time step, you will select a field and receive a reward drawn from the associated distribution. Your goal is to select which arm to pull in order to maximize your reward across all of your turns.
---

Available Actions:
---

- Arm Name: Intermediate Reward - This action has been selected 2 time(s) for an observed mean of 47.16999074613117

- Arm Name: Highest Reward - This action has been selected 1 time(s) for an observed mean of 20.652715703533588

- Arm Name: Lowest Reward - This action has been selected 5 time(s) for an observed mean of 78.81894928245993

---
When selecting an action, include only the name of the action. Do not include the dashes used to indicate the list here.

Please select an action from the list of action options in order to maximize the reward for your task.
When selecting an action, put the exact name of the action between action tags like: <action> action_name </action>.

Your thinking budget is 150 tokens. If you exceed this limit, you will be forced to provide an immediate answer.
Your overall generation limit is 200 tokens.
2026-01-24 14:37:48,505 - src.driver - INFO - GENERATED CONTENT: <action> Lowest Reward</action> 
 PARSED ACTION: Lowest Reward
2026-01-24 14:37:48,506 - src.driver - INFO - You will be assigned a task. 
You will receive the actions you have available, followed by the action history. 
Your goal is to maximize the total reward across all 10 steps. We are on step 9. 

Task Assignment:
---
You are faced with a 3-armed bandit problem.  Each action corresponds to pulling a specific arm. Each arm is associated with a Gaussian distribution with a fixed but unknown mean. At each time step, you will select a field and receive a reward drawn from the associated distribution. Your goal is to select which arm to pull in order to maximize your reward across all of your turns.
---

Available Actions:
---

- Arm Name: Intermediate Reward - This action has been selected 2 time(s) for an observed mean of 47.16999074613117

- Arm Name: Highest Reward - This action has been selected 1 time(s) for an observed mean of 20.652715703533588

- Arm Name: Lowest Reward - This action has been selected 6 time(s) for an observed mean of 77.81232701278553

---
When selecting an action, include only the name of the action. Do not include the dashes used to indicate the list here.

Please select an action from the list of action options in order to maximize the reward for your task.
When selecting an action, put the exact name of the action between action tags like: <action> action_name </action>.

Your thinking budget is 150 tokens. If you exceed this limit, you will be forced to provide an immediate answer.
Your overall generation limit is 200 tokens.
2026-01-24 14:38:03,839 - src.driver - INFO - GENERATED CONTENT: <action> Lowest Reward</action> 
 PARSED ACTION: Lowest Reward
