2025-12-01 17:40:41,832 - src.driver - INFO - ##### v1_w_hist.jinja2 #####

You will be assigned a task. 
You will receive the current state of the environment, the actions you have available, followed by the action taken and their respective reward. 
Your goal is to maximize the total reward across all 8 steps. We are on step 0. 

Task Assignment:
---
You are a farmer who owns 3 fields. Each field has a specified reward that it will return. Your goal is to select which field to plant in in order to maximize your reward across all of your turns.
---

Current State:
---

State is empty.

---

Available Actions:
---

- Q4FXEYMC6L

- P1I82PXJC5

- 5O1I3YUR78

---
When selecting an action, include only the name of the action. Do not include the dashes used to indicate the list here.

History:
---

This is the first turn. There is no history.

---

Please select an action from the list of action options in order to maximize the reward for your task.
When selecting an action, put the exact name of the action between action tags like: <action> action_name </action>.
2025-12-01 17:41:59,503 - src.driver - INFO - GENERATED CONTENT: <action>Q4FXEYMC6L</action> 
 PARSED ACTION: Q4FXEYMC6L
2025-12-01 17:41:59,504 - src.driver - INFO - ##### v1_w_hist.jinja2 #####

You will be assigned a task. 
You will receive the current state of the environment, the actions you have available, followed by the action taken and their respective reward. 
Your goal is to maximize the total reward across all 8 steps. We are on step 1. 

Task Assignment:
---
You are a farmer who owns 3 fields. Each field has a specified reward that it will return. Your goal is to select which field to plant in in order to maximize your reward across all of your turns.
---

Current State:
---

State is empty.

---

Available Actions:
---

- Q4FXEYMC6L

- P1I82PXJC5

- 5O1I3YUR78

---
When selecting an action, include only the name of the action. Do not include the dashes used to indicate the list here.

History:
---


- {'state': {}, 'action_taken': 'Q4FXEYMC6L', 'reward': 200.0}


---

Please select an action from the list of action options in order to maximize the reward for your task.
When selecting an action, put the exact name of the action between action tags like: <action> action_name </action>.
2025-12-01 17:43:26,251 - src.driver - INFO - GENERATED CONTENT: <action>Q4FXEYMC6L</action> 
 PARSED ACTION: Q4FXEYMC6L
2025-12-01 17:43:26,252 - src.driver - INFO - ##### v1_w_hist.jinja2 #####

You will be assigned a task. 
You will receive the current state of the environment, the actions you have available, followed by the action taken and their respective reward. 
Your goal is to maximize the total reward across all 8 steps. We are on step 2. 

Task Assignment:
---
You are a farmer who owns 3 fields. Each field has a specified reward that it will return. Your goal is to select which field to plant in in order to maximize your reward across all of your turns.
---

Current State:
---

State is empty.

---

Available Actions:
---

- Q4FXEYMC6L

- P1I82PXJC5

- 5O1I3YUR78

---
When selecting an action, include only the name of the action. Do not include the dashes used to indicate the list here.

History:
---


- {'state': {}, 'action_taken': 'Q4FXEYMC6L', 'reward': 200.0}

- {'state': {}, 'action_taken': 'Q4FXEYMC6L', 'reward': 200.0}


---

Please select an action from the list of action options in order to maximize the reward for your task.
When selecting an action, put the exact name of the action between action tags like: <action> action_name </action>.
2025-12-01 17:45:32,412 - src.driver - INFO - GENERATED CONTENT: <action>Q4FXEYMC6L</action> 
 PARSED ACTION: Q4FXEYMC6L
2025-12-01 17:45:32,413 - src.driver - INFO - ##### v1_w_hist.jinja2 #####

You will be assigned a task. 
You will receive the current state of the environment, the actions you have available, followed by the action taken and their respective reward. 
Your goal is to maximize the total reward across all 8 steps. We are on step 3. 

Task Assignment:
---
You are a farmer who owns 3 fields. Each field has a specified reward that it will return. Your goal is to select which field to plant in in order to maximize your reward across all of your turns.
---

Current State:
---

State is empty.

---

Available Actions:
---

- Q4FXEYMC6L

- P1I82PXJC5

- 5O1I3YUR78

---
When selecting an action, include only the name of the action. Do not include the dashes used to indicate the list here.

History:
---


- {'state': {}, 'action_taken': 'Q4FXEYMC6L', 'reward': 200.0}

- {'state': {}, 'action_taken': 'Q4FXEYMC6L', 'reward': 200.0}

- {'state': {}, 'action_taken': 'Q4FXEYMC6L', 'reward': 200.0}


---

Please select an action from the list of action options in order to maximize the reward for your task.
When selecting an action, put the exact name of the action between action tags like: <action> action_name </action>.
2025-12-01 17:47:23,710 - src.driver - INFO - GENERATED CONTENT: <action>Q4FXEYMC6L</action> 
 PARSED ACTION: Q4FXEYMC6L
2025-12-01 17:47:23,713 - src.driver - INFO - ##### v1_w_hist.jinja2 #####

You will be assigned a task. 
You will receive the current state of the environment, the actions you have available, followed by the action taken and their respective reward. 
Your goal is to maximize the total reward across all 8 steps. We are on step 4. 

Task Assignment:
---
You are a farmer who owns 3 fields. Each field has a specified reward that it will return. Your goal is to select which field to plant in in order to maximize your reward across all of your turns.
---

Current State:
---

State is empty.

---

Available Actions:
---

- Q4FXEYMC6L

- P1I82PXJC5

- 5O1I3YUR78

---
When selecting an action, include only the name of the action. Do not include the dashes used to indicate the list here.

History:
---


- {'state': {}, 'action_taken': 'Q4FXEYMC6L', 'reward': 200.0}

- {'state': {}, 'action_taken': 'Q4FXEYMC6L', 'reward': 200.0}

- {'state': {}, 'action_taken': 'Q4FXEYMC6L', 'reward': 200.0}

- {'state': {}, 'action_taken': 'Q4FXEYMC6L', 'reward': 200.0}


---

Please select an action from the list of action options in order to maximize the reward for your task.
When selecting an action, put the exact name of the action between action tags like: <action> action_name </action>.
2025-12-01 17:48:32,127 - src.driver - INFO - GENERATED CONTENT: <action>Q4FXEYMC6L</action> 
 PARSED ACTION: Q4FXEYMC6L
2025-12-01 17:48:32,128 - src.driver - INFO - ##### v1_w_hist.jinja2 #####

You will be assigned a task. 
You will receive the current state of the environment, the actions you have available, followed by the action taken and their respective reward. 
Your goal is to maximize the total reward across all 8 steps. We are on step 5. 

Task Assignment:
---
You are a farmer who owns 3 fields. Each field has a specified reward that it will return. Your goal is to select which field to plant in in order to maximize your reward across all of your turns.
---

Current State:
---

State is empty.

---

Available Actions:
---

- Q4FXEYMC6L

- P1I82PXJC5

- 5O1I3YUR78

---
When selecting an action, include only the name of the action. Do not include the dashes used to indicate the list here.

History:
---


- {'state': {}, 'action_taken': 'Q4FXEYMC6L', 'reward': 200.0}

- {'state': {}, 'action_taken': 'Q4FXEYMC6L', 'reward': 200.0}

- {'state': {}, 'action_taken': 'Q4FXEYMC6L', 'reward': 200.0}

- {'state': {}, 'action_taken': 'Q4FXEYMC6L', 'reward': 200.0}

- {'state': {}, 'action_taken': 'Q4FXEYMC6L', 'reward': 200.0}


---

Please select an action from the list of action options in order to maximize the reward for your task.
When selecting an action, put the exact name of the action between action tags like: <action> action_name </action>.
2025-12-01 17:50:28,229 - src.driver - INFO - GENERATED CONTENT: <action>Q4FXEYMC6L</action> 
 PARSED ACTION: Q4FXEYMC6L
2025-12-01 17:50:28,230 - src.driver - INFO - ##### v1_w_hist.jinja2 #####

You will be assigned a task. 
You will receive the current state of the environment, the actions you have available, followed by the action taken and their respective reward. 
Your goal is to maximize the total reward across all 8 steps. We are on step 6. 

Task Assignment:
---
You are a farmer who owns 3 fields. Each field has a specified reward that it will return. Your goal is to select which field to plant in in order to maximize your reward across all of your turns.
---

Current State:
---

State is empty.

---

Available Actions:
---

- Q4FXEYMC6L

- P1I82PXJC5

- 5O1I3YUR78

---
When selecting an action, include only the name of the action. Do not include the dashes used to indicate the list here.

History:
---


- {'state': {}, 'action_taken': 'Q4FXEYMC6L', 'reward': 200.0}

- {'state': {}, 'action_taken': 'Q4FXEYMC6L', 'reward': 200.0}

- {'state': {}, 'action_taken': 'Q4FXEYMC6L', 'reward': 200.0}

- {'state': {}, 'action_taken': 'Q4FXEYMC6L', 'reward': 200.0}

- {'state': {}, 'action_taken': 'Q4FXEYMC6L', 'reward': 200.0}

- {'state': {}, 'action_taken': 'Q4FXEYMC6L', 'reward': 200.0}


---

Please select an action from the list of action options in order to maximize the reward for your task.
When selecting an action, put the exact name of the action between action tags like: <action> action_name </action>.
2025-12-01 17:53:15,737 - src.driver - INFO - GENERATED CONTENT: <action> Q4FXEYMC6L </action> 
 PARSED ACTION: Q4FXEYMC6L
2025-12-01 17:53:15,737 - src.driver - INFO - ##### v1_w_hist.jinja2 #####

You will be assigned a task. 
You will receive the current state of the environment, the actions you have available, followed by the action taken and their respective reward. 
Your goal is to maximize the total reward across all 8 steps. We are on step 7. 

Task Assignment:
---
You are a farmer who owns 3 fields. Each field has a specified reward that it will return. Your goal is to select which field to plant in in order to maximize your reward across all of your turns.
---

Current State:
---

State is empty.

---

Available Actions:
---

- Q4FXEYMC6L

- P1I82PXJC5

- 5O1I3YUR78

---
When selecting an action, include only the name of the action. Do not include the dashes used to indicate the list here.

History:
---


- {'state': {}, 'action_taken': 'Q4FXEYMC6L', 'reward': 200.0}

- {'state': {}, 'action_taken': 'Q4FXEYMC6L', 'reward': 200.0}

- {'state': {}, 'action_taken': 'Q4FXEYMC6L', 'reward': 200.0}

- {'state': {}, 'action_taken': 'Q4FXEYMC6L', 'reward': 200.0}

- {'state': {}, 'action_taken': 'Q4FXEYMC6L', 'reward': 200.0}

- {'state': {}, 'action_taken': 'Q4FXEYMC6L', 'reward': 200.0}

- {'state': {}, 'action_taken': 'Q4FXEYMC6L', 'reward': 200.0}


---

Please select an action from the list of action options in order to maximize the reward for your task.
When selecting an action, put the exact name of the action between action tags like: <action> action_name </action>.
2025-12-01 17:55:39,270 - src.driver - INFO - GENERATED CONTENT: <action>Q4FXEYMC6L</action> 
 PARSED ACTION: Q4FXEYMC6L
2025-12-01 17:55:42,841 - src.driver - INFO - ##### v1_w_hist.jinja2 #####

You will be assigned a task. 
You will receive the current state of the environment, the actions you have available, followed by the action taken and their respective reward. 
Your goal is to maximize the total reward across all 8 steps. We are on step 0. 

Task Assignment:
---
You are a farmer who owns 3 fields. Each field has a specified reward that it will return. Your goal is to select which field to plant in in order to maximize your reward across all of your turns.
---

Current State:
---

State is empty.

---

Available Actions:
---

- 5O1I3YUR78

- Q4FXEYMC6L

- P1I82PXJC5

---
When selecting an action, include only the name of the action. Do not include the dashes used to indicate the list here.

History:
---

This is the first turn. There is no history.

---

Please select an action from the list of action options in order to maximize the reward for your task.
When selecting an action, put the exact name of the action between action tags like: <action> action_name </action>.
2025-12-01 17:57:55,681 - src.driver - INFO - GENERATED CONTENT: <action>5O1I3YUR78</action> 
 PARSED ACTION: 5O1I3YUR78
2025-12-01 17:57:55,682 - src.driver - INFO - ##### v1_w_hist.jinja2 #####

You will be assigned a task. 
You will receive the current state of the environment, the actions you have available, followed by the action taken and their respective reward. 
Your goal is to maximize the total reward across all 8 steps. We are on step 1. 

Task Assignment:
---
You are a farmer who owns 3 fields. Each field has a specified reward that it will return. Your goal is to select which field to plant in in order to maximize your reward across all of your turns.
---

Current State:
---

State is empty.

---

Available Actions:
---

- 5O1I3YUR78

- Q4FXEYMC6L

- P1I82PXJC5

---
When selecting an action, include only the name of the action. Do not include the dashes used to indicate the list here.

History:
---


- {'state': {}, 'action_taken': '5O1I3YUR78', 'reward': 50.0}


---

Please select an action from the list of action options in order to maximize the reward for your task.
When selecting an action, put the exact name of the action between action tags like: <action> action_name </action>.
2025-12-01 17:59:55,446 - src.driver - INFO - GENERATED CONTENT: <action>5O1I3YUR78</action> 
 PARSED ACTION: 5O1I3YUR78
2025-12-01 17:59:55,447 - src.driver - INFO - ##### v1_w_hist.jinja2 #####

You will be assigned a task. 
You will receive the current state of the environment, the actions you have available, followed by the action taken and their respective reward. 
Your goal is to maximize the total reward across all 8 steps. We are on step 2. 

Task Assignment:
---
You are a farmer who owns 3 fields. Each field has a specified reward that it will return. Your goal is to select which field to plant in in order to maximize your reward across all of your turns.
---

Current State:
---

State is empty.

---

Available Actions:
---

- 5O1I3YUR78

- Q4FXEYMC6L

- P1I82PXJC5

---
When selecting an action, include only the name of the action. Do not include the dashes used to indicate the list here.

History:
---


- {'state': {}, 'action_taken': '5O1I3YUR78', 'reward': 50.0}

- {'state': {}, 'action_taken': '5O1I3YUR78', 'reward': 50.0}


---

Please select an action from the list of action options in order to maximize the reward for your task.
When selecting an action, put the exact name of the action between action tags like: <action> action_name </action>.
2025-12-01 18:02:18,195 - src.driver - INFO - GENERATED CONTENT: <action>5O1I3YUR78</action> 
 PARSED ACTION: 5O1I3YUR78
2025-12-01 18:02:18,196 - src.driver - INFO - ##### v1_w_hist.jinja2 #####

You will be assigned a task. 
You will receive the current state of the environment, the actions you have available, followed by the action taken and their respective reward. 
Your goal is to maximize the total reward across all 8 steps. We are on step 3. 

Task Assignment:
---
You are a farmer who owns 3 fields. Each field has a specified reward that it will return. Your goal is to select which field to plant in in order to maximize your reward across all of your turns.
---

Current State:
---

State is empty.

---

Available Actions:
---

- 5O1I3YUR78

- Q4FXEYMC6L

- P1I82PXJC5

---
When selecting an action, include only the name of the action. Do not include the dashes used to indicate the list here.

History:
---


- {'state': {}, 'action_taken': '5O1I3YUR78', 'reward': 50.0}

- {'state': {}, 'action_taken': '5O1I3YUR78', 'reward': 50.0}

- {'state': {}, 'action_taken': '5O1I3YUR78', 'reward': 50.0}


---

Please select an action from the list of action options in order to maximize the reward for your task.
When selecting an action, put the exact name of the action between action tags like: <action> action_name </action>.
2025-12-01 18:04:38,007 - src.driver - INFO - GENERATED CONTENT: <action>5O1I3YUR78</action> 
 PARSED ACTION: 5O1I3YUR78
2025-12-01 18:04:38,008 - src.driver - INFO - ##### v1_w_hist.jinja2 #####

You will be assigned a task. 
You will receive the current state of the environment, the actions you have available, followed by the action taken and their respective reward. 
Your goal is to maximize the total reward across all 8 steps. We are on step 4. 

Task Assignment:
---
You are a farmer who owns 3 fields. Each field has a specified reward that it will return. Your goal is to select which field to plant in in order to maximize your reward across all of your turns.
---

Current State:
---

State is empty.

---

Available Actions:
---

- 5O1I3YUR78

- Q4FXEYMC6L

- P1I82PXJC5

---
When selecting an action, include only the name of the action. Do not include the dashes used to indicate the list here.

History:
---


- {'state': {}, 'action_taken': '5O1I3YUR78', 'reward': 50.0}

- {'state': {}, 'action_taken': '5O1I3YUR78', 'reward': 50.0}

- {'state': {}, 'action_taken': '5O1I3YUR78', 'reward': 50.0}

- {'state': {}, 'action_taken': '5O1I3YUR78', 'reward': 50.0}


---

Please select an action from the list of action options in order to maximize the reward for your task.
When selecting an action, put the exact name of the action between action tags like: <action> action_name </action>.
2025-12-01 18:06:35,556 - src.driver - INFO - GENERATED CONTENT: <action>5O1I3YUR78</action> 
 PARSED ACTION: 5O1I3YUR78
2025-12-01 18:06:35,556 - src.driver - INFO - ##### v1_w_hist.jinja2 #####

You will be assigned a task. 
You will receive the current state of the environment, the actions you have available, followed by the action taken and their respective reward. 
Your goal is to maximize the total reward across all 8 steps. We are on step 5. 

Task Assignment:
---
You are a farmer who owns 3 fields. Each field has a specified reward that it will return. Your goal is to select which field to plant in in order to maximize your reward across all of your turns.
---

Current State:
---

State is empty.

---

Available Actions:
---

- 5O1I3YUR78

- Q4FXEYMC6L

- P1I82PXJC5

---
When selecting an action, include only the name of the action. Do not include the dashes used to indicate the list here.

History:
---


- {'state': {}, 'action_taken': '5O1I3YUR78', 'reward': 50.0}

- {'state': {}, 'action_taken': '5O1I3YUR78', 'reward': 50.0}

- {'state': {}, 'action_taken': '5O1I3YUR78', 'reward': 50.0}

- {'state': {}, 'action_taken': '5O1I3YUR78', 'reward': 50.0}

- {'state': {}, 'action_taken': '5O1I3YUR78', 'reward': 50.0}


---

Please select an action from the list of action options in order to maximize the reward for your task.
When selecting an action, put the exact name of the action between action tags like: <action> action_name </action>.
2025-12-01 18:08:53,077 - src.driver - INFO - GENERATED CONTENT: <action>5O1I3YUR78</action> 
 PARSED ACTION: 5O1I3YUR78
2025-12-01 18:08:53,078 - src.driver - INFO - ##### v1_w_hist.jinja2 #####

You will be assigned a task. 
You will receive the current state of the environment, the actions you have available, followed by the action taken and their respective reward. 
Your goal is to maximize the total reward across all 8 steps. We are on step 6. 

Task Assignment:
---
You are a farmer who owns 3 fields. Each field has a specified reward that it will return. Your goal is to select which field to plant in in order to maximize your reward across all of your turns.
---

Current State:
---

State is empty.

---

Available Actions:
---

- 5O1I3YUR78

- Q4FXEYMC6L

- P1I82PXJC5

---
When selecting an action, include only the name of the action. Do not include the dashes used to indicate the list here.

History:
---


- {'state': {}, 'action_taken': '5O1I3YUR78', 'reward': 50.0}

- {'state': {}, 'action_taken': '5O1I3YUR78', 'reward': 50.0}

- {'state': {}, 'action_taken': '5O1I3YUR78', 'reward': 50.0}

- {'state': {}, 'action_taken': '5O1I3YUR78', 'reward': 50.0}

- {'state': {}, 'action_taken': '5O1I3YUR78', 'reward': 50.0}

- {'state': {}, 'action_taken': '5O1I3YUR78', 'reward': 50.0}


---

Please select an action from the list of action options in order to maximize the reward for your task.
When selecting an action, put the exact name of the action between action tags like: <action> action_name </action>.
2025-12-01 18:12:05,063 - src.driver - INFO - GENERATED CONTENT: <action>5O1I3YUR78</action> 
 PARSED ACTION: 5O1I3YUR78
2025-12-01 18:12:05,064 - src.driver - INFO - ##### v1_w_hist.jinja2 #####

You will be assigned a task. 
You will receive the current state of the environment, the actions you have available, followed by the action taken and their respective reward. 
Your goal is to maximize the total reward across all 8 steps. We are on step 7. 

Task Assignment:
---
You are a farmer who owns 3 fields. Each field has a specified reward that it will return. Your goal is to select which field to plant in in order to maximize your reward across all of your turns.
---

Current State:
---

State is empty.

---

Available Actions:
---

- 5O1I3YUR78

- Q4FXEYMC6L

- P1I82PXJC5

---
When selecting an action, include only the name of the action. Do not include the dashes used to indicate the list here.

History:
---


- {'state': {}, 'action_taken': '5O1I3YUR78', 'reward': 50.0}

- {'state': {}, 'action_taken': '5O1I3YUR78', 'reward': 50.0}

- {'state': {}, 'action_taken': '5O1I3YUR78', 'reward': 50.0}

- {'state': {}, 'action_taken': '5O1I3YUR78', 'reward': 50.0}

- {'state': {}, 'action_taken': '5O1I3YUR78', 'reward': 50.0}

- {'state': {}, 'action_taken': '5O1I3YUR78', 'reward': 50.0}

- {'state': {}, 'action_taken': '5O1I3YUR78', 'reward': 50.0}


---

Please select an action from the list of action options in order to maximize the reward for your task.
When selecting an action, put the exact name of the action between action tags like: <action> action_name </action>.
2025-12-01 18:13:38,990 - src.driver - INFO - GENERATED CONTENT: <action>5O1I3YUR78</action> 
 PARSED ACTION: 5O1I3YUR78
