2025-12-09 23:05:55,636 - src.driver - INFO - You will be assigned a task. 
You will receive the actions you have available, followed by the action history. 
Your goal is to maximize the total reward across all 8 steps. We are on step 0. 

Task Assignment:
---
You are faced with a 3-armed bandit problem.  Each action corresponds to pulling a specific arm. Each arm is associated with a Gaussian distribution with a fixed but unknown mean. At each time step, you will select a field and receive a reward drawn from the associated distribution. Your goal is to select which arm to pull in order to maximize your reward across all of your turns.
---

Available Actions:
---

- Dementia Elimination Pathetic Arm

- Decimal Glasses Sailing Arm

- Forte Tribute Anchorage Arm

---
When selecting an action, include only the name of the action. Do not include the dashes used to indicate the list here.

History:
---

This is the first turn. There is no history.

---

Please select an action from the list of action options in order to maximize the reward for your task.
When selecting an action, put the exact name of the action between action tags like: <action> action_name </action>.

Your thinking budget is 150 tokens. If you exceed this limit, you will be forced to provide an immediate answer.
Your overall generation limit is 200 tokens.
2025-12-09 23:06:08,392 - src.driver - INFO - GENERATED CONTENT: <action>  Decimal Glasses Sailing Arm </action> 
 PARSED ACTION: Decimal Glasses Sailing Arm
2025-12-09 23:06:08,392 - src.driver - INFO - You will be assigned a task. 
You will receive the actions you have available, followed by the action history. 
Your goal is to maximize the total reward across all 8 steps. We are on step 1. 

Task Assignment:
---
You are faced with a 3-armed bandit problem.  Each action corresponds to pulling a specific arm. Each arm is associated with a Gaussian distribution with a fixed but unknown mean. At each time step, you will select a field and receive a reward drawn from the associated distribution. Your goal is to select which arm to pull in order to maximize your reward across all of your turns.
---

Available Actions:
---

- Dementia Elimination Pathetic Arm

- Decimal Glasses Sailing Arm

- Forte Tribute Anchorage Arm

---
When selecting an action, include only the name of the action. Do not include the dashes used to indicate the list here.

History:
---


- {'state': {}, 'action_taken': 'Decimal Glasses Sailing Arm', 'reward': 100.0}


---

Please select an action from the list of action options in order to maximize the reward for your task.
When selecting an action, put the exact name of the action between action tags like: <action> action_name </action>.

Your thinking budget is 150 tokens. If you exceed this limit, you will be forced to provide an immediate answer.
Your overall generation limit is 200 tokens.
2025-12-09 23:06:21,202 - src.driver - INFO - GENERATED CONTENT: <action>  Forte Tribute Anchorage Arm </action> 
 PARSED ACTION: Forte Tribute Anchorage Arm
2025-12-09 23:06:21,202 - src.driver - INFO - You will be assigned a task. 
You will receive the actions you have available, followed by the action history. 
Your goal is to maximize the total reward across all 8 steps. We are on step 2. 

Task Assignment:
---
You are faced with a 3-armed bandit problem.  Each action corresponds to pulling a specific arm. Each arm is associated with a Gaussian distribution with a fixed but unknown mean. At each time step, you will select a field and receive a reward drawn from the associated distribution. Your goal is to select which arm to pull in order to maximize your reward across all of your turns.
---

Available Actions:
---

- Dementia Elimination Pathetic Arm

- Decimal Glasses Sailing Arm

- Forte Tribute Anchorage Arm

---
When selecting an action, include only the name of the action. Do not include the dashes used to indicate the list here.

History:
---


- {'state': {}, 'action_taken': 'Decimal Glasses Sailing Arm', 'reward': 100.0}

- {'state': {}, 'action_taken': 'Forte Tribute Anchorage Arm', 'reward': 50.0}


---

Please select an action from the list of action options in order to maximize the reward for your task.
When selecting an action, put the exact name of the action between action tags like: <action> action_name </action>.

Your thinking budget is 150 tokens. If you exceed this limit, you will be forced to provide an immediate answer.
Your overall generation limit is 200 tokens.
2025-12-09 23:06:34,068 - src.driver - INFO - GENERATED CONTENT: <action>  Decimal Glasses Sailing Arm </action> 
 PARSED ACTION: Decimal Glasses Sailing Arm
2025-12-09 23:06:34,068 - src.driver - INFO - You will be assigned a task. 
You will receive the actions you have available, followed by the action history. 
Your goal is to maximize the total reward across all 8 steps. We are on step 3. 

Task Assignment:
---
You are faced with a 3-armed bandit problem.  Each action corresponds to pulling a specific arm. Each arm is associated with a Gaussian distribution with a fixed but unknown mean. At each time step, you will select a field and receive a reward drawn from the associated distribution. Your goal is to select which arm to pull in order to maximize your reward across all of your turns.
---

Available Actions:
---

- Dementia Elimination Pathetic Arm

- Decimal Glasses Sailing Arm

- Forte Tribute Anchorage Arm

---
When selecting an action, include only the name of the action. Do not include the dashes used to indicate the list here.

History:
---


- {'state': {}, 'action_taken': 'Decimal Glasses Sailing Arm', 'reward': 100.0}

- {'state': {}, 'action_taken': 'Forte Tribute Anchorage Arm', 'reward': 50.0}

- {'state': {}, 'action_taken': 'Decimal Glasses Sailing Arm', 'reward': 100.0}


---

Please select an action from the list of action options in order to maximize the reward for your task.
When selecting an action, put the exact name of the action between action tags like: <action> action_name </action>.

Your thinking budget is 150 tokens. If you exceed this limit, you will be forced to provide an immediate answer.
Your overall generation limit is 200 tokens.
2025-12-09 23:06:47,023 - src.driver - INFO - GENERATED CONTENT: <action>  Decimal Glasses Sailing Arm </action> 
 PARSED ACTION: Decimal Glasses Sailing Arm
2025-12-09 23:06:47,023 - src.driver - INFO - You will be assigned a task. 
You will receive the actions you have available, followed by the action history. 
Your goal is to maximize the total reward across all 8 steps. We are on step 4. 

Task Assignment:
---
You are faced with a 3-armed bandit problem.  Each action corresponds to pulling a specific arm. Each arm is associated with a Gaussian distribution with a fixed but unknown mean. At each time step, you will select a field and receive a reward drawn from the associated distribution. Your goal is to select which arm to pull in order to maximize your reward across all of your turns.
---

Available Actions:
---

- Dementia Elimination Pathetic Arm

- Decimal Glasses Sailing Arm

- Forte Tribute Anchorage Arm

---
When selecting an action, include only the name of the action. Do not include the dashes used to indicate the list here.

History:
---


- {'state': {}, 'action_taken': 'Decimal Glasses Sailing Arm', 'reward': 100.0}

- {'state': {}, 'action_taken': 'Forte Tribute Anchorage Arm', 'reward': 50.0}

- {'state': {}, 'action_taken': 'Decimal Glasses Sailing Arm', 'reward': 100.0}

- {'state': {}, 'action_taken': 'Decimal Glasses Sailing Arm', 'reward': 100.0}


---

Please select an action from the list of action options in order to maximize the reward for your task.
When selecting an action, put the exact name of the action between action tags like: <action> action_name </action>.

Your thinking budget is 150 tokens. If you exceed this limit, you will be forced to provide an immediate answer.
Your overall generation limit is 200 tokens.
2025-12-09 23:07:00,103 - src.driver - INFO - GENERATED CONTENT: <action>  Decimal Glasses Sailing Arm </action> 
 PARSED ACTION: Decimal Glasses Sailing Arm
2025-12-09 23:07:00,103 - src.driver - INFO - You will be assigned a task. 
You will receive the actions you have available, followed by the action history. 
Your goal is to maximize the total reward across all 8 steps. We are on step 5. 

Task Assignment:
---
You are faced with a 3-armed bandit problem.  Each action corresponds to pulling a specific arm. Each arm is associated with a Gaussian distribution with a fixed but unknown mean. At each time step, you will select a field and receive a reward drawn from the associated distribution. Your goal is to select which arm to pull in order to maximize your reward across all of your turns.
---

Available Actions:
---

- Dementia Elimination Pathetic Arm

- Decimal Glasses Sailing Arm

- Forte Tribute Anchorage Arm

---
When selecting an action, include only the name of the action. Do not include the dashes used to indicate the list here.

History:
---


- {'state': {}, 'action_taken': 'Decimal Glasses Sailing Arm', 'reward': 100.0}

- {'state': {}, 'action_taken': 'Forte Tribute Anchorage Arm', 'reward': 50.0}

- {'state': {}, 'action_taken': 'Decimal Glasses Sailing Arm', 'reward': 100.0}

- {'state': {}, 'action_taken': 'Decimal Glasses Sailing Arm', 'reward': 100.0}

- {'state': {}, 'action_taken': 'Decimal Glasses Sailing Arm', 'reward': 100.0}


---

Please select an action from the list of action options in order to maximize the reward for your task.
When selecting an action, put the exact name of the action between action tags like: <action> action_name </action>.

Your thinking budget is 150 tokens. If you exceed this limit, you will be forced to provide an immediate answer.
Your overall generation limit is 200 tokens.
2025-12-09 23:07:13,243 - src.driver - INFO - GENERATED CONTENT: <action> Decimal Glasses Sailing Arm</action> 
 PARSED ACTION: Decimal Glasses Sailing Arm
2025-12-09 23:07:13,244 - src.driver - INFO - You will be assigned a task. 
You will receive the actions you have available, followed by the action history. 
Your goal is to maximize the total reward across all 8 steps. We are on step 6. 

Task Assignment:
---
You are faced with a 3-armed bandit problem.  Each action corresponds to pulling a specific arm. Each arm is associated with a Gaussian distribution with a fixed but unknown mean. At each time step, you will select a field and receive a reward drawn from the associated distribution. Your goal is to select which arm to pull in order to maximize your reward across all of your turns.
---

Available Actions:
---

- Dementia Elimination Pathetic Arm

- Decimal Glasses Sailing Arm

- Forte Tribute Anchorage Arm

---
When selecting an action, include only the name of the action. Do not include the dashes used to indicate the list here.

History:
---


- {'state': {}, 'action_taken': 'Decimal Glasses Sailing Arm', 'reward': 100.0}

- {'state': {}, 'action_taken': 'Forte Tribute Anchorage Arm', 'reward': 50.0}

- {'state': {}, 'action_taken': 'Decimal Glasses Sailing Arm', 'reward': 100.0}

- {'state': {}, 'action_taken': 'Decimal Glasses Sailing Arm', 'reward': 100.0}

- {'state': {}, 'action_taken': 'Decimal Glasses Sailing Arm', 'reward': 100.0}

- {'state': {}, 'action_taken': 'Decimal Glasses Sailing Arm', 'reward': 100.0}


---

Please select an action from the list of action options in order to maximize the reward for your task.
When selecting an action, put the exact name of the action between action tags like: <action> action_name </action>.

Your thinking budget is 150 tokens. If you exceed this limit, you will be forced to provide an immediate answer.
Your overall generation limit is 200 tokens.
2025-12-09 23:07:26,418 - src.driver - INFO - GENERATED CONTENT: <action>  Decimal Glasses Sailing Arm </action> 
 PARSED ACTION: Decimal Glasses Sailing Arm
2025-12-09 23:07:26,418 - src.driver - INFO - You will be assigned a task. 
You will receive the actions you have available, followed by the action history. 
Your goal is to maximize the total reward across all 8 steps. We are on step 7. 

Task Assignment:
---
You are faced with a 3-armed bandit problem.  Each action corresponds to pulling a specific arm. Each arm is associated with a Gaussian distribution with a fixed but unknown mean. At each time step, you will select a field and receive a reward drawn from the associated distribution. Your goal is to select which arm to pull in order to maximize your reward across all of your turns.
---

Available Actions:
---

- Dementia Elimination Pathetic Arm

- Decimal Glasses Sailing Arm

- Forte Tribute Anchorage Arm

---
When selecting an action, include only the name of the action. Do not include the dashes used to indicate the list here.

History:
---


- {'state': {}, 'action_taken': 'Decimal Glasses Sailing Arm', 'reward': 100.0}

- {'state': {}, 'action_taken': 'Forte Tribute Anchorage Arm', 'reward': 50.0}

- {'state': {}, 'action_taken': 'Decimal Glasses Sailing Arm', 'reward': 100.0}

- {'state': {}, 'action_taken': 'Decimal Glasses Sailing Arm', 'reward': 100.0}

- {'state': {}, 'action_taken': 'Decimal Glasses Sailing Arm', 'reward': 100.0}

- {'state': {}, 'action_taken': 'Decimal Glasses Sailing Arm', 'reward': 100.0}

- {'state': {}, 'action_taken': 'Decimal Glasses Sailing Arm', 'reward': 100.0}


---

Please select an action from the list of action options in order to maximize the reward for your task.
When selecting an action, put the exact name of the action between action tags like: <action> action_name </action>.

Your thinking budget is 150 tokens. If you exceed this limit, you will be forced to provide an immediate answer.
Your overall generation limit is 200 tokens.
2025-12-09 23:07:39,809 - src.driver - INFO - GENERATED CONTENT: <action>  Decimal Glasses Sailing Arm </action> 
 PARSED ACTION: Decimal Glasses Sailing Arm
2025-12-09 23:07:43,243 - src.driver - INFO - You will be assigned a task. 
You will receive the actions you have available, followed by the action history. 
Your goal is to maximize the total reward across all 8 steps. We are on step 0. 

Task Assignment:
---
You are faced with a 3-armed bandit problem.  Each action corresponds to pulling a specific arm. Each arm is associated with a Gaussian distribution with a fixed but unknown mean. At each time step, you will select a field and receive a reward drawn from the associated distribution. Your goal is to select which arm to pull in order to maximize your reward across all of your turns.
---

Available Actions:
---

- Forte Tribute Anchorage Arm

- Dementia Elimination Pathetic Arm

- Decimal Glasses Sailing Arm

---
When selecting an action, include only the name of the action. Do not include the dashes used to indicate the list here.

History:
---

This is the first turn. There is no history.

---

Please select an action from the list of action options in order to maximize the reward for your task.
When selecting an action, put the exact name of the action between action tags like: <action> action_name </action>.

Your thinking budget is 150 tokens. If you exceed this limit, you will be forced to provide an immediate answer.
Your overall generation limit is 200 tokens.
2025-12-09 23:07:55,994 - src.driver - INFO - GENERATED CONTENT: <action>  Decimal Glasses Sailing Arm </action> 
 PARSED ACTION: Decimal Glasses Sailing Arm
2025-12-09 23:07:55,995 - src.driver - INFO - You will be assigned a task. 
You will receive the actions you have available, followed by the action history. 
Your goal is to maximize the total reward across all 8 steps. We are on step 1. 

Task Assignment:
---
You are faced with a 3-armed bandit problem.  Each action corresponds to pulling a specific arm. Each arm is associated with a Gaussian distribution with a fixed but unknown mean. At each time step, you will select a field and receive a reward drawn from the associated distribution. Your goal is to select which arm to pull in order to maximize your reward across all of your turns.
---

Available Actions:
---

- Forte Tribute Anchorage Arm

- Dementia Elimination Pathetic Arm

- Decimal Glasses Sailing Arm

---
When selecting an action, include only the name of the action. Do not include the dashes used to indicate the list here.

History:
---


- {'state': {}, 'action_taken': 'Decimal Glasses Sailing Arm', 'reward': 100.0}


---

Please select an action from the list of action options in order to maximize the reward for your task.
When selecting an action, put the exact name of the action between action tags like: <action> action_name </action>.

Your thinking budget is 150 tokens. If you exceed this limit, you will be forced to provide an immediate answer.
Your overall generation limit is 200 tokens.
2025-12-09 23:08:08,740 - src.driver - INFO - GENERATED CONTENT: <action>  Forte Tribute Anchorage Arm </action> 
 PARSED ACTION: Forte Tribute Anchorage Arm
2025-12-09 23:08:08,740 - src.driver - INFO - You will be assigned a task. 
You will receive the actions you have available, followed by the action history. 
Your goal is to maximize the total reward across all 8 steps. We are on step 2. 

Task Assignment:
---
You are faced with a 3-armed bandit problem.  Each action corresponds to pulling a specific arm. Each arm is associated with a Gaussian distribution with a fixed but unknown mean. At each time step, you will select a field and receive a reward drawn from the associated distribution. Your goal is to select which arm to pull in order to maximize your reward across all of your turns.
---

Available Actions:
---

- Forte Tribute Anchorage Arm

- Dementia Elimination Pathetic Arm

- Decimal Glasses Sailing Arm

---
When selecting an action, include only the name of the action. Do not include the dashes used to indicate the list here.

History:
---


- {'state': {}, 'action_taken': 'Decimal Glasses Sailing Arm', 'reward': 100.0}

- {'state': {}, 'action_taken': 'Forte Tribute Anchorage Arm', 'reward': 50.0}


---

Please select an action from the list of action options in order to maximize the reward for your task.
When selecting an action, put the exact name of the action between action tags like: <action> action_name </action>.

Your thinking budget is 150 tokens. If you exceed this limit, you will be forced to provide an immediate answer.
Your overall generation limit is 200 tokens.
2025-12-09 23:08:21,566 - src.driver - INFO - GENERATED CONTENT: <action> Decimal Glasses Sailing Arm</action> 
 PARSED ACTION: Decimal Glasses Sailing Arm
2025-12-09 23:08:21,567 - src.driver - INFO - You will be assigned a task. 
You will receive the actions you have available, followed by the action history. 
Your goal is to maximize the total reward across all 8 steps. We are on step 3. 

Task Assignment:
---
You are faced with a 3-armed bandit problem.  Each action corresponds to pulling a specific arm. Each arm is associated with a Gaussian distribution with a fixed but unknown mean. At each time step, you will select a field and receive a reward drawn from the associated distribution. Your goal is to select which arm to pull in order to maximize your reward across all of your turns.
---

Available Actions:
---

- Forte Tribute Anchorage Arm

- Dementia Elimination Pathetic Arm

- Decimal Glasses Sailing Arm

---
When selecting an action, include only the name of the action. Do not include the dashes used to indicate the list here.

History:
---


- {'state': {}, 'action_taken': 'Decimal Glasses Sailing Arm', 'reward': 100.0}

- {'state': {}, 'action_taken': 'Forte Tribute Anchorage Arm', 'reward': 50.0}

- {'state': {}, 'action_taken': 'Decimal Glasses Sailing Arm', 'reward': 100.0}


---

Please select an action from the list of action options in order to maximize the reward for your task.
When selecting an action, put the exact name of the action between action tags like: <action> action_name </action>.

Your thinking budget is 150 tokens. If you exceed this limit, you will be forced to provide an immediate answer.
Your overall generation limit is 200 tokens.
2025-12-09 23:08:34,469 - src.driver - INFO - GENERATED CONTENT: <action>  Decimal Glasses Sailing Arm </action> 
 PARSED ACTION: Decimal Glasses Sailing Arm
2025-12-09 23:08:34,470 - src.driver - INFO - You will be assigned a task. 
You will receive the actions you have available, followed by the action history. 
Your goal is to maximize the total reward across all 8 steps. We are on step 4. 

Task Assignment:
---
You are faced with a 3-armed bandit problem.  Each action corresponds to pulling a specific arm. Each arm is associated with a Gaussian distribution with a fixed but unknown mean. At each time step, you will select a field and receive a reward drawn from the associated distribution. Your goal is to select which arm to pull in order to maximize your reward across all of your turns.
---

Available Actions:
---

- Forte Tribute Anchorage Arm

- Dementia Elimination Pathetic Arm

- Decimal Glasses Sailing Arm

---
When selecting an action, include only the name of the action. Do not include the dashes used to indicate the list here.

History:
---


- {'state': {}, 'action_taken': 'Decimal Glasses Sailing Arm', 'reward': 100.0}

- {'state': {}, 'action_taken': 'Forte Tribute Anchorage Arm', 'reward': 50.0}

- {'state': {}, 'action_taken': 'Decimal Glasses Sailing Arm', 'reward': 100.0}

- {'state': {}, 'action_taken': 'Decimal Glasses Sailing Arm', 'reward': 100.0}


---

Please select an action from the list of action options in order to maximize the reward for your task.
When selecting an action, put the exact name of the action between action tags like: <action> action_name </action>.

Your thinking budget is 150 tokens. If you exceed this limit, you will be forced to provide an immediate answer.
Your overall generation limit is 200 tokens.
2025-12-09 23:08:47,471 - src.driver - INFO - GENERATED CONTENT: <action>  Decimal Glasses Sailing Arm </action> 
 PARSED ACTION: Decimal Glasses Sailing Arm
2025-12-09 23:08:47,471 - src.driver - INFO - You will be assigned a task. 
You will receive the actions you have available, followed by the action history. 
Your goal is to maximize the total reward across all 8 steps. We are on step 5. 

Task Assignment:
---
You are faced with a 3-armed bandit problem.  Each action corresponds to pulling a specific arm. Each arm is associated with a Gaussian distribution with a fixed but unknown mean. At each time step, you will select a field and receive a reward drawn from the associated distribution. Your goal is to select which arm to pull in order to maximize your reward across all of your turns.
---

Available Actions:
---

- Forte Tribute Anchorage Arm

- Dementia Elimination Pathetic Arm

- Decimal Glasses Sailing Arm

---
When selecting an action, include only the name of the action. Do not include the dashes used to indicate the list here.

History:
---


- {'state': {}, 'action_taken': 'Decimal Glasses Sailing Arm', 'reward': 100.0}

- {'state': {}, 'action_taken': 'Forte Tribute Anchorage Arm', 'reward': 50.0}

- {'state': {}, 'action_taken': 'Decimal Glasses Sailing Arm', 'reward': 100.0}

- {'state': {}, 'action_taken': 'Decimal Glasses Sailing Arm', 'reward': 100.0}

- {'state': {}, 'action_taken': 'Decimal Glasses Sailing Arm', 'reward': 100.0}


---

Please select an action from the list of action options in order to maximize the reward for your task.
When selecting an action, put the exact name of the action between action tags like: <action> action_name </action>.

Your thinking budget is 150 tokens. If you exceed this limit, you will be forced to provide an immediate answer.
Your overall generation limit is 200 tokens.
2025-12-09 23:09:00,592 - src.driver - INFO - GENERATED CONTENT: <action> Decimal Glasses Sailing Arm</action> 
 PARSED ACTION: Decimal Glasses Sailing Arm
2025-12-09 23:09:00,593 - src.driver - INFO - You will be assigned a task. 
You will receive the actions you have available, followed by the action history. 
Your goal is to maximize the total reward across all 8 steps. We are on step 6. 

Task Assignment:
---
You are faced with a 3-armed bandit problem.  Each action corresponds to pulling a specific arm. Each arm is associated with a Gaussian distribution with a fixed but unknown mean. At each time step, you will select a field and receive a reward drawn from the associated distribution. Your goal is to select which arm to pull in order to maximize your reward across all of your turns.
---

Available Actions:
---

- Forte Tribute Anchorage Arm

- Dementia Elimination Pathetic Arm

- Decimal Glasses Sailing Arm

---
When selecting an action, include only the name of the action. Do not include the dashes used to indicate the list here.

History:
---


- {'state': {}, 'action_taken': 'Decimal Glasses Sailing Arm', 'reward': 100.0}

- {'state': {}, 'action_taken': 'Forte Tribute Anchorage Arm', 'reward': 50.0}

- {'state': {}, 'action_taken': 'Decimal Glasses Sailing Arm', 'reward': 100.0}

- {'state': {}, 'action_taken': 'Decimal Glasses Sailing Arm', 'reward': 100.0}

- {'state': {}, 'action_taken': 'Decimal Glasses Sailing Arm', 'reward': 100.0}

- {'state': {}, 'action_taken': 'Decimal Glasses Sailing Arm', 'reward': 100.0}


---

Please select an action from the list of action options in order to maximize the reward for your task.
When selecting an action, put the exact name of the action between action tags like: <action> action_name </action>.

Your thinking budget is 150 tokens. If you exceed this limit, you will be forced to provide an immediate answer.
Your overall generation limit is 200 tokens.
2025-12-09 23:09:13,754 - src.driver - INFO - GENERATED CONTENT: <action> Decimal Glasses Sailing Arm</action> 
 PARSED ACTION: Decimal Glasses Sailing Arm
2025-12-09 23:09:13,755 - src.driver - INFO - You will be assigned a task. 
You will receive the actions you have available, followed by the action history. 
Your goal is to maximize the total reward across all 8 steps. We are on step 7. 

Task Assignment:
---
You are faced with a 3-armed bandit problem.  Each action corresponds to pulling a specific arm. Each arm is associated with a Gaussian distribution with a fixed but unknown mean. At each time step, you will select a field and receive a reward drawn from the associated distribution. Your goal is to select which arm to pull in order to maximize your reward across all of your turns.
---

Available Actions:
---

- Forte Tribute Anchorage Arm

- Dementia Elimination Pathetic Arm

- Decimal Glasses Sailing Arm

---
When selecting an action, include only the name of the action. Do not include the dashes used to indicate the list here.

History:
---


- {'state': {}, 'action_taken': 'Decimal Glasses Sailing Arm', 'reward': 100.0}

- {'state': {}, 'action_taken': 'Forte Tribute Anchorage Arm', 'reward': 50.0}

- {'state': {}, 'action_taken': 'Decimal Glasses Sailing Arm', 'reward': 100.0}

- {'state': {}, 'action_taken': 'Decimal Glasses Sailing Arm', 'reward': 100.0}

- {'state': {}, 'action_taken': 'Decimal Glasses Sailing Arm', 'reward': 100.0}

- {'state': {}, 'action_taken': 'Decimal Glasses Sailing Arm', 'reward': 100.0}

- {'state': {}, 'action_taken': 'Decimal Glasses Sailing Arm', 'reward': 100.0}


---

Please select an action from the list of action options in order to maximize the reward for your task.
When selecting an action, put the exact name of the action between action tags like: <action> action_name </action>.

Your thinking budget is 150 tokens. If you exceed this limit, you will be forced to provide an immediate answer.
Your overall generation limit is 200 tokens.
2025-12-09 23:09:27,203 - src.driver - INFO - GENERATED CONTENT: <action>  Decimal Glasses Sailing Arm </action> 
 PARSED ACTION: Decimal Glasses Sailing Arm
