Final Reward: 950.0

======== GPU REPORT ========

==============NVSMI LOG==============

Timestamp                                 : Thu Oct 30 12:46:18 2025
Driver Version                            : 580.65.06
CUDA Version                              : 13.0

Attached GPUs                             : 4
GPU 00000000:14:00.0
    Accounting Mode                       : Enabled
    Accounting Mode Buffer Size           : 4000
    Accounted Processes
        Process ID                        : 3046070
            GPU Utilization               : 1 %
            Memory Utilization            : 0 %
            Max memory usage              : 6898 MiB
            Time                          : 189077 ms
            Is Running                    : 0

GPU 00000000:15:00.0
    Accounting Mode                       : Enabled
    Accounting Mode Buffer Size           : 4000
    Accounted Processes
        Process ID                        : 3046070
            GPU Utilization               : 2 %
            Memory Utilization            : 1 %
            Max memory usage              : 8028 MiB
            Time                          : 189076 ms
            Is Running                    : 0

GPU 00000000:39:00.0
    Accounting Mode                       : Enabled
    Accounting Mode Buffer Size           : 4000
    Accounted Processes
        Process ID                        : 3046070
            GPU Utilization               : 2 %
            Memory Utilization            : 1 %
            Max memory usage              : 8028 MiB
            Time                          : 189074 ms
            Is Running                    : 0

GPU 00000000:3A:00.0
    Accounting Mode                       : Enabled
    Accounting Mode Buffer Size           : 4000
    Accounted Processes
        Process ID                        : 3046070
            GPU Utilization               : 2 %
            Memory Utilization            : 1 %
            Max memory usage              : 7706 MiB
            Time                          : 189073 ms
            Is Running                    : 0

Thu Oct 30 12:46:18 2025       
+-----------------------------------------------------------------------------------------+
| NVIDIA-SMI 580.65.06              Driver Version: 580.65.06      CUDA Version: 13.0     |
+-----------------------------------------+------------------------+----------------------+
| GPU  Name                 Persistence-M | Bus-Id          Disp.A | Volatile Uncorr. ECC |
| Fan  Temp   Perf          Pwr:Usage/Cap |           Memory-Usage | GPU-Util  Compute M. |
|                                         |                        |               MIG M. |
|=========================================+========================+======================|
|   0  Quadro RTX 8000                On  |   00000000:14:00.0 Off |                    0 |
| 34%   30C    P2             68W /  260W |       1MiB /  46080MiB |      0%      Default |
|                                         |                        |                  N/A |
+-----------------------------------------+------------------------+----------------------+
|   1  Quadro RTX 8000                On  |   00000000:15:00.0 Off |                    0 |
| 33%   31C    P2             60W /  260W |       1MiB /  46080MiB |     38%      Default |
|                                         |                        |                  N/A |
+-----------------------------------------+------------------------+----------------------+
|   2  Quadro RTX 8000                On  |   00000000:39:00.0 Off |                    0 |
| 33%   32C    P2             91W /  260W |       1MiB /  46080MiB |     76%      Default |
|                                         |                        |                  N/A |
+-----------------------------------------+------------------------+----------------------+
|   3  Quadro RTX 8000                On  |   00000000:3A:00.0 Off |                    0 |
| 33%   31C    P2             80W /  260W |       1MiB /  46080MiB |     72%      Default |
|                                         |                        |                  N/A |
+-----------------------------------------+------------------------+----------------------+

+-----------------------------------------------------------------------------------------+
| Processes:                                                                              |
|  GPU   GI   CI              PID   Type   Process name                        GPU Memory |
|        ID   ID                                                               Usage      |
|=========================================================================================|
|  No running processes found                                                             |
+-----------------------------------------------------------------------------------------+
