Final Reward: 500.0

======== GPU REPORT ========

==============NVSMI LOG==============

Timestamp                                 : Thu Oct 30 13:08:47 2025
Driver Version                            : 580.65.06
CUDA Version                              : 13.0

Attached GPUs                             : 4
GPU 00000000:28:00.0
    Accounting Mode                       : Enabled
    Accounting Mode Buffer Size           : 4000
    Accounted Processes
        Process ID                        : 3105200
            GPU Utilization               : 9 %
            Memory Utilization            : 4 %
            Max memory usage              : 35234 MiB
            Time                          : 237872 ms
            Is Running                    : 0

GPU 00000000:43:00.0
    Accounting Mode                       : Enabled
    Accounting Mode Buffer Size           : 4000
    Accounted Processes
        Process ID                        : 3105200
            GPU Utilization               : 9 %
            Memory Utilization            : 5 %
            Max memory usage              : 36190 MiB
            Time                          : 237870 ms
            Is Running                    : 0

GPU 00000000:A4:00.0
    Accounting Mode                       : Enabled
    Accounting Mode Buffer Size           : 4000
    Accounted Processes
        Process ID                        : 3105200
            GPU Utilization               : 10 %
            Memory Utilization            : 5 %
            Max memory usage              : 36190 MiB
            Time                          : 237867 ms
            Is Running                    : 0

GPU 00000000:C4:00.0
    Accounting Mode                       : Enabled
    Accounting Mode Buffer Size           : 4000
    Accounted Processes
        Process ID                        : 3105200
            GPU Utilization               : 9 %
            Memory Utilization            : 4 %
            Max memory usage              : 35214 MiB
            Time                          : 237865 ms
            Is Running                    : 0

Thu Oct 30 13:08:47 2025       
+-----------------------------------------------------------------------------------------+
| NVIDIA-SMI 580.65.06              Driver Version: 580.65.06      CUDA Version: 13.0     |
+-----------------------------------------+------------------------+----------------------+
| GPU  Name                 Persistence-M | Bus-Id          Disp.A | Volatile Uncorr. ECC |
| Fan  Temp   Perf          Pwr:Usage/Cap |           Memory-Usage | GPU-Util  Compute M. |
|                                         |                        |               MIG M. |
|=========================================+========================+======================|
|   0  Quadro RTX 8000                On  |   00000000:28:00.0 Off |                    0 |
| 33%   49C    P2             77W /  260W |       1MiB /  46080MiB |    100%      Default |
|                                         |                        |                  N/A |
+-----------------------------------------+------------------------+----------------------+
|   1  Quadro RTX 8000                On  |   00000000:43:00.0 Off |                    0 |
| 41%   57C    P2             83W /  260W |       1MiB /  46080MiB |    100%      Default |
|                                         |                        |                  N/A |
+-----------------------------------------+------------------------+----------------------+
|   2  Quadro RTX 8000                On  |   00000000:A4:00.0 Off |                    0 |
| 33%   46C    P2            126W /  260W |       1MiB /  46080MiB |    100%      Default |
|                                         |                        |                  N/A |
+-----------------------------------------+------------------------+----------------------+
|   3  Quadro RTX 8000                On  |   00000000:C4:00.0 Off |                    0 |
| 33%   49C    P2            124W /  260W |       1MiB /  46080MiB |    100%      Default |
|                                         |                        |                  N/A |
+-----------------------------------------+------------------------+----------------------+

+-----------------------------------------------------------------------------------------+
| Processes:                                                                              |
|  GPU   GI   CI              PID   Type   Process name                        GPU Memory |
|        ID   ID                                                               Usage      |
|=========================================================================================|
|  No running processes found                                                             |
+-----------------------------------------------------------------------------------------+
