2026-01-19 22:15:42,935 - src.driver - INFO - You will be assigned a task. 
You will receive the actions you have available, followed by the action history. 
Your goal is to maximize the total reward across all 10 steps. We are on step 0. 

Task Assignment:
---
You are a farmer who owns 3 fields. Each action corresponds to planting your crop in a different field. Each field is associated with a Gaussian distribution with a fixed but unknown mean. At each time step, you will select a field and receive a reward drawn from the associated distribution. Your goal is to maximize your reward across all of your turns.
---

Available Actions:
---

- Field Name: fourth germinate attain 

- Field Name: snag loathsome timid 

- Field Name: special heyday perceptible 

---
When selecting an action, include only the name of the action. Do not include the dashes used to indicate the list here.

History:
---

This is the first turn. There is no history.

---

Please select an action from the list of action options in order to maximize the reward for your task.
When selecting an action, put the exact name of the action between action tags like: <action> action_name </action>.

Your thinking budget is 150 tokens. If you exceed this limit, you will be forced to provide an immediate answer.
Your overall generation limit is 200 tokens.
2026-01-19 22:16:15,911 - src.driver - INFO - GENERATED CONTENT: <action>  fourth germinate attain </action> 
 PARSED ACTION: fourth germinate attain
2026-01-19 22:16:15,917 - src.driver - INFO - You will be assigned a task. 
You will receive the actions you have available, followed by the action history. 
Your goal is to maximize the total reward across all 10 steps. We are on step 1. 

Task Assignment:
---
You are a farmer who owns 3 fields. Each action corresponds to planting your crop in a different field. Each field is associated with a Gaussian distribution with a fixed but unknown mean. At each time step, you will select a field and receive a reward drawn from the associated distribution. Your goal is to maximize your reward across all of your turns.
---

Available Actions:
---

- Field Name: fourth germinate attain 

- Field Name: snag loathsome timid 

- Field Name: special heyday perceptible 

---
When selecting an action, include only the name of the action. Do not include the dashes used to indicate the list here.

History:
---


- {'state': {}, 'action_taken': 'fourth germinate attain', 'reward': -50.0}


---

Please select an action from the list of action options in order to maximize the reward for your task.
When selecting an action, put the exact name of the action between action tags like: <action> action_name </action>.

Your thinking budget is 150 tokens. If you exceed this limit, you will be forced to provide an immediate answer.
Your overall generation limit is 200 tokens.
2026-01-19 22:16:47,747 - src.driver - INFO - GENERATED CONTENT: <action>  snag loathsome timid </action> 
 PARSED ACTION: snag loathsome timid
2026-01-19 22:16:47,748 - src.driver - INFO - You will be assigned a task. 
You will receive the actions you have available, followed by the action history. 
Your goal is to maximize the total reward across all 10 steps. We are on step 2. 

Task Assignment:
---
You are a farmer who owns 3 fields. Each action corresponds to planting your crop in a different field. Each field is associated with a Gaussian distribution with a fixed but unknown mean. At each time step, you will select a field and receive a reward drawn from the associated distribution. Your goal is to maximize your reward across all of your turns.
---

Available Actions:
---

- Field Name: fourth germinate attain 

- Field Name: snag loathsome timid 

- Field Name: special heyday perceptible 

---
When selecting an action, include only the name of the action. Do not include the dashes used to indicate the list here.

History:
---


- {'state': {}, 'action_taken': 'fourth germinate attain', 'reward': -50.0}

- {'state': {}, 'action_taken': 'snag loathsome timid', 'reward': -75.0}


---

Please select an action from the list of action options in order to maximize the reward for your task.
When selecting an action, put the exact name of the action between action tags like: <action> action_name </action>.

Your thinking budget is 150 tokens. If you exceed this limit, you will be forced to provide an immediate answer.
Your overall generation limit is 200 tokens.
2026-01-19 22:17:20,196 - src.driver - INFO - GENERATED CONTENT: <action>  special heyday perceptible </action> 
 PARSED ACTION: special heyday perceptible
2026-01-19 22:17:20,197 - src.driver - INFO - You will be assigned a task. 
You will receive the actions you have available, followed by the action history. 
Your goal is to maximize the total reward across all 10 steps. We are on step 3. 

Task Assignment:
---
You are a farmer who owns 3 fields. Each action corresponds to planting your crop in a different field. Each field is associated with a Gaussian distribution with a fixed but unknown mean. At each time step, you will select a field and receive a reward drawn from the associated distribution. Your goal is to maximize your reward across all of your turns.
---

Available Actions:
---

- Field Name: fourth germinate attain 

- Field Name: snag loathsome timid 

- Field Name: special heyday perceptible 

---
When selecting an action, include only the name of the action. Do not include the dashes used to indicate the list here.

History:
---


- {'state': {}, 'action_taken': 'fourth germinate attain', 'reward': -50.0}

- {'state': {}, 'action_taken': 'snag loathsome timid', 'reward': -75.0}

- {'state': {}, 'action_taken': 'special heyday perceptible', 'reward': -25.0}


---

Please select an action from the list of action options in order to maximize the reward for your task.
When selecting an action, put the exact name of the action between action tags like: <action> action_name </action>.

Your thinking budget is 150 tokens. If you exceed this limit, you will be forced to provide an immediate answer.
Your overall generation limit is 200 tokens.
2026-01-19 22:17:53,289 - src.driver - INFO - GENERATED CONTENT: <action>  special heyday perceptible </action> 
 PARSED ACTION: special heyday perceptible
2026-01-19 22:17:53,289 - src.driver - INFO - You will be assigned a task. 
You will receive the actions you have available, followed by the action history. 
Your goal is to maximize the total reward across all 10 steps. We are on step 4. 

Task Assignment:
---
You are a farmer who owns 3 fields. Each action corresponds to planting your crop in a different field. Each field is associated with a Gaussian distribution with a fixed but unknown mean. At each time step, you will select a field and receive a reward drawn from the associated distribution. Your goal is to maximize your reward across all of your turns.
---

Available Actions:
---

- Field Name: fourth germinate attain 

- Field Name: snag loathsome timid 

- Field Name: special heyday perceptible 

---
When selecting an action, include only the name of the action. Do not include the dashes used to indicate the list here.

History:
---


- {'state': {}, 'action_taken': 'fourth germinate attain', 'reward': -50.0}

- {'state': {}, 'action_taken': 'snag loathsome timid', 'reward': -75.0}

- {'state': {}, 'action_taken': 'special heyday perceptible', 'reward': -25.0}

- {'state': {}, 'action_taken': 'special heyday perceptible', 'reward': -25.0}


---

Please select an action from the list of action options in order to maximize the reward for your task.
When selecting an action, put the exact name of the action between action tags like: <action> action_name </action>.

Your thinking budget is 150 tokens. If you exceed this limit, you will be forced to provide an immediate answer.
Your overall generation limit is 200 tokens.
2026-01-19 22:18:27,038 - src.driver - INFO - GENERATED CONTENT: <action>  special heyday perceptible </action> 
 PARSED ACTION: special heyday perceptible
2026-01-19 22:18:27,039 - src.driver - INFO - You will be assigned a task. 
You will receive the actions you have available, followed by the action history. 
Your goal is to maximize the total reward across all 10 steps. We are on step 5. 

Task Assignment:
---
You are a farmer who owns 3 fields. Each action corresponds to planting your crop in a different field. Each field is associated with a Gaussian distribution with a fixed but unknown mean. At each time step, you will select a field and receive a reward drawn from the associated distribution. Your goal is to maximize your reward across all of your turns.
---

Available Actions:
---

- Field Name: fourth germinate attain 

- Field Name: snag loathsome timid 

- Field Name: special heyday perceptible 

---
When selecting an action, include only the name of the action. Do not include the dashes used to indicate the list here.

History:
---


- {'state': {}, 'action_taken': 'fourth germinate attain', 'reward': -50.0}

- {'state': {}, 'action_taken': 'snag loathsome timid', 'reward': -75.0}

- {'state': {}, 'action_taken': 'special heyday perceptible', 'reward': -25.0}

- {'state': {}, 'action_taken': 'special heyday perceptible', 'reward': -25.0}

- {'state': {}, 'action_taken': 'special heyday perceptible', 'reward': -25.0}


---

Please select an action from the list of action options in order to maximize the reward for your task.
When selecting an action, put the exact name of the action between action tags like: <action> action_name </action>.

Your thinking budget is 150 tokens. If you exceed this limit, you will be forced to provide an immediate answer.
Your overall generation limit is 200 tokens.
2026-01-19 22:19:01,491 - src.driver - INFO - GENERATED CONTENT: <action>  special heyday perceptible </action> 
 PARSED ACTION: special heyday perceptible
2026-01-19 22:19:01,492 - src.driver - INFO - You will be assigned a task. 
You will receive the actions you have available, followed by the action history. 
Your goal is to maximize the total reward across all 10 steps. We are on step 6. 

Task Assignment:
---
You are a farmer who owns 3 fields. Each action corresponds to planting your crop in a different field. Each field is associated with a Gaussian distribution with a fixed but unknown mean. At each time step, you will select a field and receive a reward drawn from the associated distribution. Your goal is to maximize your reward across all of your turns.
---

Available Actions:
---

- Field Name: fourth germinate attain 

- Field Name: snag loathsome timid 

- Field Name: special heyday perceptible 

---
When selecting an action, include only the name of the action. Do not include the dashes used to indicate the list here.

History:
---


- {'state': {}, 'action_taken': 'fourth germinate attain', 'reward': -50.0}

- {'state': {}, 'action_taken': 'snag loathsome timid', 'reward': -75.0}

- {'state': {}, 'action_taken': 'special heyday perceptible', 'reward': -25.0}

- {'state': {}, 'action_taken': 'special heyday perceptible', 'reward': -25.0}

- {'state': {}, 'action_taken': 'special heyday perceptible', 'reward': -25.0}

- {'state': {}, 'action_taken': 'special heyday perceptible', 'reward': -25.0}


---

Please select an action from the list of action options in order to maximize the reward for your task.
When selecting an action, put the exact name of the action between action tags like: <action> action_name </action>.

Your thinking budget is 150 tokens. If you exceed this limit, you will be forced to provide an immediate answer.
Your overall generation limit is 200 tokens.
2026-01-19 22:19:36,089 - src.driver - INFO - GENERATED CONTENT: <action>  special heyday perceptible </action> 
 PARSED ACTION: special heyday perceptible
2026-01-19 22:19:36,090 - src.driver - INFO - You will be assigned a task. 
You will receive the actions you have available, followed by the action history. 
Your goal is to maximize the total reward across all 10 steps. We are on step 7. 

Task Assignment:
---
You are a farmer who owns 3 fields. Each action corresponds to planting your crop in a different field. Each field is associated with a Gaussian distribution with a fixed but unknown mean. At each time step, you will select a field and receive a reward drawn from the associated distribution. Your goal is to maximize your reward across all of your turns.
---

Available Actions:
---

- Field Name: fourth germinate attain 

- Field Name: snag loathsome timid 

- Field Name: special heyday perceptible 

---
When selecting an action, include only the name of the action. Do not include the dashes used to indicate the list here.

History:
---


- {'state': {}, 'action_taken': 'fourth germinate attain', 'reward': -50.0}

- {'state': {}, 'action_taken': 'snag loathsome timid', 'reward': -75.0}

- {'state': {}, 'action_taken': 'special heyday perceptible', 'reward': -25.0}

- {'state': {}, 'action_taken': 'special heyday perceptible', 'reward': -25.0}

- {'state': {}, 'action_taken': 'special heyday perceptible', 'reward': -25.0}

- {'state': {}, 'action_taken': 'special heyday perceptible', 'reward': -25.0}

- {'state': {}, 'action_taken': 'special heyday perceptible', 'reward': -25.0}


---

Please select an action from the list of action options in order to maximize the reward for your task.
When selecting an action, put the exact name of the action between action tags like: <action> action_name </action>.

Your thinking budget is 150 tokens. If you exceed this limit, you will be forced to provide an immediate answer.
Your overall generation limit is 200 tokens.
2026-01-19 22:20:11,350 - src.driver - INFO - GENERATED CONTENT: <action>  special heyday perceptible </action> 
 PARSED ACTION: special heyday perceptible
2026-01-19 22:20:11,350 - src.driver - INFO - You will be assigned a task. 
You will receive the actions you have available, followed by the action history. 
Your goal is to maximize the total reward across all 10 steps. We are on step 8. 

Task Assignment:
---
You are a farmer who owns 3 fields. Each action corresponds to planting your crop in a different field. Each field is associated with a Gaussian distribution with a fixed but unknown mean. At each time step, you will select a field and receive a reward drawn from the associated distribution. Your goal is to maximize your reward across all of your turns.
---

Available Actions:
---

- Field Name: fourth germinate attain 

- Field Name: snag loathsome timid 

- Field Name: special heyday perceptible 

---
When selecting an action, include only the name of the action. Do not include the dashes used to indicate the list here.

History:
---


- {'state': {}, 'action_taken': 'fourth germinate attain', 'reward': -50.0}

- {'state': {}, 'action_taken': 'snag loathsome timid', 'reward': -75.0}

- {'state': {}, 'action_taken': 'special heyday perceptible', 'reward': -25.0}

- {'state': {}, 'action_taken': 'special heyday perceptible', 'reward': -25.0}

- {'state': {}, 'action_taken': 'special heyday perceptible', 'reward': -25.0}

- {'state': {}, 'action_taken': 'special heyday perceptible', 'reward': -25.0}

- {'state': {}, 'action_taken': 'special heyday perceptible', 'reward': -25.0}

- {'state': {}, 'action_taken': 'special heyday perceptible', 'reward': -25.0}


---

Please select an action from the list of action options in order to maximize the reward for your task.
When selecting an action, put the exact name of the action between action tags like: <action> action_name </action>.

Your thinking budget is 150 tokens. If you exceed this limit, you will be forced to provide an immediate answer.
Your overall generation limit is 200 tokens.
2026-01-19 22:20:47,088 - src.driver - INFO - GENERATED CONTENT: <action>  fourth germinate attain </action> 
 PARSED ACTION: fourth germinate attain
2026-01-19 22:20:47,089 - src.driver - INFO - You will be assigned a task. 
You will receive the actions you have available, followed by the action history. 
Your goal is to maximize the total reward across all 10 steps. We are on step 9. 

Task Assignment:
---
You are a farmer who owns 3 fields. Each action corresponds to planting your crop in a different field. Each field is associated with a Gaussian distribution with a fixed but unknown mean. At each time step, you will select a field and receive a reward drawn from the associated distribution. Your goal is to maximize your reward across all of your turns.
---

Available Actions:
---

- Field Name: fourth germinate attain 

- Field Name: snag loathsome timid 

- Field Name: special heyday perceptible 

---
When selecting an action, include only the name of the action. Do not include the dashes used to indicate the list here.

History:
---


- {'state': {}, 'action_taken': 'fourth germinate attain', 'reward': -50.0}

- {'state': {}, 'action_taken': 'snag loathsome timid', 'reward': -75.0}

- {'state': {}, 'action_taken': 'special heyday perceptible', 'reward': -25.0}

- {'state': {}, 'action_taken': 'special heyday perceptible', 'reward': -25.0}

- {'state': {}, 'action_taken': 'special heyday perceptible', 'reward': -25.0}

- {'state': {}, 'action_taken': 'special heyday perceptible', 'reward': -25.0}

- {'state': {}, 'action_taken': 'special heyday perceptible', 'reward': -25.0}

- {'state': {}, 'action_taken': 'special heyday perceptible', 'reward': -25.0}

- {'state': {}, 'action_taken': 'fourth germinate attain', 'reward': -50.0}


---

Please select an action from the list of action options in order to maximize the reward for your task.
When selecting an action, put the exact name of the action between action tags like: <action> action_name </action>.

Your thinking budget is 150 tokens. If you exceed this limit, you will be forced to provide an immediate answer.
Your overall generation limit is 200 tokens.
2026-01-19 22:21:23,211 - src.driver - INFO - GENERATED CONTENT: <action>  special heyday perceptible </action> 
 PARSED ACTION: special heyday perceptible
2026-01-19 22:21:23,227 - src.driver - INFO - You will be assigned a task. 
You will receive the actions you have available, followed by the action history. 
Your goal is to maximize the total reward across all 10 steps. We are on step 0. 

Task Assignment:
---
You are a farmer who owns 3 fields. Each action corresponds to planting your crop in a different field. Each field is associated with a Gaussian distribution with a fixed but unknown mean. At each time step, you will select a field and receive a reward drawn from the associated distribution. Your goal is to maximize your reward across all of your turns.
---

Available Actions:
---

- Field Name: gracious endure dashing 

- Field Name: primed lapel hue 

- Field Name: delirium indifference exaggerated 

---
When selecting an action, include only the name of the action. Do not include the dashes used to indicate the list here.

History:
---

This is the first turn. There is no history.

---

Please select an action from the list of action options in order to maximize the reward for your task.
When selecting an action, put the exact name of the action between action tags like: <action> action_name </action>.

Your thinking budget is 150 tokens. If you exceed this limit, you will be forced to provide an immediate answer.
Your overall generation limit is 200 tokens.
2026-01-19 22:21:54,993 - src.driver - INFO - GENERATED CONTENT: <action>  delirium indifference exaggerated </action> 
 PARSED ACTION: delirium indifference exaggerated
2026-01-19 22:21:54,994 - src.driver - INFO - You will be assigned a task. 
You will receive the actions you have available, followed by the action history. 
Your goal is to maximize the total reward across all 10 steps. We are on step 1. 

Task Assignment:
---
You are a farmer who owns 3 fields. Each action corresponds to planting your crop in a different field. Each field is associated with a Gaussian distribution with a fixed but unknown mean. At each time step, you will select a field and receive a reward drawn from the associated distribution. Your goal is to maximize your reward across all of your turns.
---

Available Actions:
---

- Field Name: gracious endure dashing 

- Field Name: primed lapel hue 

- Field Name: delirium indifference exaggerated 

---
When selecting an action, include only the name of the action. Do not include the dashes used to indicate the list here.

History:
---


- {'state': {}, 'action_taken': 'delirium indifference exaggerated', 'reward': -75.0}


---

Please select an action from the list of action options in order to maximize the reward for your task.
When selecting an action, put the exact name of the action between action tags like: <action> action_name </action>.

Your thinking budget is 150 tokens. If you exceed this limit, you will be forced to provide an immediate answer.
Your overall generation limit is 200 tokens.
2026-01-19 22:22:26,717 - src.driver - INFO - GENERATED CONTENT: <action>  gracious endure dashing </action> 
 PARSED ACTION: gracious endure dashing
2026-01-19 22:22:26,717 - src.driver - INFO - You will be assigned a task. 
You will receive the actions you have available, followed by the action history. 
Your goal is to maximize the total reward across all 10 steps. We are on step 2. 

Task Assignment:
---
You are a farmer who owns 3 fields. Each action corresponds to planting your crop in a different field. Each field is associated with a Gaussian distribution with a fixed but unknown mean. At each time step, you will select a field and receive a reward drawn from the associated distribution. Your goal is to maximize your reward across all of your turns.
---

Available Actions:
---

- Field Name: gracious endure dashing 

- Field Name: primed lapel hue 

- Field Name: delirium indifference exaggerated 

---
When selecting an action, include only the name of the action. Do not include the dashes used to indicate the list here.

History:
---


- {'state': {}, 'action_taken': 'delirium indifference exaggerated', 'reward': -75.0}

- {'state': {}, 'action_taken': 'gracious endure dashing', 'reward': -25.0}


---

Please select an action from the list of action options in order to maximize the reward for your task.
When selecting an action, put the exact name of the action between action tags like: <action> action_name </action>.

Your thinking budget is 150 tokens. If you exceed this limit, you will be forced to provide an immediate answer.
Your overall generation limit is 200 tokens.
2026-01-19 22:22:59,252 - src.driver - INFO - GENERATED CONTENT: <action>  primed lapel hue </action> 
 PARSED ACTION: primed lapel hue
2026-01-19 22:22:59,253 - src.driver - INFO - You will be assigned a task. 
You will receive the actions you have available, followed by the action history. 
Your goal is to maximize the total reward across all 10 steps. We are on step 3. 

Task Assignment:
---
You are a farmer who owns 3 fields. Each action corresponds to planting your crop in a different field. Each field is associated with a Gaussian distribution with a fixed but unknown mean. At each time step, you will select a field and receive a reward drawn from the associated distribution. Your goal is to maximize your reward across all of your turns.
---

Available Actions:
---

- Field Name: gracious endure dashing 

- Field Name: primed lapel hue 

- Field Name: delirium indifference exaggerated 

---
When selecting an action, include only the name of the action. Do not include the dashes used to indicate the list here.

History:
---


- {'state': {}, 'action_taken': 'delirium indifference exaggerated', 'reward': -75.0}

- {'state': {}, 'action_taken': 'gracious endure dashing', 'reward': -25.0}

- {'state': {}, 'action_taken': 'primed lapel hue', 'reward': -50.0}


---

Please select an action from the list of action options in order to maximize the reward for your task.
When selecting an action, put the exact name of the action between action tags like: <action> action_name </action>.

Your thinking budget is 150 tokens. If you exceed this limit, you will be forced to provide an immediate answer.
Your overall generation limit is 200 tokens.
2026-01-19 22:23:32,213 - src.driver - INFO - GENERATED CONTENT: <action>  gracious endure dashing </action> 
 PARSED ACTION: gracious endure dashing
2026-01-19 22:23:32,213 - src.driver - INFO - You will be assigned a task. 
You will receive the actions you have available, followed by the action history. 
Your goal is to maximize the total reward across all 10 steps. We are on step 4. 

Task Assignment:
---
You are a farmer who owns 3 fields. Each action corresponds to planting your crop in a different field. Each field is associated with a Gaussian distribution with a fixed but unknown mean. At each time step, you will select a field and receive a reward drawn from the associated distribution. Your goal is to maximize your reward across all of your turns.
---

Available Actions:
---

- Field Name: gracious endure dashing 

- Field Name: primed lapel hue 

- Field Name: delirium indifference exaggerated 

---
When selecting an action, include only the name of the action. Do not include the dashes used to indicate the list here.

History:
---


- {'state': {}, 'action_taken': 'delirium indifference exaggerated', 'reward': -75.0}

- {'state': {}, 'action_taken': 'gracious endure dashing', 'reward': -25.0}

- {'state': {}, 'action_taken': 'primed lapel hue', 'reward': -50.0}

- {'state': {}, 'action_taken': 'gracious endure dashing', 'reward': -25.0}


---

Please select an action from the list of action options in order to maximize the reward for your task.
When selecting an action, put the exact name of the action between action tags like: <action> action_name </action>.

Your thinking budget is 150 tokens. If you exceed this limit, you will be forced to provide an immediate answer.
Your overall generation limit is 200 tokens.
2026-01-19 22:24:05,899 - src.driver - INFO - GENERATED CONTENT: <action>  primed lapel hue </action> 
 PARSED ACTION: primed lapel hue
2026-01-19 22:24:05,899 - src.driver - INFO - You will be assigned a task. 
You will receive the actions you have available, followed by the action history. 
Your goal is to maximize the total reward across all 10 steps. We are on step 5. 

Task Assignment:
---
You are a farmer who owns 3 fields. Each action corresponds to planting your crop in a different field. Each field is associated with a Gaussian distribution with a fixed but unknown mean. At each time step, you will select a field and receive a reward drawn from the associated distribution. Your goal is to maximize your reward across all of your turns.
---

Available Actions:
---

- Field Name: gracious endure dashing 

- Field Name: primed lapel hue 

- Field Name: delirium indifference exaggerated 

---
When selecting an action, include only the name of the action. Do not include the dashes used to indicate the list here.

History:
---


- {'state': {}, 'action_taken': 'delirium indifference exaggerated', 'reward': -75.0}

- {'state': {}, 'action_taken': 'gracious endure dashing', 'reward': -25.0}

- {'state': {}, 'action_taken': 'primed lapel hue', 'reward': -50.0}

- {'state': {}, 'action_taken': 'gracious endure dashing', 'reward': -25.0}

- {'state': {}, 'action_taken': 'primed lapel hue', 'reward': -50.0}


---

Please select an action from the list of action options in order to maximize the reward for your task.
When selecting an action, put the exact name of the action between action tags like: <action> action_name </action>.

Your thinking budget is 150 tokens. If you exceed this limit, you will be forced to provide an immediate answer.
Your overall generation limit is 200 tokens.
2026-01-19 22:24:40,185 - src.driver - INFO - GENERATED CONTENT: <action>  gracious endure dashing </action> 
 PARSED ACTION: gracious endure dashing
2026-01-19 22:24:40,186 - src.driver - INFO - You will be assigned a task. 
You will receive the actions you have available, followed by the action history. 
Your goal is to maximize the total reward across all 10 steps. We are on step 6. 

Task Assignment:
---
You are a farmer who owns 3 fields. Each action corresponds to planting your crop in a different field. Each field is associated with a Gaussian distribution with a fixed but unknown mean. At each time step, you will select a field and receive a reward drawn from the associated distribution. Your goal is to maximize your reward across all of your turns.
---

Available Actions:
---

- Field Name: gracious endure dashing 

- Field Name: primed lapel hue 

- Field Name: delirium indifference exaggerated 

---
When selecting an action, include only the name of the action. Do not include the dashes used to indicate the list here.

History:
---


- {'state': {}, 'action_taken': 'delirium indifference exaggerated', 'reward': -75.0}

- {'state': {}, 'action_taken': 'gracious endure dashing', 'reward': -25.0}

- {'state': {}, 'action_taken': 'primed lapel hue', 'reward': -50.0}

- {'state': {}, 'action_taken': 'gracious endure dashing', 'reward': -25.0}

- {'state': {}, 'action_taken': 'primed lapel hue', 'reward': -50.0}

- {'state': {}, 'action_taken': 'gracious endure dashing', 'reward': -25.0}


---

Please select an action from the list of action options in order to maximize the reward for your task.
When selecting an action, put the exact name of the action between action tags like: <action> action_name </action>.

Your thinking budget is 150 tokens. If you exceed this limit, you will be forced to provide an immediate answer.
Your overall generation limit is 200 tokens.
2026-01-19 22:25:14,661 - src.driver - INFO - GENERATED CONTENT: <action>  gracious endure dashing </action> 
 PARSED ACTION: gracious endure dashing
2026-01-19 22:25:14,662 - src.driver - INFO - You will be assigned a task. 
You will receive the actions you have available, followed by the action history. 
Your goal is to maximize the total reward across all 10 steps. We are on step 7. 

Task Assignment:
---
You are a farmer who owns 3 fields. Each action corresponds to planting your crop in a different field. Each field is associated with a Gaussian distribution with a fixed but unknown mean. At each time step, you will select a field and receive a reward drawn from the associated distribution. Your goal is to maximize your reward across all of your turns.
---

Available Actions:
---

- Field Name: gracious endure dashing 

- Field Name: primed lapel hue 

- Field Name: delirium indifference exaggerated 

---
When selecting an action, include only the name of the action. Do not include the dashes used to indicate the list here.

History:
---


- {'state': {}, 'action_taken': 'delirium indifference exaggerated', 'reward': -75.0}

- {'state': {}, 'action_taken': 'gracious endure dashing', 'reward': -25.0}

- {'state': {}, 'action_taken': 'primed lapel hue', 'reward': -50.0}

- {'state': {}, 'action_taken': 'gracious endure dashing', 'reward': -25.0}

- {'state': {}, 'action_taken': 'primed lapel hue', 'reward': -50.0}

- {'state': {}, 'action_taken': 'gracious endure dashing', 'reward': -25.0}

- {'state': {}, 'action_taken': 'gracious endure dashing', 'reward': -25.0}


---

Please select an action from the list of action options in order to maximize the reward for your task.
When selecting an action, put the exact name of the action between action tags like: <action> action_name </action>.

Your thinking budget is 150 tokens. If you exceed this limit, you will be forced to provide an immediate answer.
Your overall generation limit is 200 tokens.
2026-01-19 22:25:49,765 - src.driver - INFO - GENERATED CONTENT: <action>  gracious endure dashing </action> 
 PARSED ACTION: gracious endure dashing
2026-01-19 22:25:49,765 - src.driver - INFO - You will be assigned a task. 
You will receive the actions you have available, followed by the action history. 
Your goal is to maximize the total reward across all 10 steps. We are on step 8. 

Task Assignment:
---
You are a farmer who owns 3 fields. Each action corresponds to planting your crop in a different field. Each field is associated with a Gaussian distribution with a fixed but unknown mean. At each time step, you will select a field and receive a reward drawn from the associated distribution. Your goal is to maximize your reward across all of your turns.
---

Available Actions:
---

- Field Name: gracious endure dashing 

- Field Name: primed lapel hue 

- Field Name: delirium indifference exaggerated 

---
When selecting an action, include only the name of the action. Do not include the dashes used to indicate the list here.

History:
---


- {'state': {}, 'action_taken': 'delirium indifference exaggerated', 'reward': -75.0}

- {'state': {}, 'action_taken': 'gracious endure dashing', 'reward': -25.0}

- {'state': {}, 'action_taken': 'primed lapel hue', 'reward': -50.0}

- {'state': {}, 'action_taken': 'gracious endure dashing', 'reward': -25.0}

- {'state': {}, 'action_taken': 'primed lapel hue', 'reward': -50.0}

- {'state': {}, 'action_taken': 'gracious endure dashing', 'reward': -25.0}

- {'state': {}, 'action_taken': 'gracious endure dashing', 'reward': -25.0}

- {'state': {}, 'action_taken': 'gracious endure dashing', 'reward': -25.0}


---

Please select an action from the list of action options in order to maximize the reward for your task.
When selecting an action, put the exact name of the action between action tags like: <action> action_name </action>.

Your thinking budget is 150 tokens. If you exceed this limit, you will be forced to provide an immediate answer.
Your overall generation limit is 200 tokens.
2026-01-19 22:26:25,536 - src.driver - INFO - GENERATED CONTENT: <action>  gracious endure dashing </action> 
 PARSED ACTION: gracious endure dashing
2026-01-19 22:26:25,537 - src.driver - INFO - You will be assigned a task. 
You will receive the actions you have available, followed by the action history. 
Your goal is to maximize the total reward across all 10 steps. We are on step 9. 

Task Assignment:
---
You are a farmer who owns 3 fields. Each action corresponds to planting your crop in a different field. Each field is associated with a Gaussian distribution with a fixed but unknown mean. At each time step, you will select a field and receive a reward drawn from the associated distribution. Your goal is to maximize your reward across all of your turns.
---

Available Actions:
---

- Field Name: gracious endure dashing 

- Field Name: primed lapel hue 

- Field Name: delirium indifference exaggerated 

---
When selecting an action, include only the name of the action. Do not include the dashes used to indicate the list here.

History:
---


- {'state': {}, 'action_taken': 'delirium indifference exaggerated', 'reward': -75.0}

- {'state': {}, 'action_taken': 'gracious endure dashing', 'reward': -25.0}

- {'state': {}, 'action_taken': 'primed lapel hue', 'reward': -50.0}

- {'state': {}, 'action_taken': 'gracious endure dashing', 'reward': -25.0}

- {'state': {}, 'action_taken': 'primed lapel hue', 'reward': -50.0}

- {'state': {}, 'action_taken': 'gracious endure dashing', 'reward': -25.0}

- {'state': {}, 'action_taken': 'gracious endure dashing', 'reward': -25.0}

- {'state': {}, 'action_taken': 'gracious endure dashing', 'reward': -25.0}

- {'state': {}, 'action_taken': 'gracious endure dashing', 'reward': -25.0}


---

Please select an action from the list of action options in order to maximize the reward for your task.
When selecting an action, put the exact name of the action between action tags like: <action> action_name </action>.

Your thinking budget is 150 tokens. If you exceed this limit, you will be forced to provide an immediate answer.
Your overall generation limit is 200 tokens.
2026-01-19 22:27:01,510 - src.driver - INFO - GENERATED CONTENT: <action>  gracious endure dashing </action> 
 PARSED ACTION: gracious endure dashing
2026-01-19 22:27:01,525 - src.driver - INFO - You will be assigned a task. 
You will receive the actions you have available, followed by the action history. 
Your goal is to maximize the total reward across all 10 steps. We are on step 0. 

Task Assignment:
---
You are a farmer who owns 3 fields. Each action corresponds to planting your crop in a different field. Each field is associated with a Gaussian distribution with a fixed but unknown mean. At each time step, you will select a field and receive a reward drawn from the associated distribution. Your goal is to maximize your reward across all of your turns.
---

Available Actions:
---

- Field Name: attain complex freezer 

- Field Name: nameless illegible darken 

- Field Name: top generosity clever 

---
When selecting an action, include only the name of the action. Do not include the dashes used to indicate the list here.

History:
---

This is the first turn. There is no history.

---

Please select an action from the list of action options in order to maximize the reward for your task.
When selecting an action, put the exact name of the action between action tags like: <action> action_name </action>.

Your thinking budget is 150 tokens. If you exceed this limit, you will be forced to provide an immediate answer.
Your overall generation limit is 200 tokens.
2026-01-19 22:27:32,963 - src.driver - INFO - GENERATED CONTENT: <action>  top generosity clever </action> 
 PARSED ACTION: top generosity clever
2026-01-19 22:27:32,964 - src.driver - INFO - You will be assigned a task. 
You will receive the actions you have available, followed by the action history. 
Your goal is to maximize the total reward across all 10 steps. We are on step 1. 

Task Assignment:
---
You are a farmer who owns 3 fields. Each action corresponds to planting your crop in a different field. Each field is associated with a Gaussian distribution with a fixed but unknown mean. At each time step, you will select a field and receive a reward drawn from the associated distribution. Your goal is to maximize your reward across all of your turns.
---

Available Actions:
---

- Field Name: attain complex freezer 

- Field Name: nameless illegible darken 

- Field Name: top generosity clever 

---
When selecting an action, include only the name of the action. Do not include the dashes used to indicate the list here.

History:
---


- {'state': {}, 'action_taken': 'top generosity clever', 'reward': -25.0}


---

Please select an action from the list of action options in order to maximize the reward for your task.
When selecting an action, put the exact name of the action between action tags like: <action> action_name </action>.

Your thinking budget is 150 tokens. If you exceed this limit, you will be forced to provide an immediate answer.
Your overall generation limit is 200 tokens.
2026-01-19 22:28:04,818 - src.driver - INFO - GENERATED CONTENT: <action>  nameless illegible darken </action> 
 PARSED ACTION: nameless illegible darken
2026-01-19 22:28:04,818 - src.driver - INFO - You will be assigned a task. 
You will receive the actions you have available, followed by the action history. 
Your goal is to maximize the total reward across all 10 steps. We are on step 2. 

Task Assignment:
---
You are a farmer who owns 3 fields. Each action corresponds to planting your crop in a different field. Each field is associated with a Gaussian distribution with a fixed but unknown mean. At each time step, you will select a field and receive a reward drawn from the associated distribution. Your goal is to maximize your reward across all of your turns.
---

Available Actions:
---

- Field Name: attain complex freezer 

- Field Name: nameless illegible darken 

- Field Name: top generosity clever 

---
When selecting an action, include only the name of the action. Do not include the dashes used to indicate the list here.

History:
---


- {'state': {}, 'action_taken': 'top generosity clever', 'reward': -25.0}

- {'state': {}, 'action_taken': 'nameless illegible darken', 'reward': -75.0}


---

Please select an action from the list of action options in order to maximize the reward for your task.
When selecting an action, put the exact name of the action between action tags like: <action> action_name </action>.

Your thinking budget is 150 tokens. If you exceed this limit, you will be forced to provide an immediate answer.
Your overall generation limit is 200 tokens.
2026-01-19 22:28:36,987 - src.driver - INFO - GENERATED CONTENT: <action>  attain complex freezer </action> 
 PARSED ACTION: attain complex freezer
2026-01-19 22:28:36,987 - src.driver - INFO - You will be assigned a task. 
You will receive the actions you have available, followed by the action history. 
Your goal is to maximize the total reward across all 10 steps. We are on step 3. 

Task Assignment:
---
You are a farmer who owns 3 fields. Each action corresponds to planting your crop in a different field. Each field is associated with a Gaussian distribution with a fixed but unknown mean. At each time step, you will select a field and receive a reward drawn from the associated distribution. Your goal is to maximize your reward across all of your turns.
---

Available Actions:
---

- Field Name: attain complex freezer 

- Field Name: nameless illegible darken 

- Field Name: top generosity clever 

---
When selecting an action, include only the name of the action. Do not include the dashes used to indicate the list here.

History:
---


- {'state': {}, 'action_taken': 'top generosity clever', 'reward': -25.0}

- {'state': {}, 'action_taken': 'nameless illegible darken', 'reward': -75.0}

- {'state': {}, 'action_taken': 'attain complex freezer', 'reward': -50.0}


---

Please select an action from the list of action options in order to maximize the reward for your task.
When selecting an action, put the exact name of the action between action tags like: <action> action_name </action>.

Your thinking budget is 150 tokens. If you exceed this limit, you will be forced to provide an immediate answer.
Your overall generation limit is 200 tokens.
2026-01-19 22:29:09,731 - src.driver - INFO - GENERATED CONTENT: <action>  top generosity clever </action> 
 PARSED ACTION: top generosity clever
2026-01-19 22:29:09,731 - src.driver - INFO - You will be assigned a task. 
You will receive the actions you have available, followed by the action history. 
Your goal is to maximize the total reward across all 10 steps. We are on step 4. 

Task Assignment:
---
You are a farmer who owns 3 fields. Each action corresponds to planting your crop in a different field. Each field is associated with a Gaussian distribution with a fixed but unknown mean. At each time step, you will select a field and receive a reward drawn from the associated distribution. Your goal is to maximize your reward across all of your turns.
---

Available Actions:
---

- Field Name: attain complex freezer 

- Field Name: nameless illegible darken 

- Field Name: top generosity clever 

---
When selecting an action, include only the name of the action. Do not include the dashes used to indicate the list here.

History:
---


- {'state': {}, 'action_taken': 'top generosity clever', 'reward': -25.0}

- {'state': {}, 'action_taken': 'nameless illegible darken', 'reward': -75.0}

- {'state': {}, 'action_taken': 'attain complex freezer', 'reward': -50.0}

- {'state': {}, 'action_taken': 'top generosity clever', 'reward': -25.0}


---

Please select an action from the list of action options in order to maximize the reward for your task.
When selecting an action, put the exact name of the action between action tags like: <action> action_name </action>.

Your thinking budget is 150 tokens. If you exceed this limit, you will be forced to provide an immediate answer.
Your overall generation limit is 200 tokens.
2026-01-19 22:29:42,618 - src.driver - INFO - GENERATED CONTENT: <action>  top generosity clever </action> 
 PARSED ACTION: top generosity clever
2026-01-19 22:29:42,618 - src.driver - INFO - You will be assigned a task. 
You will receive the actions you have available, followed by the action history. 
Your goal is to maximize the total reward across all 10 steps. We are on step 5. 

Task Assignment:
---
You are a farmer who owns 3 fields. Each action corresponds to planting your crop in a different field. Each field is associated with a Gaussian distribution with a fixed but unknown mean. At each time step, you will select a field and receive a reward drawn from the associated distribution. Your goal is to maximize your reward across all of your turns.
---

Available Actions:
---

- Field Name: attain complex freezer 

- Field Name: nameless illegible darken 

- Field Name: top generosity clever 

---
When selecting an action, include only the name of the action. Do not include the dashes used to indicate the list here.

History:
---


- {'state': {}, 'action_taken': 'top generosity clever', 'reward': -25.0}

- {'state': {}, 'action_taken': 'nameless illegible darken', 'reward': -75.0}

- {'state': {}, 'action_taken': 'attain complex freezer', 'reward': -50.0}

- {'state': {}, 'action_taken': 'top generosity clever', 'reward': -25.0}

- {'state': {}, 'action_taken': 'top generosity clever', 'reward': -25.0}


---

Please select an action from the list of action options in order to maximize the reward for your task.
When selecting an action, put the exact name of the action between action tags like: <action> action_name </action>.

Your thinking budget is 150 tokens. If you exceed this limit, you will be forced to provide an immediate answer.
Your overall generation limit is 200 tokens.
2026-01-19 22:30:16,079 - src.driver - INFO - GENERATED CONTENT: <action>  attain complex freezer </action> 
 PARSED ACTION: attain complex freezer
2026-01-19 22:30:16,079 - src.driver - INFO - You will be assigned a task. 
You will receive the actions you have available, followed by the action history. 
Your goal is to maximize the total reward across all 10 steps. We are on step 6. 

Task Assignment:
---
You are a farmer who owns 3 fields. Each action corresponds to planting your crop in a different field. Each field is associated with a Gaussian distribution with a fixed but unknown mean. At each time step, you will select a field and receive a reward drawn from the associated distribution. Your goal is to maximize your reward across all of your turns.
---

Available Actions:
---

- Field Name: attain complex freezer 

- Field Name: nameless illegible darken 

- Field Name: top generosity clever 

---
When selecting an action, include only the name of the action. Do not include the dashes used to indicate the list here.

History:
---


- {'state': {}, 'action_taken': 'top generosity clever', 'reward': -25.0}

- {'state': {}, 'action_taken': 'nameless illegible darken', 'reward': -75.0}

- {'state': {}, 'action_taken': 'attain complex freezer', 'reward': -50.0}

- {'state': {}, 'action_taken': 'top generosity clever', 'reward': -25.0}

- {'state': {}, 'action_taken': 'top generosity clever', 'reward': -25.0}

- {'state': {}, 'action_taken': 'attain complex freezer', 'reward': -50.0}


---

Please select an action from the list of action options in order to maximize the reward for your task.
When selecting an action, put the exact name of the action between action tags like: <action> action_name </action>.

Your thinking budget is 150 tokens. If you exceed this limit, you will be forced to provide an immediate answer.
Your overall generation limit is 200 tokens.
2026-01-19 22:30:50,352 - src.driver - INFO - GENERATED CONTENT: <action>  top generosity clever </action> 
 PARSED ACTION: top generosity clever
2026-01-19 22:30:50,352 - src.driver - INFO - You will be assigned a task. 
You will receive the actions you have available, followed by the action history. 
Your goal is to maximize the total reward across all 10 steps. We are on step 7. 

Task Assignment:
---
You are a farmer who owns 3 fields. Each action corresponds to planting your crop in a different field. Each field is associated with a Gaussian distribution with a fixed but unknown mean. At each time step, you will select a field and receive a reward drawn from the associated distribution. Your goal is to maximize your reward across all of your turns.
---

Available Actions:
---

- Field Name: attain complex freezer 

- Field Name: nameless illegible darken 

- Field Name: top generosity clever 

---
When selecting an action, include only the name of the action. Do not include the dashes used to indicate the list here.

History:
---


- {'state': {}, 'action_taken': 'top generosity clever', 'reward': -25.0}

- {'state': {}, 'action_taken': 'nameless illegible darken', 'reward': -75.0}

- {'state': {}, 'action_taken': 'attain complex freezer', 'reward': -50.0}

- {'state': {}, 'action_taken': 'top generosity clever', 'reward': -25.0}

- {'state': {}, 'action_taken': 'top generosity clever', 'reward': -25.0}

- {'state': {}, 'action_taken': 'attain complex freezer', 'reward': -50.0}

- {'state': {}, 'action_taken': 'top generosity clever', 'reward': -25.0}


---

Please select an action from the list of action options in order to maximize the reward for your task.
When selecting an action, put the exact name of the action between action tags like: <action> action_name </action>.

Your thinking budget is 150 tokens. If you exceed this limit, you will be forced to provide an immediate answer.
Your overall generation limit is 200 tokens.
2026-01-19 22:31:24,763 - src.driver - INFO - GENERATED CONTENT: <action>  attain complex freezer </action> 
 PARSED ACTION: attain complex freezer
2026-01-19 22:31:24,763 - src.driver - INFO - You will be assigned a task. 
You will receive the actions you have available, followed by the action history. 
Your goal is to maximize the total reward across all 10 steps. We are on step 8. 

Task Assignment:
---
You are a farmer who owns 3 fields. Each action corresponds to planting your crop in a different field. Each field is associated with a Gaussian distribution with a fixed but unknown mean. At each time step, you will select a field and receive a reward drawn from the associated distribution. Your goal is to maximize your reward across all of your turns.
---

Available Actions:
---

- Field Name: attain complex freezer 

- Field Name: nameless illegible darken 

- Field Name: top generosity clever 

---
When selecting an action, include only the name of the action. Do not include the dashes used to indicate the list here.

History:
---


- {'state': {}, 'action_taken': 'top generosity clever', 'reward': -25.0}

- {'state': {}, 'action_taken': 'nameless illegible darken', 'reward': -75.0}

- {'state': {}, 'action_taken': 'attain complex freezer', 'reward': -50.0}

- {'state': {}, 'action_taken': 'top generosity clever', 'reward': -25.0}

- {'state': {}, 'action_taken': 'top generosity clever', 'reward': -25.0}

- {'state': {}, 'action_taken': 'attain complex freezer', 'reward': -50.0}

- {'state': {}, 'action_taken': 'top generosity clever', 'reward': -25.0}

- {'state': {}, 'action_taken': 'attain complex freezer', 'reward': -50.0}


---

Please select an action from the list of action options in order to maximize the reward for your task.
When selecting an action, put the exact name of the action between action tags like: <action> action_name </action>.

Your thinking budget is 150 tokens. If you exceed this limit, you will be forced to provide an immediate answer.
Your overall generation limit is 200 tokens.
2026-01-19 22:32:00,611 - src.driver - INFO - GENERATED CONTENT: <action>  nameless illegible darken </action> 
 PARSED ACTION: nameless illegible darken
2026-01-19 22:32:00,611 - src.driver - INFO - You will be assigned a task. 
You will receive the actions you have available, followed by the action history. 
Your goal is to maximize the total reward across all 10 steps. We are on step 9. 

Task Assignment:
---
You are a farmer who owns 3 fields. Each action corresponds to planting your crop in a different field. Each field is associated with a Gaussian distribution with a fixed but unknown mean. At each time step, you will select a field and receive a reward drawn from the associated distribution. Your goal is to maximize your reward across all of your turns.
---

Available Actions:
---

- Field Name: attain complex freezer 

- Field Name: nameless illegible darken 

- Field Name: top generosity clever 

---
When selecting an action, include only the name of the action. Do not include the dashes used to indicate the list here.

History:
---


- {'state': {}, 'action_taken': 'top generosity clever', 'reward': -25.0}

- {'state': {}, 'action_taken': 'nameless illegible darken', 'reward': -75.0}

- {'state': {}, 'action_taken': 'attain complex freezer', 'reward': -50.0}

- {'state': {}, 'action_taken': 'top generosity clever', 'reward': -25.0}

- {'state': {}, 'action_taken': 'top generosity clever', 'reward': -25.0}

- {'state': {}, 'action_taken': 'attain complex freezer', 'reward': -50.0}

- {'state': {}, 'action_taken': 'top generosity clever', 'reward': -25.0}

- {'state': {}, 'action_taken': 'attain complex freezer', 'reward': -50.0}

- {'state': {}, 'action_taken': 'nameless illegible darken', 'reward': -75.0}


---

Please select an action from the list of action options in order to maximize the reward for your task.
When selecting an action, put the exact name of the action between action tags like: <action> action_name </action>.

Your thinking budget is 150 tokens. If you exceed this limit, you will be forced to provide an immediate answer.
Your overall generation limit is 200 tokens.
2026-01-19 22:32:36,319 - src.driver - INFO - GENERATED CONTENT: <action>  top generosity clever </action> 
 PARSED ACTION: top generosity clever
2026-01-19 22:32:36,335 - src.driver - INFO - You will be assigned a task. 
You will receive the actions you have available, followed by the action history. 
Your goal is to maximize the total reward across all 10 steps. We are on step 0. 

Task Assignment:
---
You are a farmer who owns 3 fields. Each action corresponds to planting your crop in a different field. Each field is associated with a Gaussian distribution with a fixed but unknown mean. At each time step, you will select a field and receive a reward drawn from the associated distribution. Your goal is to maximize your reward across all of your turns.
---

Available Actions:
---

- Field Name: clientele ratification character 

- Field Name: evergreen gratify organic 

- Field Name: flee apathetic plaintiff 

---
When selecting an action, include only the name of the action. Do not include the dashes used to indicate the list here.

History:
---

This is the first turn. There is no history.

---

Please select an action from the list of action options in order to maximize the reward for your task.
When selecting an action, put the exact name of the action between action tags like: <action> action_name </action>.

Your thinking budget is 150 tokens. If you exceed this limit, you will be forced to provide an immediate answer.
Your overall generation limit is 200 tokens.
2026-01-19 22:33:08,133 - src.driver - INFO - GENERATED CONTENT: <action>  evergreen gratify organic </action> 
 PARSED ACTION: evergreen gratify organic
2026-01-19 22:33:08,134 - src.driver - INFO - You will be assigned a task. 
You will receive the actions you have available, followed by the action history. 
Your goal is to maximize the total reward across all 10 steps. We are on step 1. 

Task Assignment:
---
You are a farmer who owns 3 fields. Each action corresponds to planting your crop in a different field. Each field is associated with a Gaussian distribution with a fixed but unknown mean. At each time step, you will select a field and receive a reward drawn from the associated distribution. Your goal is to maximize your reward across all of your turns.
---

Available Actions:
---

- Field Name: clientele ratification character 

- Field Name: evergreen gratify organic 

- Field Name: flee apathetic plaintiff 

---
When selecting an action, include only the name of the action. Do not include the dashes used to indicate the list here.

History:
---


- {'state': {}, 'action_taken': 'evergreen gratify organic', 'reward': -25.0}


---

Please select an action from the list of action options in order to maximize the reward for your task.
When selecting an action, put the exact name of the action between action tags like: <action> action_name </action>.

Your thinking budget is 150 tokens. If you exceed this limit, you will be forced to provide an immediate answer.
Your overall generation limit is 200 tokens.
2026-01-19 22:33:39,879 - src.driver - INFO - GENERATED CONTENT: <action>  clientele ratification character </action> 
 PARSED ACTION: clientele ratification character
2026-01-19 22:33:39,879 - src.driver - INFO - You will be assigned a task. 
You will receive the actions you have available, followed by the action history. 
Your goal is to maximize the total reward across all 10 steps. We are on step 2. 

Task Assignment:
---
You are a farmer who owns 3 fields. Each action corresponds to planting your crop in a different field. Each field is associated with a Gaussian distribution with a fixed but unknown mean. At each time step, you will select a field and receive a reward drawn from the associated distribution. Your goal is to maximize your reward across all of your turns.
---

Available Actions:
---

- Field Name: clientele ratification character 

- Field Name: evergreen gratify organic 

- Field Name: flee apathetic plaintiff 

---
When selecting an action, include only the name of the action. Do not include the dashes used to indicate the list here.

History:
---


- {'state': {}, 'action_taken': 'evergreen gratify organic', 'reward': -25.0}

- {'state': {}, 'action_taken': 'clientele ratification character', 'reward': -50.0}


---

Please select an action from the list of action options in order to maximize the reward for your task.
When selecting an action, put the exact name of the action between action tags like: <action> action_name </action>.

Your thinking budget is 150 tokens. If you exceed this limit, you will be forced to provide an immediate answer.
Your overall generation limit is 200 tokens.
2026-01-19 22:34:12,327 - src.driver - INFO - GENERATED CONTENT: <action>  flee apathetic plaintiff </action> 
 PARSED ACTION: flee apathetic plaintiff
2026-01-19 22:34:12,327 - src.driver - INFO - You will be assigned a task. 
You will receive the actions you have available, followed by the action history. 
Your goal is to maximize the total reward across all 10 steps. We are on step 3. 

Task Assignment:
---
You are a farmer who owns 3 fields. Each action corresponds to planting your crop in a different field. Each field is associated with a Gaussian distribution with a fixed but unknown mean. At each time step, you will select a field and receive a reward drawn from the associated distribution. Your goal is to maximize your reward across all of your turns.
---

Available Actions:
---

- Field Name: clientele ratification character 

- Field Name: evergreen gratify organic 

- Field Name: flee apathetic plaintiff 

---
When selecting an action, include only the name of the action. Do not include the dashes used to indicate the list here.

History:
---


- {'state': {}, 'action_taken': 'evergreen gratify organic', 'reward': -25.0}

- {'state': {}, 'action_taken': 'clientele ratification character', 'reward': -50.0}

- {'state': {}, 'action_taken': 'flee apathetic plaintiff', 'reward': -75.0}


---

Please select an action from the list of action options in order to maximize the reward for your task.
When selecting an action, put the exact name of the action between action tags like: <action> action_name </action>.

Your thinking budget is 150 tokens. If you exceed this limit, you will be forced to provide an immediate answer.
Your overall generation limit is 200 tokens.
2026-01-19 22:34:45,429 - src.driver - INFO - GENERATED CONTENT: <action>  evergreen gratify organic </action> 
 PARSED ACTION: evergreen gratify organic
2026-01-19 22:34:45,430 - src.driver - INFO - You will be assigned a task. 
You will receive the actions you have available, followed by the action history. 
Your goal is to maximize the total reward across all 10 steps. We are on step 4. 

Task Assignment:
---
You are a farmer who owns 3 fields. Each action corresponds to planting your crop in a different field. Each field is associated with a Gaussian distribution with a fixed but unknown mean. At each time step, you will select a field and receive a reward drawn from the associated distribution. Your goal is to maximize your reward across all of your turns.
---

Available Actions:
---

- Field Name: clientele ratification character 

- Field Name: evergreen gratify organic 

- Field Name: flee apathetic plaintiff 

---
When selecting an action, include only the name of the action. Do not include the dashes used to indicate the list here.

History:
---


- {'state': {}, 'action_taken': 'evergreen gratify organic', 'reward': -25.0}

- {'state': {}, 'action_taken': 'clientele ratification character', 'reward': -50.0}

- {'state': {}, 'action_taken': 'flee apathetic plaintiff', 'reward': -75.0}

- {'state': {}, 'action_taken': 'evergreen gratify organic', 'reward': -25.0}


---

Please select an action from the list of action options in order to maximize the reward for your task.
When selecting an action, put the exact name of the action between action tags like: <action> action_name </action>.

Your thinking budget is 150 tokens. If you exceed this limit, you will be forced to provide an immediate answer.
Your overall generation limit is 200 tokens.
2026-01-19 22:35:19,147 - src.driver - INFO - GENERATED CONTENT: <action>  evergreen gratify organic </action> 
 PARSED ACTION: evergreen gratify organic
2026-01-19 22:35:19,148 - src.driver - INFO - You will be assigned a task. 
You will receive the actions you have available, followed by the action history. 
Your goal is to maximize the total reward across all 10 steps. We are on step 5. 

Task Assignment:
---
You are a farmer who owns 3 fields. Each action corresponds to planting your crop in a different field. Each field is associated with a Gaussian distribution with a fixed but unknown mean. At each time step, you will select a field and receive a reward drawn from the associated distribution. Your goal is to maximize your reward across all of your turns.
---

Available Actions:
---

- Field Name: clientele ratification character 

- Field Name: evergreen gratify organic 

- Field Name: flee apathetic plaintiff 

---
When selecting an action, include only the name of the action. Do not include the dashes used to indicate the list here.

History:
---


- {'state': {}, 'action_taken': 'evergreen gratify organic', 'reward': -25.0}

- {'state': {}, 'action_taken': 'clientele ratification character', 'reward': -50.0}

- {'state': {}, 'action_taken': 'flee apathetic plaintiff', 'reward': -75.0}

- {'state': {}, 'action_taken': 'evergreen gratify organic', 'reward': -25.0}

- {'state': {}, 'action_taken': 'evergreen gratify organic', 'reward': -25.0}


---

Please select an action from the list of action options in order to maximize the reward for your task.
When selecting an action, put the exact name of the action between action tags like: <action> action_name </action>.

Your thinking budget is 150 tokens. If you exceed this limit, you will be forced to provide an immediate answer.
Your overall generation limit is 200 tokens.
2026-01-19 22:35:53,479 - src.driver - INFO - GENERATED CONTENT: <action>  clientele ratification character </action> 
 PARSED ACTION: clientele ratification character
2026-01-19 22:35:53,480 - src.driver - INFO - You will be assigned a task. 
You will receive the actions you have available, followed by the action history. 
Your goal is to maximize the total reward across all 10 steps. We are on step 6. 

Task Assignment:
---
You are a farmer who owns 3 fields. Each action corresponds to planting your crop in a different field. Each field is associated with a Gaussian distribution with a fixed but unknown mean. At each time step, you will select a field and receive a reward drawn from the associated distribution. Your goal is to maximize your reward across all of your turns.
---

Available Actions:
---

- Field Name: clientele ratification character 

- Field Name: evergreen gratify organic 

- Field Name: flee apathetic plaintiff 

---
When selecting an action, include only the name of the action. Do not include the dashes used to indicate the list here.

History:
---


- {'state': {}, 'action_taken': 'evergreen gratify organic', 'reward': -25.0}

- {'state': {}, 'action_taken': 'clientele ratification character', 'reward': -50.0}

- {'state': {}, 'action_taken': 'flee apathetic plaintiff', 'reward': -75.0}

- {'state': {}, 'action_taken': 'evergreen gratify organic', 'reward': -25.0}

- {'state': {}, 'action_taken': 'evergreen gratify organic', 'reward': -25.0}

- {'state': {}, 'action_taken': 'clientele ratification character', 'reward': -50.0}


---

Please select an action from the list of action options in order to maximize the reward for your task.
When selecting an action, put the exact name of the action between action tags like: <action> action_name </action>.

Your thinking budget is 150 tokens. If you exceed this limit, you will be forced to provide an immediate answer.
Your overall generation limit is 200 tokens.
2026-01-19 22:36:28,127 - src.driver - INFO - GENERATED CONTENT: <action>  evergreen gratify organic </action> 
 PARSED ACTION: evergreen gratify organic
2026-01-19 22:36:28,127 - src.driver - INFO - You will be assigned a task. 
You will receive the actions you have available, followed by the action history. 
Your goal is to maximize the total reward across all 10 steps. We are on step 7. 

Task Assignment:
---
You are a farmer who owns 3 fields. Each action corresponds to planting your crop in a different field. Each field is associated with a Gaussian distribution with a fixed but unknown mean. At each time step, you will select a field and receive a reward drawn from the associated distribution. Your goal is to maximize your reward across all of your turns.
---

Available Actions:
---

- Field Name: clientele ratification character 

- Field Name: evergreen gratify organic 

- Field Name: flee apathetic plaintiff 

---
When selecting an action, include only the name of the action. Do not include the dashes used to indicate the list here.

History:
---


- {'state': {}, 'action_taken': 'evergreen gratify organic', 'reward': -25.0}

- {'state': {}, 'action_taken': 'clientele ratification character', 'reward': -50.0}

- {'state': {}, 'action_taken': 'flee apathetic plaintiff', 'reward': -75.0}

- {'state': {}, 'action_taken': 'evergreen gratify organic', 'reward': -25.0}

- {'state': {}, 'action_taken': 'evergreen gratify organic', 'reward': -25.0}

- {'state': {}, 'action_taken': 'clientele ratification character', 'reward': -50.0}

- {'state': {}, 'action_taken': 'evergreen gratify organic', 'reward': -25.0}


---

Please select an action from the list of action options in order to maximize the reward for your task.
When selecting an action, put the exact name of the action between action tags like: <action> action_name </action>.

Your thinking budget is 150 tokens. If you exceed this limit, you will be forced to provide an immediate answer.
Your overall generation limit is 200 tokens.
2026-01-19 22:37:03,386 - src.driver - INFO - GENERATED CONTENT: <action>  evergreen gratify organic </action> 
 PARSED ACTION: evergreen gratify organic
2026-01-19 22:37:03,386 - src.driver - INFO - You will be assigned a task. 
You will receive the actions you have available, followed by the action history. 
Your goal is to maximize the total reward across all 10 steps. We are on step 8. 

Task Assignment:
---
You are a farmer who owns 3 fields. Each action corresponds to planting your crop in a different field. Each field is associated with a Gaussian distribution with a fixed but unknown mean. At each time step, you will select a field and receive a reward drawn from the associated distribution. Your goal is to maximize your reward across all of your turns.
---

Available Actions:
---

- Field Name: clientele ratification character 

- Field Name: evergreen gratify organic 

- Field Name: flee apathetic plaintiff 

---
When selecting an action, include only the name of the action. Do not include the dashes used to indicate the list here.

History:
---


- {'state': {}, 'action_taken': 'evergreen gratify organic', 'reward': -25.0}

- {'state': {}, 'action_taken': 'clientele ratification character', 'reward': -50.0}

- {'state': {}, 'action_taken': 'flee apathetic plaintiff', 'reward': -75.0}

- {'state': {}, 'action_taken': 'evergreen gratify organic', 'reward': -25.0}

- {'state': {}, 'action_taken': 'evergreen gratify organic', 'reward': -25.0}

- {'state': {}, 'action_taken': 'clientele ratification character', 'reward': -50.0}

- {'state': {}, 'action_taken': 'evergreen gratify organic', 'reward': -25.0}

- {'state': {}, 'action_taken': 'evergreen gratify organic', 'reward': -25.0}


---

Please select an action from the list of action options in order to maximize the reward for your task.
When selecting an action, put the exact name of the action between action tags like: <action> action_name </action>.

Your thinking budget is 150 tokens. If you exceed this limit, you will be forced to provide an immediate answer.
Your overall generation limit is 200 tokens.
2026-01-19 22:37:39,327 - src.driver - INFO - GENERATED CONTENT: <action>  evergreen gratify organic </action> 
 PARSED ACTION: evergreen gratify organic
2026-01-19 22:37:39,327 - src.driver - INFO - You will be assigned a task. 
You will receive the actions you have available, followed by the action history. 
Your goal is to maximize the total reward across all 10 steps. We are on step 9. 

Task Assignment:
---
You are a farmer who owns 3 fields. Each action corresponds to planting your crop in a different field. Each field is associated with a Gaussian distribution with a fixed but unknown mean. At each time step, you will select a field and receive a reward drawn from the associated distribution. Your goal is to maximize your reward across all of your turns.
---

Available Actions:
---

- Field Name: clientele ratification character 

- Field Name: evergreen gratify organic 

- Field Name: flee apathetic plaintiff 

---
When selecting an action, include only the name of the action. Do not include the dashes used to indicate the list here.

History:
---


- {'state': {}, 'action_taken': 'evergreen gratify organic', 'reward': -25.0}

- {'state': {}, 'action_taken': 'clientele ratification character', 'reward': -50.0}

- {'state': {}, 'action_taken': 'flee apathetic plaintiff', 'reward': -75.0}

- {'state': {}, 'action_taken': 'evergreen gratify organic', 'reward': -25.0}

- {'state': {}, 'action_taken': 'evergreen gratify organic', 'reward': -25.0}

- {'state': {}, 'action_taken': 'clientele ratification character', 'reward': -50.0}

- {'state': {}, 'action_taken': 'evergreen gratify organic', 'reward': -25.0}

- {'state': {}, 'action_taken': 'evergreen gratify organic', 'reward': -25.0}

- {'state': {}, 'action_taken': 'evergreen gratify organic', 'reward': -25.0}


---

Please select an action from the list of action options in order to maximize the reward for your task.
When selecting an action, put the exact name of the action between action tags like: <action> action_name </action>.

Your thinking budget is 150 tokens. If you exceed this limit, you will be forced to provide an immediate answer.
Your overall generation limit is 200 tokens.
2026-01-19 22:38:15,457 - src.driver - INFO - GENERATED CONTENT: <action>  evergreen gratify organic </action> 
 PARSED ACTION: evergreen gratify organic
2026-01-19 22:38:15,472 - src.driver - INFO - You will be assigned a task. 
You will receive the actions you have available, followed by the action history. 
Your goal is to maximize the total reward across all 10 steps. We are on step 0. 

Task Assignment:
---
You are a farmer who owns 3 fields. Each action corresponds to planting your crop in a different field. Each field is associated with a Gaussian distribution with a fixed but unknown mean. At each time step, you will select a field and receive a reward drawn from the associated distribution. Your goal is to maximize your reward across all of your turns.
---

Available Actions:
---

- Field Name: top generosity clever 

- Field Name: bitch obligor slaughtering 

- Field Name: simultaneous crow matriculation 

---
When selecting an action, include only the name of the action. Do not include the dashes used to indicate the list here.

History:
---

This is the first turn. There is no history.

---

Please select an action from the list of action options in order to maximize the reward for your task.
When selecting an action, put the exact name of the action between action tags like: <action> action_name </action>.

Your thinking budget is 150 tokens. If you exceed this limit, you will be forced to provide an immediate answer.
Your overall generation limit is 200 tokens.
2026-01-19 22:38:46,938 - src.driver - INFO - GENERATED CONTENT: <action>  top generosity clever </action> 
 PARSED ACTION: top generosity clever
2026-01-19 22:38:46,938 - src.driver - INFO - You will be assigned a task. 
You will receive the actions you have available, followed by the action history. 
Your goal is to maximize the total reward across all 10 steps. We are on step 1. 

Task Assignment:
---
You are a farmer who owns 3 fields. Each action corresponds to planting your crop in a different field. Each field is associated with a Gaussian distribution with a fixed but unknown mean. At each time step, you will select a field and receive a reward drawn from the associated distribution. Your goal is to maximize your reward across all of your turns.
---

Available Actions:
---

- Field Name: top generosity clever 

- Field Name: bitch obligor slaughtering 

- Field Name: simultaneous crow matriculation 

---
When selecting an action, include only the name of the action. Do not include the dashes used to indicate the list here.

History:
---


- {'state': {}, 'action_taken': 'top generosity clever', 'reward': -25.0}


---

Please select an action from the list of action options in order to maximize the reward for your task.
When selecting an action, put the exact name of the action between action tags like: <action> action_name </action>.

Your thinking budget is 150 tokens. If you exceed this limit, you will be forced to provide an immediate answer.
Your overall generation limit is 200 tokens.
2026-01-19 22:39:18,961 - src.driver - INFO - GENERATED CONTENT: <action>  bitch obligor slaughtering </action> 
 PARSED ACTION: bitch obligor slaughtering
2026-01-19 22:39:18,962 - src.driver - INFO - You will be assigned a task. 
You will receive the actions you have available, followed by the action history. 
Your goal is to maximize the total reward across all 10 steps. We are on step 2. 

Task Assignment:
---
You are a farmer who owns 3 fields. Each action corresponds to planting your crop in a different field. Each field is associated with a Gaussian distribution with a fixed but unknown mean. At each time step, you will select a field and receive a reward drawn from the associated distribution. Your goal is to maximize your reward across all of your turns.
---

Available Actions:
---

- Field Name: top generosity clever 

- Field Name: bitch obligor slaughtering 

- Field Name: simultaneous crow matriculation 

---
When selecting an action, include only the name of the action. Do not include the dashes used to indicate the list here.

History:
---


- {'state': {}, 'action_taken': 'top generosity clever', 'reward': -25.0}

- {'state': {}, 'action_taken': 'bitch obligor slaughtering', 'reward': -75.0}


---

Please select an action from the list of action options in order to maximize the reward for your task.
When selecting an action, put the exact name of the action between action tags like: <action> action_name </action>.

Your thinking budget is 150 tokens. If you exceed this limit, you will be forced to provide an immediate answer.
Your overall generation limit is 200 tokens.
2026-01-19 22:39:51,456 - src.driver - INFO - GENERATED CONTENT: <action>  simultaneous crow matriculation </action> 
 PARSED ACTION: simultaneous crow matriculation
2026-01-19 22:39:51,456 - src.driver - INFO - You will be assigned a task. 
You will receive the actions you have available, followed by the action history. 
Your goal is to maximize the total reward across all 10 steps. We are on step 3. 

Task Assignment:
---
You are a farmer who owns 3 fields. Each action corresponds to planting your crop in a different field. Each field is associated with a Gaussian distribution with a fixed but unknown mean. At each time step, you will select a field and receive a reward drawn from the associated distribution. Your goal is to maximize your reward across all of your turns.
---

Available Actions:
---

- Field Name: top generosity clever 

- Field Name: bitch obligor slaughtering 

- Field Name: simultaneous crow matriculation 

---
When selecting an action, include only the name of the action. Do not include the dashes used to indicate the list here.

History:
---


- {'state': {}, 'action_taken': 'top generosity clever', 'reward': -25.0}

- {'state': {}, 'action_taken': 'bitch obligor slaughtering', 'reward': -75.0}

- {'state': {}, 'action_taken': 'simultaneous crow matriculation', 'reward': -50.0}


---

Please select an action from the list of action options in order to maximize the reward for your task.
When selecting an action, put the exact name of the action between action tags like: <action> action_name </action>.

Your thinking budget is 150 tokens. If you exceed this limit, you will be forced to provide an immediate answer.
Your overall generation limit is 200 tokens.
2026-01-19 22:40:24,285 - src.driver - INFO - GENERATED CONTENT: <action>  top generosity clever </action> 
 PARSED ACTION: top generosity clever
2026-01-19 22:40:24,286 - src.driver - INFO - You will be assigned a task. 
You will receive the actions you have available, followed by the action history. 
Your goal is to maximize the total reward across all 10 steps. We are on step 4. 

Task Assignment:
---
You are a farmer who owns 3 fields. Each action corresponds to planting your crop in a different field. Each field is associated with a Gaussian distribution with a fixed but unknown mean. At each time step, you will select a field and receive a reward drawn from the associated distribution. Your goal is to maximize your reward across all of your turns.
---

Available Actions:
---

- Field Name: top generosity clever 

- Field Name: bitch obligor slaughtering 

- Field Name: simultaneous crow matriculation 

---
When selecting an action, include only the name of the action. Do not include the dashes used to indicate the list here.

History:
---


- {'state': {}, 'action_taken': 'top generosity clever', 'reward': -25.0}

- {'state': {}, 'action_taken': 'bitch obligor slaughtering', 'reward': -75.0}

- {'state': {}, 'action_taken': 'simultaneous crow matriculation', 'reward': -50.0}

- {'state': {}, 'action_taken': 'top generosity clever', 'reward': -25.0}


---

Please select an action from the list of action options in order to maximize the reward for your task.
When selecting an action, put the exact name of the action between action tags like: <action> action_name </action>.

Your thinking budget is 150 tokens. If you exceed this limit, you will be forced to provide an immediate answer.
Your overall generation limit is 200 tokens.
2026-01-19 22:40:57,659 - src.driver - INFO - GENERATED CONTENT: <action>  top generosity clever </action> 
 PARSED ACTION: top generosity clever
2026-01-19 22:40:57,660 - src.driver - INFO - You will be assigned a task. 
You will receive the actions you have available, followed by the action history. 
Your goal is to maximize the total reward across all 10 steps. We are on step 5. 

Task Assignment:
---
You are a farmer who owns 3 fields. Each action corresponds to planting your crop in a different field. Each field is associated with a Gaussian distribution with a fixed but unknown mean. At each time step, you will select a field and receive a reward drawn from the associated distribution. Your goal is to maximize your reward across all of your turns.
---

Available Actions:
---

- Field Name: top generosity clever 

- Field Name: bitch obligor slaughtering 

- Field Name: simultaneous crow matriculation 

---
When selecting an action, include only the name of the action. Do not include the dashes used to indicate the list here.

History:
---


- {'state': {}, 'action_taken': 'top generosity clever', 'reward': -25.0}

- {'state': {}, 'action_taken': 'bitch obligor slaughtering', 'reward': -75.0}

- {'state': {}, 'action_taken': 'simultaneous crow matriculation', 'reward': -50.0}

- {'state': {}, 'action_taken': 'top generosity clever', 'reward': -25.0}

- {'state': {}, 'action_taken': 'top generosity clever', 'reward': -25.0}


---

Please select an action from the list of action options in order to maximize the reward for your task.
When selecting an action, put the exact name of the action between action tags like: <action> action_name </action>.

Your thinking budget is 150 tokens. If you exceed this limit, you will be forced to provide an immediate answer.
Your overall generation limit is 200 tokens.
2026-01-19 22:41:32,059 - src.driver - INFO - GENERATED CONTENT: <action>  simultaneous crow matriculation </action> 
 PARSED ACTION: simultaneous crow matriculation
2026-01-19 22:41:32,060 - src.driver - INFO - You will be assigned a task. 
You will receive the actions you have available, followed by the action history. 
Your goal is to maximize the total reward across all 10 steps. We are on step 6. 

Task Assignment:
---
You are a farmer who owns 3 fields. Each action corresponds to planting your crop in a different field. Each field is associated with a Gaussian distribution with a fixed but unknown mean. At each time step, you will select a field and receive a reward drawn from the associated distribution. Your goal is to maximize your reward across all of your turns.
---

Available Actions:
---

- Field Name: top generosity clever 

- Field Name: bitch obligor slaughtering 

- Field Name: simultaneous crow matriculation 

---
When selecting an action, include only the name of the action. Do not include the dashes used to indicate the list here.

History:
---


- {'state': {}, 'action_taken': 'top generosity clever', 'reward': -25.0}

- {'state': {}, 'action_taken': 'bitch obligor slaughtering', 'reward': -75.0}

- {'state': {}, 'action_taken': 'simultaneous crow matriculation', 'reward': -50.0}

- {'state': {}, 'action_taken': 'top generosity clever', 'reward': -25.0}

- {'state': {}, 'action_taken': 'top generosity clever', 'reward': -25.0}

- {'state': {}, 'action_taken': 'simultaneous crow matriculation', 'reward': -50.0}


---

Please select an action from the list of action options in order to maximize the reward for your task.
When selecting an action, put the exact name of the action between action tags like: <action> action_name </action>.

Your thinking budget is 150 tokens. If you exceed this limit, you will be forced to provide an immediate answer.
Your overall generation limit is 200 tokens.
2026-01-19 22:42:06,405 - src.driver - INFO - GENERATED CONTENT: <action>  top generosity clever </action> 
 PARSED ACTION: top generosity clever
2026-01-19 22:42:06,406 - src.driver - INFO - You will be assigned a task. 
You will receive the actions you have available, followed by the action history. 
Your goal is to maximize the total reward across all 10 steps. We are on step 7. 

Task Assignment:
---
You are a farmer who owns 3 fields. Each action corresponds to planting your crop in a different field. Each field is associated with a Gaussian distribution with a fixed but unknown mean. At each time step, you will select a field and receive a reward drawn from the associated distribution. Your goal is to maximize your reward across all of your turns.
---

Available Actions:
---

- Field Name: top generosity clever 

- Field Name: bitch obligor slaughtering 

- Field Name: simultaneous crow matriculation 

---
When selecting an action, include only the name of the action. Do not include the dashes used to indicate the list here.

History:
---


- {'state': {}, 'action_taken': 'top generosity clever', 'reward': -25.0}

- {'state': {}, 'action_taken': 'bitch obligor slaughtering', 'reward': -75.0}

- {'state': {}, 'action_taken': 'simultaneous crow matriculation', 'reward': -50.0}

- {'state': {}, 'action_taken': 'top generosity clever', 'reward': -25.0}

- {'state': {}, 'action_taken': 'top generosity clever', 'reward': -25.0}

- {'state': {}, 'action_taken': 'simultaneous crow matriculation', 'reward': -50.0}

- {'state': {}, 'action_taken': 'top generosity clever', 'reward': -25.0}


---

Please select an action from the list of action options in order to maximize the reward for your task.
When selecting an action, put the exact name of the action between action tags like: <action> action_name </action>.

Your thinking budget is 150 tokens. If you exceed this limit, you will be forced to provide an immediate answer.
Your overall generation limit is 200 tokens.
2026-01-19 22:42:41,337 - src.driver - INFO - GENERATED CONTENT: <action>  top generosity clever </action> 
 PARSED ACTION: top generosity clever
2026-01-19 22:42:41,338 - src.driver - INFO - You will be assigned a task. 
You will receive the actions you have available, followed by the action history. 
Your goal is to maximize the total reward across all 10 steps. We are on step 8. 

Task Assignment:
---
You are a farmer who owns 3 fields. Each action corresponds to planting your crop in a different field. Each field is associated with a Gaussian distribution with a fixed but unknown mean. At each time step, you will select a field and receive a reward drawn from the associated distribution. Your goal is to maximize your reward across all of your turns.
---

Available Actions:
---

- Field Name: top generosity clever 

- Field Name: bitch obligor slaughtering 

- Field Name: simultaneous crow matriculation 

---
When selecting an action, include only the name of the action. Do not include the dashes used to indicate the list here.

History:
---


- {'state': {}, 'action_taken': 'top generosity clever', 'reward': -25.0}

- {'state': {}, 'action_taken': 'bitch obligor slaughtering', 'reward': -75.0}

- {'state': {}, 'action_taken': 'simultaneous crow matriculation', 'reward': -50.0}

- {'state': {}, 'action_taken': 'top generosity clever', 'reward': -25.0}

- {'state': {}, 'action_taken': 'top generosity clever', 'reward': -25.0}

- {'state': {}, 'action_taken': 'simultaneous crow matriculation', 'reward': -50.0}

- {'state': {}, 'action_taken': 'top generosity clever', 'reward': -25.0}

- {'state': {}, 'action_taken': 'top generosity clever', 'reward': -25.0}


---

Please select an action from the list of action options in order to maximize the reward for your task.
When selecting an action, put the exact name of the action between action tags like: <action> action_name </action>.

Your thinking budget is 150 tokens. If you exceed this limit, you will be forced to provide an immediate answer.
Your overall generation limit is 200 tokens.
2026-01-19 22:43:16,924 - src.driver - INFO - GENERATED CONTENT: <action>  top generosity clever </action> 
 PARSED ACTION: top generosity clever
2026-01-19 22:43:16,925 - src.driver - INFO - You will be assigned a task. 
You will receive the actions you have available, followed by the action history. 
Your goal is to maximize the total reward across all 10 steps. We are on step 9. 

Task Assignment:
---
You are a farmer who owns 3 fields. Each action corresponds to planting your crop in a different field. Each field is associated with a Gaussian distribution with a fixed but unknown mean. At each time step, you will select a field and receive a reward drawn from the associated distribution. Your goal is to maximize your reward across all of your turns.
---

Available Actions:
---

- Field Name: top generosity clever 

- Field Name: bitch obligor slaughtering 

- Field Name: simultaneous crow matriculation 

---
When selecting an action, include only the name of the action. Do not include the dashes used to indicate the list here.

History:
---


- {'state': {}, 'action_taken': 'top generosity clever', 'reward': -25.0}

- {'state': {}, 'action_taken': 'bitch obligor slaughtering', 'reward': -75.0}

- {'state': {}, 'action_taken': 'simultaneous crow matriculation', 'reward': -50.0}

- {'state': {}, 'action_taken': 'top generosity clever', 'reward': -25.0}

- {'state': {}, 'action_taken': 'top generosity clever', 'reward': -25.0}

- {'state': {}, 'action_taken': 'simultaneous crow matriculation', 'reward': -50.0}

- {'state': {}, 'action_taken': 'top generosity clever', 'reward': -25.0}

- {'state': {}, 'action_taken': 'top generosity clever', 'reward': -25.0}

- {'state': {}, 'action_taken': 'top generosity clever', 'reward': -25.0}


---

Please select an action from the list of action options in order to maximize the reward for your task.
When selecting an action, put the exact name of the action between action tags like: <action> action_name </action>.

Your thinking budget is 150 tokens. If you exceed this limit, you will be forced to provide an immediate answer.
Your overall generation limit is 200 tokens.
2026-01-19 22:43:52,665 - src.driver - INFO - GENERATED CONTENT: <action>  top generosity clever </action> 
 PARSED ACTION: top generosity clever
