2025-12-10 00:17:03,793 - src.driver - INFO - You will be assigned a task. 
You will receive the actions you have available, followed by the action history. 
Your goal is to maximize the total reward across all 8 steps. We are on step 0. 

Task Assignment:
---
You are a farmer who owns 3 fields. Each action corresponds to planting in a specific field. Each field is associated with a Gaussian distribution with a fixed but unknown mean. At each time step, you will select a field and receive a reward drawn from the associated distribution. Your goal is to select which field to plant in in order to maximize your reward across all of your turns.
---

Available Actions:
---

- Dementia Elimination Pathetic Field : This action has been selected 0 time(s) for an observed mean of Unknown

- Decimal Glasses Sailing Field : This action has been selected 0 time(s) for an observed mean of Unknown

- Forte Tribute Anchorage Field : This action has been selected 0 time(s) for an observed mean of Unknown

---
When selecting an action, include only the name of the action. Do not include the dashes used to indicate the list here.

Please select an action from the list of action options in order to maximize the reward for your task.
When selecting an action, put the exact name of the action between action tags like: <action> action_name </action>.

Your thinking budget is 150 tokens. If you exceed this limit, you will be forced to provide an immediate answer.
Your overall generation limit is 200 tokens.
2025-12-10 00:17:19,392 - src.driver - INFO - GENERATED CONTENT: <action>  Dementia Elimination Pathetic Field </action> 
 PARSED ACTION: Dementia Elimination Pathetic Field
2025-12-10 00:17:19,393 - src.driver - INFO - You will be assigned a task. 
You will receive the actions you have available, followed by the action history. 
Your goal is to maximize the total reward across all 8 steps. We are on step 1. 

Task Assignment:
---
You are a farmer who owns 3 fields. Each action corresponds to planting in a specific field. Each field is associated with a Gaussian distribution with a fixed but unknown mean. At each time step, you will select a field and receive a reward drawn from the associated distribution. Your goal is to select which field to plant in in order to maximize your reward across all of your turns.
---

Available Actions:
---

- Dementia Elimination Pathetic Field : This action has been selected 1 time(s) for an observed mean of 0.5

- Decimal Glasses Sailing Field : This action has been selected 0 time(s) for an observed mean of Unknown

- Forte Tribute Anchorage Field : This action has been selected 0 time(s) for an observed mean of Unknown

---
When selecting an action, include only the name of the action. Do not include the dashes used to indicate the list here.

Please select an action from the list of action options in order to maximize the reward for your task.
When selecting an action, put the exact name of the action between action tags like: <action> action_name </action>.

Your thinking budget is 150 tokens. If you exceed this limit, you will be forced to provide an immediate answer.
Your overall generation limit is 200 tokens.
2025-12-10 00:17:34,385 - src.driver - INFO - GENERATED CONTENT: <action>  Decimal Glasses Sailing Field </action> 
 PARSED ACTION: Decimal Glasses Sailing Field
2025-12-10 00:17:34,386 - src.driver - INFO - You will be assigned a task. 
You will receive the actions you have available, followed by the action history. 
Your goal is to maximize the total reward across all 8 steps. We are on step 2. 

Task Assignment:
---
You are a farmer who owns 3 fields. Each action corresponds to planting in a specific field. Each field is associated with a Gaussian distribution with a fixed but unknown mean. At each time step, you will select a field and receive a reward drawn from the associated distribution. Your goal is to select which field to plant in in order to maximize your reward across all of your turns.
---

Available Actions:
---

- Dementia Elimination Pathetic Field : This action has been selected 1 time(s) for an observed mean of 0.5

- Decimal Glasses Sailing Field : This action has been selected 1 time(s) for an observed mean of 1.0

- Forte Tribute Anchorage Field : This action has been selected 0 time(s) for an observed mean of Unknown

---
When selecting an action, include only the name of the action. Do not include the dashes used to indicate the list here.

Please select an action from the list of action options in order to maximize the reward for your task.
When selecting an action, put the exact name of the action between action tags like: <action> action_name </action>.

Your thinking budget is 150 tokens. If you exceed this limit, you will be forced to provide an immediate answer.
Your overall generation limit is 200 tokens.
2025-12-10 00:17:50,891 - src.driver - INFO - GENERATED CONTENT: <action> Decimal Glasses Sailing Field</action> has the highest observed mean, so it's optimal to select it again to maximize reward. 
 PARSED ACTION: Decimal Glasses Sailing Field
2025-12-10 00:17:50,891 - src.driver - INFO - You will be assigned a task. 
You will receive the actions you have available, followed by the action history. 
Your goal is to maximize the total reward across all 8 steps. We are on step 3. 

Task Assignment:
---
You are a farmer who owns 3 fields. Each action corresponds to planting in a specific field. Each field is associated with a Gaussian distribution with a fixed but unknown mean. At each time step, you will select a field and receive a reward drawn from the associated distribution. Your goal is to select which field to plant in in order to maximize your reward across all of your turns.
---

Available Actions:
---

- Dementia Elimination Pathetic Field : This action has been selected 1 time(s) for an observed mean of 0.5

- Decimal Glasses Sailing Field : This action has been selected 2 time(s) for an observed mean of 1.0

- Forte Tribute Anchorage Field : This action has been selected 0 time(s) for an observed mean of Unknown

---
When selecting an action, include only the name of the action. Do not include the dashes used to indicate the list here.

Please select an action from the list of action options in order to maximize the reward for your task.
When selecting an action, put the exact name of the action between action tags like: <action> action_name </action>.

Your thinking budget is 150 tokens. If you exceed this limit, you will be forced to provide an immediate answer.
Your overall generation limit is 200 tokens.
2025-12-10 00:18:06,153 - src.driver - INFO - GENERATED CONTENT: <action>  Forte Tribute Anchorage Field </action> 
 PARSED ACTION: Forte Tribute Anchorage Field
2025-12-10 00:18:06,153 - src.driver - INFO - You will be assigned a task. 
You will receive the actions you have available, followed by the action history. 
Your goal is to maximize the total reward across all 8 steps. We are on step 4. 

Task Assignment:
---
You are a farmer who owns 3 fields. Each action corresponds to planting in a specific field. Each field is associated with a Gaussian distribution with a fixed but unknown mean. At each time step, you will select a field and receive a reward drawn from the associated distribution. Your goal is to select which field to plant in in order to maximize your reward across all of your turns.
---

Available Actions:
---

- Dementia Elimination Pathetic Field : This action has been selected 1 time(s) for an observed mean of 0.5

- Decimal Glasses Sailing Field : This action has been selected 2 time(s) for an observed mean of 1.0

- Forte Tribute Anchorage Field : This action has been selected 1 time(s) for an observed mean of 2.0

---
When selecting an action, include only the name of the action. Do not include the dashes used to indicate the list here.

Please select an action from the list of action options in order to maximize the reward for your task.
When selecting an action, put the exact name of the action between action tags like: <action> action_name </action>.

Your thinking budget is 150 tokens. If you exceed this limit, you will be forced to provide an immediate answer.
Your overall generation limit is 200 tokens.
2025-12-10 00:18:21,375 - src.driver - INFO - GENERATED CONTENT: <action>  Forte Tribute Anchorage Field </action> 
 PARSED ACTION: Forte Tribute Anchorage Field
2025-12-10 00:18:21,376 - src.driver - INFO - You will be assigned a task. 
You will receive the actions you have available, followed by the action history. 
Your goal is to maximize the total reward across all 8 steps. We are on step 5. 

Task Assignment:
---
You are a farmer who owns 3 fields. Each action corresponds to planting in a specific field. Each field is associated with a Gaussian distribution with a fixed but unknown mean. At each time step, you will select a field and receive a reward drawn from the associated distribution. Your goal is to select which field to plant in in order to maximize your reward across all of your turns.
---

Available Actions:
---

- Dementia Elimination Pathetic Field : This action has been selected 1 time(s) for an observed mean of 0.5

- Decimal Glasses Sailing Field : This action has been selected 2 time(s) for an observed mean of 1.0

- Forte Tribute Anchorage Field : This action has been selected 2 time(s) for an observed mean of 2.0

---
When selecting an action, include only the name of the action. Do not include the dashes used to indicate the list here.

Please select an action from the list of action options in order to maximize the reward for your task.
When selecting an action, put the exact name of the action between action tags like: <action> action_name </action>.

Your thinking budget is 150 tokens. If you exceed this limit, you will be forced to provide an immediate answer.
Your overall generation limit is 200 tokens.
2025-12-10 00:18:37,970 - src.driver - INFO - GENERATED CONTENT: <action>  Forte Tribute Anchorage Field </action> has the highest observed mean of 2.0, so it's the optimal choice to maximize 
 PARSED ACTION: Forte Tribute Anchorage Field
2025-12-10 00:18:37,970 - src.driver - INFO - You will be assigned a task. 
You will receive the actions you have available, followed by the action history. 
Your goal is to maximize the total reward across all 8 steps. We are on step 6. 

Task Assignment:
---
You are a farmer who owns 3 fields. Each action corresponds to planting in a specific field. Each field is associated with a Gaussian distribution with a fixed but unknown mean. At each time step, you will select a field and receive a reward drawn from the associated distribution. Your goal is to select which field to plant in in order to maximize your reward across all of your turns.
---

Available Actions:
---

- Dementia Elimination Pathetic Field : This action has been selected 1 time(s) for an observed mean of 0.5

- Decimal Glasses Sailing Field : This action has been selected 2 time(s) for an observed mean of 1.0

- Forte Tribute Anchorage Field : This action has been selected 3 time(s) for an observed mean of 2.0

---
When selecting an action, include only the name of the action. Do not include the dashes used to indicate the list here.

Please select an action from the list of action options in order to maximize the reward for your task.
When selecting an action, put the exact name of the action between action tags like: <action> action_name </action>.

Your thinking budget is 150 tokens. If you exceed this limit, you will be forced to provide an immediate answer.
Your overall generation limit is 200 tokens.
2025-12-10 00:18:54,247 - src.driver - INFO - GENERATED CONTENT: <action>  Forte Tribute Anchorage Field </action> has the highest observed mean and should be selected to maximize reward. 
 PARSED ACTION: Forte Tribute Anchorage Field
2025-12-10 00:18:54,248 - src.driver - INFO - You will be assigned a task. 
You will receive the actions you have available, followed by the action history. 
Your goal is to maximize the total reward across all 8 steps. We are on step 7. 

Task Assignment:
---
You are a farmer who owns 3 fields. Each action corresponds to planting in a specific field. Each field is associated with a Gaussian distribution with a fixed but unknown mean. At each time step, you will select a field and receive a reward drawn from the associated distribution. Your goal is to select which field to plant in in order to maximize your reward across all of your turns.
---

Available Actions:
---

- Dementia Elimination Pathetic Field : This action has been selected 1 time(s) for an observed mean of 0.5

- Decimal Glasses Sailing Field : This action has been selected 2 time(s) for an observed mean of 1.0

- Forte Tribute Anchorage Field : This action has been selected 4 time(s) for an observed mean of 2.0

---
When selecting an action, include only the name of the action. Do not include the dashes used to indicate the list here.

Please select an action from the list of action options in order to maximize the reward for your task.
When selecting an action, put the exact name of the action between action tags like: <action> action_name </action>.

Your thinking budget is 150 tokens. If you exceed this limit, you will be forced to provide an immediate answer.
Your overall generation limit is 200 tokens.
2025-12-10 00:19:10,857 - src.driver - INFO - GENERATED CONTENT: <action>  Forte Tribute Anchorage Field </action> has the highest observed mean (2.0) and has been selected most frequently (4 times 
 PARSED ACTION: Forte Tribute Anchorage Field
2025-12-10 00:19:15,517 - src.driver - INFO - You will be assigned a task. 
You will receive the actions you have available, followed by the action history. 
Your goal is to maximize the total reward across all 8 steps. We are on step 0. 

Task Assignment:
---
You are a farmer who owns 3 fields. Each action corresponds to planting in a specific field. Each field is associated with a Gaussian distribution with a fixed but unknown mean. At each time step, you will select a field and receive a reward drawn from the associated distribution. Your goal is to select which field to plant in in order to maximize your reward across all of your turns.
---

Available Actions:
---

- Forte Tribute Anchorage Field : This action has been selected 0 time(s) for an observed mean of Unknown

- Decimal Glasses Sailing Field : This action has been selected 0 time(s) for an observed mean of Unknown

- Dementia Elimination Pathetic Field : This action has been selected 0 time(s) for an observed mean of Unknown

---
When selecting an action, include only the name of the action. Do not include the dashes used to indicate the list here.

Please select an action from the list of action options in order to maximize the reward for your task.
When selecting an action, put the exact name of the action between action tags like: <action> action_name </action>.

Your thinking budget is 150 tokens. If you exceed this limit, you will be forced to provide an immediate answer.
Your overall generation limit is 200 tokens.
2025-12-10 00:19:30,612 - src.driver - INFO - GENERATED CONTENT: <action>  Forte Tribute Anchorage Field </action> 
 PARSED ACTION: Forte Tribute Anchorage Field
2025-12-10 00:19:30,612 - src.driver - INFO - You will be assigned a task. 
You will receive the actions you have available, followed by the action history. 
Your goal is to maximize the total reward across all 8 steps. We are on step 1. 

Task Assignment:
---
You are a farmer who owns 3 fields. Each action corresponds to planting in a specific field. Each field is associated with a Gaussian distribution with a fixed but unknown mean. At each time step, you will select a field and receive a reward drawn from the associated distribution. Your goal is to select which field to plant in in order to maximize your reward across all of your turns.
---

Available Actions:
---

- Forte Tribute Anchorage Field : This action has been selected 1 time(s) for an observed mean of 2.0

- Decimal Glasses Sailing Field : This action has been selected 0 time(s) for an observed mean of Unknown

- Dementia Elimination Pathetic Field : This action has been selected 0 time(s) for an observed mean of Unknown

---
When selecting an action, include only the name of the action. Do not include the dashes used to indicate the list here.

Please select an action from the list of action options in order to maximize the reward for your task.
When selecting an action, put the exact name of the action between action tags like: <action> action_name </action>.

Your thinking budget is 150 tokens. If you exceed this limit, you will be forced to provide an immediate answer.
Your overall generation limit is 200 tokens.
2025-12-10 00:19:45,589 - src.driver - INFO - GENERATED CONTENT: <action>  Decimal Glasses Sailing Field </action> 
 PARSED ACTION: Decimal Glasses Sailing Field
2025-12-10 00:19:45,590 - src.driver - INFO - You will be assigned a task. 
You will receive the actions you have available, followed by the action history. 
Your goal is to maximize the total reward across all 8 steps. We are on step 2. 

Task Assignment:
---
You are a farmer who owns 3 fields. Each action corresponds to planting in a specific field. Each field is associated with a Gaussian distribution with a fixed but unknown mean. At each time step, you will select a field and receive a reward drawn from the associated distribution. Your goal is to select which field to plant in in order to maximize your reward across all of your turns.
---

Available Actions:
---

- Forte Tribute Anchorage Field : This action has been selected 1 time(s) for an observed mean of 2.0

- Decimal Glasses Sailing Field : This action has been selected 1 time(s) for an observed mean of 1.0

- Dementia Elimination Pathetic Field : This action has been selected 0 time(s) for an observed mean of Unknown

---
When selecting an action, include only the name of the action. Do not include the dashes used to indicate the list here.

Please select an action from the list of action options in order to maximize the reward for your task.
When selecting an action, put the exact name of the action between action tags like: <action> action_name </action>.

Your thinking budget is 150 tokens. If you exceed this limit, you will be forced to provide an immediate answer.
Your overall generation limit is 200 tokens.
2025-12-10 00:20:00,889 - src.driver - INFO - GENERATED CONTENT: <action>  Forte Tribute Anchorage Field </action> 
 PARSED ACTION: Forte Tribute Anchorage Field
2025-12-10 00:20:00,889 - src.driver - INFO - You will be assigned a task. 
You will receive the actions you have available, followed by the action history. 
Your goal is to maximize the total reward across all 8 steps. We are on step 3. 

Task Assignment:
---
You are a farmer who owns 3 fields. Each action corresponds to planting in a specific field. Each field is associated with a Gaussian distribution with a fixed but unknown mean. At each time step, you will select a field and receive a reward drawn from the associated distribution. Your goal is to select which field to plant in in order to maximize your reward across all of your turns.
---

Available Actions:
---

- Forte Tribute Anchorage Field : This action has been selected 2 time(s) for an observed mean of 2.0

- Decimal Glasses Sailing Field : This action has been selected 1 time(s) for an observed mean of 1.0

- Dementia Elimination Pathetic Field : This action has been selected 0 time(s) for an observed mean of Unknown

---
When selecting an action, include only the name of the action. Do not include the dashes used to indicate the list here.

Please select an action from the list of action options in order to maximize the reward for your task.
When selecting an action, put the exact name of the action between action tags like: <action> action_name </action>.

Your thinking budget is 150 tokens. If you exceed this limit, you will be forced to provide an immediate answer.
Your overall generation limit is 200 tokens.
2025-12-10 00:20:16,221 - src.driver - INFO - GENERATED CONTENT: <action>  Dementia Elimination Pathetic Field </action> 
 PARSED ACTION: Dementia Elimination Pathetic Field
2025-12-10 00:20:16,222 - src.driver - INFO - You will be assigned a task. 
You will receive the actions you have available, followed by the action history. 
Your goal is to maximize the total reward across all 8 steps. We are on step 4. 

Task Assignment:
---
You are a farmer who owns 3 fields. Each action corresponds to planting in a specific field. Each field is associated with a Gaussian distribution with a fixed but unknown mean. At each time step, you will select a field and receive a reward drawn from the associated distribution. Your goal is to select which field to plant in in order to maximize your reward across all of your turns.
---

Available Actions:
---

- Forte Tribute Anchorage Field : This action has been selected 2 time(s) for an observed mean of 2.0

- Decimal Glasses Sailing Field : This action has been selected 1 time(s) for an observed mean of 1.0

- Dementia Elimination Pathetic Field : This action has been selected 1 time(s) for an observed mean of 0.5

---
When selecting an action, include only the name of the action. Do not include the dashes used to indicate the list here.

Please select an action from the list of action options in order to maximize the reward for your task.
When selecting an action, put the exact name of the action between action tags like: <action> action_name </action>.

Your thinking budget is 150 tokens. If you exceed this limit, you will be forced to provide an immediate answer.
Your overall generation limit is 200 tokens.
2025-12-10 00:20:31,558 - src.driver - INFO - GENERATED CONTENT: <action>  Forte Tribute Anchorage Field </action> 
 PARSED ACTION: Forte Tribute Anchorage Field
2025-12-10 00:20:31,559 - src.driver - INFO - You will be assigned a task. 
You will receive the actions you have available, followed by the action history. 
Your goal is to maximize the total reward across all 8 steps. We are on step 5. 

Task Assignment:
---
You are a farmer who owns 3 fields. Each action corresponds to planting in a specific field. Each field is associated with a Gaussian distribution with a fixed but unknown mean. At each time step, you will select a field and receive a reward drawn from the associated distribution. Your goal is to select which field to plant in in order to maximize your reward across all of your turns.
---

Available Actions:
---

- Forte Tribute Anchorage Field : This action has been selected 3 time(s) for an observed mean of 2.0

- Decimal Glasses Sailing Field : This action has been selected 1 time(s) for an observed mean of 1.0

- Dementia Elimination Pathetic Field : This action has been selected 1 time(s) for an observed mean of 0.5

---
When selecting an action, include only the name of the action. Do not include the dashes used to indicate the list here.

Please select an action from the list of action options in order to maximize the reward for your task.
When selecting an action, put the exact name of the action between action tags like: <action> action_name </action>.

Your thinking budget is 150 tokens. If you exceed this limit, you will be forced to provide an immediate answer.
Your overall generation limit is 200 tokens.
2025-12-10 00:20:46,860 - src.driver - INFO - GENERATED CONTENT: <action>  Forte Tribute Anchorage Field </action> 
 PARSED ACTION: Forte Tribute Anchorage Field
2025-12-10 00:20:46,861 - src.driver - INFO - You will be assigned a task. 
You will receive the actions you have available, followed by the action history. 
Your goal is to maximize the total reward across all 8 steps. We are on step 6. 

Task Assignment:
---
You are a farmer who owns 3 fields. Each action corresponds to planting in a specific field. Each field is associated with a Gaussian distribution with a fixed but unknown mean. At each time step, you will select a field and receive a reward drawn from the associated distribution. Your goal is to select which field to plant in in order to maximize your reward across all of your turns.
---

Available Actions:
---

- Forte Tribute Anchorage Field : This action has been selected 4 time(s) for an observed mean of 2.0

- Decimal Glasses Sailing Field : This action has been selected 1 time(s) for an observed mean of 1.0

- Dementia Elimination Pathetic Field : This action has been selected 1 time(s) for an observed mean of 0.5

---
When selecting an action, include only the name of the action. Do not include the dashes used to indicate the list here.

Please select an action from the list of action options in order to maximize the reward for your task.
When selecting an action, put the exact name of the action between action tags like: <action> action_name </action>.

Your thinking budget is 150 tokens. If you exceed this limit, you will be forced to provide an immediate answer.
Your overall generation limit is 200 tokens.
2025-12-10 00:21:02,167 - src.driver - INFO - GENERATED CONTENT: <action>  Forte Tribute Anchorage Field </action> 
 PARSED ACTION: Forte Tribute Anchorage Field
2025-12-10 00:21:02,168 - src.driver - INFO - You will be assigned a task. 
You will receive the actions you have available, followed by the action history. 
Your goal is to maximize the total reward across all 8 steps. We are on step 7. 

Task Assignment:
---
You are a farmer who owns 3 fields. Each action corresponds to planting in a specific field. Each field is associated with a Gaussian distribution with a fixed but unknown mean. At each time step, you will select a field and receive a reward drawn from the associated distribution. Your goal is to select which field to plant in in order to maximize your reward across all of your turns.
---

Available Actions:
---

- Forte Tribute Anchorage Field : This action has been selected 5 time(s) for an observed mean of 2.0

- Decimal Glasses Sailing Field : This action has been selected 1 time(s) for an observed mean of 1.0

- Dementia Elimination Pathetic Field : This action has been selected 1 time(s) for an observed mean of 0.5

---
When selecting an action, include only the name of the action. Do not include the dashes used to indicate the list here.

Please select an action from the list of action options in order to maximize the reward for your task.
When selecting an action, put the exact name of the action between action tags like: <action> action_name </action>.

Your thinking budget is 150 tokens. If you exceed this limit, you will be forced to provide an immediate answer.
Your overall generation limit is 200 tokens.
2025-12-10 00:21:17,439 - src.driver - INFO - GENERATED CONTENT: <action>  Forte Tribute Anchorage Field </action> 
 PARSED ACTION: Forte Tribute Anchorage Field
2025-12-10 00:21:22,204 - src.driver - INFO - You will be assigned a task. 
You will receive the actions you have available, followed by the action history. 
Your goal is to maximize the total reward across all 8 steps. We are on step 0. 

Task Assignment:
---
You are a farmer who owns 3 fields. Each action corresponds to planting in a specific field. Each field is associated with a Gaussian distribution with a fixed but unknown mean. At each time step, you will select a field and receive a reward drawn from the associated distribution. Your goal is to select which field to plant in in order to maximize your reward across all of your turns.
---

Available Actions:
---

- Dementia Elimination Pathetic Field : This action has been selected 0 time(s) for an observed mean of Unknown

- Forte Tribute Anchorage Field : This action has been selected 0 time(s) for an observed mean of Unknown

- Decimal Glasses Sailing Field : This action has been selected 0 time(s) for an observed mean of Unknown

---
When selecting an action, include only the name of the action. Do not include the dashes used to indicate the list here.

Please select an action from the list of action options in order to maximize the reward for your task.
When selecting an action, put the exact name of the action between action tags like: <action> action_name </action>.

Your thinking budget is 150 tokens. If you exceed this limit, you will be forced to provide an immediate answer.
Your overall generation limit is 200 tokens.
2025-12-10 00:21:37,209 - src.driver - INFO - GENERATED CONTENT: <action>  Decimal Glasses Sailing Field </action> 
 PARSED ACTION: Decimal Glasses Sailing Field
2025-12-10 00:21:37,210 - src.driver - INFO - You will be assigned a task. 
You will receive the actions you have available, followed by the action history. 
Your goal is to maximize the total reward across all 8 steps. We are on step 1. 

Task Assignment:
---
You are a farmer who owns 3 fields. Each action corresponds to planting in a specific field. Each field is associated with a Gaussian distribution with a fixed but unknown mean. At each time step, you will select a field and receive a reward drawn from the associated distribution. Your goal is to select which field to plant in in order to maximize your reward across all of your turns.
---

Available Actions:
---

- Dementia Elimination Pathetic Field : This action has been selected 0 time(s) for an observed mean of Unknown

- Forte Tribute Anchorage Field : This action has been selected 0 time(s) for an observed mean of Unknown

- Decimal Glasses Sailing Field : This action has been selected 1 time(s) for an observed mean of 1.0

---
When selecting an action, include only the name of the action. Do not include the dashes used to indicate the list here.

Please select an action from the list of action options in order to maximize the reward for your task.
When selecting an action, put the exact name of the action between action tags like: <action> action_name </action>.

Your thinking budget is 150 tokens. If you exceed this limit, you will be forced to provide an immediate answer.
Your overall generation limit is 200 tokens.
2025-12-10 00:21:52,286 - src.driver - INFO - GENERATED CONTENT: <action>  Forte Tribute Anchorage Field </action> 
 PARSED ACTION: Forte Tribute Anchorage Field
2025-12-10 00:21:52,287 - src.driver - INFO - You will be assigned a task. 
You will receive the actions you have available, followed by the action history. 
Your goal is to maximize the total reward across all 8 steps. We are on step 2. 

Task Assignment:
---
You are a farmer who owns 3 fields. Each action corresponds to planting in a specific field. Each field is associated with a Gaussian distribution with a fixed but unknown mean. At each time step, you will select a field and receive a reward drawn from the associated distribution. Your goal is to select which field to plant in in order to maximize your reward across all of your turns.
---

Available Actions:
---

- Dementia Elimination Pathetic Field : This action has been selected 0 time(s) for an observed mean of Unknown

- Forte Tribute Anchorage Field : This action has been selected 1 time(s) for an observed mean of 2.0

- Decimal Glasses Sailing Field : This action has been selected 1 time(s) for an observed mean of 1.0

---
When selecting an action, include only the name of the action. Do not include the dashes used to indicate the list here.

Please select an action from the list of action options in order to maximize the reward for your task.
When selecting an action, put the exact name of the action between action tags like: <action> action_name </action>.

Your thinking budget is 150 tokens. If you exceed this limit, you will be forced to provide an immediate answer.
Your overall generation limit is 200 tokens.
2025-12-10 00:22:07,623 - src.driver - INFO - GENERATED CONTENT: <action>  Dementia Elimination Pathetic Field </action> 
 PARSED ACTION: Dementia Elimination Pathetic Field
2025-12-10 00:22:07,623 - src.driver - INFO - You will be assigned a task. 
You will receive the actions you have available, followed by the action history. 
Your goal is to maximize the total reward across all 8 steps. We are on step 3. 

Task Assignment:
---
You are a farmer who owns 3 fields. Each action corresponds to planting in a specific field. Each field is associated with a Gaussian distribution with a fixed but unknown mean. At each time step, you will select a field and receive a reward drawn from the associated distribution. Your goal is to select which field to plant in in order to maximize your reward across all of your turns.
---

Available Actions:
---

- Dementia Elimination Pathetic Field : This action has been selected 1 time(s) for an observed mean of 0.5

- Forte Tribute Anchorage Field : This action has been selected 1 time(s) for an observed mean of 2.0

- Decimal Glasses Sailing Field : This action has been selected 1 time(s) for an observed mean of 1.0

---
When selecting an action, include only the name of the action. Do not include the dashes used to indicate the list here.

Please select an action from the list of action options in order to maximize the reward for your task.
When selecting an action, put the exact name of the action between action tags like: <action> action_name </action>.

Your thinking budget is 150 tokens. If you exceed this limit, you will be forced to provide an immediate answer.
Your overall generation limit is 200 tokens.
2025-12-10 00:22:22,895 - src.driver - INFO - GENERATED CONTENT: <action>  Forte Tribute Anchorage Field </action> 
 PARSED ACTION: Forte Tribute Anchorage Field
2025-12-10 00:22:22,896 - src.driver - INFO - You will be assigned a task. 
You will receive the actions you have available, followed by the action history. 
Your goal is to maximize the total reward across all 8 steps. We are on step 4. 

Task Assignment:
---
You are a farmer who owns 3 fields. Each action corresponds to planting in a specific field. Each field is associated with a Gaussian distribution with a fixed but unknown mean. At each time step, you will select a field and receive a reward drawn from the associated distribution. Your goal is to select which field to plant in in order to maximize your reward across all of your turns.
---

Available Actions:
---

- Dementia Elimination Pathetic Field : This action has been selected 1 time(s) for an observed mean of 0.5

- Forte Tribute Anchorage Field : This action has been selected 2 time(s) for an observed mean of 2.0

- Decimal Glasses Sailing Field : This action has been selected 1 time(s) for an observed mean of 1.0

---
When selecting an action, include only the name of the action. Do not include the dashes used to indicate the list here.

Please select an action from the list of action options in order to maximize the reward for your task.
When selecting an action, put the exact name of the action between action tags like: <action> action_name </action>.

Your thinking budget is 150 tokens. If you exceed this limit, you will be forced to provide an immediate answer.
Your overall generation limit is 200 tokens.
2025-12-10 00:22:38,151 - src.driver - INFO - GENERATED CONTENT: <action>  Forte Tribute Anchorage Field </action> 
 PARSED ACTION: Forte Tribute Anchorage Field
2025-12-10 00:22:38,152 - src.driver - INFO - You will be assigned a task. 
You will receive the actions you have available, followed by the action history. 
Your goal is to maximize the total reward across all 8 steps. We are on step 5. 

Task Assignment:
---
You are a farmer who owns 3 fields. Each action corresponds to planting in a specific field. Each field is associated with a Gaussian distribution with a fixed but unknown mean. At each time step, you will select a field and receive a reward drawn from the associated distribution. Your goal is to select which field to plant in in order to maximize your reward across all of your turns.
---

Available Actions:
---

- Dementia Elimination Pathetic Field : This action has been selected 1 time(s) for an observed mean of 0.5

- Forte Tribute Anchorage Field : This action has been selected 3 time(s) for an observed mean of 2.0

- Decimal Glasses Sailing Field : This action has been selected 1 time(s) for an observed mean of 1.0

---
When selecting an action, include only the name of the action. Do not include the dashes used to indicate the list here.

Please select an action from the list of action options in order to maximize the reward for your task.
When selecting an action, put the exact name of the action between action tags like: <action> action_name </action>.

Your thinking budget is 150 tokens. If you exceed this limit, you will be forced to provide an immediate answer.
Your overall generation limit is 200 tokens.
2025-12-10 00:22:53,482 - src.driver - INFO - GENERATED CONTENT: <action>  Forte Tribute Anchorage Field </action> 
 PARSED ACTION: Forte Tribute Anchorage Field
2025-12-10 00:22:53,483 - src.driver - INFO - You will be assigned a task. 
You will receive the actions you have available, followed by the action history. 
Your goal is to maximize the total reward across all 8 steps. We are on step 6. 

Task Assignment:
---
You are a farmer who owns 3 fields. Each action corresponds to planting in a specific field. Each field is associated with a Gaussian distribution with a fixed but unknown mean. At each time step, you will select a field and receive a reward drawn from the associated distribution. Your goal is to select which field to plant in in order to maximize your reward across all of your turns.
---

Available Actions:
---

- Dementia Elimination Pathetic Field : This action has been selected 1 time(s) for an observed mean of 0.5

- Forte Tribute Anchorage Field : This action has been selected 4 time(s) for an observed mean of 2.0

- Decimal Glasses Sailing Field : This action has been selected 1 time(s) for an observed mean of 1.0

---
When selecting an action, include only the name of the action. Do not include the dashes used to indicate the list here.

Please select an action from the list of action options in order to maximize the reward for your task.
When selecting an action, put the exact name of the action between action tags like: <action> action_name </action>.

Your thinking budget is 150 tokens. If you exceed this limit, you will be forced to provide an immediate answer.
Your overall generation limit is 200 tokens.
2025-12-10 00:23:08,761 - src.driver - INFO - GENERATED CONTENT: <action>  Forte Tribute Anchorage Field </action> 
 PARSED ACTION: Forte Tribute Anchorage Field
2025-12-10 00:23:08,762 - src.driver - INFO - You will be assigned a task. 
You will receive the actions you have available, followed by the action history. 
Your goal is to maximize the total reward across all 8 steps. We are on step 7. 

Task Assignment:
---
You are a farmer who owns 3 fields. Each action corresponds to planting in a specific field. Each field is associated with a Gaussian distribution with a fixed but unknown mean. At each time step, you will select a field and receive a reward drawn from the associated distribution. Your goal is to select which field to plant in in order to maximize your reward across all of your turns.
---

Available Actions:
---

- Dementia Elimination Pathetic Field : This action has been selected 1 time(s) for an observed mean of 0.5

- Forte Tribute Anchorage Field : This action has been selected 5 time(s) for an observed mean of 2.0

- Decimal Glasses Sailing Field : This action has been selected 1 time(s) for an observed mean of 1.0

---
When selecting an action, include only the name of the action. Do not include the dashes used to indicate the list here.

Please select an action from the list of action options in order to maximize the reward for your task.
When selecting an action, put the exact name of the action between action tags like: <action> action_name </action>.

Your thinking budget is 150 tokens. If you exceed this limit, you will be forced to provide an immediate answer.
Your overall generation limit is 200 tokens.
2025-12-10 00:23:24,056 - src.driver - INFO - GENERATED CONTENT: <action>  Forte Tribute Anchorage Field </action> 
 PARSED ACTION: Forte Tribute Anchorage Field
